........................................................................ [  1%]
........................................................................ [  2%]
........................................................................ [  4%]
........................................................................ [  5%]
........................................................................ [  6%]
........................................................................ [  8%]
........................................................................ [  9%]
........................................................................ [ 10%]
........................................................................ [ 12%]
........................................................................ [ 13%]
........................................................................ [ 14%]
........................................................................ [ 16%]
........................................................................ [ 17%]
........................................................................ [ 18%]
........................................................................ [ 20%]
........................................................................ [ 21%]
........................................................................ [ 22%]
........................................................................ [ 24%]
........................................................................ [ 25%]
........................................................................ [ 26%]
........................................................................ [ 28%]
........................................................................ [ 29%]
........................................................................ [ 30%]
........................................................................ [ 32%]
........................................................................ [ 33%]
........................................................................ [ 34%]
........................................................................ [ 36%]
........................................................................ [ 37%]
........................................................................ [ 38%]
...................................sss.................................. [ 40%]
........................................................................ [ 41%]
........................................................................ [ 42%]
........................................................................ [ 44%]
........................................................................ [ 45%]
........................................................................ [ 46%]
........................................................................ [ 48%]
........................................................................ [ 49%]
........................................................................ [ 51%]
........................................................................ [ 52%]
........................................................................ [ 53%]
........................................................................ [ 55%]
........................................................................ [ 56%]
........................................................................ [ 57%]
........................................................................ [ 59%]
........................................................................ [ 60%]
........................................................................ [ 61%]
........................................................................ [ 63%]
........................................................................ [ 64%]
........................................................................ [ 65%]
........................................................................ [ 67%]
........................................................................ [ 68%]
........................................................................ [ 69%]
........................................................................ [ 71%]
........................................................................ [ 72%]
........................................................................ [ 73%]
........................................................................ [ 75%]
........................................................................ [ 76%]
........................................................................ [ 77%]
........................................................................ [ 79%]
........................................................................ [ 80%]
........................................................................ [ 81%]
........................................................................ [ 83%]
........................................................................ [ 84%]
........................................................................ [ 85%]
........................................................................ [ 87%]
........................................................................ [ 88%]
........................................................................ [ 89%]
........................................................................ [ 91%]
............................................ss.......................... [ 92%]
........................................................................ [ 93%]
........................................................................ [ 95%]
........................................................................ [ 96%]
........................................................................ [ 98%]
........................................................................ [ 99%]
..................................                                       [100%]HOLDOUT_REPORTS=[{"bytes": 2502313, "name": "workflow", "path": "/tmp/cs-c2/holdout-workflow0/holdout-report.json", "sha256": "98f45c00ebb9e40ecd5e469581f06af7412a490f4aa64f7e3a8172c99c2160dd"}, {"bytes": 142741, "name": "boundary", "path": "/tmp/cs-c2/holdout-boundary0/holdout-report.json", "sha256": "6b4347d429bf4cb9989d59f3142801b41f8c5174906afac928f1e6c59236efef"}, {"bytes": 142857, "name": "duplicate_id", "path": "/tmp/cs-c2/holdout-duplicate_id0/holdout-report.json", "sha256": "d5f384b6f8f34f0f92d48ff94a012dc6c1da6b5b0ce9728fb5a1e9807c792e52"}, {"bytes": 144176, "name": "missing_prerequisite", "path": "/tmp/cs-c2/holdout-missing_prerequisite0/holdout-report.json", "sha256": "c87e397f957fbed9aebe3e2669cdfcd903c2532c924d37a5d43eb34155443131"}, {"bytes": 142248, "name": "overload", "path": "/tmp/cs-c2/holdout-overload0/holdout-report.json", "sha256": "0ac5c4917eca55bda8a72dad1dafade8454dff8814db737c32118de12ae544fe"}, {"bytes": 141060, "name": "malformed", "path": "/tmp/cs-c2/holdout-malformed0/holdout-report.json", "sha256": "5916ff520139fd19fc539e14218081022f8360af9d57ad13c54a11f6524ec4a9"}]
CPU_RECOVERY_REPORTS=[{"bytes": 82507, "path": "/tmp/cs-c2/test_real_confirmed_terminal_r0/project-0/recovery-report.json", "sha256": "dfa3c86fe2cac6b414f7ec01ce77f30581c72e21f5c307f143645986e770b12e", "test": "tests/test_cpu_claim_reader_consolidation.py::TestPublicSnapshotRouting::test_real_confirmed_terminal_recovery_uses_required_8k_public_snapshot"}, {"bytes": 104149, "path": "/tmp/cs-c2/test_post_delete_fsync_uncerta0/project-0/recovery-report.json", "sha256": "766385afe8c88ec150d5d904c89a16ac270aaac228c137d3e92a2943af98f22b", "test": "tests/test_cpu_terminal_recovery_barrier.py::test_post_delete_fsync_uncertainty_blocks_fresh_restart_with_zero_bound[effect]"}, {"bytes": 104172, "path": "/tmp/cs-c2/test_post_delete_fsync_uncerta1/project-0/recovery-report.json", "sha256": "b2c98dd82bcf7c55c96b3e143cdefb1e7a97be52547ea1eb9814534d8e9cd2a2", "test": "tests/test_cpu_terminal_recovery_barrier.py::test_post_delete_fsync_uncertainty_blocks_fresh_restart_with_zero_bound[recovery]"}, {"bytes": 67145, "path": "/tmp/cs-c2/test_in_progress_denies_alread0/project-0/recovery-report.json", "sha256": "2894d59f70cf2e75e22575d3f7efe36b83030389e14944c6039851f5aef3c693", "test": "tests/test_cpu_terminal_recovery_barrier.py::test_in_progress_denies_already_running_peer_admission[reserve]"}, {"bytes": 67138, "path": "/tmp/cs-c2/test_in_progress_denies_alread1/project-0/recovery-report.json", "sha256": "14c910f926b767dcbd8d061b047793776cdcc5a6fc404090a0ba14832e873641", "test": "tests/test_cpu_terminal_recovery_barrier.py::test_in_progress_denies_already_running_peer_admission[require_permit]"}, {"bytes": 66002, "path": "/tmp/cs-c2/test_two_recovery_consumers_do0/project-0/recovery-report.json", "sha256": "a5595a546dbad999f2788daa680bede5da2941d30b8eaf7e5fd69938e4bcfa4d", "test": "tests/test_cpu_terminal_recovery_barrier.py::test_two_recovery_consumers_do_not_repeat_settlement_or_poison_owner"}, {"bytes": 66420, "path": "/tmp/cs-c2/test_legal_peer_decision_after0/project-0/recovery-report.json", "sha256": "33439c90e77f9976aa1cc026c0521d0e5e047cfcc7651edf201321e7fba9b038", "test": "tests/test_cpu_terminal_recovery_barrier.py::test_legal_peer_decision_after_complete_commit_preserves_exact_owner_result"}, {"bytes": 101983, "path": "/tmp/cs-c2/test_recovery_transaction_unkn0/project-0/recovery-report.json", "sha256": "f71c48d132b06101b24a1ecb471131562eb362b46b3f77cb763eb6771d3ed3b3", "test": "tests/test_cpu_terminal_recovery_barrier.py::test_recovery_transaction_unknown_is_not_an_ordinary_success[IN_PROGRESS-rollback]"}, {"bytes": 104088, "path": "/tmp/cs-c2/test_recovery_transaction_unkn1/project-0/recovery-report.json", "sha256": "7e31591c585134f411b7af06ad9353cba402d184097a6677e1cadcefea4f1bbe", "test": "tests/test_cpu_terminal_recovery_barrier.py::test_recovery_transaction_unknown_is_not_an_ordinary_success[COMPLETE-rollback]"}, {"bytes": 105478, "path": "/tmp/cs-c2/test_recovery_transaction_unkn2/project-0/recovery-report.json", "sha256": "96a0a12f372e527704a63bff182bb1994c765e59f639a7c1bb3780cf1ec101a7", "test": "tests/test_cpu_terminal_recovery_barrier.py::test_recovery_transaction_unknown_is_not_an_ordinary_success[COMPLETE-committed_raise]"}, {"bytes": 65095, "path": "/tmp/cs-c2/test_existing_unqualified_gate0/project-0/recovery-report.json", "sha256": "6a8103ae6a99ebe4fdcfb3a2d9ac7422e47067cc21ce88fd95ad17448cf6bd72", "test": "tests/test_cpu_terminal_recovery_barrier.py::test_existing_unqualified_gate_owner_is_preserved"}, {"bytes": 65102, "path": "/tmp/cs-c2/test_recovery_refuses_caller_t0/project-0/recovery-report.json", "sha256": "366e6810607cbcbd8d9ef1d62d81018cb9cb6a1e436c2d461a8889e3dc001a3e", "test": "tests/test_cpu_terminal_recovery_barrier.py::test_recovery_refuses_caller_transaction_without_consuming_it"}, {"bytes": 65879, "path": "/tmp/cs-c2/test_actual_peer_nonce_replace0/project-0/recovery-report.json", "sha256": "2e51bf0ca489b90fa42be3452ddc584ed8c394ca6a1e4d1a0645963e8956444a", "test": "tests/test_cpu_terminal_recovery_barrier.py::test_actual_peer_nonce_replacement_cannot_be_completed_by_old_owner"}, {"bytes": 314021, "path": "/tmp/cs-c2/test_fresh_cli_resumes_confirm0/domain-project/recovery-report.json", "sha256": "74d63cbddb14625886c0965d7771e2c5e9d0d0b4acea4d2fa14c7fa51ea02f9c", "test": "tests/test_cpu_terminal_recovery_domain.py::test_fresh_cli_resumes_confirmed_domain_without_reinterpretation[schedule-feasibility-v1-valid]"}, {"bytes": 313989, "path": "/tmp/cs-c2/test_fresh_cli_resumes_confirm1/domain-project/recovery-report.json", "sha256": "74bf2267922fd059eded363cdbb77840ffdbfd4ec1a21c7d654a16f491527f1e", "test": "tests/test_cpu_terminal_recovery_domain.py::test_fresh_cli_resumes_confirmed_domain_without_reinterpretation[schedule-feasibility-v2-invalid]"}, {"bytes": 147443, "path": "/tmp/cs-c2/test_recovery_refuses_changed_0/project-0/recovery-report.json", "sha256": "c63dbd0044e82b893a682f9cd24177d48c058ace886ea7dab9296f839898e62a", "test": "tests/test_cpu_terminal_recovery_guards.py::test_recovery_refuses_changed_native_binding[origin]"}, {"bytes": 147425, "path": "/tmp/cs-c2/test_recovery_refuses_changed_1/project-0/recovery-report.json", "sha256": "7b80e03accd6d6dbcd23952168cc619611ef630c963b22dd43e43e53695b6031", "test": "tests/test_cpu_terminal_recovery_guards.py::test_recovery_refuses_changed_native_binding[kind]"}, {"bytes": 147471, "path": "/tmp/cs-c2/test_recovery_refuses_changed_2/project-0/recovery-report.json", "sha256": "6294db349e427685a38f3f7df4e5c7f0ad6a18e246e25721fcfbc65dccf81567", "test": "tests/test_cpu_terminal_recovery_guards.py::test_recovery_refuses_changed_native_binding[resource]"}, {"bytes": 147517, "path": "/tmp/cs-c2/test_recovery_refuses_changed_3/project-0/recovery-report.json", "sha256": "45ae63b2d3fb9443e1b578cdec2bb68abecaaa484cac5f96a03cdd218f913f78", "test": "tests/test_cpu_terminal_recovery_guards.py::test_recovery_refuses_changed_native_binding[attempt_ref]"}, {"bytes": 147485, "path": "/tmp/cs-c2/test_recovery_refuses_changed_4/project-0/recovery-report.json", "sha256": "c26a1e5ce8c7b63253b3a0f5fc6bf668092ba80b7280ea8d0d4f544a85ae2076", "test": "tests/test_cpu_terminal_recovery_guards.py::test_recovery_refuses_changed_native_binding[process_pid]"}, {"bytes": 147513, "path": "/tmp/cs-c2/test_recovery_refuses_changed_5/project-0/recovery-report.json", "sha256": "84bb48034f9a89ac0bd2753908a5584f5dda453659afc831a04ff2bada41d3d5", "test": "tests/test_cpu_terminal_recovery_guards.py::test_recovery_refuses_changed_native_binding[command_sha256]"}, {"bytes": 147522, "path": "/tmp/cs-c2/test_recovery_refuses_changed_6/project-0/recovery-report.json", "sha256": "7a21541961f1e364c79697f4127a7ea194b5ee361b6ea859945192e6fafde5b3", "test": "tests/test_cpu_terminal_recovery_guards.py::test_recovery_refuses_changed_native_binding[timeout_seconds]"}, {"bytes": 147430, "path": "/tmp/cs-c2/test_recovery_refuses_changed_7/project-0/recovery-report.json", "sha256": "510f722a4175ee5ffcb336ca90c863dbd1ab4d35fbbdcb0bc1182378f4d1dcb1", "test": "tests/test_cpu_terminal_recovery_guards.py::test_recovery_refuses_changed_captured_source[database]"}, {"bytes": 147486, "path": "/tmp/cs-c2/test_recovery_refuses_changed_8/project-0/recovery-report.json", "sha256": "14a01a2304ecc66a649f6ef048e7531476fef09c9fa31ef6b105f5350472d914", "test": "tests/test_cpu_terminal_recovery_guards.py::test_recovery_refuses_changed_captured_source[claim_sha256]"}, {"bytes": 147490, "path": "/tmp/cs-c2/test_recovery_refuses_changed_9/project-0/recovery-report.json", "sha256": "b9981f84f6d5af5354646eb4f0aa3f4a2d2caf1c818dacb399aafa8c40cc2eaf", "test": "tests/test_cpu_terminal_recovery_guards.py::test_recovery_refuses_changed_captured_source[config_sha256]"}, {"bytes": 147699, "path": "/tmp/cs-c2/test_recovery_refuses_changed_10/project-0/recovery-report.json", "sha256": "da7ab3f4739f662cb437742709e160c068a9f92ae74dcd1ebeb7bba3c7bda425", "test": "tests/test_cpu_terminal_recovery_guards.py::test_recovery_refuses_changed_current_lifecycle"}, {"bytes": 147545, "path": "/tmp/cs-c2/test_recovery_refuses_rehashed0/project-0/recovery-report.json", "sha256": "ef84a3010f443a8371ab4331570a87295319c9719413b334caf98e59f10f2c22", "test": "tests/test_cpu_terminal_recovery_guards.py::test_recovery_refuses_rehashed_non_cpu_prepared_plan"}, {"bytes": 147663, "path": "/tmp/cs-c2/test_recovery_refuses_changed_11/project-0/recovery-report.json", "sha256": "5cff4446d86448eb68be5979c464544f9786a538e88b9138e179624ef2d2fafe", "test": "tests/test_cpu_terminal_recovery_guards.py::test_recovery_refuses_changed_catalog_route"}, {"bytes": 147738, "path": "/tmp/cs-c2/test_recovery_refuses_changed_12/project-0/recovery-report.json", "sha256": "506e02073a21a4d39fbc8fb00b8f5780c78be610aa4c947e89c4cd68c973b9c8", "test": "tests/test_cpu_terminal_recovery_guards.py::test_recovery_refuses_changed_ready_member_identity"}, {"bytes": 189879, "path": "/tmp/cs-c2/test_recovery_rechecks_source_0/project-0/recovery-report.json", "sha256": "79f0ba52cae9ac7b65f18050aefd094a6bf8c2048d7a792bfede04323d94e6dc", "test": "tests/test_cpu_terminal_recovery_guards.py::test_recovery_rechecks_source_after_enumeration_before_settlement"}, {"bytes": 148984, "path": "/tmp/cs-c2/test_preexisting_stop_never_au0/project-0/recovery-report.json", "sha256": "0a1cd8a3d4c17d6862867195f46931f851f1ec71b2304c1744877de1c16beba3", "test": "tests/test_cpu_terminal_recovery_guards.py::test_preexisting_stop_never_authorizes_automatic_settlement[ordinary_stop]"}, {"bytes": 148889, "path": "/tmp/cs-c2/test_preexisting_stop_never_au1/project-0/recovery-report.json", "sha256": "a08b77d8c90f96ca3d6aaaac89069171ceeca076de4d8c894902071072f349f2", "test": "tests/test_cpu_terminal_recovery_guards.py::test_preexisting_stop_never_authorizes_automatic_settlement[storage_hold]"}, {"bytes": 149022, "path": "/tmp/cs-c2/test_preexisting_stop_never_au2/project-0/recovery-report.json", "sha256": "04f653160c6ae29027fdfa7103852f43d0baa994b6a059e8826f3e1c270a246d", "test": "tests/test_cpu_terminal_recovery_guards.py::test_preexisting_stop_never_authorizes_automatic_settlement[masked_storage_hold]"}, {"bytes": 147642, "path": "/tmp/cs-c2/test_recovery_refuses_unbound_0/project-0/recovery-report.json", "sha256": "cc23696402ba8ce3f9694a4b8ec6b5dfdc3f4851c1b48ca7306a80eaa50b1979", "test": "tests/test_cpu_terminal_recovery_guards.py::test_recovery_refuses_unbound_replication_request_field"}, {"bytes": 147607, "path": "/tmp/cs-c2/test_recovery_refuses_artifact0/project-0/recovery-report.json", "sha256": "11cd6cede8d967e907d639da5880c557888da89226d918830213bdf5f40837e0", "test": "tests/test_cpu_terminal_recovery_guards.py::test_recovery_refuses_artifact_root_unrelated_to_published_records"}, {"bytes": 211283, "path": "/tmp/cs-c2/test_restart_settles_confirmed0/project-0/recovery-report.json", "sha256": "e8a8ecfc63b6e620bcbe6f16f4f0735d7d396a2b40e9a26879fdab6a59e3d816", "test": "tests/test_cpu_terminal_settlement_recovery.py::test_restart_settles_confirmed_terminal_without_repeating_original_worker[0]"}, {"bytes": 199748, "path": "/tmp/cs-c2/test_restart_settles_confirmed1/project-0/recovery-report.json", "sha256": "2c43ffcbb977b7f581613adcb61b67a3a6f7ca44b471672fe4be03cde6edad46", "test": "tests/test_cpu_terminal_settlement_recovery.py::test_restart_settles_confirmed_terminal_without_repeating_original_worker[7]"}, {"bytes": 126355, "path": "/tmp/cs-c2/test_real_v2_confirmed_termina0/project-0/recovery-report.json", "sha256": "8f80e45c8315962f30986596b9643f9e3ebd293c4c84184300f3e990b7af9d6d", "test": "tests/test_runtime_lease_recovery.py::test_real_v2_confirmed_terminal_crash_recovers_metadata_only[0]"}, {"bytes": 118009, "path": "/tmp/cs-c2/test_real_v2_confirmed_termina1/project-0/recovery-report.json", "sha256": "a74cebddf8917b71f6fc2ff394f38810005f06b2a93c3b53fdfa4f8813b70b46", "test": "tests/test_runtime_lease_recovery.py::test_real_v2_confirmed_terminal_crash_recovers_metadata_only[7]"}, {"bytes": 119198, "path": "/tmp/cs-c2/test_real_historical_v1_termin0/historical-project/recovery-report.json", "sha256": "dacd046133e08a16928a85f516f295115bf193d68736fd55295813d40989572f", "test": "tests/test_runtime_lease_recovery.py::test_real_historical_v1_terminal_recovers_without_upgrade_or_reexecution"}]
ACCEPTANCE_REPORTS=[{"bytes": 279352, "name": "sorting_default", "path": "/tmp/cs-c2/acceptance-sorting-default0/acceptance-report.json", "sha256": "172b7f8f03947c18cfbb79469c044c2db3b49a75599cfcf2780f7fefa86a4611"}, {"bytes": 120680, "name": "sorting_counterfactual", "path": "/tmp/cs-c2/acceptance-sorting-counterfactual0/acceptance-report.json", "sha256": "8675abe153eafebb4288eaadc9dc8e52a6040f7c7774b45f3adbd950df54ba5f"}, {"bytes": 274214, "name": "compression_default", "path": "/tmp/cs-c2/acceptance-compression-default0/acceptance-report.json", "sha256": "03a94f7c6e49c29c34f5ba663beea0d4086ec96f3dc19118a0034b5150c7c8f0"}, {"bytes": 120261, "name": "compression_counterfactual", "path": "/tmp/cs-c2/acceptance-compression-counterfactual0/acceptance-report.json", "sha256": "1f31579654c656bae2d8e8a4c2fe30d44b3d4cca6940e66b6e1ced336fa030a5"}]

=============================== warnings summary ===============================
../../../../../../home/erik/.local/lib/python3.10/site-packages/_pytest/config/__init__.py:885
  /home/erik/.local/lib/python3.10/site-packages/_pytest/config/__init__.py:885: PytestAssertRewriteWarning: Module already imported so cannot be rewritten; cpu_terminal_recovery_helpers
    self.import_plugin(import_spec)

../../../../../../home/erik/.local/lib/python3.10/site-packages/_pytest/config/__init__.py:885
  /home/erik/.local/lib/python3.10/site-packages/_pytest/config/__init__.py:885: PytestAssertRewriteWarning: Module already imported so cannot be rewritten; examples.holdout.testing
    self.import_plugin(import_spec)

-- Docs: https://docs.pytest.org/en/stable/how-to/capture-warnings.html
=========================== short test summary info ============================
SKIPPED [1] ../core/tests/test_sweeper.py:12: could not import 'orze_pro.engine.role_runner': orze-pro is not activated. Set ORZE_PRO_KEY environment variable. Get a license at orze.ai/pro
SKIPPED [1] ../core/tests/test_evolution.py:228: could not import 'orze_pro.agents.code_evolution': orze-pro is not activated. Set ORZE_PRO_KEY environment variable. Get a license at orze.ai/pro
SKIPPED [1] ../core/tests/test_evolution.py:239: could not import 'orze_pro.agents.code_evolution': orze-pro is not activated. Set ORZE_PRO_KEY environment variable. Get a license at orze.ai/pro
SKIPPED [1] ../core/tests/test_evolution.py:255: could not import 'orze_pro.agents.meta_research': orze-pro is not activated. Set ORZE_PRO_KEY environment variable. Get a license at orze.ai/pro
SKIPPED [1] ../core/tests/test_skill_registry.py:123: orze-pro not installed
SKIPPED [1] ../core/tests/test_skill_registry.py:135: orze-pro not installed
5357 passed, 6 skipped, 2 warnings in 1158.26s (0:19:18)
