........................................................................ [  1%]
........................................................................ [  2%]
........................................................................ [  4%]
........................................................................ [  5%]
........................................................................ [  6%]
........................................................................ [  8%]
........................................................................ [  9%]
........................................................................ [ 10%]
........................................................................ [ 12%]
........................................................................ [ 13%]
........................................................................ [ 15%]
........................................................................ [ 16%]
........................................................................ [ 17%]
........................................................................ [ 19%]
........................................................................ [ 20%]
........................................................................ [ 21%]
........................................................................ [ 23%]
........................................................................ [ 24%]
........................................................................ [ 26%]
........................................................................ [ 27%]
........................................................................ [ 28%]
........................................................................ [ 30%]
........................................................................ [ 31%]
........................................................................ [ 32%]
........................................................................ [ 34%]
........................................................................ [ 35%]
........................................................................ [ 37%]
........................................................................ [ 38%]
........................................................................ [ 39%]
................sss..................................................... [ 41%]
........................................................................ [ 42%]
........................................................................ [ 43%]
........................................................................ [ 45%]
.....................................................................s.. [ 46%]
........................................................................ [ 48%]
........................................................................ [ 49%]
........................................................................ [ 50%]
........................................................................ [ 52%]
........................................................................ [ 53%]
........................................................................ [ 54%]
........................................................................ [ 56%]
........................................................................ [ 57%]
........................................................................ [ 59%]
........................................................................ [ 60%]
........................................................................ [ 61%]
........................................................................ [ 63%]
........................................................................ [ 64%]
........................................................................ [ 65%]
........................................................................ [ 67%]
........................................................................ [ 68%]
........................................................................ [ 70%]
........................................................................ [ 71%]
........................................................................ [ 72%]
........................................................................ [ 74%]
........................................................................ [ 75%]
........................................................................ [ 76%]
........................................................................ [ 78%]
........................................................................ [ 79%]
........................................................................ [ 81%]
........................................................................ [ 82%]
........................................................................ [ 83%]
........................................................................ [ 85%]
........................................................................ [ 86%]
........................................................................ [ 87%]
........................................................................ [ 89%]
........................................................................ [ 90%]
.................................................................ss..... [ 92%]
........................................................................ [ 93%]
........................................................................ [ 94%]
........................................................................ [ 96%]
........................................................................ [ 97%]
........................................................................ [ 98%]
.......................................................                  [100%]HOLDOUT_REPORTS=[{"bytes": 2504922, "name": "workflow", "path": "/tmp/wa-fc1/holdout-workflow0/holdout-report.json", "sha256": "ae2101d62188bcdcf377acde93bc6e7f4f5bd594920d440a837000146ac36436"}, {"bytes": 142886, "name": "boundary", "path": "/tmp/wa-fc1/holdout-boundary0/holdout-report.json", "sha256": "7410b1453d747b2b91c5bbc1d04ecd323b218d7474021aef4659672aa1e96f22"}, {"bytes": 142984, "name": "duplicate_id", "path": "/tmp/wa-fc1/holdout-duplicate_id0/holdout-report.json", "sha256": "9456f112c625977061a42cd6092c5cd84eec0bf081a802620f38d79fde2b4b18"}, {"bytes": 144299, "name": "missing_prerequisite", "path": "/tmp/wa-fc1/holdout-missing_prerequisite0/holdout-report.json", "sha256": "61d78b12c652df4445fb18cfc4f58e902c897979c72fbe46db5d682c31c7e072"}, {"bytes": 142382, "name": "overload", "path": "/tmp/wa-fc1/holdout-overload0/holdout-report.json", "sha256": "95baf61607e6083bc6cc44422e47a6bd862968f41836ec7322fc98acc5f41d54"}, {"bytes": 141184, "name": "malformed", "path": "/tmp/wa-fc1/holdout-malformed0/holdout-report.json", "sha256": "9375c72708fdf4b020e83193966e45d6e2d42d614251d4602fde08af88830d0f"}]
CPU_RECOVERY_REPORTS=[{"bytes": 82536, "path": "/tmp/wa-fc1/test_real_confirmed_terminal_r0/project-0/recovery-report.json", "sha256": "5987d3de41dc3ce479d2905cb3e2170771be214bd49a1d65843bfc4653c95c29", "test": "tests/test_cpu_claim_reader_consolidation.py::TestPublicSnapshotRouting::test_real_confirmed_terminal_recovery_uses_required_8k_public_snapshot"}, {"bytes": 104267, "path": "/tmp/wa-fc1/test_post_delete_fsync_uncerta0/project-0/recovery-report.json", "sha256": "6bde317704b614d4b4e36adf950a875a5a67c00445249b46e67c98d3b32b765e", "test": "tests/test_cpu_terminal_recovery_barrier.py::test_post_delete_fsync_uncertainty_blocks_fresh_restart_with_zero_bound[effect]"}, {"bytes": 104299, "path": "/tmp/wa-fc1/test_post_delete_fsync_uncerta1/project-0/recovery-report.json", "sha256": "1c1257d131a96e4aec40cb92222fcb4c556e4ec3974a5205cf83fd7be0d83a25", "test": "tests/test_cpu_terminal_recovery_barrier.py::test_post_delete_fsync_uncertainty_blocks_fresh_restart_with_zero_bound[recovery]"}, {"bytes": 67212, "path": "/tmp/wa-fc1/test_in_progress_denies_alread0/project-0/recovery-report.json", "sha256": "2f9a58f1aef38e8d320377b98afc7a0a52b244c4d1ab6ccac4ec225839ddb052", "test": "tests/test_cpu_terminal_recovery_barrier.py::test_in_progress_denies_already_running_peer_admission[reserve]"}, {"bytes": 67214, "path": "/tmp/wa-fc1/test_in_progress_denies_alread1/project-0/recovery-report.json", "sha256": "870dbf553e1435296444fcb949de793aef756199163dbf6f735a726e90bedfbe", "test": "tests/test_cpu_terminal_recovery_barrier.py::test_in_progress_denies_already_running_peer_admission[require_permit]"}, {"bytes": 66087, "path": "/tmp/wa-fc1/test_two_recovery_consumers_do0/project-0/recovery-report.json", "sha256": "421ff6ebee7b4025d86cc1a3bb64898b531e792f859260955715cf5c9567f68c", "test": "tests/test_cpu_terminal_recovery_barrier.py::test_two_recovery_consumers_do_not_repeat_settlement_or_poison_owner"}, {"bytes": 66504, "path": "/tmp/wa-fc1/test_legal_peer_decision_after0/project-0/recovery-report.json", "sha256": "571856869d4c92fc528441b67491df00fc6b13a9e444e393417c99df057f8334", "test": "tests/test_cpu_terminal_recovery_barrier.py::test_legal_peer_decision_after_complete_commit_preserves_exact_owner_result"}, {"bytes": 102092, "path": "/tmp/wa-fc1/test_recovery_transaction_unkn0/project-0/recovery-report.json", "sha256": "501476d64f8f5394b429512ef51efc6f5f2b1ba79593ca31e428cd17e9a851d1", "test": "tests/test_cpu_terminal_recovery_barrier.py::test_recovery_transaction_unknown_is_not_an_ordinary_success[IN_PROGRESS-rollback]"}, {"bytes": 104218, "path": "/tmp/wa-fc1/test_recovery_transaction_unkn1/project-0/recovery-report.json", "sha256": "73a32a86452c15c6da8825822a0d6550244d5ea21945a2c9206c1251673a9b1c", "test": "tests/test_cpu_terminal_recovery_barrier.py::test_recovery_transaction_unknown_is_not_an_ordinary_success[COMPLETE-rollback]"}, {"bytes": 105606, "path": "/tmp/wa-fc1/test_recovery_transaction_unkn2/project-0/recovery-report.json", "sha256": "5f2288c7d06411b3815d76d8f544685ed4a4b1417ce5a451582000748385e3d4", "test": "tests/test_cpu_terminal_recovery_barrier.py::test_recovery_transaction_unknown_is_not_an_ordinary_success[COMPLETE-committed_raise]"}, {"bytes": 65168, "path": "/tmp/wa-fc1/test_existing_unqualified_gate0/project-0/recovery-report.json", "sha256": "41439fd3b3c015085557b16c6f67cd3eabfde6e2bc80b757a11070c701e1cf78", "test": "tests/test_cpu_terminal_recovery_barrier.py::test_existing_unqualified_gate_owner_is_preserved"}, {"bytes": 65170, "path": "/tmp/wa-fc1/test_recovery_refuses_caller_t0/project-0/recovery-report.json", "sha256": "c9f0be3af803c7307f7e94a0b3a80f4a9e4ee9a05acdf6983dedad4cb60eef89", "test": "tests/test_cpu_terminal_recovery_barrier.py::test_recovery_refuses_caller_transaction_without_consuming_it"}, {"bytes": 65957, "path": "/tmp/wa-fc1/test_actual_peer_nonce_replace0/project-0/recovery-report.json", "sha256": "931c93a5990da0b95fcf281e4c6a08f9331bb6aa6e5b6e951cab9ba7e0023231", "test": "tests/test_cpu_terminal_recovery_barrier.py::test_actual_peer_nonce_replacement_cannot_be_completed_by_old_owner"}, {"bytes": 314406, "path": "/tmp/wa-fc1/test_fresh_cli_resumes_confirm0/domain-project/recovery-report.json", "sha256": "449ff59938bc17c014994589a4fb81a4935966cbd4e057ab6ab84ef2fdf9b523", "test": "tests/test_cpu_terminal_recovery_domain.py::test_fresh_cli_resumes_confirmed_domain_without_reinterpretation[schedule-feasibility-v1-valid]"}, {"bytes": 314335, "path": "/tmp/wa-fc1/test_fresh_cli_resumes_confirm1/domain-project/recovery-report.json", "sha256": "f53bc6f3a3ee7fb7f9695c31cbe48aba090a094fd02861f19472982a0b7e5ebe", "test": "tests/test_cpu_terminal_recovery_domain.py::test_fresh_cli_resumes_confirmed_domain_without_reinterpretation[schedule-feasibility-v2-invalid]"}, {"bytes": 147571, "path": "/tmp/wa-fc1/test_recovery_refuses_changed_0/project-0/recovery-report.json", "sha256": "a95108d248cf3da44ad326ab23afa2b72e8c76a99dedee5127257d9919ad0cc1", "test": "tests/test_cpu_terminal_recovery_guards.py::test_recovery_refuses_changed_native_binding[origin]"}, {"bytes": 147552, "path": "/tmp/wa-fc1/test_recovery_refuses_changed_1/project-0/recovery-report.json", "sha256": "df37d7b20e91ba6797632c0749887c4ad42e693266a532f2cba57670b2c145f0", "test": "tests/test_cpu_terminal_recovery_guards.py::test_recovery_refuses_changed_native_binding[kind]"}, {"bytes": 147628, "path": "/tmp/wa-fc1/test_recovery_refuses_changed_2/project-0/recovery-report.json", "sha256": "32479487d1d27ff9a36c2dde88214808ee0cc2be824a00b78dbcefe9e8115ab7", "test": "tests/test_cpu_terminal_recovery_guards.py::test_recovery_refuses_changed_native_binding[resource]"}, {"bytes": 147645, "path": "/tmp/wa-fc1/test_recovery_refuses_changed_3/project-0/recovery-report.json", "sha256": "c210bb783f0ff6bbb89252dba97323955ba5cab79f70efee6282569311b0950e", "test": "tests/test_cpu_terminal_recovery_guards.py::test_recovery_refuses_changed_native_binding[attempt_ref]"}, {"bytes": 147639, "path": "/tmp/wa-fc1/test_recovery_refuses_changed_4/project-0/recovery-report.json", "sha256": "537941ca0f4f1857e25d68cc98d9d07cdeba2e55e34f32879ad7dcdc36510407", "test": "tests/test_cpu_terminal_recovery_guards.py::test_recovery_refuses_changed_native_binding[process_pid]"}, {"bytes": 147660, "path": "/tmp/wa-fc1/test_recovery_refuses_changed_5/project-0/recovery-report.json", "sha256": "71c1a1482a28cbf06b7e854bb044a553389753a81d3a4ec582b696a5fcad1211", "test": "tests/test_cpu_terminal_recovery_guards.py::test_recovery_refuses_changed_native_binding[command_sha256]"}, {"bytes": 147668, "path": "/tmp/wa-fc1/test_recovery_refuses_changed_6/project-0/recovery-report.json", "sha256": "43e5af1e075d73edc1226f49ba19840d8a3a9dc5581e19e4811a88998e8b9d4d", "test": "tests/test_cpu_terminal_recovery_guards.py::test_recovery_refuses_changed_native_binding[timeout_seconds]"}, {"bytes": 147609, "path": "/tmp/wa-fc1/test_recovery_refuses_changed_7/project-0/recovery-report.json", "sha256": "049b66471f51e54806d80160605e29a23a4b156103b45b5b33584aebe948c041", "test": "tests/test_cpu_terminal_recovery_guards.py::test_recovery_refuses_changed_captured_source[database]"}, {"bytes": 147645, "path": "/tmp/wa-fc1/test_recovery_refuses_changed_8/project-0/recovery-report.json", "sha256": "77220f5fe340f0ba0b3e02282e2b8f8b3666e00fda351a36105ee34b75429a3a", "test": "tests/test_cpu_terminal_recovery_guards.py::test_recovery_refuses_changed_captured_source[claim_sha256]"}, {"bytes": 147637, "path": "/tmp/wa-fc1/test_recovery_refuses_changed_9/project-0/recovery-report.json", "sha256": "6b36d42a0a7cbe75b7e2f1d794abae9c63ca74a053f033f33c9e9d60d62ca0f7", "test": "tests/test_cpu_terminal_recovery_guards.py::test_recovery_refuses_changed_captured_source[config_sha256]"}, {"bytes": 147843, "path": "/tmp/wa-fc1/test_recovery_refuses_changed_10/project-0/recovery-report.json", "sha256": "0dd5a87efe29a1d79bc70333bfbc6007821d755d3aa8ae52548cee564651303f", "test": "tests/test_cpu_terminal_recovery_guards.py::test_recovery_refuses_changed_current_lifecycle"}, {"bytes": 147676, "path": "/tmp/wa-fc1/test_recovery_refuses_rehashed0/project-0/recovery-report.json", "sha256": "23bc0854d23a64f929c8137e9cf339da98b63ad5f4afb5080e2a86211b6e9e12", "test": "tests/test_cpu_terminal_recovery_guards.py::test_recovery_refuses_rehashed_non_cpu_prepared_plan"}, {"bytes": 147809, "path": "/tmp/wa-fc1/test_recovery_refuses_changed_11/project-0/recovery-report.json", "sha256": "a5f5e242536d033ad49fc30564002bed615064d3c0b89197639839bb10f969ca", "test": "tests/test_cpu_terminal_recovery_guards.py::test_recovery_refuses_changed_catalog_route"}, {"bytes": 147868, "path": "/tmp/wa-fc1/test_recovery_refuses_changed_12/project-0/recovery-report.json", "sha256": "5ef413736c95dae4ccee34740f7c0494699d56f2c6c9e629983aa2035abc8af5", "test": "tests/test_cpu_terminal_recovery_guards.py::test_recovery_refuses_changed_ready_member_identity"}, {"bytes": 190079, "path": "/tmp/wa-fc1/test_recovery_rechecks_source_0/project-0/recovery-report.json", "sha256": "bb7d7229667f9ee194b1ec35dafcd1238e136e7216ef1c68349922d384809579", "test": "tests/test_cpu_terminal_recovery_guards.py::test_recovery_rechecks_source_after_enumeration_before_settlement"}, {"bytes": 149119, "path": "/tmp/wa-fc1/test_preexisting_stop_never_au0/project-0/recovery-report.json", "sha256": "48977d93adc2da52087b88b69204322a18eaee2036fa7a7699eafdaa12c0ec15", "test": "tests/test_cpu_terminal_recovery_guards.py::test_preexisting_stop_never_authorizes_automatic_settlement[ordinary_stop]"}, {"bytes": 149022, "path": "/tmp/wa-fc1/test_preexisting_stop_never_au1/project-0/recovery-report.json", "sha256": "d1122c02f70f1289484761753ccff156594e4a5777ac754da16c5e39c37de78e", "test": "tests/test_cpu_terminal_recovery_guards.py::test_preexisting_stop_never_authorizes_automatic_settlement[storage_hold]"}, {"bytes": 149152, "path": "/tmp/wa-fc1/test_preexisting_stop_never_au2/project-0/recovery-report.json", "sha256": "b2ef82646dd820b560d383a7e6c0bdb70ca9c08d688f9010c45e605fabf4dd4d", "test": "tests/test_cpu_terminal_recovery_guards.py::test_preexisting_stop_never_authorizes_automatic_settlement[masked_storage_hold]"}, {"bytes": 147787, "path": "/tmp/wa-fc1/test_recovery_refuses_unbound_0/project-0/recovery-report.json", "sha256": "a3788235e410623eb463839b7da0fc474283c4dda271e8789549d8427fa1b5f5", "test": "tests/test_cpu_terminal_recovery_guards.py::test_recovery_refuses_unbound_replication_request_field"}, {"bytes": 147750, "path": "/tmp/wa-fc1/test_recovery_refuses_artifact0/project-0/recovery-report.json", "sha256": "6758b39b63b29aa195446f41931a617167bc1df78834691fdc16226d43d4a48b", "test": "tests/test_cpu_terminal_recovery_guards.py::test_recovery_refuses_artifact_root_unrelated_to_published_records"}, {"bytes": 211531, "path": "/tmp/wa-fc1/test_restart_settles_confirmed0/project-0/recovery-report.json", "sha256": "04382eb751d495a0efc0aaa994575fbcc698509ab71745ff5c878a66444b39d7", "test": "tests/test_cpu_terminal_settlement_recovery.py::test_restart_settles_confirmed_terminal_without_repeating_original_worker[0]"}, {"bytes": 199941, "path": "/tmp/wa-fc1/test_restart_settles_confirmed1/project-0/recovery-report.json", "sha256": "67bf8e0bad0fce106dc34372085bc436fcea9c69ee31fdc769f02ab8cb3be85c", "test": "tests/test_cpu_terminal_settlement_recovery.py::test_restart_settles_confirmed_terminal_without_repeating_original_worker[7]"}, {"bytes": 126525, "path": "/tmp/wa-fc1/test_real_v2_confirmed_termina0/project-0/recovery-report.json", "sha256": "422a6f2f4781022d0aab26ffcc9e36a7050cfef6ecbcbf65f0d3c82e7dd8f0ee", "test": "tests/test_runtime_lease_recovery.py::test_real_v2_confirmed_terminal_crash_recovers_metadata_only[0]"}, {"bytes": 118143, "path": "/tmp/wa-fc1/test_real_v2_confirmed_termina1/project-0/recovery-report.json", "sha256": "172679634d26f3605b4354c59fb50ecd4d50944900934b89ed04cb12564214b0", "test": "tests/test_runtime_lease_recovery.py::test_real_v2_confirmed_terminal_crash_recovers_metadata_only[7]"}, {"bytes": 119362, "path": "/tmp/wa-fc1/test_real_historical_v1_termin0/historical-project/recovery-report.json", "sha256": "4ed1c4362030ccb337d6f600735d88bb826757e6794de19ab89ad3f40f42b0a5", "test": "tests/test_runtime_lease_recovery.py::test_real_historical_v1_terminal_recovers_without_upgrade_or_reexecution"}]
ACCEPTANCE_REPORTS=[{"bytes": 279613, "name": "sorting_default", "path": "/tmp/wa-fc1/acceptance-sorting-default0/acceptance-report.json", "sha256": "20945f0e57af1cb8c8cb69269315912be19ca82cce91a31382e5a5b9aeca3b23"}, {"bytes": 120816, "name": "sorting_counterfactual", "path": "/tmp/wa-fc1/acceptance-sorting-counterfactual0/acceptance-report.json", "sha256": "dfe19d8ea1177b809609ada0d95b9d14b96837b2cfc28ede2a44e7931222363c"}, {"bytes": 274517, "name": "compression_default", "path": "/tmp/wa-fc1/acceptance-compression-default0/acceptance-report.json", "sha256": "7642f954fd9f8a4c6cefa19db82a537deed1242aff29954c90135d800e95051b"}, {"bytes": 120418, "name": "compression_counterfactual", "path": "/tmp/wa-fc1/acceptance-compression-counterfactual0/acceptance-report.json", "sha256": "0042b31d173ca613bba93c1738fe45d928dd01b55594a4d72d933fc9056aa2ce"}]

=============================== warnings summary ===============================
../../../../../../home/erik/.local/lib/python3.10/site-packages/_pytest/config/__init__.py:885
  /home/erik/.local/lib/python3.10/site-packages/_pytest/config/__init__.py:885: PytestAssertRewriteWarning: Module already imported so cannot be rewritten; cpu_terminal_recovery_helpers
    self.import_plugin(import_spec)

../../../../../../home/erik/.local/lib/python3.10/site-packages/_pytest/config/__init__.py:885
  /home/erik/.local/lib/python3.10/site-packages/_pytest/config/__init__.py:885: PytestAssertRewriteWarning: Module already imported so cannot be rewritten; examples.holdout.testing
    self.import_plugin(import_spec)

-- Docs: https://docs.pytest.org/en/stable/how-to/capture-warnings.html
=========================== short test summary info ============================
SKIPPED [1] ../core/tests/test_sweeper.py:12: could not import 'orze_pro.engine.role_runner': This is a stub package. Install the real orze-pro via: export ORZE_PRO_KEY='...' && orze run
SKIPPED [1] ../core/tests/test_evolution.py:228: could not import 'orze_pro.agents.code_evolution': This is a stub package. Install the real orze-pro via: export ORZE_PRO_KEY='...' && orze run
SKIPPED [1] ../core/tests/test_evolution.py:239: could not import 'orze_pro.agents.code_evolution': This is a stub package. Install the real orze-pro via: export ORZE_PRO_KEY='...' && orze run
SKIPPED [1] ../core/tests/test_evolution.py:255: could not import 'orze_pro.agents.meta_research': This is a stub package. Install the real orze-pro via: export ORZE_PRO_KEY='...' && orze run
SKIPPED [1] ../core/tests/test_fsm_runner_registry.py:13: could not import 'orze_pro': This is a stub package. Install the real orze-pro via: export ORZE_PRO_KEY='...' && orze run
SKIPPED [1] ../core/tests/test_skill_registry.py:123: orze-pro not installed
SKIPPED [1] ../core/tests/test_skill_registry.py:135: orze-pro not installed
5233 passed, 7 skipped, 2 warnings in 1142.79s (0:19:02)
