........................................................................ [  1%]
........................................................................ [  3%]
........................................................................ [  4%]
........................................................................ [  6%]
........................................................................ [  7%]
........................................................................ [  9%]
........................................................................ [ 11%]
........................................................................ [ 12%]
........................................................................ [ 14%]
........................................................................ [ 15%]
............................FFFFFFFFFF.................................. [ 17%]
...........F.....................................F.FFFFFF............... [ 18%]
........................................................................ [ 20%]
........................................................................ [ 22%]
........................................................................ [ 23%]
........................................................................ [ 25%]
........................................................................ [ 26%]
........................................................................ [ 28%]
........................................................................ [ 29%]
........................................................................ [ 31%]
........................................................................ [ 33%]
........................................................................ [ 34%]
........................................................................ [ 36%]
........................................................................ [ 37%]
...................................................FF..FFF.............. [ 39%]
..................................................sss................... [ 41%]
........................................................................ [ 42%]
........................................................................ [ 44%]
.................................................FFFFF.FFFFF............ [ 45%]
..............................................................s....F.... [ 47%]
..................F.....FFFFF...FF...................................... [ 48%]
........................................................................ [ 50%]
........................................................................ [ 52%]
........................................................................ [ 53%]
........................................................................ [ 55%]
........................................................................ [ 56%]
........................................................................ [ 58%]
......................................................................F. [ 59%]
..FF.FFFF........................................................FFFFF.. [ 61%]
........................FFFFFFFFFFFFF..FF.FFFF.......................... [ 63%]
.............FFFF....................................................... [ 64%]
........................................................................ [ 66%]
........................................................................ [ 67%]
..........................................................FFF.........FF [ 69%]
FF...................................................................... [ 71%]
........................................................................ [ 72%]
........................................................................ [ 74%]
........................................................................ [ 75%]
........................................................................ [ 77%]
........................................................................ [ 78%]
........................................................................ [ 80%]
........................................................................ [ 82%]
........................................................................ [ 83%]
.........................F.............................................. [ 85%]
F..FF......F............................................................ [ 86%]
........................................................................ [ 88%]
........................................................................ [ 89%]
........................................................................ [ 91%]
......................................................ss................ [ 93%]
........................................................................ [ 94%]
.....................................................................FF. [ 96%]
.......................FFFFF.F.......................................... [ 97%]
........................................................................ [ 99%]
..........................                                               [100%]HOLDOUT_REPORTS=[{"bytes": 2719220, "name": "workflow", "path": "/hot-data/fsx/workspace/erik/orze-autonomy-verification-2026-09-12.D3hLyG/core-pytest/holdout-workflow0/holdout-report.json", "sha256": "155066aacba82052a7dabb3cbe1cfb8cf637efbbad546139ffd47892757191b7"}, {"bytes": 154881, "name": "boundary", "path": "/hot-data/fsx/workspace/erik/orze-autonomy-verification-2026-09-12.D3hLyG/core-pytest/holdout-boundary0/holdout-report.json", "sha256": "d47eee3f36ef6510819184442f509cbd889a5aae66b19fe2bed35d6a8dc6dba5"}, {"bytes": 154997, "name": "duplicate_id", "path": "/hot-data/fsx/workspace/erik/orze-autonomy-verification-2026-09-12.D3hLyG/core-pytest/holdout-duplicate_id0/holdout-report.json", "sha256": "821a3b13bc1e2bf4abde969d8fd680fe26c3fe2b50052d82e14901d3040ba4b3"}, {"bytes": 156313, "name": "missing_prerequisite", "path": "/hot-data/fsx/workspace/erik/orze-autonomy-verification-2026-09-12.D3hLyG/core-pytest/holdout-missing_prerequisite0/holdout-report.json", "sha256": "8329d87efa91ae6d813769520565988d83fe04a85e1aa64227441d8ddd89223c"}, {"bytes": 154374, "name": "overload", "path": "/hot-data/fsx/workspace/erik/orze-autonomy-verification-2026-09-12.D3hLyG/core-pytest/holdout-overload0/holdout-report.json", "sha256": "93ffa539f4ebc6cbfcd79a4b7c5b9f025ffd266444dd3ddb08a18a8b3db9923f"}, {"bytes": 153180, "name": "malformed", "path": "/hot-data/fsx/workspace/erik/orze-autonomy-verification-2026-09-12.D3hLyG/core-pytest/holdout-malformed0/holdout-report.json", "sha256": "a2d9ca52a8c82eec7838d97179a3240aad0a317226a1abeec8824899a7cf28b1"}]
CPU_RECOVERY_REPORTS=[{"bytes": 89821, "path": "/hot-data/fsx/workspace/erik/orze-autonomy-verification-2026-09-12.D3hLyG/core-pytest/test_real_confirmed_terminal_r0/project-0/recovery-report.json", "sha256": "d39ff70f80e2338d68383b75813fecb2d33e83ee4e28106c9f9d074ceed54732", "test": "tests/test_cpu_claim_reader_consolidation.py::TestPublicSnapshotRouting::test_real_confirmed_terminal_recovery_uses_required_8k_public_snapshot"}, {"bytes": 113823, "path": "/hot-data/fsx/workspace/erik/orze-autonomy-verification-2026-09-12.D3hLyG/core-pytest/test_post_delete_fsync_uncerta0/project-0/recovery-report.json", "sha256": "4e5c89ac9e3544626f57a2f76438d68e59048140df61de6825fb726415959b18", "test": "tests/test_cpu_terminal_recovery_barrier.py::test_post_delete_fsync_uncertainty_blocks_fresh_restart_with_zero_bound[effect]"}, {"bytes": 113849, "path": "/hot-data/fsx/workspace/erik/orze-autonomy-verification-2026-09-12.D3hLyG/core-pytest/test_post_delete_fsync_uncerta1/project-0/recovery-report.json", "sha256": "d011dcce9d879afd8d534314f4fc070a34b17d3c2cc33a89a0d0bafd67f9cfcc", "test": "tests/test_cpu_terminal_recovery_barrier.py::test_post_delete_fsync_uncertainty_blocks_fresh_restart_with_zero_bound[recovery]"}, {"bytes": 73151, "path": "/hot-data/fsx/workspace/erik/orze-autonomy-verification-2026-09-12.D3hLyG/core-pytest/test_in_progress_denies_alread0/project-0/recovery-report.json", "sha256": "ca804c72f7e01b8d271da9eb6f3bde37c45d8339fc1756621e90f7a2bf812c7a", "test": "tests/test_cpu_terminal_recovery_barrier.py::test_in_progress_denies_already_running_peer_admission[reserve]"}, {"bytes": 73160, "path": "/hot-data/fsx/workspace/erik/orze-autonomy-verification-2026-09-12.D3hLyG/core-pytest/test_in_progress_denies_alread1/project-0/recovery-report.json", "sha256": "662cf17fb79258fa9f5038f561beb4dc0733d798001b0f2007fbb299959ca815", "test": "tests/test_cpu_terminal_recovery_barrier.py::test_in_progress_denies_already_running_peer_admission[require_permit]"}, {"bytes": 71805, "path": "/hot-data/fsx/workspace/erik/orze-autonomy-verification-2026-09-12.D3hLyG/core-pytest/test_two_recovery_consumers_do0/project-0/recovery-report.json", "sha256": "79ef99fbd3b21a3a32c91d730eafcfec4b331762555a2f16d7194ec8d1fb1244", "test": "tests/test_cpu_terminal_recovery_barrier.py::test_two_recovery_consumers_do_not_repeat_settlement_or_poison_owner"}, {"bytes": 72290, "path": "/hot-data/fsx/workspace/erik/orze-autonomy-verification-2026-09-12.D3hLyG/core-pytest/test_legal_peer_decision_after0/project-0/recovery-report.json", "sha256": "922c29a8b9d9036846392635b04641f3308291d70234a9501c85e2f6c9caf09c", "test": "tests/test_cpu_terminal_recovery_barrier.py::test_legal_peer_decision_after_complete_commit_preserves_exact_owner_result"}, {"bytes": 110979, "path": "/hot-data/fsx/workspace/erik/orze-autonomy-verification-2026-09-12.D3hLyG/core-pytest/test_recovery_transaction_unkn0/project-0/recovery-report.json", "sha256": "80f3b995a1bcad7e0d28dc805e0c5fd4aac6530b86744730a069eacc166b1492", "test": "tests/test_cpu_terminal_recovery_barrier.py::test_recovery_transaction_unknown_is_not_an_ordinary_success[IN_PROGRESS-rollback]"}, {"bytes": 113771, "path": "/hot-data/fsx/workspace/erik/orze-autonomy-verification-2026-09-12.D3hLyG/core-pytest/test_recovery_transaction_unkn1/project-0/recovery-report.json", "sha256": "9a074bab19337442e2eeb53d6cf786ddf9b6a2ed0d11d55a01845a1944d6b7ec", "test": "tests/test_cpu_terminal_recovery_barrier.py::test_recovery_transaction_unknown_is_not_an_ordinary_success[COMPLETE-rollback]"}, {"bytes": 115381, "path": "/hot-data/fsx/workspace/erik/orze-autonomy-verification-2026-09-12.D3hLyG/core-pytest/test_recovery_transaction_unkn2/project-0/recovery-report.json", "sha256": "3456c64ad2b6bdd9e00212db7bb46697168be62952a1c8c348be1e80458a79da", "test": "tests/test_cpu_terminal_recovery_barrier.py::test_recovery_transaction_unknown_is_not_an_ordinary_success[COMPLETE-committed_raise]"}, {"bytes": 70662, "path": "/hot-data/fsx/workspace/erik/orze-autonomy-verification-2026-09-12.D3hLyG/core-pytest/test_existing_unqualified_gate0/project-0/recovery-report.json", "sha256": "c313d4f789c4a55bad8dc1cc0cc8e0ad2a8700edfcfb0a19c63a7face9772160", "test": "tests/test_cpu_terminal_recovery_barrier.py::test_existing_unqualified_gate_owner_is_preserved"}, {"bytes": 70664, "path": "/hot-data/fsx/workspace/erik/orze-autonomy-verification-2026-09-12.D3hLyG/core-pytest/test_recovery_refuses_caller_t0/project-0/recovery-report.json", "sha256": "a1f6661362318cfaef909c0828ad824b9cee2598ee806093e64ecbac06768b2c", "test": "tests/test_cpu_terminal_recovery_barrier.py::test_recovery_refuses_caller_transaction_without_consuming_it"}, {"bytes": 71677, "path": "/hot-data/fsx/workspace/erik/orze-autonomy-verification-2026-09-12.D3hLyG/core-pytest/test_actual_peer_nonce_replace0/project-0/recovery-report.json", "sha256": "edb6d074770741d103136c72294e7a444f509743c18a0f608eb77bc6efd714ce", "test": "tests/test_cpu_terminal_recovery_barrier.py::test_actual_peer_nonce_replacement_cannot_be_completed_by_old_owner"}, {"bytes": 342372, "path": "/hot-data/fsx/workspace/erik/orze-autonomy-verification-2026-09-12.D3hLyG/core-pytest/test_fresh_cli_resumes_confirm0/domain-project/recovery-report.json", "sha256": "0055b21686c34854bae5552be63ac9413de74edc0bd30ae9afccfb4177304182", "test": "tests/test_cpu_terminal_recovery_domain.py::test_fresh_cli_resumes_confirmed_domain_without_reinterpretation[schedule-feasibility-v1-valid]"}, {"bytes": 342320, "path": "/hot-data/fsx/workspace/erik/orze-autonomy-verification-2026-09-12.D3hLyG/core-pytest/test_fresh_cli_resumes_confirm1/domain-project/recovery-report.json", "sha256": "723418ff94ce99d1b8188a80b4a4e1c18707a621dd08c739158129cdfd4286d9", "test": "tests/test_cpu_terminal_recovery_domain.py::test_fresh_cli_resumes_confirmed_domain_without_reinterpretation[schedule-feasibility-v2-invalid]"}, {"bytes": 159872, "path": "/hot-data/fsx/workspace/erik/orze-autonomy-verification-2026-09-12.D3hLyG/core-pytest/test_recovery_refuses_changed_0/project-0/recovery-report.json", "sha256": "d61428f3c06625447928f70699a5493c2b821dc18cee10a14e97998292ec3317", "test": "tests/test_cpu_terminal_recovery_guards.py::test_recovery_refuses_changed_native_binding[origin]"}, {"bytes": 159842, "path": "/hot-data/fsx/workspace/erik/orze-autonomy-verification-2026-09-12.D3hLyG/core-pytest/test_recovery_refuses_changed_1/project-0/recovery-report.json", "sha256": "2e04d469ac87000c01e1856784243f467db684da855e289fa7cc608af9266a07", "test": "tests/test_cpu_terminal_recovery_guards.py::test_recovery_refuses_changed_native_binding[kind]"}, {"bytes": 159883, "path": "/hot-data/fsx/workspace/erik/orze-autonomy-verification-2026-09-12.D3hLyG/core-pytest/test_recovery_refuses_changed_2/project-0/recovery-report.json", "sha256": "261a383a598da36b92e0e907cf08549bb804c8ef74b9b125df1796cf5f11404d", "test": "tests/test_cpu_terminal_recovery_guards.py::test_recovery_refuses_changed_native_binding[resource]"}, {"bytes": 159924, "path": "/hot-data/fsx/workspace/erik/orze-autonomy-verification-2026-09-12.D3hLyG/core-pytest/test_recovery_refuses_changed_3/project-0/recovery-report.json", "sha256": "4bb979e0d48e24583c647828bc2efff7dcd9e48edc2bfba33225047bc196f50d", "test": "tests/test_cpu_terminal_recovery_guards.py::test_recovery_refuses_changed_native_binding[attempt_ref]"}, {"bytes": 159897, "path": "/hot-data/fsx/workspace/erik/orze-autonomy-verification-2026-09-12.D3hLyG/core-pytest/test_recovery_refuses_changed_4/project-0/recovery-report.json", "sha256": "e2ff5163df151c24ad46ae15979d2c97061acffedb87dec73eed2932d32d2752", "test": "tests/test_cpu_terminal_recovery_guards.py::test_recovery_refuses_changed_native_binding[process_pid]"}, {"bytes": 159946, "path": "/hot-data/fsx/workspace/erik/orze-autonomy-verification-2026-09-12.D3hLyG/core-pytest/test_recovery_refuses_changed_5/project-0/recovery-report.json", "sha256": "46dc4837594ebb390b817f7ed778efa334d2624449930fdebba7f95cb32db7cd", "test": "tests/test_cpu_terminal_recovery_guards.py::test_recovery_refuses_changed_native_binding[command_sha256]"}, {"bytes": 159957, "path": "/hot-data/fsx/workspace/erik/orze-autonomy-verification-2026-09-12.D3hLyG/core-pytest/test_recovery_refuses_changed_6/project-0/recovery-report.json", "sha256": "411d7a0df2571cd45bb5160936cbd06102c31c4ace38be7d471a9ba914a9eb22", "test": "tests/test_cpu_terminal_recovery_guards.py::test_recovery_refuses_changed_native_binding[timeout_seconds]"}, {"bytes": 159891, "path": "/hot-data/fsx/workspace/erik/orze-autonomy-verification-2026-09-12.D3hLyG/core-pytest/test_recovery_refuses_changed_7/project-0/recovery-report.json", "sha256": "246be31b8df6a571a0c8e68c1b3682447f42b250e28a6fb7b12f95a39c7c2331", "test": "tests/test_cpu_terminal_recovery_guards.py::test_recovery_refuses_changed_captured_source[database]"}, {"bytes": 159912, "path": "/hot-data/fsx/workspace/erik/orze-autonomy-verification-2026-09-12.D3hLyG/core-pytest/test_recovery_refuses_changed_8/project-0/recovery-report.json", "sha256": "8957592e7315b08275e3c9936ad808e71e4ac55b984f5c72f247a3bf94311d79", "test": "tests/test_cpu_terminal_recovery_guards.py::test_recovery_refuses_changed_captured_source[claim_sha256]"}, {"bytes": 159924, "path": "/hot-data/fsx/workspace/erik/orze-autonomy-verification-2026-09-12.D3hLyG/core-pytest/test_recovery_refuses_changed_9/project-0/recovery-report.json", "sha256": "2d312049bcd930f2e94bf10d998f6c4dd1daa00c21dcb658215b08631163c2c3", "test": "tests/test_cpu_terminal_recovery_guards.py::test_recovery_refuses_changed_captured_source[config_sha256]"}, {"bytes": 160113, "path": "/hot-data/fsx/workspace/erik/orze-autonomy-verification-2026-09-12.D3hLyG/core-pytest/test_recovery_refuses_changed_10/project-0/recovery-report.json", "sha256": "834fe4188af528a75ebbd6ad1296af614bb59aaa37cbdb895de69638256ed147", "test": "tests/test_cpu_terminal_recovery_guards.py::test_recovery_refuses_changed_current_lifecycle"}, {"bytes": 159944, "path": "/hot-data/fsx/workspace/erik/orze-autonomy-verification-2026-09-12.D3hLyG/core-pytest/test_recovery_refuses_rehashed0/project-0/recovery-report.json", "sha256": "46f749a800998d92c9681609abd47662ab51387e6aab140285dd030ad7db711a", "test": "tests/test_cpu_terminal_recovery_guards.py::test_recovery_refuses_rehashed_non_cpu_prepared_plan"}, {"bytes": 160093, "path": "/hot-data/fsx/workspace/erik/orze-autonomy-verification-2026-09-12.D3hLyG/core-pytest/test_recovery_refuses_changed_11/project-0/recovery-report.json", "sha256": "acf17bc8253599befdf16857ce8c01ab68f21c13b89addd6bd4b2c0ee6c6fc0a", "test": "tests/test_cpu_terminal_recovery_guards.py::test_recovery_refuses_changed_catalog_route"}, {"bytes": 160155, "path": "/hot-data/fsx/workspace/erik/orze-autonomy-verification-2026-09-12.D3hLyG/core-pytest/test_recovery_refuses_changed_12/project-0/recovery-report.json", "sha256": "b8a0cd484db3c2b7da3808b36c6f3ad297356673ca96e82960b036fd5b67e7b1", "test": "tests/test_cpu_terminal_recovery_guards.py::test_recovery_refuses_changed_ready_member_identity"}, {"bytes": 206643, "path": "/hot-data/fsx/workspace/erik/orze-autonomy-verification-2026-09-12.D3hLyG/core-pytest/test_recovery_rechecks_source_0/project-0/recovery-report.json", "sha256": "5648e7e24bc21a2f4287ea42a67ae04ae9e41672370b22f0d1b2f6a31d3a9c4e", "test": "tests/test_cpu_terminal_recovery_guards.py::test_recovery_rechecks_source_after_enumeration_before_settlement"}, {"bytes": 161685, "path": "/hot-data/fsx/workspace/erik/orze-autonomy-verification-2026-09-12.D3hLyG/core-pytest/test_preexisting_stop_never_au0/project-0/recovery-report.json", "sha256": "1a828fc2bd5d0a7d3c2f2c8947e0e927d15bb064ca700593ccee120c1bccb41d", "test": "tests/test_cpu_terminal_recovery_guards.py::test_preexisting_stop_never_authorizes_automatic_settlement[ordinary_stop]"}, {"bytes": 161529, "path": "/hot-data/fsx/workspace/erik/orze-autonomy-verification-2026-09-12.D3hLyG/core-pytest/test_preexisting_stop_never_au1/project-0/recovery-report.json", "sha256": "aba9b30aea8bf34500ab7df069ea8a44c0e8796e7406c7e1423753ec97394f3a", "test": "tests/test_cpu_terminal_recovery_guards.py::test_preexisting_stop_never_authorizes_automatic_settlement[storage_hold]"}, {"bytes": 161750, "path": "/hot-data/fsx/workspace/erik/orze-autonomy-verification-2026-09-12.D3hLyG/core-pytest/test_preexisting_stop_never_au2/project-0/recovery-report.json", "sha256": "d1880fd93bdd049b302f74f7532ded118acb9197d226146cd6bdad0d4220e797", "test": "tests/test_cpu_terminal_recovery_guards.py::test_preexisting_stop_never_authorizes_automatic_settlement[masked_storage_hold]"}, {"bytes": 160073, "path": "/hot-data/fsx/workspace/erik/orze-autonomy-verification-2026-09-12.D3hLyG/core-pytest/test_recovery_refuses_unbound_0/project-0/recovery-report.json", "sha256": "d768c26dfd640ce219c02c3e55b475ee69cb4e630403822d8f3bcbaa8bedd951", "test": "tests/test_cpu_terminal_recovery_guards.py::test_recovery_refuses_unbound_replication_request_field"}, {"bytes": 160024, "path": "/hot-data/fsx/workspace/erik/orze-autonomy-verification-2026-09-12.D3hLyG/core-pytest/test_recovery_refuses_artifact0/project-0/recovery-report.json", "sha256": "57b96207b6143ca0e7f823273ca799080bc4c8dbe80a27e0a3e8780b5e969f77", "test": "tests/test_cpu_terminal_recovery_guards.py::test_recovery_refuses_artifact_root_unrelated_to_published_records"}, {"bytes": 230258, "path": "/hot-data/fsx/workspace/erik/orze-autonomy-verification-2026-09-12.D3hLyG/core-pytest/test_restart_settles_confirmed0/project-0/recovery-report.json", "sha256": "b249eb1ff6f5fb67b4c7b4904af98abc34d81183f8487fadd13b180e189ba628", "test": "tests/test_cpu_terminal_settlement_recovery.py::test_restart_settles_confirmed_terminal_without_repeating_original_worker[0]"}, {"bytes": 217153, "path": "/hot-data/fsx/workspace/erik/orze-autonomy-verification-2026-09-12.D3hLyG/core-pytest/test_restart_settles_confirmed1/project-0/recovery-report.json", "sha256": "ba995e0e5c98778252b6be2320e630f09f60e02a94df99aeaf1864564d601c38", "test": "tests/test_cpu_terminal_settlement_recovery.py::test_restart_settles_confirmed_terminal_without_repeating_original_worker[7]"}, {"bytes": 138404, "path": "/hot-data/fsx/workspace/erik/orze-autonomy-verification-2026-09-12.D3hLyG/core-pytest/test_real_v2_confirmed_termina0/project-0/recovery-report.json", "sha256": "421c698c08b907161fd803e23050254c81e2c29c36078ab6fb2c8aecfdea1165", "test": "tests/test_runtime_lease_recovery.py::test_real_v2_confirmed_terminal_crash_recovers_metadata_only[0]"}, {"bytes": 128918, "path": "/hot-data/fsx/workspace/erik/orze-autonomy-verification-2026-09-12.D3hLyG/core-pytest/test_real_v2_confirmed_termina1/project-0/recovery-report.json", "sha256": "1143886e8acfd606fd8a64fd5ac87fd80ec5a339e368fd81dee684128eb28927", "test": "tests/test_runtime_lease_recovery.py::test_real_v2_confirmed_terminal_crash_recovers_metadata_only[7]"}, {"bytes": 131227, "path": "/hot-data/fsx/workspace/erik/orze-autonomy-verification-2026-09-12.D3hLyG/core-pytest/test_real_historical_v1_termin0/historical-project/recovery-report.json", "sha256": "f4fc58b9531d33127850d9bc0ccb4e89bc42570db02cbe0be028b7901c59a398", "test": "tests/test_runtime_lease_recovery.py::test_real_historical_v1_terminal_recovers_without_upgrade_or_reexecution"}]
ACCEPTANCE_REPORTS=[{"bytes": 303044, "name": "sorting_default", "path": "/hot-data/fsx/workspace/erik/orze-autonomy-verification-2026-09-12.D3hLyG/core-pytest/acceptance-sorting-default0/acceptance-report.json", "sha256": "b59661853ce75c870cf976c13c00566a6eb04ca1d5de817855fd206d823193a4"}, {"bytes": 131991, "name": "sorting_counterfactual", "path": "/hot-data/fsx/workspace/erik/orze-autonomy-verification-2026-09-12.D3hLyG/core-pytest/acceptance-sorting-counterfactual0/acceptance-report.json", "sha256": "0f20d04325e928942956b2ceefc92e51ba41978280658a901271aa3e41b1495b"}, {"bytes": 297992, "name": "compression_default", "path": "/hot-data/fsx/workspace/erik/orze-autonomy-verification-2026-09-12.D3hLyG/core-pytest/acceptance-compression-default0/acceptance-report.json", "sha256": "7b687c2ccabcb43365bff745f023ea7da3cf587fa9c0f0345c5cefc4b1c2b9e0"}, {"bytes": 131536, "name": "compression_counterfactual", "path": "/hot-data/fsx/workspace/erik/orze-autonomy-verification-2026-09-12.D3hLyG/core-pytest/acceptance-compression-counterfactual0/acceptance-report.json", "sha256": "064c7ef5d5e8bbda5afdde1faa547dd5d07a0428fc0c9a5b9095c995af545167"}]

=================================== FAILURES ===================================
_ test_real_api_handoff_requires_old_tree_exit_and_live_successor_resources[normal] _
tests/test_controller_handoff_product.py:426: in test_real_api_handoff_requires_old_tree_exit_and_live_successor_resources
    controller = _prepare_old(handoff_process, mode)
tests/test_controller_handoff_product.py:387: in _prepare_old
    controller = handoff_process(mode)
tests/test_controller_handoff_product.py:376: in spawn
    instances.append(instance); instance.__init__(root, mode)
tests/test_controller_handoff_product.py:238: in __init__
    self.worker_listener = self._listener(root / 'worker.sock')
tests/test_controller_product_boundaries.py:305: in _listener
    channel.bind(str(path)); channel.listen(4); channel.settimeout(15)
E   OSError: AF_UNIX path too long
_ test_real_api_handoff_requires_old_tree_exit_and_live_successor_resources[escaped] _
tests/test_controller_handoff_product.py:426: in test_real_api_handoff_requires_old_tree_exit_and_live_successor_resources
    controller = _prepare_old(handoff_process, mode)
tests/test_controller_handoff_product.py:387: in _prepare_old
    controller = handoff_process(mode)
tests/test_controller_handoff_product.py:376: in spawn
    instances.append(instance); instance.__init__(root, mode)
tests/test_controller_handoff_product.py:238: in __init__
    self.worker_listener = self._listener(root / 'worker.sock')
tests/test_controller_product_boundaries.py:305: in _listener
    channel.bind(str(path)); channel.listen(4); channel.settimeout(15)
E   OSError: AF_UNIX path too long
_______ test_actual_cli_restart_uses_real_successor_not_transport_double _______
tests/test_controller_handoff_product.py:452: in test_actual_cli_restart_uses_real_successor_not_transport_double
    controller = _prepare_old(handoff_process, 'normal')
tests/test_controller_handoff_product.py:387: in _prepare_old
    controller = handoff_process(mode)
tests/test_controller_handoff_product.py:376: in spawn
    instances.append(instance); instance.__init__(root, mode)
tests/test_controller_handoff_product.py:238: in __init__
    self.worker_listener = self._listener(root / 'worker.sock')
tests/test_controller_product_boundaries.py:305: in _listener
    channel.bind(str(path)); channel.listen(4); channel.settimeout(15)
E   OSError: AF_UNIX path too long
____ test_concurrent_same_request_and_replay_create_only_one_real_successor ____
tests/test_controller_handoff_product.py:468: in test_concurrent_same_request_and_replay_create_only_one_real_successor
    controller = _prepare_old(handoff_process, 'normal')
tests/test_controller_handoff_product.py:387: in _prepare_old
    controller = handoff_process(mode)
tests/test_controller_handoff_product.py:376: in spawn
    instances.append(instance); instance.__init__(root, mode)
tests/test_controller_handoff_product.py:238: in __init__
    self.worker_listener = self._listener(root / 'worker.sock')
tests/test_controller_product_boundaries.py:305: in _listener
    channel.bind(str(path)); channel.listen(4); channel.settimeout(15)
E   OSError: AF_UNIX path too long
______ test_configuration_changed_after_real_hello_cannot_start_successor ______
tests/test_controller_handoff_product.py:489: in test_configuration_changed_after_real_hello_cannot_start_successor
    controller = _prepare_old(handoff_process, 'normal')
tests/test_controller_handoff_product.py:387: in _prepare_old
    controller = handoff_process(mode)
tests/test_controller_handoff_product.py:376: in spawn
    instances.append(instance); instance.__init__(root, mode)
tests/test_controller_handoff_product.py:238: in __init__
    self.worker_listener = self._listener(root / 'worker.sock')
tests/test_controller_product_boundaries.py:305: in _listener
    channel.bind(str(path)); channel.listen(4); channel.settimeout(15)
E   OSError: AF_UNIX path too long
______ test_lost_final_started_response_retains_one_independent_successor ______
tests/test_controller_handoff_product.py:515: in test_lost_final_started_response_retains_one_independent_successor
    controller = _prepare_old(handoff_process, 'normal')
tests/test_controller_handoff_product.py:387: in _prepare_old
    controller = handoff_process(mode)
tests/test_controller_handoff_product.py:376: in spawn
    instances.append(instance); instance.__init__(root, mode)
tests/test_controller_handoff_product.py:238: in __init__
    self.worker_listener = self._listener(root / 'worker.sock')
tests/test_controller_product_boundaries.py:305: in _listener
    channel.bind(str(path)); channel.listen(4); channel.settimeout(15)
E   OSError: AF_UNIX path too long
_____ test_second_actual_handoff_retains_three_generations_and_two_grants ______
tests/test_controller_handoff_product.py:537: in test_second_actual_handoff_retains_three_generations_and_two_grants
    controller = _prepare_old(handoff_process, 'normal')
tests/test_controller_handoff_product.py:387: in _prepare_old
    controller = handoff_process(mode)
tests/test_controller_handoff_product.py:376: in spawn
    instances.append(instance); instance.__init__(root, mode)
tests/test_controller_handoff_product.py:238: in __init__
    self.worker_listener = self._listener(root / 'worker.sock')
tests/test_controller_product_boundaries.py:305: in _listener
    channel.bind(str(path)); channel.listen(4); channel.settimeout(15)
E   OSError: AF_UNIX path too long
_________ test_actual_commit_cannot_start_after_owned_gpu_lease_closed _________
tests/test_controller_handoff_product.py:572: in test_actual_commit_cannot_start_after_owned_gpu_lease_closed
    controller = _prepare_old(handoff_process, 'normal')
tests/test_controller_handoff_product.py:387: in _prepare_old
    controller = handoff_process(mode)
tests/test_controller_handoff_product.py:376: in spawn
    instances.append(instance); instance.__init__(root, mode)
tests/test_controller_handoff_product.py:238: in __init__
    self.worker_listener = self._listener(root / 'worker.sock')
tests/test_controller_product_boundaries.py:305: in _listener
    channel.bind(str(path)); channel.listen(4); channel.settimeout(15)
E   OSError: AF_UNIX path too long
____ test_actual_consume_validates_source_ack_in_its_own_writer_transaction ____
tests/test_controller_handoff_product.py:586: in test_actual_consume_validates_source_ack_in_its_own_writer_transaction
    controller = _prepare_old(handoff_process, 'normal')
tests/test_controller_handoff_product.py:387: in _prepare_old
    controller = handoff_process(mode)
tests/test_controller_handoff_product.py:376: in spawn
    instances.append(instance); instance.__init__(root, mode)
tests/test_controller_handoff_product.py:238: in __init__
    self.worker_listener = self._listener(root / 'worker.sock')
tests/test_controller_product_boundaries.py:305: in _listener
    channel.bind(str(path)); channel.listen(4); channel.settimeout(15)
E   OSError: AF_UNIX path too long
_________ test_actual_commit_wire_requires_integer_schema_not_boolean __________
tests/test_controller_handoff_product.py:600: in test_actual_commit_wire_requires_integer_schema_not_boolean
    controller = _prepare_old(handoff_process, 'normal')
tests/test_controller_handoff_product.py:387: in _prepare_old
    controller = handoff_process(mode)
tests/test_controller_handoff_product.py:376: in spawn
    instances.append(instance); instance.__init__(root, mode)
tests/test_controller_handoff_product.py:238: in __init__
    self.worker_listener = self._listener(root / 'worker.sock')
tests/test_controller_product_boundaries.py:305: in _listener
    channel.bind(str(path)); channel.listen(4); channel.settimeout(15)
E   OSError: AF_UNIX path too long
____ test_role_intent_is_enrolled_before_prepare_and_no_os_release_settles _____
tests/test_controller_members.py:198: in test_role_intent_is_enrolled_before_prepare_and_no_os_release_settles
    run_case(tmp_path, r'''
tests/test_controller_members.py:79: in run_case
    assert child.returncode == 0, stderr.decode()[-16000:]
E   AssertionError: Traceback (most recent call last):
E       File "/hot-data/fsx/workspace/erik/orze-production-validation-2026-09-12.UgS3uV/orze/src/orze/engine/role_supervision.py", line 422, in release
E         rename_no_replace(self.lock_dir, quarantine / "content")
E       File "/hot-data/fsx/workspace/erik/orze-production-validation-2026-09-12.UgS3uV/orze/src/orze/engine/gc_tree.py", line 112, in rename_no_replace
E         raise GCRefused("gc_atomic_rename_unsupported")
E     orze.engine.gc_tree.GCRefused: gc_atomic_rename_unsupported
E     
E     The above exception was the direct cause of the following exception:
E     
E     Traceback (most recent call last):
E       File "<string>", line 49, in <module>
E       File "/hot-data/fsx/workspace/erik/orze-production-validation-2026-09-12.UgS3uV/orze/src/orze/engine/role_supervision.py", line 437, in release
E         raise self._hold("role_release_unconfirmed") from exc
E     orze.engine.role_supervision.RoleSupervisionHOLD: role_release_unconfirmed
E     
E   assert 1 == 0
E    +  where 1 = <Popen: returncode: 1 args: ['/usr/bin/python3', '-c', "\nimport contextlib,...>.returncode
________ test_real_product_known_stopped_cpu_probe_drains_without_hold _________
tests/test_controller_probe_stop_boundary.py:36: in test_real_product_known_stopped_cpu_probe_drains_without_hold
    c = product_process("probe_stop")
tests/test_controller_product_boundaries.py:413: in spawn
    c.__init__(root, mode)
tests/test_controller_product_boundaries.py:255: in __init__
    self.worker_listener = self._listener(root / "worker.sock")
tests/test_controller_product_boundaries.py:305: in _listener
    channel.bind(str(path)); channel.listen(4); channel.settimeout(15)
E   OSError: AF_UNIX path too long
__ test_real_controller_stop_requires_drained_tree_and_observed_exit[normal] ___
tests/test_controller_product_boundaries.py:425: in test_real_controller_stop_requires_drained_tree_and_observed_exit
    c = product_process(mode)
tests/test_controller_product_boundaries.py:413: in spawn
    c.__init__(root, mode)
tests/test_controller_product_boundaries.py:255: in __init__
    self.worker_listener = self._listener(root / "worker.sock")
tests/test_controller_product_boundaries.py:305: in _listener
    channel.bind(str(path)); channel.listen(4); channel.settimeout(15)
E   OSError: AF_UNIX path too long
__ test_real_controller_stop_requires_drained_tree_and_observed_exit[escaped] __
tests/test_controller_product_boundaries.py:425: in test_real_controller_stop_requires_drained_tree_and_observed_exit
    c = product_process(mode)
tests/test_controller_product_boundaries.py:413: in spawn
    c.__init__(root, mode)
tests/test_controller_product_boundaries.py:255: in __init__
    self.worker_listener = self._listener(root / "worker.sock")
tests/test_controller_product_boundaries.py:305: in _listener
    channel.bind(str(path)); channel.listen(4); channel.settimeout(15)
E   OSError: AF_UNIX path too long
______ test_lost_sync_pre_script_cannot_ack_from_three_empty_public_maps _______
tests/test_controller_product_boundaries.py:447: in test_lost_sync_pre_script_cannot_ack_from_three_empty_public_maps
    c = product_process("pre_loss")
tests/test_controller_product_boundaries.py:413: in spawn
    c.__init__(root, mode)
tests/test_controller_product_boundaries.py:255: in __init__
    self.worker_listener = self._listener(root / "worker.sock")
tests/test_controller_product_boundaries.py:305: in _listener
    channel.bind(str(path)); channel.listen(4); channel.settimeout(15)
E   OSError: AF_UNIX path too long
____________ test_erased_public_role_cannot_hide_lost_private_owner ____________
tests/test_controller_product_boundaries.py:463: in test_erased_public_role_cannot_hide_lost_private_owner
    c = product_process("role_loss")
tests/test_controller_product_boundaries.py:413: in spawn
    c.__init__(root, mode)
tests/test_controller_product_boundaries.py:255: in __init__
    self.worker_listener = self._listener(root / "worker.sock")
tests/test_controller_product_boundaries.py:305: in _listener
    channel.bind(str(path)); channel.listen(4); channel.settimeout(15)
E   OSError: AF_UNIX path too long
___________ test_stop_request_at_real_ready_prevents_new_training_go ___________
tests/test_controller_product_boundaries.py:480: in test_stop_request_at_real_ready_prevents_new_training_go
    c = product_process("ready_stop")
tests/test_controller_product_boundaries.py:413: in spawn
    c.__init__(root, mode)
tests/test_controller_product_boundaries.py:255: in __init__
    self.worker_listener = self._listener(root / "worker.sock")
tests/test_controller_product_boundaries.py:305: in _listener
    channel.bind(str(path)); channel.listen(4); channel.settimeout(15)
E   OSError: AF_UNIX path too long
________ test_actual_cli_stop_zero_requires_registered_controller_exit _________
tests/test_controller_product_boundaries.py:513: in test_actual_cli_stop_zero_requires_registered_controller_exit
    c = product_process("normal")
tests/test_controller_product_boundaries.py:413: in spawn
    c.__init__(root, mode)
tests/test_controller_product_boundaries.py:255: in __init__
    self.worker_listener = self._listener(root / "worker.sock")
tests/test_controller_product_boundaries.py:305: in _listener
    channel.bind(str(path)); channel.listen(4); channel.settimeout(15)
E   OSError: AF_UNIX path too long
_ test_direct_observation_publisher_cannot_replace_real_worker_seven_with_zero _
tests/test_evaluation_supervision_protocol.py:51: in test_direct_observation_publisher_cannot_replace_real_worker_seven_with_zero
    ep, _ = _launch(c, tmp_path, detached=False, code=7)
tests/test_native_eval_tree_completion.py:182: in _launch
    listener.bind(str(endpoint))
E   OSError: AF_UNIX path too long
__ test_closed_worker_does_not_authorize_changed_persistent_supervision_nonce __
tests/test_evaluation_supervision_protocol.py:74: in test_closed_worker_does_not_authorize_changed_persistent_supervision_nonce
    ep, _ = _launch(c, tmp_path, detached=False, code=0)
tests/test_native_eval_tree_completion.py:182: in _launch
    listener.bind(str(endpoint))
E   OSError: AF_UNIX path too long
_ test_actual_shutdown_callback_closes_detached_writer_before_interrupted_terminal _
tests/test_evaluation_supervision_shutdown.py:42: in test_actual_shutdown_callback_closes_detached_writer_before_interrupted_terminal
    ep, _ = _launch(c, tmp_path, detached=True)
tests/test_native_eval_tree_completion.py:182: in _launch
    listener.bind(str(endpoint))
E   OSError: AF_UNIX path too long
_____ test_shutdown_rejects_changed_persistent_nonce_before_any_stop_call ______
tests/test_evaluation_supervision_shutdown.py:84: in test_shutdown_rejects_changed_persistent_nonce_before_any_stop_call
    ep, _ = _launch(c, tmp_path, detached=True)
tests/test_native_eval_tree_completion.py:182: in _launch
    listener.bind(str(endpoint))
E   OSError: AF_UNIX path too long
_ test_killed_own_supervisor_keeps_live_writer_and_active_native_attempt_in_hold _
tests/test_evaluation_supervision_shutdown.py:106: in test_killed_own_supervisor_keeps_live_writer_and_active_native_attempt_in_hold
    ep, _ = _launch(c, tmp_path, detached=True)
tests/test_native_eval_tree_completion.py:182: in _launch
    listener.bind(str(endpoint))
E   OSError: AF_UNIX path too long
_____________ test_retained_stdout_is_drained_with_a_live_deadline _____________
tests/test_executor_fix_supervision.py:74: in test_retained_stdout_is_drained_with_a_live_deadline
    _start(c, tmp_path, monkeypatch, mode="escaped")
tests/test_executor_fix_tree_completion.py:184: in _start
    listener.bind(str(endpoint))
E   OSError: AF_UNIX path too long
____ test_output_flood_cannot_authorize_fix_from_an_incomplete_tail[False] _____
tests/test_executor_fix_supervision.py:103: in test_output_flood_cannot_authorize_fix_from_an_incomplete_tail
    _start(c, tmp_path, monkeypatch, mode="normal")
tests/test_executor_fix_tree_completion.py:184: in _start
    listener.bind(str(endpoint))
E   OSError: AF_UNIX path too long
_____ test_output_flood_cannot_authorize_fix_from_an_incomplete_tail[True] _____
tests/test_executor_fix_supervision.py:103: in test_output_flood_cannot_authorize_fix_from_an_incomplete_tail
    _start(c, tmp_path, monkeypatch, mode="normal")
tests/test_executor_fix_tree_completion.py:184: in _start
    listener.bind(str(endpoint))
E   OSError: AF_UNIX path too long
_______________ test_timeout_sigterm_zero_is_not_an_accepted_fix _______________
tests/test_executor_fix_supervision.py:136: in test_timeout_sigterm_zero_is_not_an_accepted_fix
    _start(c, tmp_path, monkeypatch, mode="timeout")
tests/test_executor_fix_tree_completion.py:184: in _start
    listener.bind(str(endpoint))
E   OSError: AF_UNIX path too long
_____ test_supervisor_loss_is_hold_even_if_retry_configuration_is_disabled _____
tests/test_executor_fix_supervision.py:156: in test_supervisor_loss_is_hold_even_if_retry_configuration_is_disabled
    _start(c, tmp_path, monkeypatch, mode="escaped")
tests/test_executor_fix_tree_completion.py:184: in _start
    listener.bind(str(endpoint))
E   OSError: AF_UNIX path too long
________ test_fix_applied_is_not_accepted_while_escaped_writer_remains _________
tests/test_executor_fix_tree_completion.py:232: in test_fix_applied_is_not_accepted_while_escaped_writer_remains
    c = _start(cpu_executor, tmp_path, monkeypatch, mode="escaped")
tests/test_executor_fix_tree_completion.py:184: in _start
    listener.bind(str(endpoint))
E   OSError: AF_UNIX path too long
_____ test_fixer_timeout_does_not_downgrade_live_writer_to_ordinary_false ______
tests/test_executor_fix_tree_completion.py:248: in test_fixer_timeout_does_not_downgrade_live_writer_to_ordinary_false
    c = _start(cpu_executor, tmp_path, monkeypatch, mode="timeout")
tests/test_executor_fix_tree_completion.py:184: in _start
    listener.bind(str(endpoint))
E   OSError: AF_UNIX path too long
___ test_normal_cpu_cli_controls_keep_exit_and_marker_contract[0-True-True] ____
tests/test_executor_fix_tree_completion.py:261: in test_normal_cpu_cli_controls_keep_exit_and_marker_contract
    c = _start(cpu_executor, tmp_path, monkeypatch, mode="normal", code=code, marker=marker)
tests/test_executor_fix_tree_completion.py:184: in _start
    listener.bind(str(endpoint))
E   OSError: AF_UNIX path too long
___ test_normal_cpu_cli_controls_keep_exit_and_marker_contract[7-True-False] ___
tests/test_executor_fix_tree_completion.py:261: in test_normal_cpu_cli_controls_keep_exit_and_marker_contract
    c = _start(cpu_executor, tmp_path, monkeypatch, mode="normal", code=code, marker=marker)
tests/test_executor_fix_tree_completion.py:184: in _start
    listener.bind(str(endpoint))
E   OSError: AF_UNIX path too long
__ test_normal_cpu_cli_controls_keep_exit_and_marker_contract[0-False-False] ___
tests/test_executor_fix_tree_completion.py:261: in test_normal_cpu_cli_controls_keep_exit_and_marker_contract
    c = _start(cpu_executor, tmp_path, monkeypatch, mode="normal", code=code, marker=marker)
tests/test_executor_fix_tree_completion.py:184: in _start
    listener.bind(str(endpoint))
E   OSError: AF_UNIX path too long
_ test_cli_distinguishes_absent_default_from_explicit_missing_authority[False] _
/hot-data/fsx/workspace/erik/orze-production-validation-2026-09-12.UgS3uV/orze/tests/test_gc_cli_legacy_authority.py:39: in test_cli_distinguishes_absent_default_from_explicit_missing_authority
    assert result == 0, "an absent unconfigured default is not a failed explicit route"
E   AssertionError: an absent unconfigured default is not a failed explicit route
E   assert 2 == 0
------------------------------ Captured log call -------------------------------
ERROR    orze:idea_source_lock.py:211 Idea source operation outcome uncertain; retaining owner for recovery
____ test_explicit_legacy_declaration_dry_run_then_real_disposable_cleanup _____
tests/test_gc_native_authority.py:192: in test_explicit_legacy_declaration_dry_run_then_real_disposable_cleanup
    assert not checkpoint.parent.exists() and not model.exists()
E   AssertionError: assert (not True)
E    +  where True = exists()
E    +    where exists = PosixPath('/hot-data/fsx/workspace/erik/orze-autonomy-verification-2026-09-12.D3hLyG/core-pytest/test_explicit_legacy_declarati0/checkpoints/idea-legacy-disposable').exists
E    +      where PosixPath('/hot-data/fsx/workspace/erik/orze-autonomy-verification-2026-09-12.D3hLyG/core-pytest/test_explicit_legacy_declarati0/checkpoints/idea-legacy-disposable') = PosixPath('/hot-data/fsx/workspace/erik/orze-autonomy-verification-2026-09-12.D3hLyG/core-pytest/test_explicit_legacy_declarati0/checkpoints/idea-legacy-disposable/checkpoint.pt').parent
------------------------------ Captured log call -------------------------------
ERROR    orze:idea_source_lock.py:211 Idea source operation outcome uncertain; retaining owner for recovery
_ test_scoped_gc_keeps_selected_and_removes_only_independent_legacy_checkpoint _
tests/test_gc_path_authority.py:175: in test_scoped_gc_keeps_selected_and_removes_only_independent_legacy_checkpoint
    assert not disposable.exists(), "a blanket no-cfg refusal is not a passing control"
E   AssertionError: a blanket no-cfg refusal is not a passing control
E   assert not True
E    +  where True = exists()
E    +    where exists = PosixPath('/hot-data/fsx/workspace/erik/orze-autonomy-verification-2026-09-12.D3hLyG/core-pytest/test_scoped_gc_keeps_selected_0/external-checkpoints/idea-local').exists
------------------------------ Captured log call -------------------------------
WARNING  orze.gc:orze_gc.py:188 GC blocked: gc_explicit_configuration_required
ERROR    orze:idea_source_lock.py:211 Idea source operation outcome uncertain; retaining owner for recovery
____ test_next_gc_reports_pending_quarantine_even_after_source_is_detached _____
tests/test_gc_pending_quarantine.py:26: in test_next_gc_reports_pending_quarantine_even_after_source_is_detached
    assert not source.exists()
E   AssertionError: assert not True
E    +  where True = exists()
E    +    where exists = PosixPath('/hot-data/fsx/workspace/erik/orze-autonomy-verification-2026-09-12.D3hLyG/core-pytest/test_next_gc_reports_pending_q0/checkpoints/idea-disposable').exists
------------------------------ Captured log call -------------------------------
ERROR    orze:idea_source_lock.py:211 Idea source operation outcome uncertain; retaining owner for recovery
__ test_explicit_scope_permits_real_legacy_disposable_operation[checkpoints] ___
tests/test_gc_scope_mechanisms.py:30: in test_explicit_scope_permits_real_legacy_disposable_operation
    assert stats["deleted"] == 1 and not checkpoint.exists()
E   assert (0 == 1)
------------------------------ Captured log call -------------------------------
ERROR    orze:idea_source_lock.py:211 Idea source operation outcome uncertain; retaining owner for recovery
____ test_explicit_scope_permits_real_legacy_disposable_operation[results] _____
tests/test_gc_scope_mechanisms.py:34: in test_explicit_scope_permits_real_legacy_disposable_operation
    assert stats["deleted_files"] == 1 and not (task / "scratch.pt").exists()
E   assert (0 == 1)
------------------------------ Captured log call -------------------------------
ERROR    orze:idea_source_lock.py:211 Idea source operation outcome uncertain; retaining owner for recovery
____ test_explicit_scope_permits_real_legacy_disposable_operation[archive] _____
tests/test_gc_scope_mechanisms.py:38: in test_explicit_scope_permits_real_legacy_disposable_operation
    assert stats["archived_files"] == 1 and not (task / "scratch.pt").exists()
E   assert (0 == 1)
------------------------------ Captured log call -------------------------------
ERROR    orze:idea_source_lock.py:211 Idea source operation outcome uncertain; retaining owner for recovery
_____ test_uncertain_detach_retains_effect_owner_and_never_counts_success ______
tests/test_gc_scope_mechanisms.py:88: in test_uncertain_detach_retains_effect_owner_and_never_counts_success
    assert not checkpoint.exists()
E   AssertionError: assert not True
E    +  where True = exists()
E    +    where exists = PosixPath('/hot-data/fsx/workspace/erik/orze-autonomy-verification-2026-09-12.D3hLyG/core-pytest/test_uncertain_detach_retains_0/checkpoints/idea-disposable').exists
------------------------------ Captured log call -------------------------------
ERROR    orze:idea_source_lock.py:211 Idea source operation outcome uncertain; retaining owner for recovery
______ test_reclamation_failure_leaves_quarantine_without_automatic_retry ______
tests/test_gc_scope_mechanisms.py:106: in test_reclamation_failure_leaves_quarantine_without_automatic_retry
    assert len(held) == 1 and held[0].read_bytes() == b"checkpoint bytes"
E   assert (0 == 1)
E    +  where 0 = len([])
------------------------------ Captured log call -------------------------------
ERROR    orze:idea_source_lock.py:211 Idea source operation outcome uncertain; retaining owner for recovery
____ test_retained_stdout_after_leader_exit_obeys_timeout_and_closes_writer ____
tests/test_native_artifact_preflight_supervision.py:75: in test_retained_stdout_after_leader_exit_obeys_timeout_and_closes_writer
    _start_preflight(c, tmp_path, mode="escaped")
tests/test_native_artifact_preflight_tree_completion.py:45: in _start_preflight
    listener.bind(str(endpoint))
E   OSError: AF_UNIX path too long
________________ test_timeout_sigterm_zero_never_becomes_passed ________________
tests/test_native_artifact_preflight_supervision.py:151: in test_timeout_sigterm_zero_never_becomes_passed
    _start_preflight(c, tmp_path, mode="timeout")
tests/test_native_artifact_preflight_tree_completion.py:45: in _start_preflight
    listener.bind(str(endpoint))
E   OSError: AF_UNIX path too long
_______ test_actual_supervisor_loss_holds_without_second_stop_or_replay ________
tests/test_native_artifact_preflight_supervision.py:176: in test_actual_supervisor_loss_holds_without_second_stop_or_replay
    _start_preflight(c, tmp_path, mode="escaped")
tests/test_native_artifact_preflight_tree_completion.py:45: in _start_preflight
    listener.bind(str(endpoint))
E   OSError: AF_UNIX path too long
______ test_resolver_does_not_publish_pass_or_dispatch_while_writer_live _______
tests/test_native_artifact_preflight_tree_completion.py:116: in test_resolver_does_not_publish_pass_or_dispatch_while_writer_live
    c = _start_preflight(cpu_preflight, tmp_path, mode="escaped")
tests/test_native_artifact_preflight_tree_completion.py:45: in _start_preflight
    listener.bind(str(endpoint))
E   OSError: AF_UNIX path too long
_________ test_resolver_timeout_cannot_fail_admission_with_live_writer _________
tests/test_native_artifact_preflight_tree_completion.py:135: in test_resolver_timeout_cannot_fail_admission_with_live_writer
    c = _start_preflight(cpu_preflight, tmp_path, mode="timeout")
tests/test_native_artifact_preflight_tree_completion.py:45: in _start_preflight
    listener.bind(str(endpoint))
E   OSError: AF_UNIX path too long
____________________ test_normal_resolver_exit_controls[0] _____________________
tests/test_native_artifact_preflight_tree_completion.py:153: in test_normal_resolver_exit_controls
    c = _start_preflight(cpu_preflight, tmp_path, mode="normal", code=code)
tests/test_native_artifact_preflight_tree_completion.py:45: in _start_preflight
    listener.bind(str(endpoint))
E   OSError: AF_UNIX path too long
____________________ test_normal_resolver_exit_controls[7] _____________________
tests/test_native_artifact_preflight_tree_completion.py:153: in test_normal_resolver_exit_controls
    c = _start_preflight(cpu_preflight, tmp_path, mode="normal", code=code)
tests/test_native_artifact_preflight_tree_completion.py:45: in _start_preflight
    listener.bind(str(endpoint))
E   OSError: AF_UNIX path too long
_ test_exited_leader_cannot_publish_while_escaped_output_writer_is_live[legacy-native-poll] _
tests/test_native_eval_tree_completion.py:230: in test_exited_leader_cannot_publish_while_escaped_output_writer_is_live
    ep, output = _launch(c, tmp_path, detached=True, adapter=adapter)
tests/test_native_eval_tree_completion.py:182: in _launch
    listener.bind(str(endpoint))
E   OSError: AF_UNIX path too long
_ test_exited_leader_cannot_publish_while_escaped_output_writer_is_live[b2-native-poll] _
tests/test_native_eval_tree_completion.py:230: in test_exited_leader_cannot_publish_while_escaped_output_writer_is_live
    ep, output = _launch(c, tmp_path, detached=True, adapter=adapter)
tests/test_native_eval_tree_completion.py:182: in _launch
    listener.bind(str(endpoint))
E   OSError: AF_UNIX path too long
_ test_exited_leader_cannot_publish_while_escaped_output_writer_is_live[b2-direct-callback] _
tests/test_native_eval_tree_completion.py:230: in test_exited_leader_cannot_publish_while_escaped_output_writer_is_live
    ep, output = _launch(c, tmp_path, detached=True, adapter=adapter)
tests/test_native_eval_tree_completion.py:182: in _launch
    listener.bind(str(endpoint))
E   OSError: AF_UNIX path too long
_ test_real_worker_without_descendants_retains_native_completion_semantics[exit-zero] _
tests/test_native_eval_tree_completion.py:272: in test_real_worker_without_descendants_retains_native_completion_semantics
    ep, _ = _launch(c, tmp_path, detached=False, code=code)
tests/test_native_eval_tree_completion.py:182: in _launch
    listener.bind(str(endpoint))
E   OSError: AF_UNIX path too long
_ test_real_worker_without_descendants_retains_native_completion_semantics[exit-nonzero] _
tests/test_native_eval_tree_completion.py:272: in test_real_worker_without_descendants_retains_native_completion_semantics
    ep, _ = _launch(c, tmp_path, detached=False, code=code)
tests/test_native_eval_tree_completion.py:182: in _launch
    listener.bind(str(endpoint))
E   OSError: AF_UNIX path too long
________ test_source_action_does_not_publish_terminal_with_live_writer _________
tests/test_native_post_script_tree_completion.py:223: in test_source_action_does_not_publish_terminal_with_live_writer
    c = _start(cpu_post_script, tmp_path, detached=True)
tests/test_native_post_script_tree_completion.py:153: in _start
    listener.bind(str(endpoint))
E   OSError: AF_UNIX path too long
____________ test_next_source_action_waits_for_previous_owned_tree _____________
tests/test_native_post_script_tree_completion.py:244: in test_next_source_action_waits_for_previous_owned_tree
    c = _start(cpu_post_script, tmp_path, detached=True, second=True)
tests/test_native_post_script_tree_completion.py:153: in _start
    listener.bind(str(endpoint))
E   OSError: AF_UNIX path too long
____________ test_normal_source_action_preserves_real_exit_code[0] _____________
tests/test_native_post_script_tree_completion.py:260: in test_normal_source_action_preserves_real_exit_code
    c = _start(cpu_post_script, tmp_path, detached=False, code=code)
tests/test_native_post_script_tree_completion.py:153: in _start
    listener.bind(str(endpoint))
E   OSError: AF_UNIX path too long
____________ test_normal_source_action_preserves_real_exit_code[7] _____________
tests/test_native_post_script_tree_completion.py:260: in test_normal_source_action_preserves_real_exit_code
    c = _start(cpu_post_script, tmp_path, detached=False, code=code)
tests/test_native_post_script_tree_completion.py:153: in _start
    listener.bind(str(endpoint))
E   OSError: AF_UNIX path too long
___ test_closed_posthoc_parent_publishes_only_declared_current_work_artifact ___
tests/test_native_posthoc_publication.py:91: in test_closed_posthoc_parent_publishes_only_declared_current_work_artifact
    tp = _launch_posthoc(c, tmp_path, detached=False)
tests/test_native_posthoc_tree_completion.py:132: in _launch_posthoc
    listener.bind(str(endpoint))
E   OSError: AF_UNIX path too long
_ test_direct_posthoc_finish_waits_for_writer_then_snapshots_actual_late_bytes _
tests/test_native_posthoc_publication.py:107: in test_direct_posthoc_finish_waits_for_writer_then_snapshots_actual_late_bytes
    tp = _launch_posthoc(c, tmp_path, detached=True)
tests/test_native_posthoc_tree_completion.py:132: in _launch_posthoc
    listener.bind(str(endpoint))
E   OSError: AF_UNIX path too long
_____ test_posthoc_owned_stop_with_worker_zero_is_failed_without_artifacts _____
tests/test_native_posthoc_publication.py:127: in test_posthoc_owned_stop_with_worker_zero_is_failed_without_artifacts
    tp = _launch_posthoc(c, tmp_path, detached=True)
tests/test_native_posthoc_tree_completion.py:132: in _launch_posthoc
    listener.bind(str(endpoint))
E   OSError: AF_UNIX path too long
________ test_lost_posthoc_supervisor_holds_active_and_all_publication _________
tests/test_native_posthoc_publication.py:152: in test_lost_posthoc_supervisor_holds_active_and_all_publication
    tp = _launch_posthoc(c, tmp_path, detached=True)
tests/test_native_posthoc_tree_completion.py:132: in _launch_posthoc
    listener.bind(str(endpoint))
E   OSError: AF_UNIX path too long
_ test_old_and_duplicate_posthoc_callbacks_leave_new_attempt_and_publication_unchanged _
tests/test_native_posthoc_publication.py:175: in test_old_and_duplicate_posthoc_callbacks_leave_new_attempt_and_publication_unchanged
    old = _launch_posthoc(c, first_dir, detached=False, code=7)
tests/test_native_posthoc_tree_completion.py:132: in _launch_posthoc
    listener.bind(str(endpoint))
E   OSError: AF_UNIX path too long
_____ test_posthoc_worker_does_not_publish_public_metrics_with_live_writer _____
tests/test_native_posthoc_tree_completion.py:191: in test_posthoc_worker_does_not_publish_public_metrics_with_live_writer
    tp = _launch_posthoc(c, tmp_path, detached=True)
tests/test_native_posthoc_tree_completion.py:132: in _launch_posthoc
    listener.bind(str(endpoint))
E   OSError: AF_UNIX path too long
______ test_posthoc_parent_does_not_consume_leader_exit_with_live_writer _______
tests/test_native_posthoc_tree_completion.py:203: in test_posthoc_parent_does_not_consume_leader_exit_with_live_writer
    tp = _launch_posthoc(c, tmp_path, detached=True)
tests/test_native_posthoc_tree_completion.py:132: in _launch_posthoc
    listener.bind(str(endpoint))
E   OSError: AF_UNIX path too long
__ test_real_standalone_posthoc_retains_old_exit_and_metrics[standalone-zero] __
tests/test_native_posthoc_tree_completion.py:224: in test_real_standalone_posthoc_retains_old_exit_and_metrics
    tp = _launch_posthoc(c, tmp_path, detached=False, code=code, standalone=True)
tests/test_native_posthoc_tree_completion.py:132: in _launch_posthoc
    listener.bind(str(endpoint))
E   OSError: AF_UNIX path too long
_ test_real_standalone_posthoc_retains_old_exit_and_metrics[standalone-seven] __
tests/test_native_posthoc_tree_completion.py:224: in test_real_standalone_posthoc_retains_old_exit_and_metrics
    tp = _launch_posthoc(c, tmp_path, detached=False, code=code, standalone=True)
tests/test_native_posthoc_tree_completion.py:132: in _launch_posthoc
    listener.bind(str(endpoint))
E   OSError: AF_UNIX path too long
_________ test_timeout_stop_zero_is_not_success_and_never_calls_fixer __________
tests/test_native_pre_script_supervision.py:113: in test_timeout_stop_zero_is_not_success_and_never_calls_fixer
    _start(c, tmp_path, mode="timeout")
tests/test_native_pre_script_tree_completion.py:200: in _start
    listener.bind(str(endpoint))
E   OSError: AF_UNIX path too long
____ test_actual_supervisor_loss_stays_hold_without_a_second_stop_or_replay ____
tests/test_native_pre_script_supervision.py:139: in test_actual_supervisor_loss_stays_hold_without_a_second_stop_or_replay
    _start(c, tmp_path, mode="escaped")
tests/test_native_pre_script_tree_completion.py:200: in _start
    listener.bind(str(endpoint))
E   OSError: AF_UNIX path too long
__________ test_dispatch_waits_for_pre_script_writer_before_training ___________
tests/test_native_pre_script_tree_completion.py:271: in test_dispatch_waits_for_pre_script_writer_before_training
    c = _start(cpu_pre_script, tmp_path, mode="escaped")
tests/test_native_pre_script_tree_completion.py:200: in _start
    listener.bind(str(endpoint))
E   OSError: AF_UNIX path too long
____ test_timed_out_setup_cannot_repair_or_fail_admission_with_live_writer _____
tests/test_native_pre_script_tree_completion.py:287: in test_timed_out_setup_cannot_repair_or_fail_admission_with_live_writer
    c = _start(cpu_pre_script, tmp_path, mode="timeout")
tests/test_native_pre_script_tree_completion.py:200: in _start
    listener.bind(str(endpoint))
E   OSError: AF_UNIX path too long
__________ test_normal_cpu_setup_controls_keep_admission_semantics[0] __________
tests/test_native_pre_script_tree_completion.py:301: in test_normal_cpu_setup_controls_keep_admission_semantics
    c = _start(cpu_pre_script, tmp_path, mode="normal", code=code)
tests/test_native_pre_script_tree_completion.py:200: in _start
    listener.bind(str(endpoint))
E   OSError: AF_UNIX path too long
__________ test_normal_cpu_setup_controls_keep_admission_semantics[7] __________
tests/test_native_pre_script_tree_completion.py:301: in test_normal_cpu_setup_controls_keep_admission_semantics
    c = _start(cpu_pre_script, tmp_path, mode="normal", code=code)
tests/test_native_pre_script_tree_completion.py:200: in _start
    listener.bind(str(endpoint))
E   OSError: AF_UNIX path too long
_ test_native_training_cannot_publish_before_escaped_artifact_writer_closes[native-poll] _
tests/test_native_training_tree_completion.py:251: in test_native_training_cannot_publish_before_escaped_artifact_writer_closes
    tp = _launch(c, tmp_path, detached=True)
tests/test_native_training_tree_completion.py:199: in _launch
    listener.bind(str(endpoint))
E   OSError: AF_UNIX path too long
_ test_native_training_cannot_publish_before_escaped_artifact_writer_closes[native-direct-callback] _
tests/test_native_training_tree_completion.py:251: in test_native_training_cannot_publish_before_escaped_artifact_writer_closes
    tp = _launch(c, tmp_path, detached=True)
tests/test_native_training_tree_completion.py:199: in _launch
    listener.bind(str(endpoint))
E   OSError: AF_UNIX path too long
_ test_real_native_training_without_descendants_keeps_actual_exit_and_artifacts[exit-zero] _
tests/test_native_training_tree_completion.py:290: in test_real_native_training_without_descendants_keeps_actual_exit_and_artifacts
    tp = _launch(c, tmp_path, detached=False, code=code)
tests/test_native_training_tree_completion.py:199: in _launch
    listener.bind(str(endpoint))
E   OSError: AF_UNIX path too long
_ test_real_native_training_without_descendants_keeps_actual_exit_and_artifacts[exit-nonzero] _
tests/test_native_training_tree_completion.py:290: in test_real_native_training_without_descendants_keeps_actual_exit_and_artifacts
    tp = _launch(c, tmp_path, detached=False, code=code)
tests/test_native_training_tree_completion.py:199: in _launch
    listener.bind(str(endpoint))
E   OSError: AF_UNIX path too long
_ test_actual_posthoc_event_delivers_without_a_second_evaluator[new-completion] _
/hot-data/fsx/workspace/erik/orze-production-validation-2026-09-12.UgS3uV/orze/tests/test_posthoc_completion_consumers.py:30: in test_actual_posthoc_event_delivers_without_a_second_evaluator
    tp = _launch_posthoc(c, tmp_path, detached=False)
/hot-data/fsx/workspace/erik/orze-production-validation-2026-09-12.UgS3uV/orze/tests/test_native_posthoc_tree_completion.py:132: in _launch_posthoc
    listener.bind(str(endpoint))
E   OSError: AF_UNIX path too long
_ test_actual_posthoc_event_delivers_without_a_second_evaluator[pending-completion] _
/hot-data/fsx/workspace/erik/orze-production-validation-2026-09-12.UgS3uV/orze/tests/test_posthoc_completion_consumers.py:30: in test_actual_posthoc_event_delivers_without_a_second_evaluator
    tp = _launch_posthoc(c, tmp_path, detached=False)
/hot-data/fsx/workspace/erik/orze-production-validation-2026-09-12.UgS3uV/orze/tests/test_native_posthoc_tree_completion.py:132: in _launch_posthoc
    listener.bind(str(endpoint))
E   OSError: AF_UNIX path too long
______ test_actual_shutdown_stops_posthoc_tree_and_records_its_own_phase _______
/hot-data/fsx/workspace/erik/orze-production-validation-2026-09-12.UgS3uV/orze/tests/test_posthoc_completion_consumers.py:67: in test_actual_shutdown_stops_posthoc_tree_and_records_its_own_phase
    tp = _launch_posthoc(c, tmp_path, detached=True)
/hot-data/fsx/workspace/erik/orze-production-validation-2026-09-12.UgS3uV/orze/tests/test_native_posthoc_tree_completion.py:132: in _launch_posthoc
    listener.bind(str(endpoint))
E   OSError: AF_UNIX path too long
________ test_shutdown_missing_route_does_not_authorize_legacy_fallback ________
/hot-data/fsx/workspace/erik/orze-production-validation-2026-09-12.UgS3uV/orze/tests/test_posthoc_missing_route_consumers.py:35: in test_shutdown_missing_route_does_not_authorize_legacy_fallback
    tp = _launch_posthoc(c, tmp_path, detached=True)
/hot-data/fsx/workspace/erik/orze-production-validation-2026-09-12.UgS3uV/orze/tests/test_native_posthoc_tree_completion.py:132: in _launch_posthoc
    listener.bind(str(endpoint))
E   OSError: AF_UNIX path too long
____________ test_report_missing_route_does_not_return_legacy_none _____________
/hot-data/fsx/workspace/erik/orze-production-validation-2026-09-12.UgS3uV/orze/tests/test_posthoc_missing_route_consumers.py:58: in test_report_missing_route_does_not_return_legacy_none
    tp = _launch_posthoc(c, tmp_path, detached=False, code=7)
/hot-data/fsx/workspace/erik/orze-production-validation-2026-09-12.UgS3uV/orze/tests/test_native_posthoc_tree_completion.py:132: in _launch_posthoc
    listener.bind(str(endpoint))
E   OSError: AF_UNIX path too long
___ test_closed_native_posthoc_without_ref_cannot_reenter_legacy_publication ___
/hot-data/fsx/workspace/erik/orze-production-validation-2026-09-12.UgS3uV/orze/tests/test_posthoc_phase_routing.py:19: in test_closed_native_posthoc_without_ref_cannot_reenter_legacy_publication
    tp = _launch_posthoc(c, tmp_path, detached=False)
/hot-data/fsx/workspace/erik/orze-production-validation-2026-09-12.UgS3uV/orze/tests/test_native_posthoc_tree_completion.py:132: in _launch_posthoc
    listener.bind(str(endpoint))
E   OSError: AF_UNIX path too long
____ test_active_posthoc_with_foreign_phase_ref_cannot_enter_legacy_timeout ____
/hot-data/fsx/workspace/erik/orze-production-validation-2026-09-12.UgS3uV/orze/tests/test_posthoc_phase_routing.py:54: in test_active_posthoc_with_foreign_phase_ref_cannot_enter_legacy_timeout
    tp = _launch_posthoc(c, tmp_path, detached=True)
/hot-data/fsx/workspace/erik/orze-production-validation-2026-09-12.UgS3uV/orze/tests/test_native_posthoc_tree_completion.py:132: in _launch_posthoc
    listener.bind(str(endpoint))
E   OSError: AF_UNIX path too long
_____ test_closed_tree_waits_for_actual_trigger_settlement_before_finished _____
/hot-data/fsx/workspace/erik/orze-production-validation-2026-09-12.UgS3uV/orze/tests/test_role_owned_consumers.py:89: in test_closed_tree_waits_for_actual_trigger_settlement_before_finished
    assert roles.check_active_roles(active) == [("engineer", roles.OUTCOME_OK)]
E   AssertionError: assert [] == [('engineer',...tcome.OK: 0>)]
E     
E     Right contains one more item: ('engineer', <Outcome.OK: 0>)
E     Use -v to get more diff
------------------------------ Captured log call -------------------------------
ERROR    orze:role_delivery.py:93 Role completion HOLD: RoleSupervisionHOLD
______ test_intent_precedes_actual_prepare_and_ready_keeps_worker_blocked ______
/hot-data/fsx/workspace/erik/orze-production-validation-2026-09-12.UgS3uV/orze/src/orze/engine/role_supervision.py:422: in release
    rename_no_replace(self.lock_dir, quarantine / "content")
/hot-data/fsx/workspace/erik/orze-production-validation-2026-09-12.UgS3uV/orze/src/orze/engine/gc_tree.py:112: in rename_no_replace
    raise GCRefused("gc_atomic_rename_unsupported")
E   orze.engine.gc_tree.GCRefused: gc_atomic_rename_unsupported

The above exception was the direct cause of the following exception:
/hot-data/fsx/workspace/erik/orze-production-validation-2026-09-12.UgS3uV/orze/tests/test_role_supervision.py:105: in test_intent_precedes_actual_prepare_and_ready_keeps_worker_blocked
    assert owner.release(outcome="ok", exit_code=0) is True
/hot-data/fsx/workspace/erik/orze-production-validation-2026-09-12.UgS3uV/orze/src/orze/engine/role_supervision.py:437: in release
    raise self._hold("role_release_unconfirmed") from exc
E   orze.engine.role_supervision.RoleSupervisionHOLD: role_release_unconfirmed
________ test_explicit_unavailable_preserves_known_no_execution_release ________
/hot-data/fsx/workspace/erik/orze-production-validation-2026-09-12.UgS3uV/orze/src/orze/engine/role_supervision.py:422: in release
    rename_no_replace(self.lock_dir, quarantine / "content")
/hot-data/fsx/workspace/erik/orze-production-validation-2026-09-12.UgS3uV/orze/src/orze/engine/gc_tree.py:112: in rename_no_replace
    raise GCRefused("gc_atomic_rename_unsupported")
E   orze.engine.gc_tree.GCRefused: gc_atomic_rename_unsupported

The above exception was the direct cause of the following exception:
/hot-data/fsx/workspace/erik/orze-production-validation-2026-09-12.UgS3uV/orze/tests/test_role_supervision.py:153: in test_explicit_unavailable_preserves_known_no_execution_release
    assert owner.release() is True
/hot-data/fsx/workspace/erik/orze-production-validation-2026-09-12.UgS3uV/orze/src/orze/engine/role_supervision.py:437: in release
    raise self._hold("role_release_unconfirmed") from exc
E   orze.engine.role_supervision.RoleSupervisionHOLD: role_release_unconfirmed
___________ test_ready_abort_can_prove_no_go_without_faking_no_fork ____________
/hot-data/fsx/workspace/erik/orze-production-validation-2026-09-12.UgS3uV/orze/src/orze/engine/role_supervision.py:422: in release
    rename_no_replace(self.lock_dir, quarantine / "content")
/hot-data/fsx/workspace/erik/orze-production-validation-2026-09-12.UgS3uV/orze/src/orze/engine/gc_tree.py:112: in rename_no_replace
    raise GCRefused("gc_atomic_rename_unsupported")
E   orze.engine.gc_tree.GCRefused: gc_atomic_rename_unsupported

The above exception was the direct cause of the following exception:
/hot-data/fsx/workspace/erik/orze-production-validation-2026-09-12.UgS3uV/orze/tests/test_role_supervision.py:167: in test_ready_abort_can_prove_no_go_without_faking_no_fork
    assert owner.release() is True
/hot-data/fsx/workspace/erik/orze-production-validation-2026-09-12.UgS3uV/orze/src/orze/engine/role_supervision.py:437: in release
    raise self._hold("role_release_unconfirmed") from exc
E   orze.engine.role_supervision.RoleSupervisionHOLD: role_release_unconfirmed
_________ test_trigger_requires_matching_terminal_before_exact_release _________
/hot-data/fsx/workspace/erik/orze-production-validation-2026-09-12.UgS3uV/orze/src/orze/engine/role_supervision.py:422: in release
    rename_no_replace(self.lock_dir, quarantine / "content")
/hot-data/fsx/workspace/erik/orze-production-validation-2026-09-12.UgS3uV/orze/src/orze/engine/gc_tree.py:112: in rename_no_replace
    raise GCRefused("gc_atomic_rename_unsupported")
E   orze.engine.gc_tree.GCRefused: gc_atomic_rename_unsupported

The above exception was the direct cause of the following exception:
/hot-data/fsx/workspace/erik/orze-production-validation-2026-09-12.UgS3uV/orze/tests/test_role_supervision.py:264: in test_trigger_requires_matching_terminal_before_exact_release
    assert owner.release(outcome="ok", exit_code=0) is True
/hot-data/fsx/workspace/erik/orze-production-validation-2026-09-12.UgS3uV/orze/src/orze/engine/role_supervision.py:437: in release
    raise self._hold("role_release_unconfirmed") from exc
E   orze.engine.role_supervision.RoleSupervisionHOLD: role_release_unconfirmed
______ test_posthoc_flag_cannot_redirect_native_training_stop[native-ref] ______
/hot-data/fsx/workspace/erik/orze-production-validation-2026-09-12.UgS3uV/orze/tests/test_training_phase_routing.py:21: in test_posthoc_flag_cannot_redirect_native_training_stop
    tp = _launch(c, tmp_path, detached=True)
/hot-data/fsx/workspace/erik/orze-production-validation-2026-09-12.UgS3uV/orze/tests/test_native_training_tree_completion.py:199: in _launch
    listener.bind(str(endpoint))
E   OSError: AF_UNIX path too long
_ test_posthoc_flag_cannot_redirect_native_training_stop[tokenless-native-history] _
/hot-data/fsx/workspace/erik/orze-production-validation-2026-09-12.UgS3uV/orze/tests/test_training_phase_routing.py:21: in test_posthoc_flag_cannot_redirect_native_training_stop
    tp = _launch(c, tmp_path, detached=True)
/hot-data/fsx/workspace/erik/orze-production-validation-2026-09-12.UgS3uV/orze/tests/test_native_training_tree_completion.py:199: in _launch
    listener.bind(str(endpoint))
E   OSError: AF_UNIX path too long
__ test_owned_stop_with_leader_zero_cannot_succeed_or_auto_requeue[completed] __
/hot-data/fsx/workspace/erik/orze-production-validation-2026-09-12.UgS3uV/orze/tests/test_training_supervision_lifecycle.py:40: in test_owned_stop_with_leader_zero_cannot_succeed_or_auto_requeue
    tp = _launch(c, tmp_path, detached=True)
/hot-data/fsx/workspace/erik/orze-production-validation-2026-09-12.UgS3uV/orze/tests/test_native_training_tree_completion.py:199: in _launch
    listener.bind(str(endpoint))
E   OSError: AF_UNIX path too long
_ test_owned_stop_with_leader_zero_cannot_succeed_or_auto_requeue[insufficient_vram] _
/hot-data/fsx/workspace/erik/orze-production-validation-2026-09-12.UgS3uV/orze/tests/test_training_supervision_lifecycle.py:40: in test_owned_stop_with_leader_zero_cannot_succeed_or_auto_requeue
    tp = _launch(c, tmp_path, detached=True)
/hot-data/fsx/workspace/erik/orze-production-validation-2026-09-12.UgS3uV/orze/tests/test_native_training_tree_completion.py:199: in _launch
    listener.bind(str(endpoint))
E   OSError: AF_UNIX path too long
___ test_actual_training_shutdown_closes_tree_before_interrupted_publication ___
/hot-data/fsx/workspace/erik/orze-production-validation-2026-09-12.UgS3uV/orze/tests/test_training_supervision_lifecycle.py:75: in test_actual_training_shutdown_closes_tree_before_interrupted_publication
    tp = _launch(c, tmp_path, detached=True)
/hot-data/fsx/workspace/erik/orze-production-validation-2026-09-12.UgS3uV/orze/tests/test_native_training_tree_completion.py:199: in _launch
    listener.bind(str(endpoint))
E   OSError: AF_UNIX path too long
______ test_killed_own_supervisor_keeps_training_and_live_writer_in_hold _______
/hot-data/fsx/workspace/erik/orze-production-validation-2026-09-12.UgS3uV/orze/tests/test_training_supervision_lifecycle.py:102: in test_killed_own_supervisor_keeps_training_and_live_writer_in_hold
    tp = _launch(c, tmp_path, detached=True)
/hot-data/fsx/workspace/erik/orze-production-validation-2026-09-12.UgS3uV/orze/tests/test_native_training_tree_completion.py:199: in _launch
    listener.bind(str(endpoint))
E   OSError: AF_UNIX path too long
____________ test_direct_vram_requeue_cannot_bypass_live_tree_fence ____________
/hot-data/fsx/workspace/erik/orze-production-validation-2026-09-12.UgS3uV/orze/tests/test_training_supervision_lifecycle.py:123: in test_direct_vram_requeue_cannot_bypass_live_tree_fence
    tp = _launch(c, tmp_path, detached=True)
/hot-data/fsx/workspace/erik/orze-production-validation-2026-09-12.UgS3uV/orze/tests/test_native_training_tree_completion.py:199: in _launch
    listener.bind(str(endpoint))
E   OSError: AF_UNIX path too long
______ test_worker_root_heuristics_do_not_misclassify_adopted_descendants ______
/hot-data/fsx/workspace/erik/orze-production-validation-2026-09-12.UgS3uV/orze/tests/test_training_supervision_start_and_monitor.py:61: in test_worker_root_heuristics_do_not_misclassify_adopted_descendants
    tp = _launch(c, tmp_path, detached=True)
/hot-data/fsx/workspace/erik/orze-production-validation-2026-09-12.UgS3uV/orze/tests/test_native_training_tree_completion.py:199: in _launch
    listener.bind(str(endpoint))
E   OSError: AF_UNIX path too long
=============================== warnings summary ===============================
../../../../../../home/erik/.local/lib/python3.10/site-packages/_pytest/config/__init__.py:885
  /home/erik/.local/lib/python3.10/site-packages/_pytest/config/__init__.py:885: PytestAssertRewriteWarning: Module already imported so cannot be rewritten; cpu_terminal_recovery_helpers
    self.import_plugin(import_spec)

../../../../../../home/erik/.local/lib/python3.10/site-packages/_pytest/config/__init__.py:885
  /home/erik/.local/lib/python3.10/site-packages/_pytest/config/__init__.py:885: PytestAssertRewriteWarning: Module already imported so cannot be rewritten; examples.holdout.testing
    self.import_plugin(import_spec)

-- Docs: https://docs.pytest.org/en/stable/how-to/capture-warnings.html
=========================== short test summary info ============================
SKIPPED [1] tests/test_sweeper.py:12: could not import 'orze_pro.engine.role_runner': This is a stub package. Install the real orze-pro via: export ORZE_PRO_KEY='...' && orze run
SKIPPED [1] tests/test_evolution.py:228: could not import 'orze_pro.agents.code_evolution': This is a stub package. Install the real orze-pro via: export ORZE_PRO_KEY='...' && orze run
SKIPPED [1] tests/test_evolution.py:239: could not import 'orze_pro.agents.code_evolution': This is a stub package. Install the real orze-pro via: export ORZE_PRO_KEY='...' && orze run
SKIPPED [1] tests/test_evolution.py:255: could not import 'orze_pro.agents.meta_research': This is a stub package. Install the real orze-pro via: export ORZE_PRO_KEY='...' && orze run
SKIPPED [1] tests/test_fsm_runner_registry.py:13: could not import 'orze_pro': This is a stub package. Install the real orze-pro via: export ORZE_PRO_KEY='...' && orze run
SKIPPED [1] tests/test_skill_registry.py:123: orze-pro not installed
SKIPPED [1] tests/test_skill_registry.py:135: orze-pro not installed
97 failed, 4459 passed, 7 skipped, 2 warnings in 587.28s (0:09:47)
