........................................................................ [  1%]
........................................................................ [  3%]
........................................................................ [  4%]
........................................................................ [  6%]
........................................................................ [  7%]
........................................................................ [  9%]
........................................................................ [ 11%]
........................................................................ [ 12%]
........................................................................ [ 14%]
........................................................................ [ 15%]
........................................................................ [ 17%]
........................................................................ [ 18%]
........................................................................ [ 20%]
........................................................................ [ 22%]
........................................................................ [ 23%]
........................................................................ [ 25%]
........................................................................ [ 26%]
........................................................................ [ 28%]
........................................................................ [ 29%]
........................................................................ [ 31%]
........................................................................ [ 33%]
........................................................................ [ 34%]
........................................................................ [ 36%]
........................................................................ [ 37%]
........................................................................ [ 39%]
..................................................sss................... [ 41%]
........................................................................ [ 42%]
........................................................................ [ 44%]
........................................................................ [ 45%]
..............................................................s......... [ 47%]
........................................................................ [ 48%]
........................................................................ [ 50%]
........................................................................ [ 52%]
........................................................................ [ 53%]
........................................................................ [ 55%]
........................................................................ [ 56%]
........................................................................ [ 58%]
........................................................................ [ 59%]
........................................................................ [ 61%]
........................................................................ [ 63%]
........................................................................ [ 64%]
........................................................................ [ 66%]
........................................................................ [ 67%]
........................................................................ [ 69%]
........................................................................ [ 71%]
........................................................................ [ 72%]
........................................................................ [ 74%]
........................................................................ [ 75%]
........................................................................ [ 77%]
........................................................................ [ 78%]
........................................................................ [ 80%]
........................................................................ [ 82%]
........................................................................ [ 83%]
........................................................................ [ 85%]
........................................................................ [ 86%]
........................................................................ [ 88%]
........................................................................ [ 89%]
........................................................................ [ 91%]
......................................................ss................ [ 93%]
........................................................................ [ 94%]
........................................................................ [ 96%]
........................................................................ [ 97%]
........................................................................ [ 99%]
..........................                                               [100%]HOLDOUT_REPORTS=[{"bytes": 2586973, "name": "workflow", "path": "/tmp/orze-autonomy-full.RY05QFxJ/pytest/holdout-workflow0/holdout-report.json", "sha256": "752e6a6b94e3b9ca3b543b3ebfc99654ab2b4622e823dd4b50c2ebf8b1dc4726"}, {"bytes": 147487, "name": "boundary", "path": "/tmp/orze-autonomy-full.RY05QFxJ/pytest/holdout-boundary0/holdout-report.json", "sha256": "b7eda330614134d9f4f7e43f107f93997c7fcb7d78b0b557da11725f0a89c930"}, {"bytes": 147604, "name": "duplicate_id", "path": "/tmp/orze-autonomy-full.RY05QFxJ/pytest/holdout-duplicate_id0/holdout-report.json", "sha256": "77c87698551cb671fd487f25e6346f2c7a7d8bc8f3fabad3905f7032c47518e3"}, {"bytes": 148914, "name": "missing_prerequisite", "path": "/tmp/orze-autonomy-full.RY05QFxJ/pytest/holdout-missing_prerequisite0/holdout-report.json", "sha256": "e216a27cfc45d85d8f52095f2c65cc9ac63e3712c01542845661fc2c66ba9e55"}, {"bytes": 146989, "name": "overload", "path": "/tmp/orze-autonomy-full.RY05QFxJ/pytest/holdout-overload0/holdout-report.json", "sha256": "0285b38171385a33a530c971d80ce8c5018326b299d11f1c7e8fe30897594093"}, {"bytes": 145787, "name": "malformed", "path": "/tmp/orze-autonomy-full.RY05QFxJ/pytest/holdout-malformed0/holdout-report.json", "sha256": "e6a57ec6e09a160097717af5408406511a7d72ab0b3376fdcd476bf8d4890dd9"}]
CPU_RECOVERY_REPORTS=[{"bytes": 85360, "path": "/tmp/orze-autonomy-full.RY05QFxJ/pytest/test_real_confirmed_terminal_r0/project-0/recovery-report.json", "sha256": "9b74e478d104128ef8131ec96f29255ad4b6ed07496f382a49cff903cd472c6b", "test": "tests/test_cpu_claim_reader_consolidation.py::TestPublicSnapshotRouting::test_real_confirmed_terminal_recovery_uses_required_8k_public_snapshot"}, {"bytes": 107924, "path": "/tmp/orze-autonomy-full.RY05QFxJ/pytest/test_post_delete_fsync_uncerta0/project-0/recovery-report.json", "sha256": "a2cd79439a77cdb0bb869507bd9482321ea327e936d80589bbf614b7f162e287", "test": "tests/test_cpu_terminal_recovery_barrier.py::test_post_delete_fsync_uncertainty_blocks_fresh_restart_with_zero_bound[effect]"}, {"bytes": 107950, "path": "/tmp/orze-autonomy-full.RY05QFxJ/pytest/test_post_delete_fsync_uncerta1/project-0/recovery-report.json", "sha256": "6cbfc9294d13a057d0af1f12d381f99fde8a8e2dcc0dd219d0e5dad20779204a", "test": "tests/test_cpu_terminal_recovery_barrier.py::test_post_delete_fsync_uncertainty_blocks_fresh_restart_with_zero_bound[recovery]"}, {"bytes": 69493, "path": "/tmp/orze-autonomy-full.RY05QFxJ/pytest/test_in_progress_denies_alread0/project-0/recovery-report.json", "sha256": "caea37d75032a2098f19c8c5bca7eff269d5e09c36bb78f5d796f95f41d2d7eb", "test": "tests/test_cpu_terminal_recovery_barrier.py::test_in_progress_denies_already_running_peer_admission[reserve]"}, {"bytes": 69493, "path": "/tmp/orze-autonomy-full.RY05QFxJ/pytest/test_in_progress_denies_alread1/project-0/recovery-report.json", "sha256": "c8da5660fc0b8333d19fb94998312aa4ae26d5432a6052a0ed69dbd5a2c32d9d", "test": "tests/test_cpu_terminal_recovery_barrier.py::test_in_progress_denies_already_running_peer_admission[require_permit]"}, {"bytes": 68285, "path": "/tmp/orze-autonomy-full.RY05QFxJ/pytest/test_two_recovery_consumers_do0/project-0/recovery-report.json", "sha256": "cacd6c3769f32374d24d4724f7811c646fb318c6d8f1329eaeed4d3d5aa31920", "test": "tests/test_cpu_terminal_recovery_barrier.py::test_two_recovery_consumers_do_not_repeat_settlement_or_poison_owner"}, {"bytes": 68718, "path": "/tmp/orze-autonomy-full.RY05QFxJ/pytest/test_legal_peer_decision_after0/project-0/recovery-report.json", "sha256": "28c0c5144ae2c4380c3ff49b191a19a298ffe3988a1333a8ec9e7dfe338998f5", "test": "tests/test_cpu_terminal_recovery_barrier.py::test_legal_peer_decision_after_complete_commit_preserves_exact_owner_result"}, {"bytes": 105509, "path": "/tmp/orze-autonomy-full.RY05QFxJ/pytest/test_recovery_transaction_unkn0/project-0/recovery-report.json", "sha256": "eb1a30e736f6dac348724007db02835962ec54dc8e5a372af676d60076265737", "test": "tests/test_cpu_terminal_recovery_barrier.py::test_recovery_transaction_unknown_is_not_an_ordinary_success[IN_PROGRESS-rollback]"}, {"bytes": 107874, "path": "/tmp/orze-autonomy-full.RY05QFxJ/pytest/test_recovery_transaction_unkn1/project-0/recovery-report.json", "sha256": "500316bcfaecc1eb8371f1e5554deb918356041d588db11bdbb65468b5c26650", "test": "tests/test_cpu_terminal_recovery_barrier.py::test_recovery_transaction_unknown_is_not_an_ordinary_success[COMPLETE-rollback]"}, {"bytes": 109350, "path": "/tmp/orze-autonomy-full.RY05QFxJ/pytest/test_recovery_transaction_unkn2/project-0/recovery-report.json", "sha256": "4cae7fb37dc073968dd78033dca69541a12392525459cbd8fe2d260588c9ca49", "test": "tests/test_cpu_terminal_recovery_barrier.py::test_recovery_transaction_unknown_is_not_an_ordinary_success[COMPLETE-committed_raise]"}, {"bytes": 67289, "path": "/tmp/orze-autonomy-full.RY05QFxJ/pytest/test_existing_unqualified_gate0/project-0/recovery-report.json", "sha256": "9d560786c144c54e3a3cc9dfc49c1bcd457126c1e6dd49e254f5e0ad255cbe94", "test": "tests/test_cpu_terminal_recovery_barrier.py::test_existing_unqualified_gate_owner_is_preserved"}, {"bytes": 67278, "path": "/tmp/orze-autonomy-full.RY05QFxJ/pytest/test_recovery_refuses_caller_t0/project-0/recovery-report.json", "sha256": "77df0691def5e4285d4f2d12a55e0c2815e50e5feb8cac6f5b90df2c88b55c0f", "test": "tests/test_cpu_terminal_recovery_barrier.py::test_recovery_refuses_caller_transaction_without_consuming_it"}, {"bytes": 68163, "path": "/tmp/orze-autonomy-full.RY05QFxJ/pytest/test_actual_peer_nonce_replace0/project-0/recovery-report.json", "sha256": "610689938b2196f17626feaaaaf6cdb304651d911725c5354ff3945eedeb3157", "test": "tests/test_cpu_terminal_recovery_barrier.py::test_actual_peer_nonce_replacement_cannot_be_completed_by_old_owner"}, {"bytes": 325104, "path": "/tmp/orze-autonomy-full.RY05QFxJ/pytest/test_fresh_cli_resumes_confirm0/domain-project/recovery-report.json", "sha256": "7535cab77f1a0a1097dd193798a39c799f65b93020aaf5f13cd464b264c29c11", "test": "tests/test_cpu_terminal_recovery_domain.py::test_fresh_cli_resumes_confirmed_domain_without_reinterpretation[schedule-feasibility-v1-valid]"}, {"bytes": 325011, "path": "/tmp/orze-autonomy-full.RY05QFxJ/pytest/test_fresh_cli_resumes_confirm1/domain-project/recovery-report.json", "sha256": "ede9294ab2fa0038445d8b41c0195574f379790ac33be94f59f088b7a5f67f82", "test": "tests/test_cpu_terminal_recovery_domain.py::test_fresh_cli_resumes_confirmed_domain_without_reinterpretation[schedule-feasibility-v2-invalid]"}, {"bytes": 152329, "path": "/tmp/orze-autonomy-full.RY05QFxJ/pytest/test_recovery_refuses_changed_0/project-0/recovery-report.json", "sha256": "b2126fc8e291ffbe844219a195cc2d9e9634afd5a9c896ca3bbe7c8baad285ac", "test": "tests/test_cpu_terminal_recovery_guards.py::test_recovery_refuses_changed_native_binding[origin]"}, {"bytes": 152284, "path": "/tmp/orze-autonomy-full.RY05QFxJ/pytest/test_recovery_refuses_changed_1/project-0/recovery-report.json", "sha256": "9d5e5e37b47706efb440524d9e5d3e0edb26dfe7669829f971cb3e44d4c4278b", "test": "tests/test_cpu_terminal_recovery_guards.py::test_recovery_refuses_changed_native_binding[kind]"}, {"bytes": 152357, "path": "/tmp/orze-autonomy-full.RY05QFxJ/pytest/test_recovery_refuses_changed_2/project-0/recovery-report.json", "sha256": "e104d0a3a3c81b4fd9a37d5ff4709ad8d23c384f61580a023d177b3bda014ea4", "test": "tests/test_cpu_terminal_recovery_guards.py::test_recovery_refuses_changed_native_binding[resource]"}, {"bytes": 152373, "path": "/tmp/orze-autonomy-full.RY05QFxJ/pytest/test_recovery_refuses_changed_3/project-0/recovery-report.json", "sha256": "4b199a4228e1e36e72f0ba91deef4a9149212170c40cdd22b74d5dca4a03ad36", "test": "tests/test_cpu_terminal_recovery_guards.py::test_recovery_refuses_changed_native_binding[attempt_ref]"}, {"bytes": 152369, "path": "/tmp/orze-autonomy-full.RY05QFxJ/pytest/test_recovery_refuses_changed_4/project-0/recovery-report.json", "sha256": "de2051d3cf9f3fbbe35ac4beb00517a692b845900a28397144f6b6e46dbe23d3", "test": "tests/test_cpu_terminal_recovery_guards.py::test_recovery_refuses_changed_native_binding[process_pid]"}, {"bytes": 152388, "path": "/tmp/orze-autonomy-full.RY05QFxJ/pytest/test_recovery_refuses_changed_5/project-0/recovery-report.json", "sha256": "cb6372424e2ab982eb96e683ec77b1f6c62d36fd450f0a274713c1c091abcb37", "test": "tests/test_cpu_terminal_recovery_guards.py::test_recovery_refuses_changed_native_binding[command_sha256]"}, {"bytes": 152395, "path": "/tmp/orze-autonomy-full.RY05QFxJ/pytest/test_recovery_refuses_changed_6/project-0/recovery-report.json", "sha256": "54568ce6d2ba28e2eea515697972e00da9370ff9cec6a1cd22592f518a63be27", "test": "tests/test_cpu_terminal_recovery_guards.py::test_recovery_refuses_changed_native_binding[timeout_seconds]"}, {"bytes": 152335, "path": "/tmp/orze-autonomy-full.RY05QFxJ/pytest/test_recovery_refuses_changed_7/project-0/recovery-report.json", "sha256": "09120da358fcdc0f4a95961c433ee5b5fc5eb5bed0c3c13cbbd1ceb2adff145d", "test": "tests/test_cpu_terminal_recovery_guards.py::test_recovery_refuses_changed_captured_source[database]"}, {"bytes": 152371, "path": "/tmp/orze-autonomy-full.RY05QFxJ/pytest/test_recovery_refuses_changed_8/project-0/recovery-report.json", "sha256": "20112923155d4c7ec258df87a360500ca1e1ea18f773658f074ce6e37316c456", "test": "tests/test_cpu_terminal_recovery_guards.py::test_recovery_refuses_changed_captured_source[claim_sha256]"}, {"bytes": 152363, "path": "/tmp/orze-autonomy-full.RY05QFxJ/pytest/test_recovery_refuses_changed_9/project-0/recovery-report.json", "sha256": "a6ae3618732fcc52429774b3c871c6dee992fa6d572e8d5c7739c91eca05680a", "test": "tests/test_cpu_terminal_recovery_guards.py::test_recovery_refuses_changed_captured_source[config_sha256]"}, {"bytes": 152568, "path": "/tmp/orze-autonomy-full.RY05QFxJ/pytest/test_recovery_refuses_changed_10/project-0/recovery-report.json", "sha256": "63f5f0c438d7cc1cff37fa376dd636b0ade4a1c25d94c23291189800d55bc8f3", "test": "tests/test_cpu_terminal_recovery_guards.py::test_recovery_refuses_changed_current_lifecycle"}, {"bytes": 152417, "path": "/tmp/orze-autonomy-full.RY05QFxJ/pytest/test_recovery_refuses_rehashed0/project-0/recovery-report.json", "sha256": "01999050fcf1bda81b39f935d8d1f7d2d59bc78d954acb51cc664f828e60beaf", "test": "tests/test_cpu_terminal_recovery_guards.py::test_recovery_refuses_rehashed_non_cpu_prepared_plan"}, {"bytes": 152538, "path": "/tmp/orze-autonomy-full.RY05QFxJ/pytest/test_recovery_refuses_changed_11/project-0/recovery-report.json", "sha256": "73cc17e1791afe9ac517073b6cd10909cdac57e04545fde25ee52c8e98975231", "test": "tests/test_cpu_terminal_recovery_guards.py::test_recovery_refuses_changed_catalog_route"}, {"bytes": 152600, "path": "/tmp/orze-autonomy-full.RY05QFxJ/pytest/test_recovery_refuses_changed_12/project-0/recovery-report.json", "sha256": "abf156430818dc6c6205e9524e16145a07a85cf72d00bf9bd8f10007b1bc12d8", "test": "tests/test_cpu_terminal_recovery_guards.py::test_recovery_refuses_changed_ready_member_identity"}, {"bytes": 196465, "path": "/tmp/orze-autonomy-full.RY05QFxJ/pytest/test_recovery_rechecks_source_0/project-0/recovery-report.json", "sha256": "f3af67e6f9dbe125ef78b2f3c086a174034168b178d3733370d1a5042e9f73ff", "test": "tests/test_cpu_terminal_recovery_guards.py::test_recovery_rechecks_source_after_enumeration_before_settlement"}, {"bytes": 153975, "path": "/tmp/orze-autonomy-full.RY05QFxJ/pytest/test_preexisting_stop_never_au0/project-0/recovery-report.json", "sha256": "99577a89e6cba27d39713add5aeed563937da1b1c9aa567b6a55a3344f7b5aff", "test": "tests/test_cpu_terminal_recovery_guards.py::test_preexisting_stop_never_authorizes_automatic_settlement[ordinary_stop]"}, {"bytes": 153832, "path": "/tmp/orze-autonomy-full.RY05QFxJ/pytest/test_preexisting_stop_never_au1/project-0/recovery-report.json", "sha256": "706bd416bb36862f5a91eee1e12e20b1f6adf5515d8bfdc620b6f4e38235410f", "test": "tests/test_cpu_terminal_recovery_guards.py::test_preexisting_stop_never_authorizes_automatic_settlement[storage_hold]"}, {"bytes": 154011, "path": "/tmp/orze-autonomy-full.RY05QFxJ/pytest/test_preexisting_stop_never_au2/project-0/recovery-report.json", "sha256": "68896210874098ecb819497596b37435b32dba79ebe17479eefac229dfcead53", "test": "tests/test_cpu_terminal_recovery_guards.py::test_preexisting_stop_never_authorizes_automatic_settlement[masked_storage_hold]"}, {"bytes": 152514, "path": "/tmp/orze-autonomy-full.RY05QFxJ/pytest/test_recovery_refuses_unbound_0/project-0/recovery-report.json", "sha256": "e62709add1b9ebc1161011bd533e93cf54a17b344f052f0d4bd0fed74a13885a", "test": "tests/test_cpu_terminal_recovery_guards.py::test_recovery_refuses_unbound_replication_request_field"}, {"bytes": 152449, "path": "/tmp/orze-autonomy-full.RY05QFxJ/pytest/test_recovery_refuses_artifact0/project-0/recovery-report.json", "sha256": "9b016022600860985fe2934f790aae158cfbb91d0fd704dd3b2bf14cd793df8f", "test": "tests/test_cpu_terminal_recovery_guards.py::test_recovery_refuses_artifact_root_unrelated_to_published_records"}, {"bytes": 218719, "path": "/tmp/orze-autonomy-full.RY05QFxJ/pytest/test_restart_settles_confirmed0/project-0/recovery-report.json", "sha256": "d4710b83d6beb226a65af6339b60b6a1f765037983d907bfbfe823f880873f25", "test": "tests/test_cpu_terminal_settlement_recovery.py::test_restart_settles_confirmed_terminal_without_repeating_original_worker[0]"}, {"bytes": 206555, "path": "/tmp/orze-autonomy-full.RY05QFxJ/pytest/test_restart_settles_confirmed1/project-0/recovery-report.json", "sha256": "c759d4318511269fac98b14c03030c18ccc58c6c7494d7ad5281f7c84c94c254", "test": "tests/test_cpu_terminal_settlement_recovery.py::test_restart_settles_confirmed_terminal_without_repeating_original_worker[7]"}, {"bytes": 131076, "path": "/tmp/orze-autonomy-full.RY05QFxJ/pytest/test_real_v2_confirmed_termina0/project-0/recovery-report.json", "sha256": "9788dd4fa24810e8a780788bcd5e3d1c37c5ee9e42591d0969eb88740707dd50", "test": "tests/test_runtime_lease_recovery.py::test_real_v2_confirmed_terminal_crash_recovers_metadata_only[0]"}, {"bytes": 122297, "path": "/tmp/orze-autonomy-full.RY05QFxJ/pytest/test_real_v2_confirmed_termina1/project-0/recovery-report.json", "sha256": "77b4475c863476304ac54280f679fe0740f2cb72b9721ccc4ad3f3fefb9942ae", "test": "tests/test_runtime_lease_recovery.py::test_real_v2_confirmed_terminal_crash_recovers_metadata_only[7]"}, {"bytes": 123922, "path": "/tmp/orze-autonomy-full.RY05QFxJ/pytest/test_real_historical_v1_termin0/historical-project/recovery-report.json", "sha256": "458847c84c6daa06bcdba6be500907cbcacc135d9945ea34f73a9f2666a5112f", "test": "tests/test_runtime_lease_recovery.py::test_real_historical_v1_terminal_recovers_without_upgrade_or_reexecution"}]
ACCEPTANCE_REPORTS=[{"bytes": 288455, "name": "sorting_default", "path": "/tmp/orze-autonomy-full.RY05QFxJ/pytest/acceptance-sorting-default0/acceptance-report.json", "sha256": "a046b0cce411776413987ceeaa662c6c0e48e01f2deed9d37e37ac29ea5f12d1"}, {"bytes": 125049, "name": "sorting_counterfactual", "path": "/tmp/orze-autonomy-full.RY05QFxJ/pytest/acceptance-sorting-counterfactual0/acceptance-report.json", "sha256": "a148ab6abe2604ef06c4c15cbdfd8618b3170e323e19f7afe7b087ce19f44e64"}, {"bytes": 283399, "name": "compression_default", "path": "/tmp/orze-autonomy-full.RY05QFxJ/pytest/acceptance-compression-default0/acceptance-report.json", "sha256": "8e18c0f931e74ad233f655bb0cedfe10b8989ca15e7c4464c99f7a3e818f4ca4"}, {"bytes": 124650, "name": "compression_counterfactual", "path": "/tmp/orze-autonomy-full.RY05QFxJ/pytest/acceptance-compression-counterfactual0/acceptance-report.json", "sha256": "1466a103a58764f16daf63f7fd5e9c781b5623afe6dae75f84d90f739b363765"}]

=============================== warnings summary ===============================
../../../../../../home/erik/.local/lib/python3.10/site-packages/_pytest/config/__init__.py:885
  /home/erik/.local/lib/python3.10/site-packages/_pytest/config/__init__.py:885: PytestAssertRewriteWarning: Module already imported so cannot be rewritten; cpu_terminal_recovery_helpers
    self.import_plugin(import_spec)

../../../../../../home/erik/.local/lib/python3.10/site-packages/_pytest/config/__init__.py:885
  /home/erik/.local/lib/python3.10/site-packages/_pytest/config/__init__.py:885: PytestAssertRewriteWarning: Module already imported so cannot be rewritten; examples.holdout.testing
    self.import_plugin(import_spec)

-- Docs: https://docs.pytest.org/en/stable/how-to/capture-warnings.html
=========================== short test summary info ============================
SKIPPED [1] tests/test_sweeper.py:12: could not import 'orze_pro.engine.role_runner': This is a stub package. Install the real orze-pro via: export ORZE_PRO_KEY='...' && orze run
SKIPPED [1] tests/test_evolution.py:228: could not import 'orze_pro.agents.code_evolution': This is a stub package. Install the real orze-pro via: export ORZE_PRO_KEY='...' && orze run
SKIPPED [1] tests/test_evolution.py:239: could not import 'orze_pro.agents.code_evolution': This is a stub package. Install the real orze-pro via: export ORZE_PRO_KEY='...' && orze run
SKIPPED [1] tests/test_evolution.py:255: could not import 'orze_pro.agents.meta_research': This is a stub package. Install the real orze-pro via: export ORZE_PRO_KEY='...' && orze run
SKIPPED [1] tests/test_fsm_runner_registry.py:13: could not import 'orze_pro': This is a stub package. Install the real orze-pro via: export ORZE_PRO_KEY='...' && orze run
SKIPPED [1] tests/test_skill_registry.py:123: orze-pro not installed
SKIPPED [1] tests/test_skill_registry.py:135: orze-pro not installed
4556 passed, 7 skipped, 2 warnings in 861.87s (0:14:21)
