........................................................................ [  1%]
........................................................................ [  2%]
........................................................................ [  4%]
........................................................................ [  5%]
........................................................................ [  6%]
........................................................................ [  8%]
........................................................................ [  9%]
........................................................................ [ 10%]
........................................................................ [ 12%]
........................................................................ [ 13%]
........................................................................ [ 14%]
........................................................................ [ 16%]
........................................................................ [ 17%]
........................................................................ [ 18%]
........................................................................ [ 20%]
........................................................................ [ 21%]
........................................................................ [ 22%]
........................................................................ [ 24%]
........................................................................ [ 25%]
........................................................................ [ 26%]
........................................................................ [ 28%]
........................................................................ [ 29%]
........................................................................ [ 30%]
........................................................................ [ 32%]
........................................................................ [ 33%]
........................................................................ [ 34%]
........................................................................ [ 36%]
........................................................................ [ 37%]
........................................................................ [ 38%]
...................................sss.................................. [ 40%]
........................................................................ [ 41%]
........................................................................ [ 42%]
........................................................................ [ 44%]
........................................................................ [ 45%]
........................................................................ [ 46%]
........................................................................ [ 48%]
........................................................................ [ 49%]
........................................................................ [ 51%]
........................................................................ [ 52%]
........................................................................ [ 53%]
........................................................................ [ 55%]
........................................................................ [ 56%]
........................................................................ [ 57%]
........................................................................ [ 59%]
........................................................................ [ 60%]
........................................................................ [ 61%]
........................................................................ [ 63%]
........................................................................ [ 64%]
........................................................................ [ 65%]
........................................................................ [ 67%]
........................................................................ [ 68%]
........................................................................ [ 69%]
........................................................................ [ 71%]
........................................................................ [ 72%]
........................................................................ [ 73%]
........................................................................ [ 75%]
........................................................................ [ 76%]
........................................................................ [ 77%]
........................................................................ [ 79%]
........................................................................ [ 80%]
........................................................................ [ 81%]
........................................................................ [ 83%]
........................................................................ [ 84%]
........................................................................ [ 85%]
........................................................................ [ 87%]
........................................................................ [ 88%]
........................................................................ [ 89%]
........................................................................ [ 91%]
............................................ss.......................... [ 92%]
........................................................................ [ 93%]
................F....................................................... [ 95%]
........................................................................ [ 96%]
........................................................................ [ 98%]
........................................................................ [ 99%]
..................................                                       [100%]HOLDOUT_REPORTS=[{"bytes": 2536398, "name": "workflow", "path": "/tmp/orze-cpu-stop-cf1/holdout-workflow0/holdout-report.json", "sha256": "0fd36df921f2ab0ed1e20e823954a24279b236ed4132b1c2a4501e4371ee640b"}, {"bytes": 144666, "name": "boundary", "path": "/tmp/orze-cpu-stop-cf1/holdout-boundary0/holdout-report.json", "sha256": "338edd182c2f8af4821553b6434c9e1385a14fd9983e13b63dffb3219f7cdaef"}, {"bytes": 144772, "name": "duplicate_id", "path": "/tmp/orze-cpu-stop-cf1/holdout-duplicate_id0/holdout-report.json", "sha256": "40f1053dbbe471633316b028ed6dca6bff7d8e1dd382451d6e7cdf118a174bc3"}, {"bytes": 146087, "name": "missing_prerequisite", "path": "/tmp/orze-cpu-stop-cf1/holdout-missing_prerequisite0/holdout-report.json", "sha256": "aeaf95e3205ddeaea1cbc7538b9795a36e0bf6f4a81c1e85aa1375065dbed947"}, {"bytes": 144157, "name": "overload", "path": "/tmp/orze-cpu-stop-cf1/holdout-overload0/holdout-report.json", "sha256": "4c9427013acf59c445e7a0268c711e1c74b85977304c6a927a6b8128244b2e18"}, {"bytes": 142962, "name": "malformed", "path": "/tmp/orze-cpu-stop-cf1/holdout-malformed0/holdout-report.json", "sha256": "65e1af751c4b552eece2fee32643c227738ddbeea672e224bf1d8d1d85f2a725"}]
CPU_RECOVERY_REPORTS=[{"bytes": 83668, "path": "/tmp/orze-cpu-stop-cf1/test_real_confirmed_terminal_r0/project-0/recovery-report.json", "sha256": "75a86e8c0f00b4ab4627be3d6da13a3dc89b04a45b81f3916b2d105cf6ef71ed", "test": "tests/test_cpu_claim_reader_consolidation.py::TestPublicSnapshotRouting::test_real_confirmed_terminal_recovery_uses_required_8k_public_snapshot"}, {"bytes": 105685, "path": "/tmp/orze-cpu-stop-cf1/test_post_delete_fsync_uncerta0/project-0/recovery-report.json", "sha256": "ac0d93017c39b1e01925e00f2476f37fbc2f78b789ca83df1092007cafe84a4a", "test": "tests/test_cpu_terminal_recovery_barrier.py::test_post_delete_fsync_uncertainty_blocks_fresh_restart_with_zero_bound[effect]"}, {"bytes": 105702, "path": "/tmp/orze-cpu-stop-cf1/test_post_delete_fsync_uncerta1/project-0/recovery-report.json", "sha256": "01dbdd1cbf50585c7a95eca9a44af12d773c7ce57ac18da62e201818069f3658", "test": "tests/test_cpu_terminal_recovery_barrier.py::test_post_delete_fsync_uncertainty_blocks_fresh_restart_with_zero_bound[recovery]"}, {"bytes": 68089, "path": "/tmp/orze-cpu-stop-cf1/test_in_progress_denies_alread0/project-0/recovery-report.json", "sha256": "d68529ee99202a8c696f2cd07dbdc322e8ff3600fbbd98e8a33ad585d6b5decc", "test": "tests/test_cpu_terminal_recovery_barrier.py::test_in_progress_denies_already_running_peer_admission[reserve]"}, {"bytes": 68087, "path": "/tmp/orze-cpu-stop-cf1/test_in_progress_denies_alread1/project-0/recovery-report.json", "sha256": "7d54d7af9b4fe7cd8ae7b0100e030f11761d66876108e6c1caa0f80dde776c88", "test": "tests/test_cpu_terminal_recovery_barrier.py::test_in_progress_denies_already_running_peer_admission[require_permit]"}, {"bytes": 66939, "path": "/tmp/orze-cpu-stop-cf1/test_two_recovery_consumers_do0/project-0/recovery-report.json", "sha256": "6505aed69819eb6c515adb3d915a6ae9cdc9ae89b83e4b365961be4fbceb3df6", "test": "tests/test_cpu_terminal_recovery_barrier.py::test_two_recovery_consumers_do_not_repeat_settlement_or_poison_owner"}, {"bytes": 67339, "path": "/tmp/orze-cpu-stop-cf1/test_legal_peer_decision_after0/project-0/recovery-report.json", "sha256": "3ab8443367521290891b7f3c1461524ce65847559db3511008305c739352ea93", "test": "tests/test_cpu_terminal_recovery_barrier.py::test_legal_peer_decision_after_complete_commit_preserves_exact_owner_result"}, {"bytes": 103398, "path": "/tmp/orze-cpu-stop-cf1/test_recovery_transaction_unkn0/project-0/recovery-report.json", "sha256": "10b405708d5764368f2bf8670d02fa03898bcfeadadbf6726c09d33413ac7eae", "test": "tests/test_cpu_terminal_recovery_barrier.py::test_recovery_transaction_unknown_is_not_an_ordinary_success[IN_PROGRESS-rollback]"}, {"bytes": 105613, "path": "/tmp/orze-cpu-stop-cf1/test_recovery_transaction_unkn1/project-0/recovery-report.json", "sha256": "456569980c0d7082b4e8a1ab68fa523fd195a63bfb4feffac0b33cac65605398", "test": "tests/test_cpu_terminal_recovery_barrier.py::test_recovery_transaction_unknown_is_not_an_ordinary_success[COMPLETE-rollback]"}, {"bytes": 107022, "path": "/tmp/orze-cpu-stop-cf1/test_recovery_transaction_unkn2/project-0/recovery-report.json", "sha256": "329c10ee7ea99f946d682ec8c16a35d2bd2c423e6e8bd68015b4d84360891d54", "test": "tests/test_cpu_terminal_recovery_barrier.py::test_recovery_transaction_unknown_is_not_an_ordinary_success[COMPLETE-committed_raise]"}, {"bytes": 65979, "path": "/tmp/orze-cpu-stop-cf1/test_existing_unqualified_gate0/project-0/recovery-report.json", "sha256": "b4205b45edd92b394483d93dd8060ea02ff868cffc67e33e83678b36c92a65af", "test": "tests/test_cpu_terminal_recovery_barrier.py::test_existing_unqualified_gate_owner_is_preserved"}, {"bytes": 65977, "path": "/tmp/orze-cpu-stop-cf1/test_recovery_refuses_caller_t0/project-0/recovery-report.json", "sha256": "013c95191b00e60763369b43c9ff6fe4c284ca55f88a359fa89c420c0b04b0b9", "test": "tests/test_cpu_terminal_recovery_barrier.py::test_recovery_refuses_caller_transaction_without_consuming_it"}, {"bytes": 66809, "path": "/tmp/orze-cpu-stop-cf1/test_actual_peer_nonce_replace0/project-0/recovery-report.json", "sha256": "1a0a5d963abe4e76de94ddc6f4cf7e35b7f4e0f9ef4da4d80c77c33748112d70", "test": "tests/test_cpu_terminal_recovery_barrier.py::test_actual_peer_nonce_replacement_cannot_be_completed_by_old_owner"}, {"bytes": 318529, "path": "/tmp/orze-cpu-stop-cf1/test_fresh_cli_resumes_confirm0/domain-project/recovery-report.json", "sha256": "7f97ad1c86b5622250316e971153bb6d015a22ef4e4181db2db0243d00d05e82", "test": "tests/test_cpu_terminal_recovery_domain.py::test_fresh_cli_resumes_confirmed_domain_without_reinterpretation[schedule-feasibility-v1-valid]"}, {"bytes": 318475, "path": "/tmp/orze-cpu-stop-cf1/test_fresh_cli_resumes_confirm1/domain-project/recovery-report.json", "sha256": "3531a06eb9ef7c111499a12fdb5201473b05192ec8f4078d12b302d26c17f3fc", "test": "tests/test_cpu_terminal_recovery_domain.py::test_fresh_cli_resumes_confirmed_domain_without_reinterpretation[schedule-feasibility-v2-invalid]"}, {"bytes": 149418, "path": "/tmp/orze-cpu-stop-cf1/test_recovery_refuses_changed_0/project-0/recovery-report.json", "sha256": "8fb010b9d40b8b7ced32d3122a4a05a1768227f876fb88bf182869b0088c4499", "test": "tests/test_cpu_terminal_recovery_guards.py::test_recovery_refuses_changed_native_binding[origin]"}, {"bytes": 149369, "path": "/tmp/orze-cpu-stop-cf1/test_recovery_refuses_changed_1/project-0/recovery-report.json", "sha256": "1681d7db35a3c83779f302aad5af5885e2a63199cb15d71d6fec468467a86f14", "test": "tests/test_cpu_terminal_recovery_guards.py::test_recovery_refuses_changed_native_binding[kind]"}, {"bytes": 149431, "path": "/tmp/orze-cpu-stop-cf1/test_recovery_refuses_changed_2/project-0/recovery-report.json", "sha256": "fd7ed913422cc403eda822c98d6682a489b09fe87bf48f84289e3a8a0181dbd4", "test": "tests/test_cpu_terminal_recovery_guards.py::test_recovery_refuses_changed_native_binding[resource]"}, {"bytes": 149461, "path": "/tmp/orze-cpu-stop-cf1/test_recovery_refuses_changed_3/project-0/recovery-report.json", "sha256": "b3391b23331903474603770df3e39168b1aa3e4b3eb72f96fb7687f0a923166b", "test": "tests/test_cpu_terminal_recovery_guards.py::test_recovery_refuses_changed_native_binding[attempt_ref]"}, {"bytes": 149454, "path": "/tmp/orze-cpu-stop-cf1/test_recovery_refuses_changed_4/project-0/recovery-report.json", "sha256": "9545bea1bc06d2f14798c1ff3b9ce8d2e4284e20c6d20fabce77ee29f39406ed", "test": "tests/test_cpu_terminal_recovery_guards.py::test_recovery_refuses_changed_native_binding[process_pid]"}, {"bytes": 149475, "path": "/tmp/orze-cpu-stop-cf1/test_recovery_refuses_changed_5/project-0/recovery-report.json", "sha256": "317499d6d09bbd113483a60c1b43614b3138cbccec6bf9dc9e4a448f6ff358b4", "test": "tests/test_cpu_terminal_recovery_guards.py::test_recovery_refuses_changed_native_binding[command_sha256]"}, {"bytes": 149484, "path": "/tmp/orze-cpu-stop-cf1/test_recovery_refuses_changed_6/project-0/recovery-report.json", "sha256": "95870bd6d188a405dcdeff9da28ed75bc3e83fbde812064923158c057cae2107", "test": "tests/test_cpu_terminal_recovery_guards.py::test_recovery_refuses_changed_native_binding[timeout_seconds]"}, {"bytes": 149424, "path": "/tmp/orze-cpu-stop-cf1/test_recovery_refuses_changed_7/project-0/recovery-report.json", "sha256": "287bbb7f3659155338d1cc1466690e42c711830a67018d68342330f85570cb35", "test": "tests/test_cpu_terminal_recovery_guards.py::test_recovery_refuses_changed_captured_source[database]"}, {"bytes": 149463, "path": "/tmp/orze-cpu-stop-cf1/test_recovery_refuses_changed_8/project-0/recovery-report.json", "sha256": "2f84e431629c2244112809a30c7f70f59b76c50c14e17d10ee25b803fc179d05", "test": "tests/test_cpu_terminal_recovery_guards.py::test_recovery_refuses_changed_captured_source[claim_sha256]"}, {"bytes": 149450, "path": "/tmp/orze-cpu-stop-cf1/test_recovery_refuses_changed_9/project-0/recovery-report.json", "sha256": "31f10d34bef718026431b8b79424ddf81bb67b4a4a9c2ac412ca2786a7b158c1", "test": "tests/test_cpu_terminal_recovery_guards.py::test_recovery_refuses_changed_captured_source[config_sha256]"}, {"bytes": 149658, "path": "/tmp/orze-cpu-stop-cf1/test_recovery_refuses_changed_10/project-0/recovery-report.json", "sha256": "f627ef492a73f18c34e999e76276d2ec4badb9036819b579e4f6c5c878e2ed1d", "test": "tests/test_cpu_terminal_recovery_guards.py::test_recovery_refuses_changed_current_lifecycle"}, {"bytes": 149491, "path": "/tmp/orze-cpu-stop-cf1/test_recovery_refuses_rehashed0/project-0/recovery-report.json", "sha256": "47dd2822c83ded4b4ed7b9c4b019ab3311ab4ffde08b247c16a7ad915936cc0b", "test": "tests/test_cpu_terminal_recovery_guards.py::test_recovery_refuses_rehashed_non_cpu_prepared_plan"}, {"bytes": 149622, "path": "/tmp/orze-cpu-stop-cf1/test_recovery_refuses_changed_11/project-0/recovery-report.json", "sha256": "22dadf216c29cf85b8605d8cf7b45c0a1a6f7c9e274847254a1fe7456ef24359", "test": "tests/test_cpu_terminal_recovery_guards.py::test_recovery_refuses_changed_catalog_route"}, {"bytes": 149702, "path": "/tmp/orze-cpu-stop-cf1/test_recovery_refuses_changed_12/project-0/recovery-report.json", "sha256": "83f156104fceebc9e5d2a2f348632f690531f404108e682d0b16e552d0328f23", "test": "tests/test_cpu_terminal_recovery_guards.py::test_recovery_refuses_changed_ready_member_identity"}, {"bytes": 192508, "path": "/tmp/orze-cpu-stop-cf1/test_recovery_rechecks_source_0/project-0/recovery-report.json", "sha256": "35eb5eea88b17a6560f32d6d86f30c7fb75e3c32b1efea5ca5f2ea00bfedb005", "test": "tests/test_cpu_terminal_recovery_guards.py::test_recovery_rechecks_source_after_enumeration_before_settlement"}, {"bytes": 150970, "path": "/tmp/orze-cpu-stop-cf1/test_preexisting_stop_never_au0/project-0/recovery-report.json", "sha256": "98ad08d14a816e1c76a4915363c418bcf95e7a47f1d3bf502103afcb026926df", "test": "tests/test_cpu_terminal_recovery_guards.py::test_preexisting_stop_never_authorizes_automatic_settlement[ordinary_stop]"}, {"bytes": 150866, "path": "/tmp/orze-cpu-stop-cf1/test_preexisting_stop_never_au1/project-0/recovery-report.json", "sha256": "99d1095f811f954976908d63467d7e355f901d13efa0624df234026ea995e66e", "test": "tests/test_cpu_terminal_recovery_guards.py::test_preexisting_stop_never_authorizes_automatic_settlement[storage_hold]"}, {"bytes": 151029, "path": "/tmp/orze-cpu-stop-cf1/test_preexisting_stop_never_au2/project-0/recovery-report.json", "sha256": "7b5bfe357903d168c83522e98df5ecbafe1e6b00a0735287718b07a5dc350fe1", "test": "tests/test_cpu_terminal_recovery_guards.py::test_preexisting_stop_never_authorizes_automatic_settlement[masked_storage_hold]"}, {"bytes": 149602, "path": "/tmp/orze-cpu-stop-cf1/test_recovery_refuses_unbound_0/project-0/recovery-report.json", "sha256": "5b1dc5957873b4b60cbf55752682512de72295f96dea4af8cfb0ede13ecaef3a", "test": "tests/test_cpu_terminal_recovery_guards.py::test_recovery_refuses_unbound_replication_request_field"}, {"bytes": 149552, "path": "/tmp/orze-cpu-stop-cf1/test_recovery_refuses_artifact0/project-0/recovery-report.json", "sha256": "908eb9a81a4ffccecbca69faf59037a52274b1235bf0d53d7eb8220276678413", "test": "tests/test_cpu_terminal_recovery_guards.py::test_recovery_refuses_artifact_root_unrelated_to_published_records"}, {"bytes": 214280, "path": "/tmp/orze-cpu-stop-cf1/test_restart_settles_confirmed0/project-0/recovery-report.json", "sha256": "87f1d3bd25e00279acbbeecc6fae47676f7cdef0be6cbca2cbc53dd2e3170662", "test": "tests/test_cpu_terminal_settlement_recovery.py::test_restart_settles_confirmed_terminal_without_repeating_original_worker[0]"}, {"bytes": 202491, "path": "/tmp/orze-cpu-stop-cf1/test_restart_settles_confirmed1/project-0/recovery-report.json", "sha256": "79b2591e893a3441435c379165c31829caccaf3cad5b91791e1b70792856167d", "test": "tests/test_cpu_terminal_settlement_recovery.py::test_restart_settles_confirmed_terminal_without_repeating_original_worker[7]"}, {"bytes": 128281, "path": "/tmp/orze-cpu-stop-cf1/test_real_v2_confirmed_termina0/project-0/recovery-report.json", "sha256": "8da66e4d43ddfaca76367cbca7bf236a4363cdcfa3db83cbc6e8c0fa01c4f349", "test": "tests/test_runtime_lease_recovery.py::test_real_v2_confirmed_terminal_crash_recovers_metadata_only[0]"}, {"bytes": 119711, "path": "/tmp/orze-cpu-stop-cf1/test_real_v2_confirmed_termina1/project-0/recovery-report.json", "sha256": "d8a72dda07d808c0e54d33772d0bed1862e3c2845bbf62dfe52f7e5b8ad8bc44", "test": "tests/test_runtime_lease_recovery.py::test_real_v2_confirmed_terminal_crash_recovers_metadata_only[7]"}, {"bytes": 121088, "path": "/tmp/orze-cpu-stop-cf1/test_real_historical_v1_termin0/historical-project/recovery-report.json", "sha256": "dc2aa5e0020919cf3b125f69b53540e94826e3e02612e4cc7eced2c4a5ec16bb", "test": "tests/test_runtime_lease_recovery.py::test_real_historical_v1_terminal_recovers_without_upgrade_or_reexecution"}]
ACCEPTANCE_REPORTS=[{"bytes": 283136, "name": "sorting_default", "path": "/tmp/orze-cpu-stop-cf1/acceptance-sorting-default0/acceptance-report.json", "sha256": "3c3cb029a1d94521080e3d11258f5a49e92d024e76f40548eaa93bd759a6cad3"}, {"bytes": 122492, "name": "sorting_counterfactual", "path": "/tmp/orze-cpu-stop-cf1/acceptance-sorting-counterfactual0/acceptance-report.json", "sha256": "22312ab00d4b62b8aab5f9dea5295f711a0ecc9edafa50f28d652be53dd2900a"}, {"bytes": 277970, "name": "compression_default", "path": "/tmp/orze-cpu-stop-cf1/acceptance-compression-default0/acceptance-report.json", "sha256": "cd096424c1803965c6608faa8645de4d618c32fdb2ffba9ff25d1a59e861e880"}, {"bytes": 122069, "name": "compression_counterfactual", "path": "/tmp/orze-cpu-stop-cf1/acceptance-compression-counterfactual0/acceptance-report.json", "sha256": "1319d7111e5090caec65e2161c05dfccfd8ada8070b8a526355089a718e65b86"}]

=================================== FAILURES ===================================
____ TestProbeMechanisms.test_cpu_route_does_not_require_role_or_gc_storage ____
/hot-data/fsx/workspace/erik/orze-p1-continuation-20260914/core/tests/test_storage_preflight.py:211: in test_cpu_route_does_not_require_role_or_gc_storage
    orchestrator.Orze.run(runner)
/hot-data/fsx/workspace/erik/orze-p1-continuation-20260914/orze/src/orze/engine/orchestrator.py:1021: in run
    if (self._controller_profile_enabled
E   AttributeError: 'types.SimpleNamespace' object has no attribute '_controller_profile_enabled'
=============================== warnings summary ===============================
../../../../../../home/erik/.local/lib/python3.10/site-packages/_pytest/config/__init__.py:885
  /home/erik/.local/lib/python3.10/site-packages/_pytest/config/__init__.py:885: PytestAssertRewriteWarning: Module already imported so cannot be rewritten; cpu_terminal_recovery_helpers
    self.import_plugin(import_spec)

../../../../../../home/erik/.local/lib/python3.10/site-packages/_pytest/config/__init__.py:885
  /home/erik/.local/lib/python3.10/site-packages/_pytest/config/__init__.py:885: PytestAssertRewriteWarning: Module already imported so cannot be rewritten; examples.holdout.testing
    self.import_plugin(import_spec)

-- Docs: https://docs.pytest.org/en/stable/how-to/capture-warnings.html
=========================== short test summary info ============================
SKIPPED [1] ../core/tests/test_sweeper.py:12: could not import 'orze_pro.engine.role_runner': orze-pro is not activated. Set ORZE_PRO_KEY environment variable. Get a license at orze.ai/pro
SKIPPED [1] ../core/tests/test_evolution.py:228: could not import 'orze_pro.agents.code_evolution': orze-pro is not activated. Set ORZE_PRO_KEY environment variable. Get a license at orze.ai/pro
SKIPPED [1] ../core/tests/test_evolution.py:239: could not import 'orze_pro.agents.code_evolution': orze-pro is not activated. Set ORZE_PRO_KEY environment variable. Get a license at orze.ai/pro
SKIPPED [1] ../core/tests/test_evolution.py:255: could not import 'orze_pro.agents.meta_research': orze-pro is not activated. Set ORZE_PRO_KEY environment variable. Get a license at orze.ai/pro
SKIPPED [1] ../core/tests/test_skill_registry.py:123: orze-pro not installed
SKIPPED [1] ../core/tests/test_skill_registry.py:135: orze-pro not installed
1 failed, 5356 passed, 6 skipped, 2 warnings in 1159.04s (0:19:19)
