........................................................................ [  1%]
........................................................................ [  2%]
........................................................................ [  4%]
........................................................................ [  5%]
........................................................................ [  7%]
........................................................................ [  8%]
........................................................................ [ 10%]
........................................................................ [ 11%]
........................................................................ [ 13%]
........................................................................ [ 14%]
........................................................................ [ 16%]
.................................................F....FF................ [ 17%]
........................................................................ [ 19%]
........................................................................ [ 20%]
........................................................................ [ 22%]
........................................................................ [ 23%]
........................................................................ [ 25%]
............................F........................................... [ 26%]
........................................................................ [ 28%]
........................................................................ [ 29%]
........................................................................ [ 31%]
........................................................................ [ 32%]
........................................................................ [ 34%]
........................................................................ [ 35%]
........................................................................ [ 37%]
........................................................................ [ 38%]
........................................................................ [ 40%]
........................................................................ [ 41%]
...........sss.......................................................... [ 43%]
........................................................................ [ 44%]
........................................................................ [ 46%]
........................................................................ [ 47%]
.......................s................................................ [ 49%]
........................................................................ [ 50%]
........................................................................ [ 52%]
........................................................................ [ 53%]
........................................................................ [ 54%]
........................................................................ [ 56%]
........................................................................ [ 57%]
........................................................................ [ 59%]
........................................................................ [ 60%]
........................................................................ [ 62%]
........................................................................ [ 63%]
........................................................................ [ 65%]
........................................................................ [ 66%]
........................................................................ [ 68%]
........................................................................ [ 69%]
........................................................................ [ 71%]
........................................................................ [ 72%]
........................................................................ [ 74%]
........................................................................ [ 75%]
........................................................................ [ 77%]
........................................................................ [ 78%]
........................................................................ [ 80%]
........................................................................ [ 81%]
........................................................................ [ 83%]
........................................................................ [ 84%]
........................................................................ [ 86%]
........................................................................ [ 87%]
........................................................................ [ 89%]
........................................................................ [ 90%]
........................................................................ [ 92%]
...................ss................................................... [ 93%]
........................................................................ [ 95%]
........................................................................ [ 96%]
........................................................................ [ 98%]
........................................................................ [ 99%]
......................                                                   [100%]HOLDOUT_REPORTS=[{"bytes": 2618179, "name": "workflow", "path": "/tmp/orze-dedup-candidate-query-core-full-20260915/holdout-workflow0/holdout-report.json", "sha256": "4ebbf883335750ac54f5ad7bd488dc7b9938a6acc5fa0b6cd6983666b015a23e"}, {"bytes": 149245, "name": "boundary", "path": "/tmp/orze-dedup-candidate-query-core-full-20260915/holdout-boundary0/holdout-report.json", "sha256": "92f8717699182de99d799a1a3357b85694c0c55ff431221bfb57c2733eb84c8c"}, {"bytes": 149354, "name": "duplicate_id", "path": "/tmp/orze-dedup-candidate-query-core-full-20260915/holdout-duplicate_id0/holdout-report.json", "sha256": "6e9233828bfab424440081920c825123e36404077c030864511f4390e0d53475"}, {"bytes": 150666, "name": "missing_prerequisite", "path": "/tmp/orze-dedup-candidate-query-core-full-20260915/holdout-missing_prerequisite0/holdout-report.json", "sha256": "dfc91f4d276dcb98d9e95c94d04d3b0203337a0141f029020ed7f58895e32cb6"}, {"bytes": 148731, "name": "overload", "path": "/tmp/orze-dedup-candidate-query-core-full-20260915/holdout-overload0/holdout-report.json", "sha256": "895e0d1d97656f6f86f7809e1d33d5f8cef1f00e25df2248df1f1d0b6183f3ce"}, {"bytes": 147542, "name": "malformed", "path": "/tmp/orze-dedup-candidate-query-core-full-20260915/holdout-malformed0/holdout-report.json", "sha256": "1593bd97891f4f6211d7a0b34561e9f169a41768b160e3470ef9a09f8deefc25"}]
CPU_RECOVERY_REPORTS=[{"bytes": 86424, "path": "/tmp/orze-dedup-candidate-query-core-full-20260915/test_real_confirmed_terminal_r0/project-0/recovery-report.json", "sha256": "21992cc0ceb50b071f2ed68b723f085e1904fafb72311ee8ea08853ac63d1ce3", "test": "tests/test_cpu_claim_reader_consolidation.py::TestPublicSnapshotRouting::test_real_confirmed_terminal_recovery_uses_required_8k_public_snapshot"}, {"bytes": 109347, "path": "/tmp/orze-dedup-candidate-query-core-full-20260915/test_post_delete_fsync_uncerta0/project-0/recovery-report.json", "sha256": "a24b43d79df87f880998d170a7f2e027be867db2f4d28e22a1c66213dac32553", "test": "tests/test_cpu_terminal_recovery_barrier.py::test_post_delete_fsync_uncertainty_blocks_fresh_restart_with_zero_bound[effect]"}, {"bytes": 109324, "path": "/tmp/orze-dedup-candidate-query-core-full-20260915/test_post_delete_fsync_uncerta1/project-0/recovery-report.json", "sha256": "b19602de67fdef3e1d196bf2881c503759dd56a00be99b7357ce93749bc4a14a", "test": "tests/test_cpu_terminal_recovery_barrier.py::test_post_delete_fsync_uncertainty_blocks_fresh_restart_with_zero_bound[recovery]"}, {"bytes": 70363, "path": "/tmp/orze-dedup-candidate-query-core-full-20260915/test_in_progress_denies_alread0/project-0/recovery-report.json", "sha256": "43c4ebacaba55875dda800ac622e7efa78c56564a057ea2814a65ff6b46a709d", "test": "tests/test_cpu_terminal_recovery_barrier.py::test_in_progress_denies_already_running_peer_admission[reserve]"}, {"bytes": 70361, "path": "/tmp/orze-dedup-candidate-query-core-full-20260915/test_in_progress_denies_alread1/project-0/recovery-report.json", "sha256": "873c6fe118967d670467b53c1816cf7a864b28b5a0e3800e7e63db5a8f56cf93", "test": "tests/test_cpu_terminal_recovery_barrier.py::test_in_progress_denies_already_running_peer_admission[require_permit]"}, {"bytes": 69129, "path": "/tmp/orze-dedup-candidate-query-core-full-20260915/test_two_recovery_consumers_do0/project-0/recovery-report.json", "sha256": "3116a893e22d491a60aa93e39718bd6441e323493a32b16e9a051215aa2226f4", "test": "tests/test_cpu_terminal_recovery_barrier.py::test_two_recovery_consumers_do_not_repeat_settlement_or_poison_owner"}, {"bytes": 69567, "path": "/tmp/orze-dedup-candidate-query-core-full-20260915/test_legal_peer_decision_after0/project-0/recovery-report.json", "sha256": "58cc2b65a2f246a3ba8a1e3b883b693b965bdb35f3461d2f5d46f38089868cbd", "test": "tests/test_cpu_terminal_recovery_barrier.py::test_legal_peer_decision_after_complete_commit_preserves_exact_owner_result"}, {"bytes": 106795, "path": "/tmp/orze-dedup-candidate-query-core-full-20260915/test_recovery_transaction_unkn0/project-0/recovery-report.json", "sha256": "67aa77087e5c312aff0b27299d40906b660ea390ade57fc1291875e3b7f19102", "test": "tests/test_cpu_terminal_recovery_barrier.py::test_recovery_transaction_unknown_is_not_an_ordinary_success[IN_PROGRESS-rollback]"}, {"bytes": 109287, "path": "/tmp/orze-dedup-candidate-query-core-full-20260915/test_recovery_transaction_unkn1/project-0/recovery-report.json", "sha256": "f490452ee0e35972d37747fa2fa1590cc24263f068320b9e3740d3b124afaa32", "test": "tests/test_cpu_terminal_recovery_barrier.py::test_recovery_transaction_unknown_is_not_an_ordinary_success[COMPLETE-rollback]"}, {"bytes": 110780, "path": "/tmp/orze-dedup-candidate-query-core-full-20260915/test_recovery_transaction_unkn2/project-0/recovery-report.json", "sha256": "a87aee44fda5d902a67097da7ca5eed6eb208a52c05969aa0b9cd853bf394e84", "test": "tests/test_cpu_terminal_recovery_barrier.py::test_recovery_transaction_unknown_is_not_an_ordinary_success[COMPLETE-committed_raise]"}, {"bytes": 68083, "path": "/tmp/orze-dedup-candidate-query-core-full-20260915/test_existing_unqualified_gate0/project-0/recovery-report.json", "sha256": "138e5d45c475ad6f29f381024bbc23abdfc217e1398a2ffd9c354a6b8f1c1953", "test": "tests/test_cpu_terminal_recovery_barrier.py::test_existing_unqualified_gate_owner_is_preserved"}, {"bytes": 68085, "path": "/tmp/orze-dedup-candidate-query-core-full-20260915/test_recovery_refuses_caller_t0/project-0/recovery-report.json", "sha256": "802d1362b94fc3346e7e34cc7a9ab1c5187003a886bdef20ef8adc9076824f61", "test": "tests/test_cpu_terminal_recovery_barrier.py::test_recovery_refuses_caller_transaction_without_consuming_it"}, {"bytes": 68991, "path": "/tmp/orze-dedup-candidate-query-core-full-20260915/test_actual_peer_nonce_replace0/project-0/recovery-report.json", "sha256": "8df30c73a8164215d70125054b618f3597f2e87c68c8b57fb08bcd6a021b5d5b", "test": "tests/test_cpu_terminal_recovery_barrier.py::test_actual_peer_nonce_replacement_cannot_be_completed_by_old_owner"}, {"bytes": 329209, "path": "/tmp/orze-dedup-candidate-query-core-full-20260915/test_fresh_cli_resumes_confirm0/domain-project/recovery-report.json", "sha256": "8a60df020e24c927cf5efa6a3b594f016da5395de28b8c3f235aec16f86e5399", "test": "tests/test_cpu_terminal_recovery_domain.py::test_fresh_cli_resumes_confirmed_domain_without_reinterpretation[schedule-feasibility-v1-valid]"}, {"bytes": 329142, "path": "/tmp/orze-dedup-candidate-query-core-full-20260915/test_fresh_cli_resumes_confirm1/domain-project/recovery-report.json", "sha256": "a6da28f33ccb80e6689d7cc805c7fb8429ec8d74266b407ecf672c944c54b174", "test": "tests/test_cpu_terminal_recovery_domain.py::test_fresh_cli_resumes_confirmed_domain_without_reinterpretation[schedule-feasibility-v2-invalid]"}, {"bytes": 154106, "path": "/tmp/orze-dedup-candidate-query-core-full-20260915/test_recovery_refuses_changed_0/project-0/recovery-report.json", "sha256": "da6b8682e804e561197b2e10e4fdc22833cb77e0129b21880fa814f08f84127c", "test": "tests/test_cpu_terminal_recovery_guards.py::test_recovery_refuses_changed_native_binding[origin]"}, {"bytes": 154076, "path": "/tmp/orze-dedup-candidate-query-core-full-20260915/test_recovery_refuses_changed_1/project-0/recovery-report.json", "sha256": "575155e8bdcc1d3b51b3ee00f0fe79f67c34a0834fff8bdafce404c5a5bba69a", "test": "tests/test_cpu_terminal_recovery_guards.py::test_recovery_refuses_changed_native_binding[kind]"}, {"bytes": 154135, "path": "/tmp/orze-dedup-candidate-query-core-full-20260915/test_recovery_refuses_changed_2/project-0/recovery-report.json", "sha256": "691b316a42fe0c26b040b50cda2806353cd5f6eecd9ec5bf1fbdaef5c3da7c6d", "test": "tests/test_cpu_terminal_recovery_guards.py::test_recovery_refuses_changed_native_binding[resource]"}, {"bytes": 154166, "path": "/tmp/orze-dedup-candidate-query-core-full-20260915/test_recovery_refuses_changed_3/project-0/recovery-report.json", "sha256": "173a1b6a0a746e7bec3e2d5939f5974dcfcd5d27c46d22d7909c68582f8bf968", "test": "tests/test_cpu_terminal_recovery_guards.py::test_recovery_refuses_changed_native_binding[attempt_ref]"}, {"bytes": 154164, "path": "/tmp/orze-dedup-candidate-query-core-full-20260915/test_recovery_refuses_changed_4/project-0/recovery-report.json", "sha256": "758c77350d5535dd8981f94ae8480505ddc55d82ff507d6e1af26c3add0ab813", "test": "tests/test_cpu_terminal_recovery_guards.py::test_recovery_refuses_changed_native_binding[process_pid]"}, {"bytes": 154176, "path": "/tmp/orze-dedup-candidate-query-core-full-20260915/test_recovery_refuses_changed_5/project-0/recovery-report.json", "sha256": "8801f917508c40bdcde069d25314316d6aa7c1af9ea9d4823b0e54ca4b904054", "test": "tests/test_cpu_terminal_recovery_guards.py::test_recovery_refuses_changed_native_binding[command_sha256]"}, {"bytes": 154184, "path": "/tmp/orze-dedup-candidate-query-core-full-20260915/test_recovery_refuses_changed_6/project-0/recovery-report.json", "sha256": "f317cc2a7b78c0bf79540ee315332dc5add7350bbdbd73f68b2d4b5c0216d0e7", "test": "tests/test_cpu_terminal_recovery_guards.py::test_recovery_refuses_changed_native_binding[timeout_seconds]"}, {"bytes": 154121, "path": "/tmp/orze-dedup-candidate-query-core-full-20260915/test_recovery_refuses_changed_7/project-0/recovery-report.json", "sha256": "613acfef3f9d97e9cfa883a83b5d058fefbcb665b493e3d116e02e895bf11b57", "test": "tests/test_cpu_terminal_recovery_guards.py::test_recovery_refuses_changed_captured_source[database]"}, {"bytes": 154152, "path": "/tmp/orze-dedup-candidate-query-core-full-20260915/test_recovery_refuses_changed_8/project-0/recovery-report.json", "sha256": "df13602b7c5d2b96fbfd7edc8ff7d7429686fcda4283721aa2a0d61e63128f3e", "test": "tests/test_cpu_terminal_recovery_guards.py::test_recovery_refuses_changed_captured_source[claim_sha256]"}, {"bytes": 154173, "path": "/tmp/orze-dedup-candidate-query-core-full-20260915/test_recovery_refuses_changed_9/project-0/recovery-report.json", "sha256": "3a35e30542fc4ce8f6d6b74a58c542ec10f82f2ec90292b50243e267ba350552", "test": "tests/test_cpu_terminal_recovery_guards.py::test_recovery_refuses_changed_captured_source[config_sha256]"}, {"bytes": 154345, "path": "/tmp/orze-dedup-candidate-query-core-full-20260915/test_recovery_refuses_changed_10/project-0/recovery-report.json", "sha256": "295a076f41f5866aeafb9faebfa14a420b09d3e24f23774d8cb9898e6c30cfd9", "test": "tests/test_cpu_terminal_recovery_guards.py::test_recovery_refuses_changed_current_lifecycle"}, {"bytes": 154197, "path": "/tmp/orze-dedup-candidate-query-core-full-20260915/test_recovery_refuses_rehashed0/project-0/recovery-report.json", "sha256": "69ea741df9f74c7d3d4357c94c461fc387585b1ef6f3c8dfb0309288c93c18c1", "test": "tests/test_cpu_terminal_recovery_guards.py::test_recovery_refuses_rehashed_non_cpu_prepared_plan"}, {"bytes": 154345, "path": "/tmp/orze-dedup-candidate-query-core-full-20260915/test_recovery_refuses_changed_11/project-0/recovery-report.json", "sha256": "10201fdf5eb0f4dc5a8b314859f034f3595a0c74b06c62a5b613005bc887d09b", "test": "tests/test_cpu_terminal_recovery_guards.py::test_recovery_refuses_changed_catalog_route"}, {"bytes": 154388, "path": "/tmp/orze-dedup-candidate-query-core-full-20260915/test_recovery_refuses_changed_12/project-0/recovery-report.json", "sha256": "b59cada43d8bb3e1341348ae43dd1e66e0e9745de63f671fee7b35c9948ce6ed", "test": "tests/test_cpu_terminal_recovery_guards.py::test_recovery_refuses_changed_ready_member_identity"}, {"bytes": 198882, "path": "/tmp/orze-dedup-candidate-query-core-full-20260915/test_recovery_rechecks_source_0/project-0/recovery-report.json", "sha256": "33dadb07fadcbfc8bbe8fa00fec692a17f02de3bb3fc03d0482b9985fc8f1e40", "test": "tests/test_cpu_terminal_recovery_guards.py::test_recovery_rechecks_source_after_enumeration_before_settlement"}, {"bytes": 155797, "path": "/tmp/orze-dedup-candidate-query-core-full-20260915/test_preexisting_stop_never_au0/project-0/recovery-report.json", "sha256": "b8ac13960cbcc61a1e1b85d386214c98859802e81fbdc070798b864a7841c7c7", "test": "tests/test_cpu_terminal_recovery_guards.py::test_preexisting_stop_never_authorizes_automatic_settlement[ordinary_stop]"}, {"bytes": 155638, "path": "/tmp/orze-dedup-candidate-query-core-full-20260915/test_preexisting_stop_never_au1/project-0/recovery-report.json", "sha256": "a93b96d03fb349fa972bfb0236931430f1e3040f8c6283cc39f3bd75bb96b45b", "test": "tests/test_cpu_terminal_recovery_guards.py::test_preexisting_stop_never_authorizes_automatic_settlement[storage_hold]"}, {"bytes": 155861, "path": "/tmp/orze-dedup-candidate-query-core-full-20260915/test_preexisting_stop_never_au2/project-0/recovery-report.json", "sha256": "974b709f0135ee94785e2acf86c1995e74d096196f74f4084f98071ac8d0ad23", "test": "tests/test_cpu_terminal_recovery_guards.py::test_preexisting_stop_never_authorizes_automatic_settlement[masked_storage_hold]"}, {"bytes": 154310, "path": "/tmp/orze-dedup-candidate-query-core-full-20260915/test_recovery_refuses_unbound_0/project-0/recovery-report.json", "sha256": "44d0df6bd1b9d3b3fef75942035092821ec018586af5ae762d9ab5d2a542b622", "test": "tests/test_cpu_terminal_recovery_guards.py::test_recovery_refuses_unbound_replication_request_field"}, {"bytes": 154239, "path": "/tmp/orze-dedup-candidate-query-core-full-20260915/test_recovery_refuses_artifact0/project-0/recovery-report.json", "sha256": "0dd1109ad1b6d08df54640dd2b3bd4c4a0a2d0bce5b3727308d800778f6452ea", "test": "tests/test_cpu_terminal_recovery_guards.py::test_recovery_refuses_artifact_root_unrelated_to_published_records"}, {"bytes": 221475, "path": "/tmp/orze-dedup-candidate-query-core-full-20260915/test_restart_settles_confirmed0/project-0/recovery-report.json", "sha256": "4fc6fc0a192ceba67c1a1d9e2ee4a9d8e76f96202661118fdc6de1eb8517d7a4", "test": "tests/test_cpu_terminal_settlement_recovery.py::test_restart_settles_confirmed_terminal_without_repeating_original_worker[0]"}, {"bytes": 209103, "path": "/tmp/orze-dedup-candidate-query-core-full-20260915/test_restart_settles_confirmed1/project-0/recovery-report.json", "sha256": "97c5ea908f0060262ffe95279f4deb58bca446720675da82548649b3a8c91900", "test": "tests/test_cpu_terminal_settlement_recovery.py::test_restart_settles_confirmed_terminal_without_repeating_original_worker[7]"}, {"bytes": 132828, "path": "/tmp/orze-dedup-candidate-query-core-full-20260915/test_real_v2_confirmed_termina0/project-0/recovery-report.json", "sha256": "110bdcaa60a06d8192deb5f7a36c38fe9c89155a15624ce2d7c4495a9e001180", "test": "tests/test_runtime_lease_recovery.py::test_real_v2_confirmed_terminal_crash_recovers_metadata_only[0]"}, {"bytes": 123856, "path": "/tmp/orze-dedup-candidate-query-core-full-20260915/test_real_v2_confirmed_termina1/project-0/recovery-report.json", "sha256": "e972ddfc9cca4eb546e1275814fdfa6540fb28c064d10855a72064b9a718d0eb", "test": "tests/test_runtime_lease_recovery.py::test_real_v2_confirmed_terminal_crash_recovers_metadata_only[7]"}, {"bytes": 125630, "path": "/tmp/orze-dedup-candidate-query-core-full-20260915/test_real_historical_v1_termin0/historical-project/recovery-report.json", "sha256": "49a42ef8df0c30976e4002c0a2d9f93ec47d2c65f74db70acbad927a191212aa", "test": "tests/test_runtime_lease_recovery.py::test_real_historical_v1_terminal_recovers_without_upgrade_or_reexecution"}]
ACCEPTANCE_REPORTS=[{"bytes": 291982, "name": "sorting_default", "path": "/tmp/orze-dedup-candidate-query-core-full-20260915/acceptance-sorting-default0/acceptance-report.json", "sha256": "6f85a8a1a53aaed0f07f486037c83b6bc98a698a1b6ce93b0f84c063cd188fb1"}, {"bytes": 126718, "name": "sorting_counterfactual", "path": "/tmp/orze-dedup-candidate-query-core-full-20260915/acceptance-sorting-counterfactual0/acceptance-report.json", "sha256": "5ab550f9fb3cbff481014eb619d10eae32d1d0db3e3a838f39bbc78cc90ea697"}, {"bytes": 286867, "name": "compression_default", "path": "/tmp/orze-dedup-candidate-query-core-full-20260915/acceptance-compression-default0/acceptance-report.json", "sha256": "7df61680008fde043d8a04a0095ed208135be3487a82c5334e35cf7d08c78fc5"}, {"bytes": 126288, "name": "compression_counterfactual", "path": "/tmp/orze-dedup-candidate-query-core-full-20260915/acceptance-compression-counterfactual0/acceptance-report.json", "sha256": "8bad1ea1df5847f3eefd80d911d8646570aa6881d6bbccdc9ac5b0b9f91a6200"}]

=================================== FAILURES ===================================
________ test_real_product_known_stopped_cpu_probe_drains_without_hold _________
../core/tests/test_controller_probe_stop_boundary.py:36: in test_real_product_known_stopped_cpu_probe_drains_without_hold
    c = product_process("probe_stop")
../core/tests/test_controller_product_boundaries.py:413: in spawn
    c.__init__(root, mode)
../core/tests/test_controller_product_boundaries.py:256: in __init__
    listener = self._listener(root / "controller.sock")
../core/tests/test_controller_product_boundaries.py:305: in _listener
    channel.bind(str(path)); channel.listen(4); channel.settimeout(15)
E   OSError: AF_UNIX path too long
____________ test_erased_public_role_cannot_hide_lost_private_owner ____________
../core/tests/test_controller_product_boundaries.py:463: in test_erased_public_role_cannot_hide_lost_private_owner
    c = product_process("role_loss")
../core/tests/test_controller_product_boundaries.py:413: in spawn
    c.__init__(root, mode)
../core/tests/test_controller_product_boundaries.py:256: in __init__
    listener = self._listener(root / "controller.sock")
../core/tests/test_controller_product_boundaries.py:305: in _listener
    channel.bind(str(path)); channel.listen(4); channel.settimeout(15)
E   OSError: AF_UNIX path too long
___________ test_stop_request_at_real_ready_prevents_new_training_go ___________
../core/tests/test_controller_product_boundaries.py:480: in test_stop_request_at_real_ready_prevents_new_training_go
    c = product_process("ready_stop")
../core/tests/test_controller_product_boundaries.py:413: in spawn
    c.__init__(root, mode)
../core/tests/test_controller_product_boundaries.py:256: in __init__
    listener = self._listener(root / "controller.sock")
../core/tests/test_controller_product_boundaries.py:305: in _listener
    channel.bind(str(path)); channel.listen(4); channel.settimeout(15)
E   OSError: AF_UNIX path too long
____ test_change_during_continuation_read_refuses_before_callback[rollback] ____
/hot-data/fsx/workspace/erik/orze-p1-continuation-20260914/orze/tests/test_cpu_policy_audit_boundary.py:75: in test_change_during_continuation_read_refuses_before_callback
    assert cpu_phase.iteration(engine)
/hot-data/fsx/workspace/erik/orze-p1-continuation-20260914/orze/src/orze/engine/cpu_phase.py:212: in iteration
    require_admission(engine)
/hot-data/fsx/workspace/erik/orze-p1-continuation-20260914/orze/src/orze/engine/cpu_phase.py:146: in require_admission
    _require_invocation(engine)
/hot-data/fsx/workspace/erik/orze-p1-continuation-20260914/orze/src/orze/engine/cpu_phase.py:136: in _require_invocation
    raise CPUExecutionError("execution: controller is stopping")
E   orze.core.cpu_execution.CPUExecutionError: execution: controller is stopping
=============================== warnings summary ===============================
../../../../../../home/erik/.local/lib/python3.10/site-packages/_pytest/config/__init__.py:885
  /home/erik/.local/lib/python3.10/site-packages/_pytest/config/__init__.py:885: PytestAssertRewriteWarning: Module already imported so cannot be rewritten; cpu_terminal_recovery_helpers
    self.import_plugin(import_spec)

../../../../../../home/erik/.local/lib/python3.10/site-packages/_pytest/config/__init__.py:885
  /home/erik/.local/lib/python3.10/site-packages/_pytest/config/__init__.py:885: PytestAssertRewriteWarning: Module already imported so cannot be rewritten; examples.holdout.testing
    self.import_plugin(import_spec)

-- Docs: https://docs.pytest.org/en/stable/how-to/capture-warnings.html
=========================== short test summary info ============================
SKIPPED [1] ../core/tests/test_sweeper.py:12: could not import 'orze_pro.engine.role_runner': This is a stub package. Install the real orze-pro via: export ORZE_PRO_KEY='...' && orze run
SKIPPED [1] ../core/tests/test_evolution.py:228: could not import 'orze_pro.agents.code_evolution': This is a stub package. Install the real orze-pro via: export ORZE_PRO_KEY='...' && orze run
SKIPPED [1] ../core/tests/test_evolution.py:239: could not import 'orze_pro.agents.code_evolution': This is a stub package. Install the real orze-pro via: export ORZE_PRO_KEY='...' && orze run
SKIPPED [1] ../core/tests/test_evolution.py:255: could not import 'orze_pro.agents.meta_research': This is a stub package. Install the real orze-pro via: export ORZE_PRO_KEY='...' && orze run
SKIPPED [1] ../core/tests/test_fsm_runner_registry.py:13: could not import 'orze_pro': This is a stub package. Install the real orze-pro via: export ORZE_PRO_KEY='...' && orze run
SKIPPED [1] ../core/tests/test_skill_registry.py:123: orze-pro not installed
SKIPPED [1] ../core/tests/test_skill_registry.py:135: orze-pro not installed
4 failed, 4836 passed, 7 skipped, 2 warnings in 1124.33s (0:18:44)
