........................................................................ [  1%]
........................................................................ [  2%]
........................................................................ [  4%]
........................................................................ [  5%]
........................................................................ [  7%]
........................................................................ [  8%]
........................................................................ [ 10%]
........................................................................ [ 11%]
........................................................................ [ 12%]
........................................................................ [ 14%]
........................................................................ [ 15%]
........................................................................ [ 17%]
........................................................................ [ 18%]
........................................................................ [ 20%]
........................................................................ [ 21%]
........................................................................ [ 22%]
........................................................................ [ 24%]
........................................................................ [ 25%]
........................................................................ [ 27%]
........................................................................ [ 28%]
........................................................................ [ 30%]
........................................................................ [ 31%]
........................................................................ [ 33%]
........................................................................ [ 34%]
........................................................................ [ 35%]
........................................................................ [ 37%]
........................................................................ [ 38%]
........................................................................ [ 40%]
........................................................................ [ 41%]
................sss..................................................... [ 43%]
........................................................................ [ 44%]
........................................................................ [ 45%]
........................................................................ [ 47%]
............................s........................................... [ 48%]
........................................................................ [ 50%]
........................................................................ [ 51%]
........................................................................ [ 53%]
........................................................................ [ 54%]
........................................................................ [ 56%]
........................................................................ [ 57%]
........................................................................ [ 58%]
........................................................................ [ 60%]
........................................................................ [ 61%]
........................................................................ [ 63%]
........................................................................ [ 64%]
........................................................................ [ 66%]
........................................................................ [ 67%]
........................................................................ [ 68%]
........................................................................ [ 70%]
........................................................................ [ 71%]
........................................................................ [ 73%]
........................................................................ [ 74%]
........................................................................ [ 76%]
........................................................................ [ 77%]
........................................................................ [ 79%]
........................................................................ [ 80%]
........................................................................ [ 81%]
........................................................................ [ 83%]
........................................................................ [ 84%]
........................................................................ [ 86%]
........................................................................ [ 87%]
........................................................................ [ 89%]
........................................................................ [ 90%]
........................................................................ [ 91%]
...................ss................................................... [ 93%]
........................................................................ [ 94%]
........................................................................ [ 96%]
........................................................................ [ 97%]
........................................................................ [ 99%]
...........................................                              [100%]HOLDOUT_REPORTS=[{"bytes": 2510298, "name": "workflow", "path": "/tmp/orh-cf1/holdout-workflow0/holdout-report.json", "sha256": "9dd62da547d992d0b2124e243f840694339f655812e3ca7fda4e6a5c2816ef73"}, {"bytes": 143193, "name": "boundary", "path": "/tmp/orh-cf1/holdout-boundary0/holdout-report.json", "sha256": "5dfbc18fcad32426c19f395afff04be8c92462915d00245e4188f0b1a7720ea4"}, {"bytes": 143313, "name": "duplicate_id", "path": "/tmp/orh-cf1/holdout-duplicate_id0/holdout-report.json", "sha256": "3454ee72102d6a22e2eb372c69b5cf3c643aae0caf13ecbd2e57f2b30d0a64d8"}, {"bytes": 144635, "name": "missing_prerequisite", "path": "/tmp/orh-cf1/holdout-missing_prerequisite0/holdout-report.json", "sha256": "57a7bd1d59cde0c58ffa8c4b13a0a55b3aaa02ff292b12e5c9f3b0c7a10bb5f9"}, {"bytes": 142689, "name": "overload", "path": "/tmp/orh-cf1/holdout-overload0/holdout-report.json", "sha256": "a61b68f74dad622068662a7a9af42fb0193807bed694f638e2a2d4f50c1f4ff8"}, {"bytes": 141494, "name": "malformed", "path": "/tmp/orh-cf1/holdout-malformed0/holdout-report.json", "sha256": "f47e255509dfd84319e2cc98e7d061efc4774d53332eac96d43884dc034a8faf"}]
CPU_RECOVERY_REPORTS=[{"bytes": 82783, "path": "/tmp/orh-cf1/test_real_confirmed_terminal_r0/project-0/recovery-report.json", "sha256": "069d3b2b87b4b6911fffda02095e7615a674ff502e993bdefb3f1fcb65f40af8", "test": "tests/test_cpu_claim_reader_consolidation.py::TestPublicSnapshotRouting::test_real_confirmed_terminal_recovery_uses_required_8k_public_snapshot"}, {"bytes": 104503, "path": "/tmp/orh-cf1/test_post_delete_fsync_uncerta0/project-0/recovery-report.json", "sha256": "0d1df2e9fbc362ccb0cb0c1acd55d39d94749fb309b92cc7338d4389074aa9d8", "test": "tests/test_cpu_terminal_recovery_barrier.py::test_post_delete_fsync_uncertainty_blocks_fresh_restart_with_zero_bound[effect]"}, {"bytes": 104518, "path": "/tmp/orh-cf1/test_post_delete_fsync_uncerta1/project-0/recovery-report.json", "sha256": "e1fd49d0138532400532a6425140ef65ee004a324fcdd681db9921ca1df4966b", "test": "tests/test_cpu_terminal_recovery_barrier.py::test_post_delete_fsync_uncertainty_blocks_fresh_restart_with_zero_bound[recovery]"}, {"bytes": 67357, "path": "/tmp/orh-cf1/test_in_progress_denies_alread0/project-0/recovery-report.json", "sha256": "851cd37f0138a8289f4635ecadf0113259c869ff1a9c91cda6ca82302b98b602", "test": "tests/test_cpu_terminal_recovery_barrier.py::test_in_progress_denies_already_running_peer_admission[reserve]"}, {"bytes": 67365, "path": "/tmp/orh-cf1/test_in_progress_denies_alread1/project-0/recovery-report.json", "sha256": "5fae934a64dd3af18ee002b2da4fb71ae04379b63a8996872bd8f62c3f5c469e", "test": "tests/test_cpu_terminal_recovery_barrier.py::test_in_progress_denies_already_running_peer_admission[require_permit]"}, {"bytes": 66233, "path": "/tmp/orh-cf1/test_two_recovery_consumers_do0/project-0/recovery-report.json", "sha256": "2e24bddf7cecb7748980fcfd2bd5aa58d294cf0e3e9d19c8a9f386c625b372f0", "test": "tests/test_cpu_terminal_recovery_barrier.py::test_two_recovery_consumers_do_not_repeat_settlement_or_poison_owner"}, {"bytes": 66643, "path": "/tmp/orh-cf1/test_legal_peer_decision_after0/project-0/recovery-report.json", "sha256": "5323efb9842bad01b97113e4c4c6a3a7b3dcb159be1018cb89343cb611bfff11", "test": "tests/test_cpu_terminal_recovery_barrier.py::test_legal_peer_decision_after_complete_commit_preserves_exact_owner_result"}, {"bytes": 102332, "path": "/tmp/orh-cf1/test_recovery_transaction_unkn0/project-0/recovery-report.json", "sha256": "53215289c76e1d4e82fd0da482fbe425355ff44e2b2cee43d2b27846449346d7", "test": "tests/test_cpu_terminal_recovery_barrier.py::test_recovery_transaction_unknown_is_not_an_ordinary_success[IN_PROGRESS-rollback]"}, {"bytes": 104441, "path": "/tmp/orh-cf1/test_recovery_transaction_unkn1/project-0/recovery-report.json", "sha256": "b29b55ad634405d806ac898d090e4df0cf30a530dcd516967bda8e7d7413133b", "test": "tests/test_cpu_terminal_recovery_barrier.py::test_recovery_transaction_unknown_is_not_an_ordinary_success[COMPLETE-rollback]"}, {"bytes": 105835, "path": "/tmp/orh-cf1/test_recovery_transaction_unkn2/project-0/recovery-report.json", "sha256": "9a6ccb64b4806eafbc32c5307f69f6f4f3c103c32b4460ee6a085c0dbfb3936c", "test": "tests/test_cpu_terminal_recovery_barrier.py::test_recovery_transaction_unknown_is_not_an_ordinary_success[COMPLETE-committed_raise]"}, {"bytes": 65295, "path": "/tmp/orh-cf1/test_existing_unqualified_gate0/project-0/recovery-report.json", "sha256": "fdad98b916108d86d7849bf71166128caafb046a7c6bad3dce997b44c23b93e2", "test": "tests/test_cpu_terminal_recovery_barrier.py::test_existing_unqualified_gate_owner_is_preserved"}, {"bytes": 65306, "path": "/tmp/orh-cf1/test_recovery_refuses_caller_t0/project-0/recovery-report.json", "sha256": "2e6b8ea2a3cbf2c14a0f1891f2237b480c4529661a2503a1809d59cb51e3dd19", "test": "tests/test_cpu_terminal_recovery_barrier.py::test_recovery_refuses_caller_transaction_without_consuming_it"}, {"bytes": 66103, "path": "/tmp/orh-cf1/test_actual_peer_nonce_replace0/project-0/recovery-report.json", "sha256": "0758062bab24c5386cf85e98ddfec37608e811f9ee93b3919176e06f4f3030a3", "test": "tests/test_cpu_terminal_recovery_barrier.py::test_actual_peer_nonce_replacement_cannot_be_completed_by_old_owner"}, {"bytes": 315072, "path": "/tmp/orh-cf1/test_fresh_cli_resumes_confirm0/domain-project/recovery-report.json", "sha256": "ccf369914873ae887d8bb4ef40f3911b134127e769f9574a6935abafc7a7041f", "test": "tests/test_cpu_terminal_recovery_domain.py::test_fresh_cli_resumes_confirmed_domain_without_reinterpretation[schedule-feasibility-v1-valid]"}, {"bytes": 314995, "path": "/tmp/orh-cf1/test_fresh_cli_resumes_confirm1/domain-project/recovery-report.json", "sha256": "a778861fc73ef08e7da87680c5f3086d3f1ba4bdace59a3b477c4d5fd9362982", "test": "tests/test_cpu_terminal_recovery_domain.py::test_fresh_cli_resumes_confirmed_domain_without_reinterpretation[schedule-feasibility-v2-invalid]"}, {"bytes": 147927, "path": "/tmp/orh-cf1/test_recovery_refuses_changed_0/project-0/recovery-report.json", "sha256": "7e21eb471965fdb7122afeae1a9bf38afd8322b4f602a0eaa25ddec12c2941c6", "test": "tests/test_cpu_terminal_recovery_guards.py::test_recovery_refuses_changed_native_binding[origin]"}, {"bytes": 147877, "path": "/tmp/orh-cf1/test_recovery_refuses_changed_1/project-0/recovery-report.json", "sha256": "50e906c552191c0dd818e50949e33fc6a8eec57125d98d4cdea15bd0b4496bc5", "test": "tests/test_cpu_terminal_recovery_guards.py::test_recovery_refuses_changed_native_binding[kind]"}, {"bytes": 147931, "path": "/tmp/orh-cf1/test_recovery_refuses_changed_2/project-0/recovery-report.json", "sha256": "ea5dd01e0bf4f1bab2fb22f768b3fc8058a917da51d8272ef734559ee87ceb5f", "test": "tests/test_cpu_terminal_recovery_guards.py::test_recovery_refuses_changed_native_binding[resource]"}, {"bytes": 147967, "path": "/tmp/orh-cf1/test_recovery_refuses_changed_3/project-0/recovery-report.json", "sha256": "1580287cbd6ec15de4c311f73a35aec8769956cafbda2e6878a56e627990860c", "test": "tests/test_cpu_terminal_recovery_guards.py::test_recovery_refuses_changed_native_binding[attempt_ref]"}, {"bytes": 147966, "path": "/tmp/orh-cf1/test_recovery_refuses_changed_4/project-0/recovery-report.json", "sha256": "b42b67e40470428b9b4b54d5dce47bc17d5eed1d8c72604af207646b54215ff3", "test": "tests/test_cpu_terminal_recovery_guards.py::test_recovery_refuses_changed_native_binding[process_pid]"}, {"bytes": 148000, "path": "/tmp/orh-cf1/test_recovery_refuses_changed_5/project-0/recovery-report.json", "sha256": "76ac88a589b8643950b36038f9290d4216b10aab97846d67dbf662618867a9c2", "test": "tests/test_cpu_terminal_recovery_guards.py::test_recovery_refuses_changed_native_binding[command_sha256]"}, {"bytes": 147995, "path": "/tmp/orh-cf1/test_recovery_refuses_changed_6/project-0/recovery-report.json", "sha256": "3079d59a31ce817d456963eac968a232429e52871a415b25a2d3bf0032637776", "test": "tests/test_cpu_terminal_recovery_guards.py::test_recovery_refuses_changed_native_binding[timeout_seconds]"}, {"bytes": 147927, "path": "/tmp/orh-cf1/test_recovery_refuses_changed_7/project-0/recovery-report.json", "sha256": "41214dc398b043717d96b1cf963664492c5af7505791c208ed9846171342488e", "test": "tests/test_cpu_terminal_recovery_guards.py::test_recovery_refuses_changed_captured_source[database]"}, {"bytes": 147971, "path": "/tmp/orh-cf1/test_recovery_refuses_changed_8/project-0/recovery-report.json", "sha256": "0835d0cd420c47afa1f820444f138ccbd5daf5e42f447218b383ec3c719eac59", "test": "tests/test_cpu_terminal_recovery_guards.py::test_recovery_refuses_changed_captured_source[claim_sha256]"}, {"bytes": 147962, "path": "/tmp/orh-cf1/test_recovery_refuses_changed_9/project-0/recovery-report.json", "sha256": "8525356eff433e33a84d699fdea6f861e6e012f0cabd3bebfbf097119c9f2170", "test": "tests/test_cpu_terminal_recovery_guards.py::test_recovery_refuses_changed_captured_source[config_sha256]"}, {"bytes": 148152, "path": "/tmp/orh-cf1/test_recovery_refuses_changed_10/project-0/recovery-report.json", "sha256": "2e542dabffba4b23f6812b8ce6bd4fdaf6462ce56816f92744ebfa91b2eceb2a", "test": "tests/test_cpu_terminal_recovery_guards.py::test_recovery_refuses_changed_current_lifecycle"}, {"bytes": 148017, "path": "/tmp/orh-cf1/test_recovery_refuses_rehashed0/project-0/recovery-report.json", "sha256": "5a2dbcd9c74a298441e07ac3ecdb91842af622dfe4baf14b882514b190f27152", "test": "tests/test_cpu_terminal_recovery_guards.py::test_recovery_refuses_rehashed_non_cpu_prepared_plan"}, {"bytes": 148134, "path": "/tmp/orh-cf1/test_recovery_refuses_changed_11/project-0/recovery-report.json", "sha256": "1afd539220423065814d513ba7b223f5f9d56b5626e97e3f2b75a15fd854fb19", "test": "tests/test_cpu_terminal_recovery_guards.py::test_recovery_refuses_changed_catalog_route"}, {"bytes": 148192, "path": "/tmp/orh-cf1/test_recovery_refuses_changed_12/project-0/recovery-report.json", "sha256": "3cf175acdcc9107f9888618ff50c53a50805d3776a27f6a43f2263bb198a2292", "test": "tests/test_cpu_terminal_recovery_guards.py::test_recovery_refuses_changed_ready_member_identity"}, {"bytes": 190500, "path": "/tmp/orh-cf1/test_recovery_rechecks_source_0/project-0/recovery-report.json", "sha256": "e70a21902fab9011ed5927f98305a0a8392505395ea0b17b47b24e3d7438d012", "test": "tests/test_cpu_terminal_recovery_guards.py::test_recovery_rechecks_source_after_enumeration_before_settlement"}, {"bytes": 149462, "path": "/tmp/orh-cf1/test_preexisting_stop_never_au0/project-0/recovery-report.json", "sha256": "55ad76917b145670070d508ae4459cffe81d7d6496e1d83764136ccc554bc932", "test": "tests/test_cpu_terminal_recovery_guards.py::test_preexisting_stop_never_authorizes_automatic_settlement[ordinary_stop]"}, {"bytes": 149366, "path": "/tmp/orh-cf1/test_preexisting_stop_never_au1/project-0/recovery-report.json", "sha256": "b182d6d0c833ee5c5da07a7e22f5c26d6b107ccbbff40aee9f38f2c287e9c67e", "test": "tests/test_cpu_terminal_recovery_guards.py::test_preexisting_stop_never_authorizes_automatic_settlement[storage_hold]"}, {"bytes": 149491, "path": "/tmp/orh-cf1/test_preexisting_stop_never_au2/project-0/recovery-report.json", "sha256": "2d71930599d2a42d5f36aad4c32c8e5b2ff67ac2b748e0df88e588a42227ddaf", "test": "tests/test_cpu_terminal_recovery_guards.py::test_preexisting_stop_never_authorizes_automatic_settlement[masked_storage_hold]"}, {"bytes": 148110, "path": "/tmp/orh-cf1/test_recovery_refuses_unbound_0/project-0/recovery-report.json", "sha256": "53979dc760e5421ff85d7a3e42a28d98e35199d4b09f6402ae69172a06974e9a", "test": "tests/test_cpu_terminal_recovery_guards.py::test_recovery_refuses_unbound_replication_request_field"}, {"bytes": 148063, "path": "/tmp/orh-cf1/test_recovery_refuses_artifact0/project-0/recovery-report.json", "sha256": "dd9359499380284153854bfc970befcb71828c9340c8e22947d35c13ebcba3e0", "test": "tests/test_cpu_terminal_recovery_guards.py::test_recovery_refuses_artifact_root_unrelated_to_published_records"}, {"bytes": 212013, "path": "/tmp/orh-cf1/test_restart_settles_confirmed0/project-0/recovery-report.json", "sha256": "b93cca0ce602d046433a26544af2263470b30e17af7199349166da80b14cfd04", "test": "tests/test_cpu_terminal_settlement_recovery.py::test_restart_settles_confirmed_terminal_without_repeating_original_worker[0]"}, {"bytes": 200441, "path": "/tmp/orh-cf1/test_restart_settles_confirmed1/project-0/recovery-report.json", "sha256": "6bc303b735ddf7dbb5d31c595a5a1680da79a68eaa4fabd3271800069be64dad", "test": "tests/test_cpu_terminal_settlement_recovery.py::test_restart_settles_confirmed_terminal_without_repeating_original_worker[7]"}, {"bytes": 126810, "path": "/tmp/orh-cf1/test_real_v2_confirmed_termina0/project-0/recovery-report.json", "sha256": "96c51535cef6d44d341b400f6f7668d050ee0a7a0c05e55836804dbbcdd0a74f", "test": "tests/test_runtime_lease_recovery.py::test_real_v2_confirmed_terminal_crash_recovers_metadata_only[0]"}, {"bytes": 118417, "path": "/tmp/orh-cf1/test_real_v2_confirmed_termina1/project-0/recovery-report.json", "sha256": "f891fbf97e8a6e1c45dd406b812de5217bdb62dfcd16d7889ddf14d233c3b6a5", "test": "tests/test_runtime_lease_recovery.py::test_real_v2_confirmed_terminal_crash_recovers_metadata_only[7]"}, {"bytes": 119644, "path": "/tmp/orh-cf1/test_real_historical_v1_termin0/historical-project/recovery-report.json", "sha256": "4e93cffedacd26501cfb5594f3e41537add7c3fa566c7913ef34242c408a9e4d", "test": "tests/test_runtime_lease_recovery.py::test_real_historical_v1_terminal_recovers_without_upgrade_or_reexecution"}]
ACCEPTANCE_REPORTS=[{"bytes": 279974, "name": "sorting_default", "path": "/tmp/orh-cf1/acceptance-sorting-default0/acceptance-report.json", "sha256": "ee044276621c2fe079891e16e79a29a0dc0022c6579d495afa6ba5126c6053d9"}, {"bytes": 120989, "name": "sorting_counterfactual", "path": "/tmp/orh-cf1/acceptance-sorting-counterfactual0/acceptance-report.json", "sha256": "4d6def2bbd80c913bda281fbe74db1c714258898dee69589ab7292d76b935c32"}, {"bytes": 274867, "name": "compression_default", "path": "/tmp/orh-cf1/acceptance-compression-default0/acceptance-report.json", "sha256": "615bb1d64de47d7a9ccbda17bfd6d4728702d16ab554c09198646c920c1f0105"}, {"bytes": 120589, "name": "compression_counterfactual", "path": "/tmp/orh-cf1/acceptance-compression-counterfactual0/acceptance-report.json", "sha256": "f76d54c2657c0a5af4229cb1b629fb6f17196d5c68ee44c81e90b1fb95922d0a"}]

=============================== warnings summary ===============================
../../../../../../home/erik/.local/lib/python3.10/site-packages/_pytest/config/__init__.py:885
  /home/erik/.local/lib/python3.10/site-packages/_pytest/config/__init__.py:885: PytestAssertRewriteWarning: Module already imported so cannot be rewritten; cpu_terminal_recovery_helpers
    self.import_plugin(import_spec)

../../../../../../home/erik/.local/lib/python3.10/site-packages/_pytest/config/__init__.py:885
  /home/erik/.local/lib/python3.10/site-packages/_pytest/config/__init__.py:885: PytestAssertRewriteWarning: Module already imported so cannot be rewritten; examples.holdout.testing
    self.import_plugin(import_spec)

-- Docs: https://docs.pytest.org/en/stable/how-to/capture-warnings.html
=========================== short test summary info ============================
SKIPPED [1] ../core/tests/test_sweeper.py:12: could not import 'orze_pro.engine.role_runner': This is a stub package. Install the real orze-pro via: export ORZE_PRO_KEY='...' && orze run
SKIPPED [1] ../core/tests/test_evolution.py:228: could not import 'orze_pro.agents.code_evolution': This is a stub package. Install the real orze-pro via: export ORZE_PRO_KEY='...' && orze run
SKIPPED [1] ../core/tests/test_evolution.py:239: could not import 'orze_pro.agents.code_evolution': This is a stub package. Install the real orze-pro via: export ORZE_PRO_KEY='...' && orze run
SKIPPED [1] ../core/tests/test_evolution.py:255: could not import 'orze_pro.agents.meta_research': This is a stub package. Install the real orze-pro via: export ORZE_PRO_KEY='...' && orze run
SKIPPED [1] ../core/tests/test_fsm_runner_registry.py:13: could not import 'orze_pro': This is a stub package. Install the real orze-pro via: export ORZE_PRO_KEY='...' && orze run
SKIPPED [1] ../core/tests/test_skill_registry.py:123: orze-pro not installed
SKIPPED [1] ../core/tests/test_skill_registry.py:135: orze-pro not installed
5005 passed, 7 skipped, 2 warnings in 1264.06s (0:21:04)
