........................................................................ [  1%]
........................................................................ [  2%]
........................................................................ [  4%]
........................................................................ [  5%]
........................................................................ [  7%]
........................................................................ [  8%]
........................................................................ [  9%]
........................................................................ [ 11%]
........................................................................ [ 12%]
........................................................................ [ 14%]
........................................................................ [ 15%]
........................................................................ [ 17%]
........................................................................ [ 18%]
........................................................................ [ 19%]
........................................................................ [ 21%]
........................................................................ [ 22%]
........................................................................ [ 24%]
........................................................................ [ 25%]
........................................................................ [ 27%]
........................................................................ [ 28%]
........................................................................ [ 29%]
........................................................................ [ 31%]
........................................................................ [ 32%]
........................................................................ [ 34%]
........................................................................ [ 35%]
........................................................................ [ 37%]
........................................................................ [ 38%]
........................................................................ [ 39%]
........................................................................ [ 41%]
................sss..................................................... [ 42%]
........................................................................ [ 44%]
........................................................................ [ 45%]
........................................................................ [ 47%]
.....................................................................s.. [ 48%]
........................................................................ [ 49%]
........................................................................ [ 51%]
........................................................................ [ 52%]
........................................................................ [ 54%]
........................................................................ [ 55%]
........................................................................ [ 57%]
........................................................................ [ 58%]
........................................................................ [ 59%]
........................................................................ [ 61%]
........................................................................ [ 62%]
........................................................................ [ 64%]
........................................................................ [ 65%]
........................................................................ [ 66%]
........................................................................ [ 68%]
........................................................................ [ 69%]
........................................................................ [ 71%]
........................................................................ [ 72%]
........................................................................ [ 74%]
........................................................................ [ 75%]
........................................................................ [ 76%]
........................................................................ [ 78%]
........................................................................ [ 79%]
........................................................................ [ 81%]
........................................................................ [ 82%]
........................................................................ [ 84%]
........................................................................ [ 85%]
........................................................................ [ 86%]
........................................................................ [ 88%]
........................................................................ [ 89%]
........................................................................ [ 91%]
............................................................ss.......... [ 92%]
........................................................................ [ 94%]
........................................................................ [ 95%]
........................................................................ [ 96%]
........................................................................ [ 98%]
........................................................................ [ 99%]
............                                                             [100%]HOLDOUT_REPORTS=[{"bytes": 2510174, "name": "workflow", "path": "/tmp/ois-cf1/holdout-workflow0/holdout-report.json", "sha256": "fb23eb4274ed9167a452cca4d4c4f2553187bdd3b5cb8e9658b8540e8c032f5b"}, {"bytes": 143186, "name": "boundary", "path": "/tmp/ois-cf1/holdout-boundary0/holdout-report.json", "sha256": "7252811b153440e9db7def954264cbf9f154c73a8b78d4029d9bcb3140250c21"}, {"bytes": 143310, "name": "duplicate_id", "path": "/tmp/ois-cf1/holdout-duplicate_id0/holdout-report.json", "sha256": "75bbee3656ad1f56c0b3cc174b1537874ddd4af32ab2c1161647cf6ccf4349e4"}, {"bytes": 144618, "name": "missing_prerequisite", "path": "/tmp/ois-cf1/holdout-missing_prerequisite0/holdout-report.json", "sha256": "787159681967c4428999e11530c1bcbc6e667aa5fa333bc886292b71409ef1a6"}, {"bytes": 142688, "name": "overload", "path": "/tmp/ois-cf1/holdout-overload0/holdout-report.json", "sha256": "b4fbbea2c924c3cf2ade1016b4738028a82ed08e4fe24abe9605c6ff8ba14317"}, {"bytes": 141490, "name": "malformed", "path": "/tmp/ois-cf1/holdout-malformed0/holdout-report.json", "sha256": "6c19cd9b538001d405e3e698df9cd51eb6e99800e4666bec836c49dbaddc1b60"}]
CPU_RECOVERY_REPORTS=[{"bytes": 82777, "path": "/tmp/ois-cf1/test_real_confirmed_terminal_r0/project-0/recovery-report.json", "sha256": "76973055f1d4c2e62dbc28d3ef5089f75441d2e9c78969f5443eb04c698d4f5d", "test": "tests/test_cpu_claim_reader_consolidation.py::TestPublicSnapshotRouting::test_real_confirmed_terminal_recovery_uses_required_8k_public_snapshot"}, {"bytes": 104523, "path": "/tmp/ois-cf1/test_post_delete_fsync_uncerta0/project-0/recovery-report.json", "sha256": "ba344070a31859e34aeab6cbcf579226e71d6fcc47f97d4aa31594d8cae42e19", "test": "tests/test_cpu_terminal_recovery_barrier.py::test_post_delete_fsync_uncertainty_blocks_fresh_restart_with_zero_bound[effect]"}, {"bytes": 104511, "path": "/tmp/ois-cf1/test_post_delete_fsync_uncerta1/project-0/recovery-report.json", "sha256": "b2ff2c9983a010f08fcee5813443b0aa34863eeffc34343c7c70410d5f6b8040", "test": "tests/test_cpu_terminal_recovery_barrier.py::test_post_delete_fsync_uncertainty_blocks_fresh_restart_with_zero_bound[recovery]"}, {"bytes": 67359, "path": "/tmp/ois-cf1/test_in_progress_denies_alread0/project-0/recovery-report.json", "sha256": "7ae53a080f9e892ae24942a75f5b86a6ceb86876ca54aa04bbfed9bbcdf8ddbb", "test": "tests/test_cpu_terminal_recovery_barrier.py::test_in_progress_denies_already_running_peer_admission[reserve]"}, {"bytes": 67359, "path": "/tmp/ois-cf1/test_in_progress_denies_alread1/project-0/recovery-report.json", "sha256": "7bc3f7db2694a074dda716cde6e2d25400b76b52d716a1589d8b8ddc5b21a572", "test": "tests/test_cpu_terminal_recovery_barrier.py::test_in_progress_denies_already_running_peer_admission[require_permit]"}, {"bytes": 66233, "path": "/tmp/ois-cf1/test_two_recovery_consumers_do0/project-0/recovery-report.json", "sha256": "1cbf3a52f3e622662c5a34a54ceb644cecadbe52ebe5bba9850c8bcbf40fd496", "test": "tests/test_cpu_terminal_recovery_barrier.py::test_two_recovery_consumers_do_not_repeat_settlement_or_poison_owner"}, {"bytes": 66648, "path": "/tmp/ois-cf1/test_legal_peer_decision_after0/project-0/recovery-report.json", "sha256": "3df96c4efa481a718309a6e85ee884583f095cac3ff7e3aa9b44375b181473fb", "test": "tests/test_cpu_terminal_recovery_barrier.py::test_legal_peer_decision_after_complete_commit_preserves_exact_owner_result"}, {"bytes": 102325, "path": "/tmp/ois-cf1/test_recovery_transaction_unkn0/project-0/recovery-report.json", "sha256": "ec259ff79df9f3fcbf313632fa20a1003d540ffdb6d512bbfd1af0ef00a3b1f5", "test": "tests/test_cpu_terminal_recovery_barrier.py::test_recovery_transaction_unknown_is_not_an_ordinary_success[IN_PROGRESS-rollback]"}, {"bytes": 104459, "path": "/tmp/ois-cf1/test_recovery_transaction_unkn1/project-0/recovery-report.json", "sha256": "3cef7904f4779849d4656c7f222da8bd0642754c7282c05180439c704f983a08", "test": "tests/test_cpu_terminal_recovery_barrier.py::test_recovery_transaction_unknown_is_not_an_ordinary_success[COMPLETE-rollback]"}, {"bytes": 105842, "path": "/tmp/ois-cf1/test_recovery_transaction_unkn2/project-0/recovery-report.json", "sha256": "f8fb13716bba579d05e72f5b68557c778b135269bd3e23a8b01cba7fa77ca7fe", "test": "tests/test_cpu_terminal_recovery_barrier.py::test_recovery_transaction_unknown_is_not_an_ordinary_success[COMPLETE-committed_raise]"}, {"bytes": 65315, "path": "/tmp/ois-cf1/test_existing_unqualified_gate0/project-0/recovery-report.json", "sha256": "d994440ec16aa2563b9a35513828662dcbbea01e259683f1aa6394b4fcfc56de", "test": "tests/test_cpu_terminal_recovery_barrier.py::test_existing_unqualified_gate_owner_is_preserved"}, {"bytes": 65310, "path": "/tmp/ois-cf1/test_recovery_refuses_caller_t0/project-0/recovery-report.json", "sha256": "3739585081563bd86882fb58004d086406245c1fc4366c7aba398af5d9112211", "test": "tests/test_cpu_terminal_recovery_barrier.py::test_recovery_refuses_caller_transaction_without_consuming_it"}, {"bytes": 66099, "path": "/tmp/ois-cf1/test_actual_peer_nonce_replace0/project-0/recovery-report.json", "sha256": "11bd65c7e30fe58cd1691a06b1374e088190f0d34de42d7ab0df78aec08015b3", "test": "tests/test_cpu_terminal_recovery_barrier.py::test_actual_peer_nonce_replacement_cannot_be_completed_by_old_owner"}, {"bytes": 315069, "path": "/tmp/ois-cf1/test_fresh_cli_resumes_confirm0/domain-project/recovery-report.json", "sha256": "21922232d19a506488216425e4cd07193079b586711156e1b933be150d29b044", "test": "tests/test_cpu_terminal_recovery_domain.py::test_fresh_cli_resumes_confirmed_domain_without_reinterpretation[schedule-feasibility-v1-valid]"}, {"bytes": 315000, "path": "/tmp/ois-cf1/test_fresh_cli_resumes_confirm1/domain-project/recovery-report.json", "sha256": "ae86d84c9931e0536fdddf4836da9cd2c333b68d172b66016f797e045781a92c", "test": "tests/test_cpu_terminal_recovery_domain.py::test_fresh_cli_resumes_confirmed_domain_without_reinterpretation[schedule-feasibility-v2-invalid]"}, {"bytes": 147918, "path": "/tmp/ois-cf1/test_recovery_refuses_changed_0/project-0/recovery-report.json", "sha256": "bb2ec483880ccf129c3f05661b44f97d234199bb269734f0553b78daa481fe2e", "test": "tests/test_cpu_terminal_recovery_guards.py::test_recovery_refuses_changed_native_binding[origin]"}, {"bytes": 147880, "path": "/tmp/ois-cf1/test_recovery_refuses_changed_1/project-0/recovery-report.json", "sha256": "72a61a8c6e6f6893fc9b69914e4c86ab713b42ef4dc0fbda1f758d5f8e018e9d", "test": "tests/test_cpu_terminal_recovery_guards.py::test_recovery_refuses_changed_native_binding[kind]"}, {"bytes": 147960, "path": "/tmp/ois-cf1/test_recovery_refuses_changed_2/project-0/recovery-report.json", "sha256": "e7ce1cee1e8fe50652ebe100d771400d2186b4f8010e4dff7bf45eea1068ff30", "test": "tests/test_cpu_terminal_recovery_guards.py::test_recovery_refuses_changed_native_binding[resource]"}, {"bytes": 147978, "path": "/tmp/ois-cf1/test_recovery_refuses_changed_3/project-0/recovery-report.json", "sha256": "8ba63c332abafda7b92b32e3c2e270e1d20699baa75f0ec3a6d0813e4ab81dd3", "test": "tests/test_cpu_terminal_recovery_guards.py::test_recovery_refuses_changed_native_binding[attempt_ref]"}, {"bytes": 147975, "path": "/tmp/ois-cf1/test_recovery_refuses_changed_4/project-0/recovery-report.json", "sha256": "6dadbc8cad0fabf4ada951f66cc74fa5e9fef9d752d6bc16666d15b8ae59845e", "test": "tests/test_cpu_terminal_recovery_guards.py::test_recovery_refuses_changed_native_binding[process_pid]"}, {"bytes": 148006, "path": "/tmp/ois-cf1/test_recovery_refuses_changed_5/project-0/recovery-report.json", "sha256": "7de33571fc6bd0574c02230ff3960414f07ca881b60e7908a3043b32a81e0fd8", "test": "tests/test_cpu_terminal_recovery_guards.py::test_recovery_refuses_changed_native_binding[command_sha256]"}, {"bytes": 148001, "path": "/tmp/ois-cf1/test_recovery_refuses_changed_6/project-0/recovery-report.json", "sha256": "bc9654680b9ce3406eb45c05363c16195d6c8355e6ecb1266859e4931d29a04c", "test": "tests/test_cpu_terminal_recovery_guards.py::test_recovery_refuses_changed_native_binding[timeout_seconds]"}, {"bytes": 147935, "path": "/tmp/ois-cf1/test_recovery_refuses_changed_7/project-0/recovery-report.json", "sha256": "d557dc9daa73f1356159e02bfef104aace0632507b4808fdc798bf63ee5f2a6d", "test": "tests/test_cpu_terminal_recovery_guards.py::test_recovery_refuses_changed_captured_source[database]"}, {"bytes": 147959, "path": "/tmp/ois-cf1/test_recovery_refuses_changed_8/project-0/recovery-report.json", "sha256": "df5a05ceec42b6c97d13ac2f1a76194ad861e23122d58e56f1855e41a9c16112", "test": "tests/test_cpu_terminal_recovery_guards.py::test_recovery_refuses_changed_captured_source[claim_sha256]"}, {"bytes": 147985, "path": "/tmp/ois-cf1/test_recovery_refuses_changed_9/project-0/recovery-report.json", "sha256": "cd0f8cfc1db1d301b6b1414e07f17e8ceb7d42442351f72dd0fc9e4c65bb023e", "test": "tests/test_cpu_terminal_recovery_guards.py::test_recovery_refuses_changed_captured_source[config_sha256]"}, {"bytes": 148159, "path": "/tmp/ois-cf1/test_recovery_refuses_changed_10/project-0/recovery-report.json", "sha256": "ecbccbea028b458deedc6d6a9c3a6a2d14b5585a16d6c29d83c28cabf20157d5", "test": "tests/test_cpu_terminal_recovery_guards.py::test_recovery_refuses_changed_current_lifecycle"}, {"bytes": 148008, "path": "/tmp/ois-cf1/test_recovery_refuses_rehashed0/project-0/recovery-report.json", "sha256": "830463b959652f7dc293b3f5e1fba42df3d070ef9ec651db8a4e41ed9228b1c2", "test": "tests/test_cpu_terminal_recovery_guards.py::test_recovery_refuses_rehashed_non_cpu_prepared_plan"}, {"bytes": 148136, "path": "/tmp/ois-cf1/test_recovery_refuses_changed_11/project-0/recovery-report.json", "sha256": "3e09b9b12af1d8381d2e9fda278245453b67e1fa609c75f3116a476e79dcca85", "test": "tests/test_cpu_terminal_recovery_guards.py::test_recovery_refuses_changed_catalog_route"}, {"bytes": 148201, "path": "/tmp/ois-cf1/test_recovery_refuses_changed_12/project-0/recovery-report.json", "sha256": "232769ae8a1a73f027476cdb4ce7df4ff0f01cf41909dcd9bc4e98f506ecb7cd", "test": "tests/test_cpu_terminal_recovery_guards.py::test_recovery_refuses_changed_ready_member_identity"}, {"bytes": 190514, "path": "/tmp/ois-cf1/test_recovery_rechecks_source_0/project-0/recovery-report.json", "sha256": "62dfbd77024df365632cb06758adaa0b79908da53a0847ff26d6d48946853704", "test": "tests/test_cpu_terminal_recovery_guards.py::test_recovery_rechecks_source_after_enumeration_before_settlement"}, {"bytes": 149457, "path": "/tmp/ois-cf1/test_preexisting_stop_never_au0/project-0/recovery-report.json", "sha256": "0e6440f5dab020438abffd4f213d23e13d81927b1254f86e4ac8b7efd2c80cec", "test": "tests/test_cpu_terminal_recovery_guards.py::test_preexisting_stop_never_authorizes_automatic_settlement[ordinary_stop]"}, {"bytes": 149355, "path": "/tmp/ois-cf1/test_preexisting_stop_never_au1/project-0/recovery-report.json", "sha256": "81cc60c82193d4ae452b80ed91d18d6cc8bd0af8d29e71f742c0d6c0e448a00d", "test": "tests/test_cpu_terminal_recovery_guards.py::test_preexisting_stop_never_authorizes_automatic_settlement[storage_hold]"}, {"bytes": 149503, "path": "/tmp/ois-cf1/test_preexisting_stop_never_au2/project-0/recovery-report.json", "sha256": "294fc54a39f813b05042571103d0e65f8746bf7906c44b7ac7287d172d2aa5d5", "test": "tests/test_cpu_terminal_recovery_guards.py::test_preexisting_stop_never_authorizes_automatic_settlement[masked_storage_hold]"}, {"bytes": 148132, "path": "/tmp/ois-cf1/test_recovery_refuses_unbound_0/project-0/recovery-report.json", "sha256": "f81d119e452f87639aa94d2b3ddb8de3e0ddaf978a3c89bbf45709efb68f4ade", "test": "tests/test_cpu_terminal_recovery_guards.py::test_recovery_refuses_unbound_replication_request_field"}, {"bytes": 148051, "path": "/tmp/ois-cf1/test_recovery_refuses_artifact0/project-0/recovery-report.json", "sha256": "82d87b34412bbad5190a74ac7a293b74e523977defe9e70b43c6744193eaffa9", "test": "tests/test_cpu_terminal_recovery_guards.py::test_recovery_refuses_artifact_root_unrelated_to_published_records"}, {"bytes": 212021, "path": "/tmp/ois-cf1/test_restart_settles_confirmed0/project-0/recovery-report.json", "sha256": "2b3423ee5b5e357eaed2525e86a61b77a58ac43cde7c503617d86c0ea4a8ff91", "test": "tests/test_cpu_terminal_settlement_recovery.py::test_restart_settles_confirmed_terminal_without_repeating_original_worker[0]"}, {"bytes": 200423, "path": "/tmp/ois-cf1/test_restart_settles_confirmed1/project-0/recovery-report.json", "sha256": "8e5493d431d4245e7ba396139da254c83799047b1f8a28da23175c4511264ad2", "test": "tests/test_cpu_terminal_settlement_recovery.py::test_restart_settles_confirmed_terminal_without_repeating_original_worker[7]"}, {"bytes": 126817, "path": "/tmp/ois-cf1/test_real_v2_confirmed_termina0/project-0/recovery-report.json", "sha256": "e630652cea1ba3dca5a06ed9376d33a50c62946d40de6653fbb64f847fc32843", "test": "tests/test_runtime_lease_recovery.py::test_real_v2_confirmed_terminal_crash_recovers_metadata_only[0]"}, {"bytes": 118421, "path": "/tmp/ois-cf1/test_real_v2_confirmed_termina1/project-0/recovery-report.json", "sha256": "e84b4768773255e18aa30877c9eb84097b560318508fc54b183675cfc79b7cd3", "test": "tests/test_runtime_lease_recovery.py::test_real_v2_confirmed_terminal_crash_recovers_metadata_only[7]"}, {"bytes": 119651, "path": "/tmp/ois-cf1/test_real_historical_v1_termin0/historical-project/recovery-report.json", "sha256": "6f00b1e3a0320322a32b9a9e3cb8696351602ad9ca5c0b260b9c1bc398341cab", "test": "tests/test_runtime_lease_recovery.py::test_real_historical_v1_terminal_recovers_without_upgrade_or_reexecution"}]
ACCEPTANCE_REPORTS=[{"bytes": 279973, "name": "sorting_default", "path": "/tmp/ois-cf1/acceptance-sorting-default0/acceptance-report.json", "sha256": "dd20a642ff6bb57fe03b6c2c7a22e3175bb5b969d4dd0ddb1ac7babd4fb47331"}, {"bytes": 120995, "name": "sorting_counterfactual", "path": "/tmp/ois-cf1/acceptance-sorting-counterfactual0/acceptance-report.json", "sha256": "0df833a52e88718ce7c9ecd4a2921f2c4ecfed80145e176c148aaa9d5d44b2bd"}, {"bytes": 274852, "name": "compression_default", "path": "/tmp/ois-cf1/acceptance-compression-default0/acceptance-report.json", "sha256": "e96ac0d7ce478126954711626c5a8b7cc230758f0ecd297a761ce7e96e709165"}, {"bytes": 120578, "name": "compression_counterfactual", "path": "/tmp/ois-cf1/acceptance-compression-counterfactual0/acceptance-report.json", "sha256": "3be4a85661d1afe3c74e0adb0d501cf8d834bddccb640c3287ed25ea2450fa6c"}]

=============================== warnings summary ===============================
../../../../../../home/erik/.local/lib/python3.10/site-packages/_pytest/config/__init__.py:885
  /home/erik/.local/lib/python3.10/site-packages/_pytest/config/__init__.py:885: PytestAssertRewriteWarning: Module already imported so cannot be rewritten; cpu_terminal_recovery_helpers
    self.import_plugin(import_spec)

../../../../../../home/erik/.local/lib/python3.10/site-packages/_pytest/config/__init__.py:885
  /home/erik/.local/lib/python3.10/site-packages/_pytest/config/__init__.py:885: PytestAssertRewriteWarning: Module already imported so cannot be rewritten; examples.holdout.testing
    self.import_plugin(import_spec)

-- Docs: https://docs.pytest.org/en/stable/how-to/capture-warnings.html
=========================== short test summary info ============================
SKIPPED [1] ../core/tests/test_sweeper.py:12: could not import 'orze_pro.engine.role_runner': This is a stub package. Install the real orze-pro via: export ORZE_PRO_KEY='...' && orze run
SKIPPED [1] ../core/tests/test_evolution.py:228: could not import 'orze_pro.agents.code_evolution': This is a stub package. Install the real orze-pro via: export ORZE_PRO_KEY='...' && orze run
SKIPPED [1] ../core/tests/test_evolution.py:239: could not import 'orze_pro.agents.code_evolution': This is a stub package. Install the real orze-pro via: export ORZE_PRO_KEY='...' && orze run
SKIPPED [1] ../core/tests/test_evolution.py:255: could not import 'orze_pro.agents.meta_research': This is a stub package. Install the real orze-pro via: export ORZE_PRO_KEY='...' && orze run
SKIPPED [1] ../core/tests/test_fsm_runner_registry.py:13: could not import 'orze_pro': This is a stub package. Install the real orze-pro via: export ORZE_PRO_KEY='...' && orze run
SKIPPED [1] ../core/tests/test_skill_registry.py:123: orze-pro not installed
SKIPPED [1] ../core/tests/test_skill_registry.py:135: orze-pro not installed
5046 passed, 7 skipped, 2 warnings in 1070.47s (0:17:50)
