........................................................................ [  1%]
........................................................................ [  2%]
........................................................................ [  4%]
........................................................................ [  5%]
........................................................................ [  6%]
........................................................................ [  8%]
........................................................................ [  9%]
........................................................................ [ 10%]
........................................................................ [ 12%]
........................................................................ [ 13%]
........................................................................ [ 14%]
........................................................................ [ 16%]
........................................................................ [ 17%]
........................................................................ [ 19%]
........................................................................ [ 20%]
........................................................................ [ 21%]
........................................................................ [ 23%]
........................................................................ [ 24%]
........................................................................ [ 25%]
........................................................................ [ 27%]
........................................................................ [ 28%]
........................................................................ [ 29%]
........................................................................ [ 31%]
........................................................................ [ 32%]
........................................................................ [ 34%]
........................................................................ [ 35%]
........................................................................ [ 36%]
........................................................................ [ 38%]
........................................................................ [ 39%]
................sss..................................................... [ 40%]
........................................................................ [ 42%]
........................................................................ [ 43%]
........................................................................ [ 44%]
........................................................................ [ 46%]
........................................................................ [ 47%]
........................................................................ [ 49%]
........................................................................ [ 50%]
........................................................................ [ 51%]
........................................................................ [ 53%]
........................................................................ [ 54%]
........................................................................ [ 55%]
........................................................................ [ 57%]
........................................................................ [ 58%]
........................................................................ [ 59%]
........................................................................ [ 61%]
........................................................................ [ 62%]
........................................................................ [ 64%]
........................................................................ [ 65%]
........................................................................ [ 66%]
........................................................................ [ 68%]
........................................................................ [ 69%]
........................................................................ [ 70%]
........................................................................ [ 72%]
........................................................................ [ 73%]
........................................................................ [ 74%]
........................................................................ [ 76%]
........................................................................ [ 77%]
........................................................................ [ 79%]
........................................................................ [ 80%]
........................................................................ [ 81%]
........................................................................ [ 83%]
........................................................................ [ 84%]
........................................................................ [ 85%]
........................................................................ [ 87%]
........................................................................ [ 88%]
........................................................................ [ 89%]
........................................................................ [ 91%]
.....................................ss................................. [ 92%]
........................................................................ [ 94%]
........................................................................ [ 95%]
........................................................................ [ 96%]
........................................................................ [ 98%]
........................................................................ [ 99%]
...........................                                              [100%]HOLDOUT_REPORTS=[{"bytes": 2505227, "name": "workflow", "path": "/tmp/pu-cf1/holdout-workflow0/holdout-report.json", "sha256": "09651cd477c2a8b2a15296754411df94ecf910199e75be41d06e05fea961fb32"}, {"bytes": 142911, "name": "boundary", "path": "/tmp/pu-cf1/holdout-boundary0/holdout-report.json", "sha256": "af73f46059586ce29dc1564e2f639cab112c1adc185f241f918112a98cfc7a7b"}, {"bytes": 143019, "name": "duplicate_id", "path": "/tmp/pu-cf1/holdout-duplicate_id0/holdout-report.json", "sha256": "1e2fcf1074713ed5731ea5eabdfe45203c5b848ecb00b1ae168407df700e3e83"}, {"bytes": 144334, "name": "missing_prerequisite", "path": "/tmp/pu-cf1/holdout-missing_prerequisite0/holdout-report.json", "sha256": "c3617e57f156468a0615fbb2deef44c4ab2fa4561965c2853bb3528989197f3b"}, {"bytes": 142401, "name": "overload", "path": "/tmp/pu-cf1/holdout-overload0/holdout-report.json", "sha256": "4657498f101c991e3875dbe5cd2fd6530b252a451ccc5f5e08411721bed905b6"}, {"bytes": 141208, "name": "malformed", "path": "/tmp/pu-cf1/holdout-malformed0/holdout-report.json", "sha256": "59cb7a383d97aa8634623db89a46170f51db19de991beff7764296d07f7e6faf"}]
CPU_RECOVERY_REPORTS=[{"bytes": 82593, "path": "/tmp/pu-cf1/test_real_confirmed_terminal_r0/project-0/recovery-report.json", "sha256": "e4b0f3ce890b9435ca429d7f584d1ba4c545fec6c17f4e2f4065ac6f463bee1a", "test": "tests/test_cpu_claim_reader_consolidation.py::TestPublicSnapshotRouting::test_real_confirmed_terminal_recovery_uses_required_8k_public_snapshot"}, {"bytes": 104269, "path": "/tmp/pu-cf1/test_post_delete_fsync_uncerta0/project-0/recovery-report.json", "sha256": "c96bc092df2948354ceb1fa1f40cf0461f5576a5c8087899c99ef1e207c121b9", "test": "tests/test_cpu_terminal_recovery_barrier.py::test_post_delete_fsync_uncertainty_blocks_fresh_restart_with_zero_bound[effect]"}, {"bytes": 104288, "path": "/tmp/pu-cf1/test_post_delete_fsync_uncerta1/project-0/recovery-report.json", "sha256": "31f23de9eba1df85ebac41f7c84286ac85987448a1e1005b6a09f3d67de5cda1", "test": "tests/test_cpu_terminal_recovery_barrier.py::test_post_delete_fsync_uncertainty_blocks_fresh_restart_with_zero_bound[recovery]"}, {"bytes": 67220, "path": "/tmp/pu-cf1/test_in_progress_denies_alread0/project-0/recovery-report.json", "sha256": "2eff889c73932ddac2fb5a200923eec08794f2661eafd56931a965ba9f308ce5", "test": "tests/test_cpu_terminal_recovery_barrier.py::test_in_progress_denies_already_running_peer_admission[reserve]"}, {"bytes": 67211, "path": "/tmp/pu-cf1/test_in_progress_denies_alread1/project-0/recovery-report.json", "sha256": "6bf840ed2a1538b5ca23a49e33cfd59cbe246897f3043b330be17397a0845698", "test": "tests/test_cpu_terminal_recovery_barrier.py::test_in_progress_denies_already_running_peer_admission[require_permit]"}, {"bytes": 66103, "path": "/tmp/pu-cf1/test_two_recovery_consumers_do0/project-0/recovery-report.json", "sha256": "fbdbb1599f76ef7d96a7acaa54df7095f52b92a9a872553bfa89ad5221d64cd9", "test": "tests/test_cpu_terminal_recovery_barrier.py::test_two_recovery_consumers_do_not_repeat_settlement_or_poison_owner"}, {"bytes": 66501, "path": "/tmp/pu-cf1/test_legal_peer_decision_after0/project-0/recovery-report.json", "sha256": "2b52c5b52ce898700dc3201dcd1f18cfec5b03a86ed0d4925ef1a4d04ba63c9f", "test": "tests/test_cpu_terminal_recovery_barrier.py::test_legal_peer_decision_after_complete_commit_preserves_exact_owner_result"}, {"bytes": 102101, "path": "/tmp/pu-cf1/test_recovery_transaction_unkn0/project-0/recovery-report.json", "sha256": "466922496d032f1e570af0e967be2cc7113c73a34613eb01fffedb4d773eca0f", "test": "tests/test_cpu_terminal_recovery_barrier.py::test_recovery_transaction_unknown_is_not_an_ordinary_success[IN_PROGRESS-rollback]"}, {"bytes": 104229, "path": "/tmp/pu-cf1/test_recovery_transaction_unkn1/project-0/recovery-report.json", "sha256": "9f785195c6985e565bbec3c4d9f877dd8b1687c654bba4899860d36e75f089f7", "test": "tests/test_cpu_terminal_recovery_barrier.py::test_recovery_transaction_unknown_is_not_an_ordinary_success[COMPLETE-rollback]"}, {"bytes": 105619, "path": "/tmp/pu-cf1/test_recovery_transaction_unkn2/project-0/recovery-report.json", "sha256": "caa5db4a2058c9bb608c5e313ed70fcbd4e6f4bd7f1a6310a2ac48c0b813c16d", "test": "tests/test_cpu_terminal_recovery_barrier.py::test_recovery_transaction_unknown_is_not_an_ordinary_success[COMPLETE-committed_raise]"}, {"bytes": 65182, "path": "/tmp/pu-cf1/test_existing_unqualified_gate0/project-0/recovery-report.json", "sha256": "ac3937794fe5bea7c9fc2fcb6a88129ab953701047b51f9f45e17b9fdce6447d", "test": "tests/test_cpu_terminal_recovery_barrier.py::test_existing_unqualified_gate_owner_is_preserved"}, {"bytes": 65176, "path": "/tmp/pu-cf1/test_recovery_refuses_caller_t0/project-0/recovery-report.json", "sha256": "9a1ea08d8ae218c44c63b3b655bcd4ab4cadec38711d67375f1edb5c0bf5e10d", "test": "tests/test_cpu_terminal_recovery_barrier.py::test_recovery_refuses_caller_transaction_without_consuming_it"}, {"bytes": 65961, "path": "/tmp/pu-cf1/test_actual_peer_nonce_replace0/project-0/recovery-report.json", "sha256": "b48293a5631321f682ea5c92e4e4fdadacd59f0b07dbdffe0d7738708079c837", "test": "tests/test_cpu_terminal_recovery_barrier.py::test_actual_peer_nonce_replacement_cannot_be_completed_by_old_owner"}, {"bytes": 314411, "path": "/tmp/pu-cf1/test_fresh_cli_resumes_confirm0/domain-project/recovery-report.json", "sha256": "60738844154a48df7211a790659093e804505cd2f56b99068925055858ebc3bc", "test": "tests/test_cpu_terminal_recovery_domain.py::test_fresh_cli_resumes_confirmed_domain_without_reinterpretation[schedule-feasibility-v1-valid]"}, {"bytes": 314341, "path": "/tmp/pu-cf1/test_fresh_cli_resumes_confirm1/domain-project/recovery-report.json", "sha256": "0de8bc9911bd3e8d355e1e9e315e5bc5b8eedd84197abc02f2e58396164680a1", "test": "tests/test_cpu_terminal_recovery_domain.py::test_fresh_cli_resumes_confirmed_domain_without_reinterpretation[schedule-feasibility-v2-invalid]"}, {"bytes": 147622, "path": "/tmp/pu-cf1/test_recovery_refuses_changed_0/project-0/recovery-report.json", "sha256": "4fc97a3c92ea8adf08edb0898acec09655c087ddd9ef1bb2aea48d317b8b68ec", "test": "tests/test_cpu_terminal_recovery_guards.py::test_recovery_refuses_changed_native_binding[origin]"}, {"bytes": 147593, "path": "/tmp/pu-cf1/test_recovery_refuses_changed_1/project-0/recovery-report.json", "sha256": "e367eaf4599d3cac597c59b230bee049ab7edb015b3967ea63884a5c538a18e5", "test": "tests/test_cpu_terminal_recovery_guards.py::test_recovery_refuses_changed_native_binding[kind]"}, {"bytes": 147635, "path": "/tmp/pu-cf1/test_recovery_refuses_changed_2/project-0/recovery-report.json", "sha256": "10d3ab4dee84de48e23e981bdc941b7b11656dd42466c95484ca7f528f5faba0", "test": "tests/test_cpu_terminal_recovery_guards.py::test_recovery_refuses_changed_native_binding[resource]"}, {"bytes": 147661, "path": "/tmp/pu-cf1/test_recovery_refuses_changed_3/project-0/recovery-report.json", "sha256": "6c8a1f305f2dcf31b907e91fb4cdf4ec879493a8fd46efb1a19a1548b600d736", "test": "tests/test_cpu_terminal_recovery_guards.py::test_recovery_refuses_changed_native_binding[attempt_ref]"}, {"bytes": 147665, "path": "/tmp/pu-cf1/test_recovery_refuses_changed_4/project-0/recovery-report.json", "sha256": "0f1240a1f8aec3f47d665b9ce2e97830eac26f8e52cc5ae3a534f953942e16ff", "test": "tests/test_cpu_terminal_recovery_guards.py::test_recovery_refuses_changed_native_binding[process_pid]"}, {"bytes": 147663, "path": "/tmp/pu-cf1/test_recovery_refuses_changed_5/project-0/recovery-report.json", "sha256": "c109f09895b120aac23f6cbb042ae3b431be5a063ad55fb9bf93edb5e85bb182", "test": "tests/test_cpu_terminal_recovery_guards.py::test_recovery_refuses_changed_native_binding[command_sha256]"}, {"bytes": 147692, "path": "/tmp/pu-cf1/test_recovery_refuses_changed_6/project-0/recovery-report.json", "sha256": "7a6e652fa04b9c809c4e860ec1ec65fc00e5dc57a00b1e6b96888f2c0c472b87", "test": "tests/test_cpu_terminal_recovery_guards.py::test_recovery_refuses_changed_native_binding[timeout_seconds]"}, {"bytes": 147632, "path": "/tmp/pu-cf1/test_recovery_refuses_changed_7/project-0/recovery-report.json", "sha256": "f9d6c5cc437c834f16ecbdb24d1ef65cf871d42e8bd0cd7d73c74d3f473c6316", "test": "tests/test_cpu_terminal_recovery_guards.py::test_recovery_refuses_changed_captured_source[database]"}, {"bytes": 147651, "path": "/tmp/pu-cf1/test_recovery_refuses_changed_8/project-0/recovery-report.json", "sha256": "feb74c4dc4e9f1817fe8ffaccf20d91776e101deda79846bb53dfeb2709322b6", "test": "tests/test_cpu_terminal_recovery_guards.py::test_recovery_refuses_changed_captured_source[claim_sha256]"}, {"bytes": 147674, "path": "/tmp/pu-cf1/test_recovery_refuses_changed_9/project-0/recovery-report.json", "sha256": "e0db9c8ac0cd5a25b7b94a274c321d406b7d872d42e653ddb5bb3d875df7f6b0", "test": "tests/test_cpu_terminal_recovery_guards.py::test_recovery_refuses_changed_captured_source[config_sha256]"}, {"bytes": 147866, "path": "/tmp/pu-cf1/test_recovery_refuses_changed_10/project-0/recovery-report.json", "sha256": "a5b1d113e3a25f6cf9b16d0310fa1440a8d719965584865d03378098b208c372", "test": "tests/test_cpu_terminal_recovery_guards.py::test_recovery_refuses_changed_current_lifecycle"}, {"bytes": 147690, "path": "/tmp/pu-cf1/test_recovery_refuses_rehashed0/project-0/recovery-report.json", "sha256": "f00276cd3230c70efbae424aab11901aa9ec7169bbc15b8205a72828231b77a6", "test": "tests/test_cpu_terminal_recovery_guards.py::test_recovery_refuses_rehashed_non_cpu_prepared_plan"}, {"bytes": 147823, "path": "/tmp/pu-cf1/test_recovery_refuses_changed_11/project-0/recovery-report.json", "sha256": "241f6ae10655fbd38d832cb697f2764f379b5dc513f61764ec8a237761f04b4c", "test": "tests/test_cpu_terminal_recovery_guards.py::test_recovery_refuses_changed_catalog_route"}, {"bytes": 147908, "path": "/tmp/pu-cf1/test_recovery_refuses_changed_12/project-0/recovery-report.json", "sha256": "293a9677402a5002ab1daba1d443c9c636bdea0bc60d46af50d78a3b98aa09ca", "test": "tests/test_cpu_terminal_recovery_guards.py::test_recovery_refuses_changed_ready_member_identity"}, {"bytes": 190110, "path": "/tmp/pu-cf1/test_recovery_rechecks_source_0/project-0/recovery-report.json", "sha256": "6d7a195b0ea0e9583432dd10c9d6c083c92a878adfdb20c83233025bb0d89225", "test": "tests/test_cpu_terminal_recovery_guards.py::test_recovery_rechecks_source_after_enumeration_before_settlement"}, {"bytes": 149143, "path": "/tmp/pu-cf1/test_preexisting_stop_never_au0/project-0/recovery-report.json", "sha256": "c88ea2bc4b418f24f704b5855e9660f1527f6995bfd7347f7e005e2df6d2f267", "test": "tests/test_cpu_terminal_recovery_guards.py::test_preexisting_stop_never_authorizes_automatic_settlement[ordinary_stop]"}, {"bytes": 149045, "path": "/tmp/pu-cf1/test_preexisting_stop_never_au1/project-0/recovery-report.json", "sha256": "090766bde7c98822ffa6ae71ef74698bf1e9c2363f3801352e53c5756b77392d", "test": "tests/test_cpu_terminal_recovery_guards.py::test_preexisting_stop_never_authorizes_automatic_settlement[storage_hold]"}, {"bytes": 149188, "path": "/tmp/pu-cf1/test_preexisting_stop_never_au2/project-0/recovery-report.json", "sha256": "30e429ed5651ed62bd3e6705c424d0db8359f262e1587c1078f8a24b0130a680", "test": "tests/test_cpu_terminal_recovery_guards.py::test_preexisting_stop_never_authorizes_automatic_settlement[masked_storage_hold]"}, {"bytes": 147824, "path": "/tmp/pu-cf1/test_recovery_refuses_unbound_0/project-0/recovery-report.json", "sha256": "88dcb400914e65300438ec0c870091e4e34184277a49f3c35859b93ea1b18a0a", "test": "tests/test_cpu_terminal_recovery_guards.py::test_recovery_refuses_unbound_replication_request_field"}, {"bytes": 147760, "path": "/tmp/pu-cf1/test_recovery_refuses_artifact0/project-0/recovery-report.json", "sha256": "5984c2ca129edca8fc4b7baa3da9755fe25d92c46864d892fb6ffe920eeb98ce", "test": "tests/test_cpu_terminal_recovery_guards.py::test_recovery_refuses_artifact_root_unrelated_to_published_records"}, {"bytes": 211554, "path": "/tmp/pu-cf1/test_restart_settles_confirmed0/project-0/recovery-report.json", "sha256": "e7a285da7b05c77171264f5689dcdc6afd90ba9a6b2c370013061c30617ebf8f", "test": "tests/test_cpu_terminal_settlement_recovery.py::test_restart_settles_confirmed_terminal_without_repeating_original_worker[0]"}, {"bytes": 199985, "path": "/tmp/pu-cf1/test_restart_settles_confirmed1/project-0/recovery-report.json", "sha256": "5611778fc8349f09869a8ac08e0a3f17089e739e17c580d2835d9080f78f7d85", "test": "tests/test_cpu_terminal_settlement_recovery.py::test_restart_settles_confirmed_terminal_without_repeating_original_worker[7]"}, {"bytes": 126535, "path": "/tmp/pu-cf1/test_real_v2_confirmed_termina0/project-0/recovery-report.json", "sha256": "f93a09d6e0c505b9cb8bdef7105f308f775648ebcd2ea1e280d072e5dd344c1e", "test": "tests/test_runtime_lease_recovery.py::test_real_v2_confirmed_terminal_crash_recovers_metadata_only[0]"}, {"bytes": 118151, "path": "/tmp/pu-cf1/test_real_v2_confirmed_termina1/project-0/recovery-report.json", "sha256": "4a06187e49ec090e14e4e1524a272941e541422afd476ba5e84ae511744afc2f", "test": "tests/test_runtime_lease_recovery.py::test_real_v2_confirmed_terminal_crash_recovers_metadata_only[7]"}, {"bytes": 119352, "path": "/tmp/pu-cf1/test_real_historical_v1_termin0/historical-project/recovery-report.json", "sha256": "7af3b3101626cc1ca65e3a49a43ca68be013f043bbe24fce0390dd0c30d568d5", "test": "tests/test_runtime_lease_recovery.py::test_real_historical_v1_terminal_recovers_without_upgrade_or_reexecution"}]
ACCEPTANCE_REPORTS=[{"bytes": 279679, "name": "sorting_default", "path": "/tmp/pu-cf1/acceptance-sorting-default0/acceptance-report.json", "sha256": "14c7a17f7687c647b113766ad69e9439ed6a14262840c925804b53aacf9f22b4"}, {"bytes": 120844, "name": "sorting_counterfactual", "path": "/tmp/pu-cf1/acceptance-sorting-counterfactual0/acceptance-report.json", "sha256": "d63daafde89b9138ae4417789dbd1100b4faea508bef1bb12a4b6056555fd746"}, {"bytes": 274492, "name": "compression_default", "path": "/tmp/pu-cf1/acceptance-compression-default0/acceptance-report.json", "sha256": "11d1f65f56016713eeb8b758c653618e7ee2e2306a052212f642ce523e805f29"}, {"bytes": 120432, "name": "compression_counterfactual", "path": "/tmp/pu-cf1/acceptance-compression-counterfactual0/acceptance-report.json", "sha256": "634fdb18a6c0bbb0930026367de53a782c4c8e94151cd16dda45908f40481902"}]

=============================== warnings summary ===============================
../../../../../../home/erik/.local/lib/python3.10/site-packages/_pytest/config/__init__.py:885
  /home/erik/.local/lib/python3.10/site-packages/_pytest/config/__init__.py:885: PytestAssertRewriteWarning: Module already imported so cannot be rewritten; cpu_terminal_recovery_helpers
    self.import_plugin(import_spec)

../../../../../../home/erik/.local/lib/python3.10/site-packages/_pytest/config/__init__.py:885
  /home/erik/.local/lib/python3.10/site-packages/_pytest/config/__init__.py:885: PytestAssertRewriteWarning: Module already imported so cannot be rewritten; examples.holdout.testing
    self.import_plugin(import_spec)

-- Docs: https://docs.pytest.org/en/stable/how-to/capture-warnings.html
=========================== short test summary info ============================
SKIPPED [1] ../core/tests/test_sweeper.py:12: could not import 'orze_pro.engine.role_runner': orze-pro is not activated. Set ORZE_PRO_KEY environment variable. Get a license at orze.ai/pro
SKIPPED [1] ../core/tests/test_evolution.py:228: could not import 'orze_pro.agents.code_evolution': orze-pro is not activated. Set ORZE_PRO_KEY environment variable. Get a license at orze.ai/pro
SKIPPED [1] ../core/tests/test_evolution.py:239: could not import 'orze_pro.agents.code_evolution': orze-pro is not activated. Set ORZE_PRO_KEY environment variable. Get a license at orze.ai/pro
SKIPPED [1] ../core/tests/test_evolution.py:255: could not import 'orze_pro.agents.meta_research': orze-pro is not activated. Set ORZE_PRO_KEY environment variable. Get a license at orze.ai/pro
SKIPPED [1] ../core/tests/test_skill_registry.py:123: orze-pro not installed
SKIPPED [1] ../core/tests/test_skill_registry.py:135: orze-pro not installed
5278 passed, 6 skipped, 2 warnings in 1143.02s (0:19:03)
