.....F.....F............................................................ [ 85%]
............                                                             [100%]HOLDOUT_REPORTS=[{"bytes": 2504611, "name": "workflow", "path": "/tmp/rc-t4/holdout-workflow0/holdout-report.json", "sha256": "aee38c0cf512f0b817e6c5f5e319c7ed09182fa4d9c4d15e9f256ba2b277a849"}, {"bytes": 142873, "name": "boundary", "path": "/tmp/rc-t4/holdout-boundary0/holdout-report.json", "sha256": "93e339cbf80b913a42214ab3f57eac3db384b83d7b9f26fdf7825880bebcfe95"}, {"bytes": 142978, "name": "duplicate_id", "path": "/tmp/rc-t4/holdout-duplicate_id0/holdout-report.json", "sha256": "9be4f005d83d2e3edaaf7fa0bacd729bed0df17435d89107198a9a1bead995b7"}, {"bytes": 144310, "name": "missing_prerequisite", "path": "/tmp/rc-t4/holdout-missing_prerequisite0/holdout-report.json", "sha256": "a3ed71bb14dcd898e85ce1ef457e1657b608f1b9ade063f4019384b362b05e84"}, {"bytes": 142372, "name": "overload", "path": "/tmp/rc-t4/holdout-overload0/holdout-report.json", "sha256": "73bc6f314353cf5b58bdec6505339a6cc17e32bdb8ffe7eb5a4c74a9f1f86a31"}, {"bytes": 141183, "name": "malformed", "path": "/tmp/rc-t4/holdout-malformed0/holdout-report.json", "sha256": "68e098eb0ecfa0e04b5f3318234e3822d8ea0ebfa4467fd0b2c429ebf591a2af"}]

=================================== FAILURES ===================================
__ test_fixed_batch_runs_both_arms_two_rounds_and_keeps_missing_costs[valid] ___
tests/test_research_campaign.py:266: in test_fixed_batch_runs_both_arms_two_rounds_and_keeps_missing_costs
    assert row['metrics']['native_actions'] == 5
E   assert 3 == 5
_ test_fixed_batch_runs_both_arms_two_rounds_and_keeps_missing_costs[invalid] __
tests/test_research_campaign.py:264: in test_fixed_batch_runs_both_arms_two_rounds_and_keeps_missing_costs
    assert row['status'] == 'completed', row
E   AssertionError: {'arm': 'A', 'budget_checks': {'cli_wall_seconds': 'passed', 'gpu_seconds': 'unknown', 'provider_calls': 'passed', 'pr...e, 'first_valid_consumed_seconds': None, ...}, 'native_outcomes': {'completed': 3, 'failed': 0, 'interrupted': 0}, ...}
E   assert 'failed' == 'completed'
E     
E     - completed
E     + failed
=============================== warnings summary ===============================
../../../../../../home/erik/.local/lib/python3.10/site-packages/_pytest/config/__init__.py:885
  /home/erik/.local/lib/python3.10/site-packages/_pytest/config/__init__.py:885: PytestAssertRewriteWarning: Module already imported so cannot be rewritten; examples.holdout.testing
    self.import_plugin(import_spec)

-- Docs: https://docs.pytest.org/en/stable/how-to/capture-warnings.html
=========================== short test summary info ============================
FAILED tests/test_research_campaign.py::test_fixed_batch_runs_both_arms_two_rounds_and_keeps_missing_costs[valid]
FAILED tests/test_research_campaign.py::test_fixed_batch_runs_both_arms_two_rounds_and_keeps_missing_costs[invalid]
2 failed, 82 passed, 1 warning in 103.44s (0:01:43)
