........................................................................ [  1%]
........................................................................ [  2%]
........................................................................ [  4%]
........................................................................ [  5%]
........................................................................ [  6%]
........................................................................ [  8%]
........................................................................ [  9%]
........................................................................ [ 11%]
........................................................................ [ 12%]
........................................................................ [ 13%]
........................................................................ [ 15%]
........................................................................ [ 16%]
........................................................................ [ 18%]
........................................................................ [ 19%]
........................................................................ [ 20%]
........................................................................ [ 22%]
........................................................................ [ 23%]
........................................................................ [ 25%]
........................................................................ [ 26%]
........................................................................ [ 27%]
........................................................................ [ 29%]
........................................................................ [ 30%]
........................................................................ [ 32%]
........................................................................ [ 33%]
........................................................................ [ 34%]
........................................................................ [ 36%]
........................................................................ [ 37%]
........................................................................ [ 39%]
........................................................................ [ 40%]
................sss..................................................... [ 41%]
........................................................................ [ 43%]
........................................................................ [ 44%]
........................................................................ [ 46%]
.....................................................................s.. [ 47%]
........................................................................ [ 48%]
........................................................................ [ 50%]
........................................................................ [ 51%]
........................................................................ [ 53%]
........................................................................ [ 54%]
........................................................................ [ 55%]
........................................................................ [ 57%]
........................................................................ [ 58%]
........................................................................ [ 60%]
........................................................................ [ 61%]
........................................................................ [ 62%]
........................................................................ [ 64%]
........................................................................ [ 65%]
........................................................................ [ 67%]
........................................................................ [ 68%]
........................................................................ [ 69%]
........................................................................ [ 71%]
........................................................................ [ 72%]
........................................................................ [ 74%]
........................................................................ [ 75%]
........................................................................ [ 76%]
........................................................................ [ 78%]
........................................................................ [ 79%]
........................................................................ [ 81%]
........................................................................ [ 82%]
........................................................................ [ 83%]
........................................................................ [ 85%]
........................................................................ [ 86%]
........................................................................ [ 88%]
........................................................................ [ 89%]
........................................................................ [ 90%]
........................................................................ [ 92%]
..................ss.................................................... [ 93%]
........................................................................ [ 94%]
........................................................................ [ 96%]
........................................................................ [ 97%]
........................................................................ [ 99%]
..........................................                               [100%]HOLDOUT_REPORTS=[{"bytes": 2504534, "name": "workflow", "path": "/tmp/mc-c1/holdout-workflow0/holdout-report.json", "sha256": "39fb765720ccd4ad97dbfded41cdf491de2b367355f69ef120f8ff44e0636333"}, {"bytes": 142860, "name": "boundary", "path": "/tmp/mc-c1/holdout-boundary0/holdout-report.json", "sha256": "055b4386a385737c5982f67ecc9e36389b02a5c39878f7889361cb57fd323ff1"}, {"bytes": 142978, "name": "duplicate_id", "path": "/tmp/mc-c1/holdout-duplicate_id0/holdout-report.json", "sha256": "5a9d4cc50c363d9da121d43d5f9b9e7238dfa1afb15cdcccd47c261e3fd595a2"}, {"bytes": 144290, "name": "missing_prerequisite", "path": "/tmp/mc-c1/holdout-missing_prerequisite0/holdout-report.json", "sha256": "1095cf32efddffa5ff2b03a1df4df0370db1f87af4926d0bd5cf4a8dff777351"}, {"bytes": 142358, "name": "overload", "path": "/tmp/mc-c1/holdout-overload0/holdout-report.json", "sha256": "170f2402b9af0d2c9d87bf88600a50e8502fb05b5d84807d304d108ba2e3211c"}, {"bytes": 141164, "name": "malformed", "path": "/tmp/mc-c1/holdout-malformed0/holdout-report.json", "sha256": "139bd042e8ae60e893707daac12bbee5a9543073828a3910c0e91f765fc52dc1"}]
CPU_RECOVERY_REPORTS=[{"bytes": 82577, "path": "/tmp/mc-c1/test_real_confirmed_terminal_r0/project-0/recovery-report.json", "sha256": "c7ef047ced82d553b42e45d5ea2900785a0cd82eb5a6f56207aeb3b1f97abbdf", "test": "tests/test_cpu_claim_reader_consolidation.py::TestPublicSnapshotRouting::test_real_confirmed_terminal_recovery_uses_required_8k_public_snapshot"}, {"bytes": 104254, "path": "/tmp/mc-c1/test_post_delete_fsync_uncerta0/project-0/recovery-report.json", "sha256": "439894eeb229528c0038f4cbc7501b64839bf1eafcd2f63b6d4db62db3cdf10f", "test": "tests/test_cpu_terminal_recovery_barrier.py::test_post_delete_fsync_uncertainty_blocks_fresh_restart_with_zero_bound[effect]"}, {"bytes": 104273, "path": "/tmp/mc-c1/test_post_delete_fsync_uncerta1/project-0/recovery-report.json", "sha256": "42b1cd34b6668e510bf68a641d0f4d07bac172af157a0b71c5ec877aa8942364", "test": "tests/test_cpu_terminal_recovery_barrier.py::test_post_delete_fsync_uncertainty_blocks_fresh_restart_with_zero_bound[recovery]"}, {"bytes": 67201, "path": "/tmp/mc-c1/test_in_progress_denies_alread0/project-0/recovery-report.json", "sha256": "b00078c887a70e410b9977aa4cc0051e3c58a804953c1aa33886412ed41a06d7", "test": "tests/test_cpu_terminal_recovery_barrier.py::test_in_progress_denies_already_running_peer_admission[reserve]"}, {"bytes": 67202, "path": "/tmp/mc-c1/test_in_progress_denies_alread1/project-0/recovery-report.json", "sha256": "2dc8bdcfb71df28a72a46cbb7d8763b7d72c79b7dda46c77a42d540e8e1fa6dc", "test": "tests/test_cpu_terminal_recovery_barrier.py::test_in_progress_denies_already_running_peer_admission[require_permit]"}, {"bytes": 66081, "path": "/tmp/mc-c1/test_two_recovery_consumers_do0/project-0/recovery-report.json", "sha256": "9c78b91982c83be81ead5ac35c8bfc75ecbab89c7305105c2721467364ea1879", "test": "tests/test_cpu_terminal_recovery_barrier.py::test_two_recovery_consumers_do_not_repeat_settlement_or_poison_owner"}, {"bytes": 66486, "path": "/tmp/mc-c1/test_legal_peer_decision_after0/project-0/recovery-report.json", "sha256": "fc5ad82827e3be27f117f2065af01270f62a36f07ab3c6f326ebe21ee37f0c50", "test": "tests/test_cpu_terminal_recovery_barrier.py::test_legal_peer_decision_after_complete_commit_preserves_exact_owner_result"}, {"bytes": 102099, "path": "/tmp/mc-c1/test_recovery_transaction_unkn0/project-0/recovery-report.json", "sha256": "432abe1a3897c0c8c799755a656f447aa4ecab5aa74aebf3afe4db0ab9f76cce", "test": "tests/test_cpu_terminal_recovery_barrier.py::test_recovery_transaction_unknown_is_not_an_ordinary_success[IN_PROGRESS-rollback]"}, {"bytes": 104178, "path": "/tmp/mc-c1/test_recovery_transaction_unkn1/project-0/recovery-report.json", "sha256": "031f3f666640abe56945f8da7524dd39ee623315dbcc8def0c517f47aba31883", "test": "tests/test_cpu_terminal_recovery_barrier.py::test_recovery_transaction_unknown_is_not_an_ordinary_success[COMPLETE-rollback]"}, {"bytes": 105563, "path": "/tmp/mc-c1/test_recovery_transaction_unkn2/project-0/recovery-report.json", "sha256": "cfb2839573b19348bab20456c37381837a01f68b46fc3c13400df2a4937a4ab8", "test": "tests/test_cpu_terminal_recovery_barrier.py::test_recovery_transaction_unknown_is_not_an_ordinary_success[COMPLETE-committed_raise]"}, {"bytes": 65157, "path": "/tmp/mc-c1/test_existing_unqualified_gate0/project-0/recovery-report.json", "sha256": "4be11f5d14d87e77a23f4505d8b8df083a1a78fd85435bf6776e90b6c9ec474d", "test": "tests/test_cpu_terminal_recovery_barrier.py::test_existing_unqualified_gate_owner_is_preserved"}, {"bytes": 65173, "path": "/tmp/mc-c1/test_recovery_refuses_caller_t0/project-0/recovery-report.json", "sha256": "a2cc1f86c699181ae34328a4d414d26f566e75da45b567727d5535f1903f8d79", "test": "tests/test_cpu_terminal_recovery_barrier.py::test_recovery_refuses_caller_transaction_without_consuming_it"}, {"bytes": 65958, "path": "/tmp/mc-c1/test_actual_peer_nonce_replace0/project-0/recovery-report.json", "sha256": "298aadee901d6404b3b19e3d2fba786373f1492cd043cf4ee8825d0d1d311bca", "test": "tests/test_cpu_terminal_recovery_barrier.py::test_actual_peer_nonce_replacement_cannot_be_completed_by_old_owner"}, {"bytes": 314318, "path": "/tmp/mc-c1/test_fresh_cli_resumes_confirm0/domain-project/recovery-report.json", "sha256": "b664da701debfcc5636a936951606d26ab2632ec49e8bcd307ba2b5f0cc56e2f", "test": "tests/test_cpu_terminal_recovery_domain.py::test_fresh_cli_resumes_confirmed_domain_without_reinterpretation[schedule-feasibility-v1-valid]"}, {"bytes": 314241, "path": "/tmp/mc-c1/test_fresh_cli_resumes_confirm1/domain-project/recovery-report.json", "sha256": "d225c04190060308587bff98ad5ef974f06de00c91cd265bc8ff9db47e174605", "test": "tests/test_cpu_terminal_recovery_domain.py::test_fresh_cli_resumes_confirmed_domain_without_reinterpretation[schedule-feasibility-v2-invalid]"}, {"bytes": 147593, "path": "/tmp/mc-c1/test_recovery_refuses_changed_0/project-0/recovery-report.json", "sha256": "05864663edc436ea623f31c2c71108db72dd2fd9a9ec3bc655c701b0c1c2ca8e", "test": "tests/test_cpu_terminal_recovery_guards.py::test_recovery_refuses_changed_native_binding[origin]"}, {"bytes": 147561, "path": "/tmp/mc-c1/test_recovery_refuses_changed_1/project-0/recovery-report.json", "sha256": "ae32b08ffaa1cd86477eef1ada4cd595241992ee61763e288864d9f3af3335ea", "test": "tests/test_cpu_terminal_recovery_guards.py::test_recovery_refuses_changed_native_binding[kind]"}, {"bytes": 147619, "path": "/tmp/mc-c1/test_recovery_refuses_changed_2/project-0/recovery-report.json", "sha256": "062d41281f525a66dc88db6b812594140e6993bfcc1ea14749d3f72001c1e4bf", "test": "tests/test_cpu_terminal_recovery_guards.py::test_recovery_refuses_changed_native_binding[resource]"}, {"bytes": 147633, "path": "/tmp/mc-c1/test_recovery_refuses_changed_3/project-0/recovery-report.json", "sha256": "42c722e2a6c0210e45bb9ba92d26e8ed5146c8806a03b55d48a517b6590f372f", "test": "tests/test_cpu_terminal_recovery_guards.py::test_recovery_refuses_changed_native_binding[attempt_ref]"}, {"bytes": 147647, "path": "/tmp/mc-c1/test_recovery_refuses_changed_4/project-0/recovery-report.json", "sha256": "7b761525e6c75a300242d1ef59c75c1269d3306dbadff81c126cb0abbebab812", "test": "tests/test_cpu_terminal_recovery_guards.py::test_recovery_refuses_changed_native_binding[process_pid]"}, {"bytes": 147679, "path": "/tmp/mc-c1/test_recovery_refuses_changed_5/project-0/recovery-report.json", "sha256": "1f9fd88de1bb77dcc43d0f02586fefa1e7e88a322ad73ebac10c202431118cae", "test": "tests/test_cpu_terminal_recovery_guards.py::test_recovery_refuses_changed_native_binding[command_sha256]"}, {"bytes": 147676, "path": "/tmp/mc-c1/test_recovery_refuses_changed_6/project-0/recovery-report.json", "sha256": "7ca61590c6ce4531906d984d477e1f7f28c794c593d47f7935b61a84aaa96de4", "test": "tests/test_cpu_terminal_recovery_guards.py::test_recovery_refuses_changed_native_binding[timeout_seconds]"}, {"bytes": 147608, "path": "/tmp/mc-c1/test_recovery_refuses_changed_7/project-0/recovery-report.json", "sha256": "b1beeb4d0371e1db9c833387a069b61850c74b372845c754ffa2b68d2a221d36", "test": "tests/test_cpu_terminal_recovery_guards.py::test_recovery_refuses_changed_captured_source[database]"}, {"bytes": 147636, "path": "/tmp/mc-c1/test_recovery_refuses_changed_8/project-0/recovery-report.json", "sha256": "02de0e0e33eab12f6ec719831723cfe89d265f643ad7966d5778cfa7d2169e8e", "test": "tests/test_cpu_terminal_recovery_guards.py::test_recovery_refuses_changed_captured_source[claim_sha256]"}, {"bytes": 147659, "path": "/tmp/mc-c1/test_recovery_refuses_changed_9/project-0/recovery-report.json", "sha256": "884ee41a5ede36543db598d8bf935678b45ceb9f857a27d8e652591939544a01", "test": "tests/test_cpu_terminal_recovery_guards.py::test_recovery_refuses_changed_captured_source[config_sha256]"}, {"bytes": 147833, "path": "/tmp/mc-c1/test_recovery_refuses_changed_10/project-0/recovery-report.json", "sha256": "62a4beef9a4eaa54d1c416dd9264e6d9d4fe3ce3bcc01cd231be67980ee282df", "test": "tests/test_cpu_terminal_recovery_guards.py::test_recovery_refuses_changed_current_lifecycle"}, {"bytes": 147698, "path": "/tmp/mc-c1/test_recovery_refuses_rehashed0/project-0/recovery-report.json", "sha256": "5b283242eae8955e205faf6595a2c1dc2088706a0c6e7d016c95bacdc0806a42", "test": "tests/test_cpu_terminal_recovery_guards.py::test_recovery_refuses_rehashed_non_cpu_prepared_plan"}, {"bytes": 147813, "path": "/tmp/mc-c1/test_recovery_refuses_changed_11/project-0/recovery-report.json", "sha256": "2337d0abd7d817ff519fa5a6de95635052b308dc90b918d705d5a0cba37136d9", "test": "tests/test_cpu_terminal_recovery_guards.py::test_recovery_refuses_changed_catalog_route"}, {"bytes": 147872, "path": "/tmp/mc-c1/test_recovery_refuses_changed_12/project-0/recovery-report.json", "sha256": "b5fbf31e43601e89e63cd1f1e32a107a13f0e3c1dd2ec2e7e6c80f208875c0e7", "test": "tests/test_cpu_terminal_recovery_guards.py::test_recovery_refuses_changed_ready_member_identity"}, {"bytes": 190071, "path": "/tmp/mc-c1/test_recovery_rechecks_source_0/project-0/recovery-report.json", "sha256": "71e39d123d5b66742af1f3ac67c31948898c9d687cc36a36655efcffbb524313", "test": "tests/test_cpu_terminal_recovery_guards.py::test_recovery_rechecks_source_after_enumeration_before_settlement"}, {"bytes": 149116, "path": "/tmp/mc-c1/test_preexisting_stop_never_au0/project-0/recovery-report.json", "sha256": "8c45e87dd0949dc63abfd53f288ecc0c79429d6a82afdd9c4c992465c3a656cf", "test": "tests/test_cpu_terminal_recovery_guards.py::test_preexisting_stop_never_authorizes_automatic_settlement[ordinary_stop]"}, {"bytes": 149023, "path": "/tmp/mc-c1/test_preexisting_stop_never_au1/project-0/recovery-report.json", "sha256": "cd6f95e212bef8b311d9eaa312f784a624c8fa1c86a3edb028f1b46d18cd3dc7", "test": "tests/test_cpu_terminal_recovery_guards.py::test_preexisting_stop_never_authorizes_automatic_settlement[storage_hold]"}, {"bytes": 149185, "path": "/tmp/mc-c1/test_preexisting_stop_never_au2/project-0/recovery-report.json", "sha256": "f0cb010dabca363a609f4272eff6fe3d0eeb00b1822596404e6e49cf8e733822", "test": "tests/test_cpu_terminal_recovery_guards.py::test_preexisting_stop_never_authorizes_automatic_settlement[masked_storage_hold]"}, {"bytes": 147808, "path": "/tmp/mc-c1/test_recovery_refuses_unbound_0/project-0/recovery-report.json", "sha256": "4b32b1e5f43e62c52e4a0acd5a1dca4b53ae96fbd29b196715348ccbc6374598", "test": "tests/test_cpu_terminal_recovery_guards.py::test_recovery_refuses_unbound_replication_request_field"}, {"bytes": 147744, "path": "/tmp/mc-c1/test_recovery_refuses_artifact0/project-0/recovery-report.json", "sha256": "2d69d93de6872d5b536aa561d44fbeb5a75242847a564dc060ab17cbb8b98236", "test": "tests/test_cpu_terminal_recovery_guards.py::test_recovery_refuses_artifact_root_unrelated_to_published_records"}, {"bytes": 211524, "path": "/tmp/mc-c1/test_restart_settles_confirmed0/project-0/recovery-report.json", "sha256": "161a5adb86142e7783098a1360ccc551be42170c49ed82018837f5751b827671", "test": "tests/test_cpu_terminal_settlement_recovery.py::test_restart_settles_confirmed_terminal_without_repeating_original_worker[0]"}, {"bytes": 199984, "path": "/tmp/mc-c1/test_restart_settles_confirmed1/project-0/recovery-report.json", "sha256": "5ae2a663165ae5c2c504adc59d797efc3ee548e844f3eb7cafa7980b2484abd2", "test": "tests/test_cpu_terminal_settlement_recovery.py::test_restart_settles_confirmed_terminal_without_repeating_original_worker[7]"}, {"bytes": 126504, "path": "/tmp/mc-c1/test_real_v2_confirmed_termina0/project-0/recovery-report.json", "sha256": "89cc208918dce8d1876318b08db9d21e0f2d1d8da2aada2244dc3ece68199b8a", "test": "tests/test_runtime_lease_recovery.py::test_real_v2_confirmed_terminal_crash_recovers_metadata_only[0]"}, {"bytes": 118148, "path": "/tmp/mc-c1/test_real_v2_confirmed_termina1/project-0/recovery-report.json", "sha256": "5a0ee9c82ac13ca614a4e265a3a6279aae8d84cafbb49cdf6a0a2079895e7a11", "test": "tests/test_runtime_lease_recovery.py::test_real_v2_confirmed_terminal_crash_recovers_metadata_only[7]"}, {"bytes": 119319, "path": "/tmp/mc-c1/test_real_historical_v1_termin0/historical-project/recovery-report.json", "sha256": "0f14ea19d8a931afab9ee280b137db85f751669c92dff13a9c344f537ba15c77", "test": "tests/test_runtime_lease_recovery.py::test_real_historical_v1_terminal_recovers_without_upgrade_or_reexecution"}]
ACCEPTANCE_REPORTS=[{"bytes": 279297, "name": "sorting_default", "path": "/tmp/mc-c1/acceptance-sorting-default0/acceptance-report.json", "sha256": "fa919279e531c6c8eaf2550303590c013499a0e5ca6886b24a003d43c20925b5"}, {"bytes": 120697, "name": "sorting_counterfactual", "path": "/tmp/mc-c1/acceptance-sorting-counterfactual0/acceptance-report.json", "sha256": "d29f7f5221d892847f921f67a74a41b07e620faf25288f8ed91abf6f6c2b38c3"}, {"bytes": 274226, "name": "compression_default", "path": "/tmp/mc-c1/acceptance-compression-default0/acceptance-report.json", "sha256": "9305f5ad5dd04a70db145a5120e5ce32d03bd9745fc56b936636e6a70ac98b5a"}, {"bytes": 120279, "name": "compression_counterfactual", "path": "/tmp/mc-c1/acceptance-compression-counterfactual0/acceptance-report.json", "sha256": "e2d65b12212e33d2b472790bcaf1e8296cf8340aced6ef39bb373fc95c85f80b"}]

=============================== warnings summary ===============================
../../../../../../home/erik/.local/lib/python3.10/site-packages/_pytest/config/__init__.py:885
  /home/erik/.local/lib/python3.10/site-packages/_pytest/config/__init__.py:885: PytestAssertRewriteWarning: Module already imported so cannot be rewritten; cpu_terminal_recovery_helpers
    self.import_plugin(import_spec)

../../../../../../home/erik/.local/lib/python3.10/site-packages/_pytest/config/__init__.py:885
  /home/erik/.local/lib/python3.10/site-packages/_pytest/config/__init__.py:885: PytestAssertRewriteWarning: Module already imported so cannot be rewritten; examples.holdout.testing
    self.import_plugin(import_spec)

-- Docs: https://docs.pytest.org/en/stable/how-to/capture-warnings.html
5148 passed, 7 skipped, 2 warnings in 1113.46s (0:18:33)
