........................................................................ [  1%]
........................................................................ [  2%]
........................................................................ [  4%]
........................................................................ [  5%]
........................................................................ [  7%]
........................................................................ [  8%]
........................................................................ [  9%]
........................................................................ [ 11%]
........................................................................ [ 12%]
........................................................................ [ 14%]
........................................................................ [ 15%]
........................................................................ [ 17%]
........................................................................ [ 18%]
........................................................................ [ 19%]
........................................................................ [ 21%]
........................................................................ [ 22%]
........................................................................ [ 24%]
........................................................................ [ 25%]
........................................................................ [ 27%]
........................................................................ [ 28%]
........................................................................ [ 29%]
........................................................................ [ 31%]
........................................................................ [ 32%]
........................................................................ [ 34%]
........................................................................ [ 35%]
........................................................................ [ 37%]
........................................................................ [ 38%]
........................................................................ [ 39%]
........................................................................ [ 41%]
................sss..................................................... [ 42%]
........................................................................ [ 44%]
........................................................................ [ 45%]
........................................................................ [ 47%]
.....................................................................s.. [ 48%]
........................................................................ [ 49%]
........................................................................ [ 51%]
........................................................................ [ 52%]
........................................................................ [ 54%]
........................................................................ [ 55%]
........................................................................ [ 57%]
........................................................................ [ 58%]
........................................................................ [ 59%]
........................................................................ [ 61%]
........................................................................ [ 62%]
........................................................................ [ 64%]
........................................................................ [ 65%]
........................................................................ [ 66%]
........................................................................ [ 68%]
........................................................................ [ 69%]
........................................................................ [ 71%]
........................................................................ [ 72%]
........................................................................ [ 74%]
........................................................................ [ 75%]
........................................................................ [ 76%]
........................................................................ [ 78%]
........................................................................ [ 79%]
........................................................................ [ 81%]
........................................................................ [ 82%]
........................................................................ [ 84%]
........................................................................ [ 85%]
........................................................................ [ 86%]
........................................................................ [ 88%]
........................................................................ [ 89%]
........................................................................ [ 91%]
............................................................ss.......... [ 92%]
........................................................................ [ 94%]
........................................................................ [ 95%]
........................................................................ [ 96%]
........................................................................ [ 98%]
........................................................................ [ 99%]
............                                                             [100%]HOLDOUT_REPORTS=[{"bytes": 2510163, "name": "workflow", "path": "/tmp/ocm-cf1/holdout-workflow0/holdout-report.json", "sha256": "61596ac62bd2b6d2a941c07c9eb0a57d54d73228577d289b529d81d0292bc87c"}, {"bytes": 143192, "name": "boundary", "path": "/tmp/ocm-cf1/holdout-boundary0/holdout-report.json", "sha256": "6a69d6695e30c2e0714fa3d944dfadfe94f8f7fc1a09db6181d5a118fbb70f03"}, {"bytes": 143306, "name": "duplicate_id", "path": "/tmp/ocm-cf1/holdout-duplicate_id0/holdout-report.json", "sha256": "204d6b6e646a4308cc062f3998c43a6af47cbce8390992a7d03811dc379d265b"}, {"bytes": 144625, "name": "missing_prerequisite", "path": "/tmp/ocm-cf1/holdout-missing_prerequisite0/holdout-report.json", "sha256": "d0f7ff4c9eeb468886cc0b026f3b811a273299042201656ebeee474cb6fddab6"}, {"bytes": 142699, "name": "overload", "path": "/tmp/ocm-cf1/holdout-overload0/holdout-report.json", "sha256": "6daf91de43ec41bfdba6a29fbb94bda0132e69e81b1f5a5f9e2d8e6b1c490bc7"}, {"bytes": 141498, "name": "malformed", "path": "/tmp/ocm-cf1/holdout-malformed0/holdout-report.json", "sha256": "3f8b3ebaf9926c2a6af72aeb3ef9c920248c2eb090f16726fd8bd48231849d44"}]
CPU_RECOVERY_REPORTS=[{"bytes": 82761, "path": "/tmp/ocm-cf1/test_real_confirmed_terminal_r0/project-0/recovery-report.json", "sha256": "f855292587ded0d0a0d8af629cf95e622b008d2ea331455b71bbd31befb43c0b", "test": "tests/test_cpu_claim_reader_consolidation.py::TestPublicSnapshotRouting::test_real_confirmed_terminal_recovery_uses_required_8k_public_snapshot"}, {"bytes": 104500, "path": "/tmp/ocm-cf1/test_post_delete_fsync_uncerta0/project-0/recovery-report.json", "sha256": "808e5c00870d168e4e2b44d47f3dacab17999a09bc76f6c53eac5d07e99c8a09", "test": "tests/test_cpu_terminal_recovery_barrier.py::test_post_delete_fsync_uncertainty_blocks_fresh_restart_with_zero_bound[effect]"}, {"bytes": 104519, "path": "/tmp/ocm-cf1/test_post_delete_fsync_uncerta1/project-0/recovery-report.json", "sha256": "78dcbe71936ad15e9244e8899441c9ce50e2240f86aec67f94b6aab861790447", "test": "tests/test_cpu_terminal_recovery_barrier.py::test_post_delete_fsync_uncertainty_blocks_fresh_restart_with_zero_bound[recovery]"}, {"bytes": 67361, "path": "/tmp/ocm-cf1/test_in_progress_denies_alread0/project-0/recovery-report.json", "sha256": "979f6ce1af451c706a8c5383af5a602ee689ead03e77fbd18e476efd2b87bca0", "test": "tests/test_cpu_terminal_recovery_barrier.py::test_in_progress_denies_already_running_peer_admission[reserve]"}, {"bytes": 67352, "path": "/tmp/ocm-cf1/test_in_progress_denies_alread1/project-0/recovery-report.json", "sha256": "f2871b7942c2f67f3001a451311b2c52ddd46b307972210f0cc5b9394d35bb08", "test": "tests/test_cpu_terminal_recovery_barrier.py::test_in_progress_denies_already_running_peer_admission[require_permit]"}, {"bytes": 66237, "path": "/tmp/ocm-cf1/test_two_recovery_consumers_do0/project-0/recovery-report.json", "sha256": "908ec7f9167c1502501c8b8193bd5c349d8b3f0fcc13e3d9c25e9c8c3cdb6c67", "test": "tests/test_cpu_terminal_recovery_barrier.py::test_two_recovery_consumers_do_not_repeat_settlement_or_poison_owner"}, {"bytes": 66637, "path": "/tmp/ocm-cf1/test_legal_peer_decision_after0/project-0/recovery-report.json", "sha256": "2193a2c4ee37771c7eae43aebb0fffbcadee3991f39e26d2bb8a5abf9b2684f1", "test": "tests/test_cpu_terminal_recovery_barrier.py::test_legal_peer_decision_after_complete_commit_preserves_exact_owner_result"}, {"bytes": 102318, "path": "/tmp/ocm-cf1/test_recovery_transaction_unkn0/project-0/recovery-report.json", "sha256": "ce49191d2301999118cc0408cb4c7d4ab8bf7d6de3465b98fb440947c2d77ad2", "test": "tests/test_cpu_terminal_recovery_barrier.py::test_recovery_transaction_unknown_is_not_an_ordinary_success[IN_PROGRESS-rollback]"}, {"bytes": 104450, "path": "/tmp/ocm-cf1/test_recovery_transaction_unkn1/project-0/recovery-report.json", "sha256": "cf4e468809102e05ae27f1c580ce523b940242918958cf9c6f5642487e6ab658", "test": "tests/test_cpu_terminal_recovery_barrier.py::test_recovery_transaction_unknown_is_not_an_ordinary_success[COMPLETE-rollback]"}, {"bytes": 105846, "path": "/tmp/ocm-cf1/test_recovery_transaction_unkn2/project-0/recovery-report.json", "sha256": "003dca89e7fc170bc1537b727b37436a9d5f66a29fc5efd0baa8a451199330ab", "test": "tests/test_cpu_terminal_recovery_barrier.py::test_recovery_transaction_unknown_is_not_an_ordinary_success[COMPLETE-committed_raise]"}, {"bytes": 65305, "path": "/tmp/ocm-cf1/test_existing_unqualified_gate0/project-0/recovery-report.json", "sha256": "bad5ca29e3b91464340ed850890d220a72eba0fdf88753ba9f541d482b64c9b4", "test": "tests/test_cpu_terminal_recovery_barrier.py::test_existing_unqualified_gate_owner_is_preserved"}, {"bytes": 65306, "path": "/tmp/ocm-cf1/test_recovery_refuses_caller_t0/project-0/recovery-report.json", "sha256": "61b8bf4eebeb5d2dc0368846fa6857342b8eb864d3f4389df0f1629d3e757418", "test": "tests/test_cpu_terminal_recovery_barrier.py::test_recovery_refuses_caller_transaction_without_consuming_it"}, {"bytes": 66096, "path": "/tmp/ocm-cf1/test_actual_peer_nonce_replace0/project-0/recovery-report.json", "sha256": "06e516525ab5466300f225a203cb1cdcc40f96fc2647a9a6b00eac4805ad1431", "test": "tests/test_cpu_terminal_recovery_barrier.py::test_actual_peer_nonce_replacement_cannot_be_completed_by_old_owner"}, {"bytes": 315062, "path": "/tmp/ocm-cf1/test_fresh_cli_resumes_confirm0/domain-project/recovery-report.json", "sha256": "8389ce257c351c24c8fda46baaa91cbfa5a083abd2ab61a2fcb8eba401a702ed", "test": "tests/test_cpu_terminal_recovery_domain.py::test_fresh_cli_resumes_confirmed_domain_without_reinterpretation[schedule-feasibility-v1-valid]"}, {"bytes": 314986, "path": "/tmp/ocm-cf1/test_fresh_cli_resumes_confirm1/domain-project/recovery-report.json", "sha256": "c2ed1f16bfe0ae926f1d0d99390504ea39b96fd98da3197c2313f77484a874f3", "test": "tests/test_cpu_terminal_recovery_domain.py::test_fresh_cli_resumes_confirmed_domain_without_reinterpretation[schedule-feasibility-v2-invalid]"}, {"bytes": 147910, "path": "/tmp/ocm-cf1/test_recovery_refuses_changed_0/project-0/recovery-report.json", "sha256": "aa6efab480fbf026f5cf53a92bdd2abf43fa63cbcbca29137e82a7bac8004727", "test": "tests/test_cpu_terminal_recovery_guards.py::test_recovery_refuses_changed_native_binding[origin]"}, {"bytes": 147878, "path": "/tmp/ocm-cf1/test_recovery_refuses_changed_1/project-0/recovery-report.json", "sha256": "9220322972d0c177ccfb629980bb06b1e53fe2be098134c61f26959a495cdf54", "test": "tests/test_cpu_terminal_recovery_guards.py::test_recovery_refuses_changed_native_binding[kind]"}, {"bytes": 147955, "path": "/tmp/ocm-cf1/test_recovery_refuses_changed_2/project-0/recovery-report.json", "sha256": "221a17dacaa435fbf6901b18ca20969d9e040afca74da7d2b107f3e6ad0f0f9a", "test": "tests/test_cpu_terminal_recovery_guards.py::test_recovery_refuses_changed_native_binding[resource]"}, {"bytes": 147964, "path": "/tmp/ocm-cf1/test_recovery_refuses_changed_3/project-0/recovery-report.json", "sha256": "726d42b16f84a265d1de56d456f8fd33467c991800177fc082e33945f53d827f", "test": "tests/test_cpu_terminal_recovery_guards.py::test_recovery_refuses_changed_native_binding[attempt_ref]"}, {"bytes": 147966, "path": "/tmp/ocm-cf1/test_recovery_refuses_changed_4/project-0/recovery-report.json", "sha256": "5d3b7698989d2ce6c1dc76913a2a0742a24ab1f93d6665bee8693059ce566bab", "test": "tests/test_cpu_terminal_recovery_guards.py::test_recovery_refuses_changed_native_binding[process_pid]"}, {"bytes": 147978, "path": "/tmp/ocm-cf1/test_recovery_refuses_changed_5/project-0/recovery-report.json", "sha256": "bb7cf847487b8f4c1f36430d0c1088c8bb273519608f4101968a3f8feb50e4b3", "test": "tests/test_cpu_terminal_recovery_guards.py::test_recovery_refuses_changed_native_binding[command_sha256]"}, {"bytes": 147991, "path": "/tmp/ocm-cf1/test_recovery_refuses_changed_6/project-0/recovery-report.json", "sha256": "77c769968fc3bebd269595fbceb0ece3869fd73779b5d0d0d0f6f5e078493967", "test": "tests/test_cpu_terminal_recovery_guards.py::test_recovery_refuses_changed_native_binding[timeout_seconds]"}, {"bytes": 147946, "path": "/tmp/ocm-cf1/test_recovery_refuses_changed_7/project-0/recovery-report.json", "sha256": "86bf5f836bca0a92875b0a14d9274f53be5bb675801c1b4bc663f98ed18a2daf", "test": "tests/test_cpu_terminal_recovery_guards.py::test_recovery_refuses_changed_captured_source[database]"}, {"bytes": 147967, "path": "/tmp/ocm-cf1/test_recovery_refuses_changed_8/project-0/recovery-report.json", "sha256": "922e2aea3776575295897ff2db3300f7b8db5d6880bb00360dfa9277d6cb7f0d", "test": "tests/test_cpu_terminal_recovery_guards.py::test_recovery_refuses_changed_captured_source[claim_sha256]"}, {"bytes": 147958, "path": "/tmp/ocm-cf1/test_recovery_refuses_changed_9/project-0/recovery-report.json", "sha256": "7eeb85f5ae88963698ddb408e5b1fd6cb6bf3c090152ae37ed72dfcf49ecdec7", "test": "tests/test_cpu_terminal_recovery_guards.py::test_recovery_refuses_changed_captured_source[config_sha256]"}, {"bytes": 148147, "path": "/tmp/ocm-cf1/test_recovery_refuses_changed_10/project-0/recovery-report.json", "sha256": "3f9f79d65e20ba9b8641c4bf1b294300ac94734223fe8981e11acfda2eeffc14", "test": "tests/test_cpu_terminal_recovery_guards.py::test_recovery_refuses_changed_current_lifecycle"}, {"bytes": 148001, "path": "/tmp/ocm-cf1/test_recovery_refuses_rehashed0/project-0/recovery-report.json", "sha256": "b8fc96ef1440af8a823ff42f75a4734fe3cda9fb62f08e8a56bb32abe7acda5f", "test": "tests/test_cpu_terminal_recovery_guards.py::test_recovery_refuses_rehashed_non_cpu_prepared_plan"}, {"bytes": 148128, "path": "/tmp/ocm-cf1/test_recovery_refuses_changed_11/project-0/recovery-report.json", "sha256": "52e55522f8020b6dfdf44b3979b12af656775e3b20796fdf5c1903319ab56be5", "test": "tests/test_cpu_terminal_recovery_guards.py::test_recovery_refuses_changed_catalog_route"}, {"bytes": 148189, "path": "/tmp/ocm-cf1/test_recovery_refuses_changed_12/project-0/recovery-report.json", "sha256": "646c1285900a30fff0e61700df7bbbaf05386c4e8719ce664b6ee98a2c83aaae", "test": "tests/test_cpu_terminal_recovery_guards.py::test_recovery_refuses_changed_ready_member_identity"}, {"bytes": 190501, "path": "/tmp/ocm-cf1/test_recovery_rechecks_source_0/project-0/recovery-report.json", "sha256": "bfcd4688d832c2c7bd2caba699d7b6972d01d11d4bcb675387e669da885f2175", "test": "tests/test_cpu_terminal_recovery_guards.py::test_recovery_rechecks_source_after_enumeration_before_settlement"}, {"bytes": 149445, "path": "/tmp/ocm-cf1/test_preexisting_stop_never_au0/project-0/recovery-report.json", "sha256": "dd62291391c6763b653a29a9b0da86b1503a332d8a6b832a39466c832cb6942b", "test": "tests/test_cpu_terminal_recovery_guards.py::test_preexisting_stop_never_authorizes_automatic_settlement[ordinary_stop]"}, {"bytes": 149366, "path": "/tmp/ocm-cf1/test_preexisting_stop_never_au1/project-0/recovery-report.json", "sha256": "202ff929ccb4d5615a8c7c8d4b187f41db35be9c652a547821f1fd0795f361e0", "test": "tests/test_cpu_terminal_recovery_guards.py::test_preexisting_stop_never_authorizes_automatic_settlement[storage_hold]"}, {"bytes": 149512, "path": "/tmp/ocm-cf1/test_preexisting_stop_never_au2/project-0/recovery-report.json", "sha256": "b2da86187106c37121fc6fe2184bf840e01966604de21fed07003b9c8223592e", "test": "tests/test_cpu_terminal_recovery_guards.py::test_preexisting_stop_never_authorizes_automatic_settlement[masked_storage_hold]"}, {"bytes": 148107, "path": "/tmp/ocm-cf1/test_recovery_refuses_unbound_0/project-0/recovery-report.json", "sha256": "93ba4068f0682b8781c49ef70ee2f9e9d84903c4f1b53156d092ea580688c30a", "test": "tests/test_cpu_terminal_recovery_guards.py::test_recovery_refuses_unbound_replication_request_field"}, {"bytes": 148061, "path": "/tmp/ocm-cf1/test_recovery_refuses_artifact0/project-0/recovery-report.json", "sha256": "87ebcfdf1b786d30a020be3c06655e8143d77aca4a9bbea2a9172e1f73f677cd", "test": "tests/test_cpu_terminal_recovery_guards.py::test_recovery_refuses_artifact_root_unrelated_to_published_records"}, {"bytes": 211991, "path": "/tmp/ocm-cf1/test_restart_settles_confirmed0/project-0/recovery-report.json", "sha256": "a80006edab6cd4b02dd45a1eccf08f4f9db2e5eae0b1452d1a298ddd53ce597c", "test": "tests/test_cpu_terminal_settlement_recovery.py::test_restart_settles_confirmed_terminal_without_repeating_original_worker[0]"}, {"bytes": 200397, "path": "/tmp/ocm-cf1/test_restart_settles_confirmed1/project-0/recovery-report.json", "sha256": "c6d6e2a8f061abed099eb90e0efee10442a8724ba85e940f47d509ee3db6868a", "test": "tests/test_cpu_terminal_settlement_recovery.py::test_restart_settles_confirmed_terminal_without_repeating_original_worker[7]"}, {"bytes": 126822, "path": "/tmp/ocm-cf1/test_real_v2_confirmed_termina0/project-0/recovery-report.json", "sha256": "f97856778979e78948f5ce7d9b24c9539d101c3844d52802f6f04a0b635a0478", "test": "tests/test_runtime_lease_recovery.py::test_real_v2_confirmed_terminal_crash_recovers_metadata_only[0]"}, {"bytes": 118430, "path": "/tmp/ocm-cf1/test_real_v2_confirmed_termina1/project-0/recovery-report.json", "sha256": "0c68fca67deae97d2d6843382bff4b5b4b3d485a00decc61360927c727d7fe5d", "test": "tests/test_runtime_lease_recovery.py::test_real_v2_confirmed_terminal_crash_recovers_metadata_only[7]"}, {"bytes": 119635, "path": "/tmp/ocm-cf1/test_real_historical_v1_termin0/historical-project/recovery-report.json", "sha256": "524043d1b1cb7f51bc67f3f73dcb81e0fbed5613351783fe112765cf51a94423", "test": "tests/test_runtime_lease_recovery.py::test_real_historical_v1_terminal_recovers_without_upgrade_or_reexecution"}]
ACCEPTANCE_REPORTS=[{"bytes": 279968, "name": "sorting_default", "path": "/tmp/ocm-cf1/acceptance-sorting-default0/acceptance-report.json", "sha256": "ad5131c1aa72caecb40f1862c79028523d89995311a6943252eb50f32362075c"}, {"bytes": 121001, "name": "sorting_counterfactual", "path": "/tmp/ocm-cf1/acceptance-sorting-counterfactual0/acceptance-report.json", "sha256": "3a9387c7cfa5dc3464986c3ba7a7300afdf084fdfa272843967a034fe06573df"}, {"bytes": 274842, "name": "compression_default", "path": "/tmp/ocm-cf1/acceptance-compression-default0/acceptance-report.json", "sha256": "f361de4e5f9aac8d07eafd4fe07547b6470776c53064243bb0ae9b9874d99915"}, {"bytes": 120599, "name": "compression_counterfactual", "path": "/tmp/ocm-cf1/acceptance-compression-counterfactual0/acceptance-report.json", "sha256": "670b065a112e41e82ce105fbeb3627903e700851d19ba56f9a4b6caf4c96b893"}]

=============================== warnings summary ===============================
../../../../../../home/erik/.local/lib/python3.10/site-packages/_pytest/config/__init__.py:885
  /home/erik/.local/lib/python3.10/site-packages/_pytest/config/__init__.py:885: PytestAssertRewriteWarning: Module already imported so cannot be rewritten; cpu_terminal_recovery_helpers
    self.import_plugin(import_spec)

../../../../../../home/erik/.local/lib/python3.10/site-packages/_pytest/config/__init__.py:885
  /home/erik/.local/lib/python3.10/site-packages/_pytest/config/__init__.py:885: PytestAssertRewriteWarning: Module already imported so cannot be rewritten; examples.holdout.testing
    self.import_plugin(import_spec)

-- Docs: https://docs.pytest.org/en/stable/how-to/capture-warnings.html
=========================== short test summary info ============================
SKIPPED [1] ../core/tests/test_sweeper.py:12: could not import 'orze_pro.engine.role_runner': This is a stub package. Install the real orze-pro via: export ORZE_PRO_KEY='...' && orze run
SKIPPED [1] ../core/tests/test_evolution.py:228: could not import 'orze_pro.agents.code_evolution': This is a stub package. Install the real orze-pro via: export ORZE_PRO_KEY='...' && orze run
SKIPPED [1] ../core/tests/test_evolution.py:239: could not import 'orze_pro.agents.code_evolution': This is a stub package. Install the real orze-pro via: export ORZE_PRO_KEY='...' && orze run
SKIPPED [1] ../core/tests/test_evolution.py:255: could not import 'orze_pro.agents.meta_research': This is a stub package. Install the real orze-pro via: export ORZE_PRO_KEY='...' && orze run
SKIPPED [1] ../core/tests/test_fsm_runner_registry.py:13: could not import 'orze_pro': This is a stub package. Install the real orze-pro via: export ORZE_PRO_KEY='...' && orze run
SKIPPED [1] ../core/tests/test_skill_registry.py:123: orze-pro not installed
SKIPPED [1] ../core/tests/test_skill_registry.py:135: orze-pro not installed
5046 passed, 7 skipped, 2 warnings in 1075.16s (0:17:55)
