........................................................................ [  1%]
........................................................................ [  2%]
........................................................................ [  4%]
........................................................................ [  5%]
........................................................................ [  6%]
........................................................................ [  8%]
........................................................................ [  9%]
........................................................................ [ 11%]
........................................................................ [ 12%]
........................................................................ [ 13%]
........................................................................ [ 15%]
........................................................................ [ 16%]
........................................................................ [ 18%]
........................................................................ [ 19%]
........................................................................ [ 20%]
........................................................................ [ 22%]
........................................................................ [ 23%]
........................................................................ [ 25%]
........................................................................ [ 26%]
........................................................................ [ 27%]
........................................................................ [ 29%]
........................................................................ [ 30%]
........................................................................ [ 31%]
........................................................................ [ 33%]
........................................................................ [ 34%]
........................................................................ [ 36%]
........................................................................ [ 37%]
........................................................................ [ 38%]
........................................................................ [ 40%]
................sss..................................................... [ 41%]
........................................................................ [ 43%]
........................................................................ [ 44%]
........................................................................ [ 45%]
.....................................................................s.. [ 47%]
........................................................................ [ 48%]
........................................................................ [ 50%]
........................................................................ [ 51%]
........................................................................ [ 52%]
........................................................................ [ 54%]
........................................................................ [ 55%]
........................................................................ [ 57%]
........................................................................ [ 58%]
........................................................................ [ 59%]
........................................................................ [ 61%]
........................................................................ [ 62%]
........................................................................ [ 63%]
........................................................................ [ 65%]
........................................................................ [ 66%]
........................................................................ [ 68%]
........................................................................ [ 69%]
........................................................................ [ 70%]
........................................................................ [ 72%]
........................................................................ [ 73%]
........................................................................ [ 75%]
........................................................................ [ 76%]
........................................................................ [ 77%]
........................................................................ [ 79%]
........................................................................ [ 80%]
........................................................................ [ 82%]
........................................................................ [ 83%]
........................................................................ [ 84%]
........................................................................ [ 86%]
........................................................................ [ 87%]
........................................................................ [ 89%]
........................................................................ [ 90%]
........................................................................ [ 91%]
.........................................ss............................. [ 93%]
........................................................................ [ 94%]
........................................................................ [ 95%]
........................................................................ [ 97%]
........................................................................ [ 98%]
.................................................................        [100%]HOLDOUT_REPORTS=[{"bytes": 2507425, "name": "workflow", "path": "/tmp/ma-fc1/holdout-workflow0/holdout-report.json", "sha256": "161ec16a1ee24340454295df9b422f9b0ffbe6d5b8c44173d8a1b7a46c5f07e9"}, {"bytes": 143035, "name": "boundary", "path": "/tmp/ma-fc1/holdout-boundary0/holdout-report.json", "sha256": "0b2447c96cbdceab5a89d72c15ab9f608f363b8dd2cf7d78d11250726d811348"}, {"bytes": 143147, "name": "duplicate_id", "path": "/tmp/ma-fc1/holdout-duplicate_id0/holdout-report.json", "sha256": "403de8f87710cb818d0a71728f1a0c6b832d5084c205ceaf87c5a9be896d545e"}, {"bytes": 144466, "name": "missing_prerequisite", "path": "/tmp/ma-fc1/holdout-missing_prerequisite0/holdout-report.json", "sha256": "bd424a3c179b106a6dbcadfbace2d409dbc6c9243630386634c915e222c046fb"}, {"bytes": 142533, "name": "overload", "path": "/tmp/ma-fc1/holdout-overload0/holdout-report.json", "sha256": "3a36f3400d2f54fe0ae545416e4a7242d36442b217a89a4c02a8fdb1e976b133"}, {"bytes": 141332, "name": "malformed", "path": "/tmp/ma-fc1/holdout-malformed0/holdout-report.json", "sha256": "8a1d1c4a6c7b342f0ff29f37baf718b646845ce7e7edc38b70c47e851f2f7e2d"}]
CPU_RECOVERY_REPORTS=[{"bytes": 82675, "path": "/tmp/ma-fc1/test_real_confirmed_terminal_r0/project-0/recovery-report.json", "sha256": "48976b7f1db3a0cc06f7c7c874d17f773037fbf90fd0606e20533b024f1170a5", "test": "tests/test_cpu_claim_reader_consolidation.py::TestPublicSnapshotRouting::test_real_confirmed_terminal_recovery_uses_required_8k_public_snapshot"}, {"bytes": 104390, "path": "/tmp/ma-fc1/test_post_delete_fsync_uncerta0/project-0/recovery-report.json", "sha256": "7910012bd0ab4388e491ade233035f5df0729e8285afa2481d13e0441ecd28d1", "test": "tests/test_cpu_terminal_recovery_barrier.py::test_post_delete_fsync_uncertainty_blocks_fresh_restart_with_zero_bound[effect]"}, {"bytes": 104392, "path": "/tmp/ma-fc1/test_post_delete_fsync_uncerta1/project-0/recovery-report.json", "sha256": "b77a8f37ea2f2dec4fd284c4fba63aa2345158320608635c11d276684fbf39fa", "test": "tests/test_cpu_terminal_recovery_barrier.py::test_post_delete_fsync_uncertainty_blocks_fresh_restart_with_zero_bound[recovery]"}, {"bytes": 67284, "path": "/tmp/ma-fc1/test_in_progress_denies_alread0/project-0/recovery-report.json", "sha256": "b5990cc8cc1b9e8ba8dd7ccbcf8329f8461ed4201e3cc16857a306979d648f7c", "test": "tests/test_cpu_terminal_recovery_barrier.py::test_in_progress_denies_already_running_peer_admission[reserve]"}, {"bytes": 67278, "path": "/tmp/ma-fc1/test_in_progress_denies_alread1/project-0/recovery-report.json", "sha256": "b700e097a33fae443c47eb230f2034ba6f6ee034fdb054ee6c65525263f1eba1", "test": "tests/test_cpu_terminal_recovery_barrier.py::test_in_progress_denies_already_running_peer_admission[require_permit]"}, {"bytes": 66149, "path": "/tmp/ma-fc1/test_two_recovery_consumers_do0/project-0/recovery-report.json", "sha256": "2f70a11beace87c2a11dc6763785c0c032280d3fa7118486191676920603e23f", "test": "tests/test_cpu_terminal_recovery_barrier.py::test_two_recovery_consumers_do_not_repeat_settlement_or_poison_owner"}, {"bytes": 66558, "path": "/tmp/ma-fc1/test_legal_peer_decision_after0/project-0/recovery-report.json", "sha256": "a56e8574a83f558bc88507f76ec9e579d54e0e2ef8eecb6993b06237ac85d09c", "test": "tests/test_cpu_terminal_recovery_barrier.py::test_legal_peer_decision_after_complete_commit_preserves_exact_owner_result"}, {"bytes": 102213, "path": "/tmp/ma-fc1/test_recovery_transaction_unkn0/project-0/recovery-report.json", "sha256": "e1c7f08517e12fd0e941cbb1bb21813029867afe9946a019ab9e9031b160a489", "test": "tests/test_cpu_terminal_recovery_barrier.py::test_recovery_transaction_unknown_is_not_an_ordinary_success[IN_PROGRESS-rollback]"}, {"bytes": 104308, "path": "/tmp/ma-fc1/test_recovery_transaction_unkn1/project-0/recovery-report.json", "sha256": "393fb26a85b2d05b63a55a916d223e9d1e009821ac27d344c43c56088a1a2565", "test": "tests/test_cpu_terminal_recovery_barrier.py::test_recovery_transaction_unknown_is_not_an_ordinary_success[COMPLETE-rollback]"}, {"bytes": 105705, "path": "/tmp/ma-fc1/test_recovery_transaction_unkn2/project-0/recovery-report.json", "sha256": "d480ab3105c2f7d84370054903bb421757cd17f1842d38a572a23c159826fcb4", "test": "tests/test_cpu_terminal_recovery_barrier.py::test_recovery_transaction_unknown_is_not_an_ordinary_success[COMPLETE-committed_raise]"}, {"bytes": 65224, "path": "/tmp/ma-fc1/test_existing_unqualified_gate0/project-0/recovery-report.json", "sha256": "ab5ae7d800b36be411fb766379376c455305575468cba8d58d969dea823f0548", "test": "tests/test_cpu_terminal_recovery_barrier.py::test_existing_unqualified_gate_owner_is_preserved"}, {"bytes": 65231, "path": "/tmp/ma-fc1/test_recovery_refuses_caller_t0/project-0/recovery-report.json", "sha256": "d6e8b30348123491ece9717360dc574c53832bcd12e998b7b8565590dd4aa96e", "test": "tests/test_cpu_terminal_recovery_barrier.py::test_recovery_refuses_caller_transaction_without_consuming_it"}, {"bytes": 66023, "path": "/tmp/ma-fc1/test_actual_peer_nonce_replace0/project-0/recovery-report.json", "sha256": "096cbb475a512a4e66634622aa5765e03b140afa5b811aa6549b3f74893423f8", "test": "tests/test_cpu_terminal_recovery_barrier.py::test_actual_peer_nonce_replacement_cannot_be_completed_by_old_owner"}, {"bytes": 314657, "path": "/tmp/ma-fc1/test_fresh_cli_resumes_confirm0/domain-project/recovery-report.json", "sha256": "424f20cd095f171aabb7c3e454cb8bdfd32b9af4a6378dd4812bc5849e9df605", "test": "tests/test_cpu_terminal_recovery_domain.py::test_fresh_cli_resumes_confirmed_domain_without_reinterpretation[schedule-feasibility-v1-valid]"}, {"bytes": 314609, "path": "/tmp/ma-fc1/test_fresh_cli_resumes_confirm1/domain-project/recovery-report.json", "sha256": "c3c7373c834ca7f5423fca5377cf292b798686db3b6c2e0896048da7d7545fff", "test": "tests/test_cpu_terminal_recovery_domain.py::test_fresh_cli_resumes_confirmed_domain_without_reinterpretation[schedule-feasibility-v2-invalid]"}, {"bytes": 147742, "path": "/tmp/ma-fc1/test_recovery_refuses_changed_0/project-0/recovery-report.json", "sha256": "bb46457718a67082ed7ee7aa061df8ec69adaedfff698a79880a8a1ee9f78dfc", "test": "tests/test_cpu_terminal_recovery_guards.py::test_recovery_refuses_changed_native_binding[origin]"}, {"bytes": 147682, "path": "/tmp/ma-fc1/test_recovery_refuses_changed_1/project-0/recovery-report.json", "sha256": "1cec566eb3b1243abaed8c1c846f3ce92c47fd965b7976d339da9b9f7359d3b3", "test": "tests/test_cpu_terminal_recovery_guards.py::test_recovery_refuses_changed_native_binding[kind]"}, {"bytes": 147771, "path": "/tmp/ma-fc1/test_recovery_refuses_changed_2/project-0/recovery-report.json", "sha256": "a9cb440d47720876e1b7cc82daef5c0071c247df6bef7579c563f2c74eac6dbe", "test": "tests/test_cpu_terminal_recovery_guards.py::test_recovery_refuses_changed_native_binding[resource]"}, {"bytes": 147797, "path": "/tmp/ma-fc1/test_recovery_refuses_changed_3/project-0/recovery-report.json", "sha256": "b40834cc3728b6d4981762daf9c75e590adae5ec335b7de63d54a1b0093774cd", "test": "tests/test_cpu_terminal_recovery_guards.py::test_recovery_refuses_changed_native_binding[attempt_ref]"}, {"bytes": 147796, "path": "/tmp/ma-fc1/test_recovery_refuses_changed_4/project-0/recovery-report.json", "sha256": "02a0228da7affdb766e7d6da0a91cbd8dabd32532a5abf02121b4cbcd7be665b", "test": "tests/test_cpu_terminal_recovery_guards.py::test_recovery_refuses_changed_native_binding[process_pid]"}, {"bytes": 147810, "path": "/tmp/ma-fc1/test_recovery_refuses_changed_5/project-0/recovery-report.json", "sha256": "2586c41b5ddc5f7d82e9e6dd1e17626c9c5f5b1cc6c68f0f8b997de945c9c34f", "test": "tests/test_cpu_terminal_recovery_guards.py::test_recovery_refuses_changed_native_binding[command_sha256]"}, {"bytes": 147841, "path": "/tmp/ma-fc1/test_recovery_refuses_changed_6/project-0/recovery-report.json", "sha256": "ad064fe83a7926a2c34cfffafe4df4ce9273e40dd61fbc1ed3dc8f591acdcc6a", "test": "tests/test_cpu_terminal_recovery_guards.py::test_recovery_refuses_changed_native_binding[timeout_seconds]"}, {"bytes": 147763, "path": "/tmp/ma-fc1/test_recovery_refuses_changed_7/project-0/recovery-report.json", "sha256": "16e6b66d514794f8b3dd4d8f62eb8658e1efcd3f3bfeee84be2e10fdc7a1e7e5", "test": "tests/test_cpu_terminal_recovery_guards.py::test_recovery_refuses_changed_captured_source[database]"}, {"bytes": 147787, "path": "/tmp/ma-fc1/test_recovery_refuses_changed_8/project-0/recovery-report.json", "sha256": "b4cd7bfefae48ea37f5a14153844ab4018732cb3e453e2471765e9d8ec95f3ce", "test": "tests/test_cpu_terminal_recovery_guards.py::test_recovery_refuses_changed_captured_source[claim_sha256]"}, {"bytes": 147791, "path": "/tmp/ma-fc1/test_recovery_refuses_changed_9/project-0/recovery-report.json", "sha256": "fa883655dca2b907748d5c60d625eec7c914d282f5a55c6a47743d2bb3537b34", "test": "tests/test_cpu_terminal_recovery_guards.py::test_recovery_refuses_changed_captured_source[config_sha256]"}, {"bytes": 147980, "path": "/tmp/ma-fc1/test_recovery_refuses_changed_10/project-0/recovery-report.json", "sha256": "f7aff58a8c19d446e3136e4372c6754173a7d4072c2477ea6575b4e6b6d6a2da", "test": "tests/test_cpu_terminal_recovery_guards.py::test_recovery_refuses_changed_current_lifecycle"}, {"bytes": 147831, "path": "/tmp/ma-fc1/test_recovery_refuses_rehashed0/project-0/recovery-report.json", "sha256": "5a69353f7fe0235e16211dd10ca0e0344b71ad94455f808f3031b4102d345f99", "test": "tests/test_cpu_terminal_recovery_guards.py::test_recovery_refuses_rehashed_non_cpu_prepared_plan"}, {"bytes": 147962, "path": "/tmp/ma-fc1/test_recovery_refuses_changed_11/project-0/recovery-report.json", "sha256": "f2ed1a4507c708b9f64e4c164682490ba59d70fa82fae6993001d7371ce68d85", "test": "tests/test_cpu_terminal_recovery_guards.py::test_recovery_refuses_changed_catalog_route"}, {"bytes": 148038, "path": "/tmp/ma-fc1/test_recovery_refuses_changed_12/project-0/recovery-report.json", "sha256": "f75f973aceef2e62eb1b61e451d89ba5acbe55a8c4142203f225d5bf0247b940", "test": "tests/test_cpu_terminal_recovery_guards.py::test_recovery_refuses_changed_ready_member_identity"}, {"bytes": 190296, "path": "/tmp/ma-fc1/test_recovery_rechecks_source_0/project-0/recovery-report.json", "sha256": "ee6268189bf599e06d3b1ac12eb5ed48277e1680d83a50cebd13e20b1e15c562", "test": "tests/test_cpu_terminal_recovery_guards.py::test_recovery_rechecks_source_after_enumeration_before_settlement"}, {"bytes": 149275, "path": "/tmp/ma-fc1/test_preexisting_stop_never_au0/project-0/recovery-report.json", "sha256": "4ccf3c58b916009774d4563cf932812585aaeae7e1bd0d513c022117e415960c", "test": "tests/test_cpu_terminal_recovery_guards.py::test_preexisting_stop_never_authorizes_automatic_settlement[ordinary_stop]"}, {"bytes": 149196, "path": "/tmp/ma-fc1/test_preexisting_stop_never_au1/project-0/recovery-report.json", "sha256": "94a34aeefcf454eab1bfa8cc2007d126517a74398a27b90b1722aa2203e21cc2", "test": "tests/test_cpu_terminal_recovery_guards.py::test_preexisting_stop_never_authorizes_automatic_settlement[storage_hold]"}, {"bytes": 149321, "path": "/tmp/ma-fc1/test_preexisting_stop_never_au2/project-0/recovery-report.json", "sha256": "6eeeb6d379ee8d5a70184d3d5379c8485450474191d93015d9323290cb5f4453", "test": "tests/test_cpu_terminal_recovery_guards.py::test_preexisting_stop_never_authorizes_automatic_settlement[masked_storage_hold]"}, {"bytes": 147939, "path": "/tmp/ma-fc1/test_recovery_refuses_unbound_0/project-0/recovery-report.json", "sha256": "8755b223e116cb341f21be17f6f3962c3bbf12f4feee4f15c1afb05fb68f83f8", "test": "tests/test_cpu_terminal_recovery_guards.py::test_recovery_refuses_unbound_replication_request_field"}, {"bytes": 147891, "path": "/tmp/ma-fc1/test_recovery_refuses_artifact0/project-0/recovery-report.json", "sha256": "3b63aa461e812855c1b9d26082d3e7762bdd9acea787634b18ea14bc0a5f9e7c", "test": "tests/test_cpu_terminal_recovery_guards.py::test_recovery_refuses_artifact_root_unrelated_to_published_records"}, {"bytes": 211741, "path": "/tmp/ma-fc1/test_restart_settles_confirmed0/project-0/recovery-report.json", "sha256": "d0ce7849e2059794f7489481baf983cd67844334683d47a05512af4b23689259", "test": "tests/test_cpu_terminal_settlement_recovery.py::test_restart_settles_confirmed_terminal_without_repeating_original_worker[0]"}, {"bytes": 200184, "path": "/tmp/ma-fc1/test_restart_settles_confirmed1/project-0/recovery-report.json", "sha256": "4a012b097593614d8481ed9b4b4cf0b5eade5032b8d798369278f6b90e92eac6", "test": "tests/test_cpu_terminal_settlement_recovery.py::test_restart_settles_confirmed_terminal_without_repeating_original_worker[7]"}, {"bytes": 126653, "path": "/tmp/ma-fc1/test_real_v2_confirmed_termina0/project-0/recovery-report.json", "sha256": "b26e897b22c2061eb1269cb80a362e90cb1d4c3994e9bbe721ab8a907b8b3ab4", "test": "tests/test_runtime_lease_recovery.py::test_real_v2_confirmed_terminal_crash_recovers_metadata_only[0]"}, {"bytes": 118288, "path": "/tmp/ma-fc1/test_real_v2_confirmed_termina1/project-0/recovery-report.json", "sha256": "b35a5cd83d7421b2bc7eb4d7231bca0d4dd0cd3d825bdbf716ba2791f596f21b", "test": "tests/test_runtime_lease_recovery.py::test_real_v2_confirmed_terminal_crash_recovers_metadata_only[7]"}, {"bytes": 119475, "path": "/tmp/ma-fc1/test_real_historical_v1_termin0/historical-project/recovery-report.json", "sha256": "a06218894f33606fc7f7c3d781bd2cda12d3b355ad4f03dce3f4b36f80bbd3a5", "test": "tests/test_runtime_lease_recovery.py::test_real_historical_v1_terminal_recovers_without_upgrade_or_reexecution"}]
ACCEPTANCE_REPORTS=[{"bytes": 279656, "name": "sorting_default", "path": "/tmp/ma-fc1/acceptance-sorting-default0/acceptance-report.json", "sha256": "6a70efd7ef69dac8c104fb6780efb73f8cd97e2007ecd5b932dbf3159de59a24"}, {"bytes": 120850, "name": "sorting_counterfactual", "path": "/tmp/ma-fc1/acceptance-sorting-counterfactual0/acceptance-report.json", "sha256": "3f2ed8e7be040b187babb171949fc4a91ee84c8d0e2d153be2abd6af1ea6adb5"}, {"bytes": 274536, "name": "compression_default", "path": "/tmp/ma-fc1/acceptance-compression-default0/acceptance-report.json", "sha256": "ba60139ae5f9117182175586a0015cdff39a6f99a4db7d8108601660e51509df"}, {"bytes": 120418, "name": "compression_counterfactual", "path": "/tmp/ma-fc1/acceptance-compression-counterfactual0/acceptance-report.json", "sha256": "5b737858aec3b5604114459f298306cb919c92bf32e39014e695e97901b5651d"}]

=============================== warnings summary ===============================
../../../../../../home/erik/.local/lib/python3.10/site-packages/_pytest/config/__init__.py:885
  /home/erik/.local/lib/python3.10/site-packages/_pytest/config/__init__.py:885: PytestAssertRewriteWarning: Module already imported so cannot be rewritten; cpu_terminal_recovery_helpers
    self.import_plugin(import_spec)

../../../../../../home/erik/.local/lib/python3.10/site-packages/_pytest/config/__init__.py:885
  /home/erik/.local/lib/python3.10/site-packages/_pytest/config/__init__.py:885: PytestAssertRewriteWarning: Module already imported so cannot be rewritten; examples.holdout.testing
    self.import_plugin(import_spec)

-- Docs: https://docs.pytest.org/en/stable/how-to/capture-warnings.html
=========================== short test summary info ============================
SKIPPED [1] ../core/tests/test_sweeper.py:12: could not import 'orze_pro.engine.role_runner': This is a stub package. Install the real orze-pro via: export ORZE_PRO_KEY='...' && orze run
SKIPPED [1] ../core/tests/test_evolution.py:228: could not import 'orze_pro.agents.code_evolution': This is a stub package. Install the real orze-pro via: export ORZE_PRO_KEY='...' && orze run
SKIPPED [1] ../core/tests/test_evolution.py:239: could not import 'orze_pro.agents.code_evolution': This is a stub package. Install the real orze-pro via: export ORZE_PRO_KEY='...' && orze run
SKIPPED [1] ../core/tests/test_evolution.py:255: could not import 'orze_pro.agents.meta_research': This is a stub package. Install the real orze-pro via: export ORZE_PRO_KEY='...' && orze run
SKIPPED [1] ../core/tests/test_fsm_runner_registry.py:13: could not import 'orze_pro': This is a stub package. Install the real orze-pro via: export ORZE_PRO_KEY='...' && orze run
SKIPPED [1] ../core/tests/test_skill_registry.py:123: orze-pro not installed
SKIPPED [1] ../core/tests/test_skill_registry.py:135: orze-pro not installed
5171 passed, 7 skipped, 2 warnings in 1130.28s (0:18:50)
