........................................................................ [  1%]
........................................................................ [  2%]
........................................................................ [  3%]
........................................................................ [  5%]
........................................................................ [  6%]
........................................................................ [  7%]
........................................................................ [  9%]
........................................................................ [ 10%]
........................................................................ [ 11%]
........................................................................ [ 13%]
........................................................................ [ 14%]
........................................................................ [ 15%]
........................................................................ [ 17%]
........................................................................ [ 18%]
........................................................................ [ 19%]
........................................................................ [ 20%]
........................................................................ [ 22%]
........................................................................ [ 23%]
........................................................................ [ 24%]
........................................................................ [ 26%]
........................................................................ [ 27%]
........................................................................ [ 28%]
........................................................................ [ 30%]
........................................................................ [ 31%]
........................................................................ [ 32%]
........................................................................ [ 34%]
........................................................................ [ 35%]
........................................................................ [ 36%]
........................................................................ [ 37%]
............................................sss......................... [ 39%]
........................................................................ [ 40%]
........................................................................ [ 41%]
........................................................................ [ 43%]
........................................................................ [ 44%]
........................................................................ [ 45%]
........................................................................ [ 47%]
........................................................................ [ 48%]
........................................................................ [ 49%]
........................................................................ [ 51%]
........................................................................ [ 52%]
........................................................................ [ 53%]
........................................................................ [ 54%]
........................................................................ [ 56%]
........................................................................ [ 57%]
........................................................................ [ 58%]
........................................................................ [ 60%]
........................................................................ [ 61%]
........................................................................ [ 62%]
........................................................................ [ 64%]
........................................................................ [ 65%]
........................................................................ [ 66%]
........................................................................ [ 68%]
........................................................................ [ 69%]
........................................................................ [ 70%]
........................................................................ [ 71%]
........................................................................ [ 73%]
........................................................................ [ 74%]
........................................................................ [ 75%]
........................................................................ [ 77%]
........................................................................ [ 78%]
........................................................................ [ 79%]
........................................................................ [ 81%]
........................................................................ [ 82%]
........................................................................ [ 83%]
........................................................................ [ 85%]
........................................................................ [ 86%]
........................................................................ [ 87%]
........................................................................ [ 89%]
........................................................................ [ 90%]
........................................................................ [ 91%]
.......................................ss............................... [ 92%]
........................................................................ [ 94%]
........................................................................ [ 95%]
........................................................................ [ 96%]
........................................................................ [ 98%]
........................................................................ [ 99%]
.............................                                            [100%]HOLDOUT_REPORTS=[{"bytes": 2504538, "name": "workflow", "path": "/tmp/gg-c1/holdout-workflow0/holdout-report.json", "sha256": "cd4aaca768958e9231c82917710e57472ba52f0fc5bd08d99bab303aee25f3c8"}, {"bytes": 142864, "name": "boundary", "path": "/tmp/gg-c1/holdout-boundary0/holdout-report.json", "sha256": "4fbe9ba05f61d4defadd2fc648a4a35ad1b3c1562285ad7efef58b535085b7c1"}, {"bytes": 142975, "name": "duplicate_id", "path": "/tmp/gg-c1/holdout-duplicate_id0/holdout-report.json", "sha256": "492603fe3336ada08ed3c268417192b19160d49f80ca487163185a42e011e6f1"}, {"bytes": 144304, "name": "missing_prerequisite", "path": "/tmp/gg-c1/holdout-missing_prerequisite0/holdout-report.json", "sha256": "fbd269d4ba9626e3a011bce1a1a52016cc959a2ca6401f678d072a34681967a1"}, {"bytes": 142357, "name": "overload", "path": "/tmp/gg-c1/holdout-overload0/holdout-report.json", "sha256": "fd7a6ca8cbf61e65ae28d83c30a7ede16e3104a88855c01f4e88543b0846b27d"}, {"bytes": 141165, "name": "malformed", "path": "/tmp/gg-c1/holdout-malformed0/holdout-report.json", "sha256": "f66d500a885c75264e9399acb76709b9c3c5a5d498e594148a285b2fbbd36a35"}]
CPU_RECOVERY_REPORTS=[{"bytes": 82573, "path": "/tmp/gg-c1/test_real_confirmed_terminal_r0/project-0/recovery-report.json", "sha256": "ee26c94f04d244271dd1ce84d41b01311ba872d6bee193d7469f3b541a5ff453", "test": "tests/test_cpu_claim_reader_consolidation.py::TestPublicSnapshotRouting::test_real_confirmed_terminal_recovery_uses_required_8k_public_snapshot"}, {"bytes": 104261, "path": "/tmp/gg-c1/test_post_delete_fsync_uncerta0/project-0/recovery-report.json", "sha256": "988d9051a38e3ab227cac402b9626443db4fc7404b1a9c30c4563195b1fa5e88", "test": "tests/test_cpu_terminal_recovery_barrier.py::test_post_delete_fsync_uncertainty_blocks_fresh_restart_with_zero_bound[effect]"}, {"bytes": 104259, "path": "/tmp/gg-c1/test_post_delete_fsync_uncerta1/project-0/recovery-report.json", "sha256": "4fe561d48b1eb491023933f570dba1639ad9f22975f7a97ae86657b44c57791f", "test": "tests/test_cpu_terminal_recovery_barrier.py::test_post_delete_fsync_uncertainty_blocks_fresh_restart_with_zero_bound[recovery]"}, {"bytes": 67198, "path": "/tmp/gg-c1/test_in_progress_denies_alread0/project-0/recovery-report.json", "sha256": "0d6951f8abf7af74a5ce53222acfd8aa085307eb15ca13aeca7f1b2a4073c5e1", "test": "tests/test_cpu_terminal_recovery_barrier.py::test_in_progress_denies_already_running_peer_admission[reserve]"}, {"bytes": 67189, "path": "/tmp/gg-c1/test_in_progress_denies_alread1/project-0/recovery-report.json", "sha256": "db44ab5213fd9aa44ebddab50d86d01fe27e9e224290e3fc3305842b1fe9206b", "test": "tests/test_cpu_terminal_recovery_barrier.py::test_in_progress_denies_already_running_peer_admission[require_permit]"}, {"bytes": 66068, "path": "/tmp/gg-c1/test_two_recovery_consumers_do0/project-0/recovery-report.json", "sha256": "563be94154015387f80307f2f8bb31c72a94315cdd286c6b73bb089d11f1fcbc", "test": "tests/test_cpu_terminal_recovery_barrier.py::test_two_recovery_consumers_do_not_repeat_settlement_or_poison_owner"}, {"bytes": 66482, "path": "/tmp/gg-c1/test_legal_peer_decision_after0/project-0/recovery-report.json", "sha256": "ca3ef1a58443c57d92c1c68ad6949724dffea69557aed2201cff893bb8a7dcea", "test": "tests/test_cpu_terminal_recovery_barrier.py::test_legal_peer_decision_after_complete_commit_preserves_exact_owner_result"}, {"bytes": 102081, "path": "/tmp/gg-c1/test_recovery_transaction_unkn0/project-0/recovery-report.json", "sha256": "d09f9fe5575a4d735f1ee08739abf43aa12f004186615564c47fdb69b37a2e6f", "test": "tests/test_cpu_terminal_recovery_barrier.py::test_recovery_transaction_unknown_is_not_an_ordinary_success[IN_PROGRESS-rollback]"}, {"bytes": 104178, "path": "/tmp/gg-c1/test_recovery_transaction_unkn1/project-0/recovery-report.json", "sha256": "1e6112e86716b33c0259e21504674257446a73a36be149f778359ebd85a47f10", "test": "tests/test_cpu_terminal_recovery_barrier.py::test_recovery_transaction_unknown_is_not_an_ordinary_success[COMPLETE-rollback]"}, {"bytes": 105588, "path": "/tmp/gg-c1/test_recovery_transaction_unkn2/project-0/recovery-report.json", "sha256": "29c7a22a27ae88e7676c34e8f84746930f3876cf7bec578bcdb2140220e4f0e0", "test": "tests/test_cpu_terminal_recovery_barrier.py::test_recovery_transaction_unknown_is_not_an_ordinary_success[COMPLETE-committed_raise]"}, {"bytes": 65166, "path": "/tmp/gg-c1/test_existing_unqualified_gate0/project-0/recovery-report.json", "sha256": "1f662f3d563c08ce524e48d35ab176fba29ed9aad0f3303d13a1240c6e281d90", "test": "tests/test_cpu_terminal_recovery_barrier.py::test_existing_unqualified_gate_owner_is_preserved"}, {"bytes": 65168, "path": "/tmp/gg-c1/test_recovery_refuses_caller_t0/project-0/recovery-report.json", "sha256": "89ca256a934446a69912daa008acd0a290c90b6759be53b9403f3e3c555a8101", "test": "tests/test_cpu_terminal_recovery_barrier.py::test_recovery_refuses_caller_transaction_without_consuming_it"}, {"bytes": 65953, "path": "/tmp/gg-c1/test_actual_peer_nonce_replace0/project-0/recovery-report.json", "sha256": "b2664aa97dbf751ec43939a11e8e8ad0bb51fbc2a0d821b1a86e34083a0f5753", "test": "tests/test_cpu_terminal_recovery_barrier.py::test_actual_peer_nonce_replacement_cannot_be_completed_by_old_owner"}, {"bytes": 314338, "path": "/tmp/gg-c1/test_fresh_cli_resumes_confirm0/domain-project/recovery-report.json", "sha256": "062d3c733f34e230a022a33d3e88b47fea69d459b512cb87020abaad4517537b", "test": "tests/test_cpu_terminal_recovery_domain.py::test_fresh_cli_resumes_confirmed_domain_without_reinterpretation[schedule-feasibility-v1-valid]"}, {"bytes": 314248, "path": "/tmp/gg-c1/test_fresh_cli_resumes_confirm1/domain-project/recovery-report.json", "sha256": "710b4d333088fe830bffd874c14b8a4024f2717de7ff26fea3f6620a3b1a079b", "test": "tests/test_cpu_terminal_recovery_domain.py::test_fresh_cli_resumes_confirmed_domain_without_reinterpretation[schedule-feasibility-v2-invalid]"}, {"bytes": 147597, "path": "/tmp/gg-c1/test_recovery_refuses_changed_0/project-0/recovery-report.json", "sha256": "44f2f8649e58474ea23539bed26006f8879cd5abe3566cbe59d24059394dd6c7", "test": "tests/test_cpu_terminal_recovery_guards.py::test_recovery_refuses_changed_native_binding[origin]"}, {"bytes": 147568, "path": "/tmp/gg-c1/test_recovery_refuses_changed_1/project-0/recovery-report.json", "sha256": "5a55e075fa4864d204b870975c79505fc3423de028b520be5b6dcef16daa0a07", "test": "tests/test_cpu_terminal_recovery_guards.py::test_recovery_refuses_changed_native_binding[kind]"}, {"bytes": 147626, "path": "/tmp/gg-c1/test_recovery_refuses_changed_2/project-0/recovery-report.json", "sha256": "ec09005a18047df45f6f5e086d23975be06be6e2d508de4b22fc26883daa1bc4", "test": "tests/test_cpu_terminal_recovery_guards.py::test_recovery_refuses_changed_native_binding[resource]"}, {"bytes": 147643, "path": "/tmp/gg-c1/test_recovery_refuses_changed_3/project-0/recovery-report.json", "sha256": "62c85131225942941968c34f73c3be5ccfd276a57abc01c464ce22eaa1ef481e", "test": "tests/test_cpu_terminal_recovery_guards.py::test_recovery_refuses_changed_native_binding[attempt_ref]"}, {"bytes": 147642, "path": "/tmp/gg-c1/test_recovery_refuses_changed_4/project-0/recovery-report.json", "sha256": "a3881e411be99de31e057e0ad3f486bf327edaf65dd8c6df7d9c465e50472e21", "test": "tests/test_cpu_terminal_recovery_guards.py::test_recovery_refuses_changed_native_binding[process_pid]"}, {"bytes": 147664, "path": "/tmp/gg-c1/test_recovery_refuses_changed_5/project-0/recovery-report.json", "sha256": "47a77937a4fbce2bc8cc0c358ec0798fd9cae2bca07a803d5a6b487e2354d79a", "test": "tests/test_cpu_terminal_recovery_guards.py::test_recovery_refuses_changed_native_binding[command_sha256]"}, {"bytes": 147666, "path": "/tmp/gg-c1/test_recovery_refuses_changed_6/project-0/recovery-report.json", "sha256": "ffd23426e7817253319a2352168719ce37ffd98c17073a5d6afeefce52798365", "test": "tests/test_cpu_terminal_recovery_guards.py::test_recovery_refuses_changed_native_binding[timeout_seconds]"}, {"bytes": 147603, "path": "/tmp/gg-c1/test_recovery_refuses_changed_7/project-0/recovery-report.json", "sha256": "00b7b74b42037f735307976dff119f04c4d45112271f66bb48872df4d1db3819", "test": "tests/test_cpu_terminal_recovery_guards.py::test_recovery_refuses_changed_captured_source[database]"}, {"bytes": 147609, "path": "/tmp/gg-c1/test_recovery_refuses_changed_8/project-0/recovery-report.json", "sha256": "6e2dc5d012634e04258b3ed25f05f5535ab36aaf565e145ef4b264cd5d731d3b", "test": "tests/test_cpu_terminal_recovery_guards.py::test_recovery_refuses_changed_captured_source[claim_sha256]"}, {"bytes": 147633, "path": "/tmp/gg-c1/test_recovery_refuses_changed_9/project-0/recovery-report.json", "sha256": "4541c2bd79dea9d85ae7ccf69feaa1c30b4450b3a0447ef1ff8526487951f7a4", "test": "tests/test_cpu_terminal_recovery_guards.py::test_recovery_refuses_changed_captured_source[config_sha256]"}, {"bytes": 147837, "path": "/tmp/gg-c1/test_recovery_refuses_changed_10/project-0/recovery-report.json", "sha256": "b1cf85e268daee185af440a51b8137f8f6f6e578e22c1905c9e1f36a0b02bf01", "test": "tests/test_cpu_terminal_recovery_guards.py::test_recovery_refuses_changed_current_lifecycle"}, {"bytes": 147689, "path": "/tmp/gg-c1/test_recovery_refuses_rehashed0/project-0/recovery-report.json", "sha256": "dbcbb0d0c76b801f519eac0178f05b798bede137c86017dac5bc4816508c7d9b", "test": "tests/test_cpu_terminal_recovery_guards.py::test_recovery_refuses_rehashed_non_cpu_prepared_plan"}, {"bytes": 147819, "path": "/tmp/gg-c1/test_recovery_refuses_changed_11/project-0/recovery-report.json", "sha256": "000aa2d94bb738356b0c9a1a7e39d18d2dcd2fcb627e4abd2fae4277c3f74774", "test": "tests/test_cpu_terminal_recovery_guards.py::test_recovery_refuses_changed_catalog_route"}, {"bytes": 147885, "path": "/tmp/gg-c1/test_recovery_refuses_changed_12/project-0/recovery-report.json", "sha256": "d434f93fe45d08ff134f7b67df4bc9f5600915dbc57ce05272eabbbdbc9ea27f", "test": "tests/test_cpu_terminal_recovery_guards.py::test_recovery_refuses_changed_ready_member_identity"}, {"bytes": 190056, "path": "/tmp/gg-c1/test_recovery_rechecks_source_0/project-0/recovery-report.json", "sha256": "23b217062106f4810765140533bf76c3edda9bd7ae92c82eecb7a8faa1a05ee0", "test": "tests/test_cpu_terminal_recovery_guards.py::test_recovery_rechecks_source_after_enumeration_before_settlement"}, {"bytes": 149090, "path": "/tmp/gg-c1/test_preexisting_stop_never_au0/project-0/recovery-report.json", "sha256": "f6d2dcf5ddceb3cd50da8d47100602bd3cf9683106513b510f27f7ce95fa34f0", "test": "tests/test_cpu_terminal_recovery_guards.py::test_preexisting_stop_never_authorizes_automatic_settlement[ordinary_stop]"}, {"bytes": 149013, "path": "/tmp/gg-c1/test_preexisting_stop_never_au1/project-0/recovery-report.json", "sha256": "8146e26d58873a9737207db169e69c7334b178efb567c262ba757f63e5e11a66", "test": "tests/test_cpu_terminal_recovery_guards.py::test_preexisting_stop_never_authorizes_automatic_settlement[storage_hold]"}, {"bytes": 149178, "path": "/tmp/gg-c1/test_preexisting_stop_never_au2/project-0/recovery-report.json", "sha256": "e877b0aa5aed8476375b96910728c914750065688db4fd3ea8c4a14865a03b65", "test": "tests/test_cpu_terminal_recovery_guards.py::test_preexisting_stop_never_authorizes_automatic_settlement[masked_storage_hold]"}, {"bytes": 147781, "path": "/tmp/gg-c1/test_recovery_refuses_unbound_0/project-0/recovery-report.json", "sha256": "44a9b4fa457611d8e6fac3d99a6074d9a67e580c3ca2c09b9804d8a19e03f943", "test": "tests/test_cpu_terminal_recovery_guards.py::test_recovery_refuses_unbound_replication_request_field"}, {"bytes": 147734, "path": "/tmp/gg-c1/test_recovery_refuses_artifact0/project-0/recovery-report.json", "sha256": "d50ac8c1ffa8a3882188431a804c1c55b97dd80bed038841839eb073cf0f58dc", "test": "tests/test_cpu_terminal_recovery_guards.py::test_recovery_refuses_artifact_root_unrelated_to_published_records"}, {"bytes": 211493, "path": "/tmp/gg-c1/test_restart_settles_confirmed0/project-0/recovery-report.json", "sha256": "77f9f0314d88fd9d20437ecebf6ae0c739773a81809a8017261e15efc3039317", "test": "tests/test_cpu_terminal_settlement_recovery.py::test_restart_settles_confirmed_terminal_without_repeating_original_worker[0]"}, {"bytes": 199959, "path": "/tmp/gg-c1/test_restart_settles_confirmed1/project-0/recovery-report.json", "sha256": "b5ee08915649eda828b560ce99b4bc7003609bb8bb416dadb967e07254832c9c", "test": "tests/test_cpu_terminal_settlement_recovery.py::test_restart_settles_confirmed_terminal_without_repeating_original_worker[7]"}, {"bytes": 126513, "path": "/tmp/gg-c1/test_real_v2_confirmed_termina0/project-0/recovery-report.json", "sha256": "74250b93fe82af9772468573fb359e9d5f4b813b28506f9e5c7f71af657bc7b3", "test": "tests/test_runtime_lease_recovery.py::test_real_v2_confirmed_terminal_crash_recovers_metadata_only[0]"}, {"bytes": 118144, "path": "/tmp/gg-c1/test_real_v2_confirmed_termina1/project-0/recovery-report.json", "sha256": "bcf15666f6ad87f8b0c0afbc6ec0c5219ffe58e44d8ac51135a26d121150c4d5", "test": "tests/test_runtime_lease_recovery.py::test_real_v2_confirmed_terminal_crash_recovers_metadata_only[7]"}, {"bytes": 119316, "path": "/tmp/gg-c1/test_real_historical_v1_termin0/historical-project/recovery-report.json", "sha256": "f78297f4398cb373f88d5fc875c5f7f07bf1575c0f3bd765a525367a36cf542d", "test": "tests/test_runtime_lease_recovery.py::test_real_historical_v1_terminal_recovers_without_upgrade_or_reexecution"}]
ACCEPTANCE_REPORTS=[{"bytes": 279404, "name": "sorting_default", "path": "/tmp/gg-c1/acceptance-sorting-default0/acceptance-report.json", "sha256": "16dbc197f91265a5476cd05063902059248d8324e7ce007de6b00779b16091e5"}, {"bytes": 120709, "name": "sorting_counterfactual", "path": "/tmp/gg-c1/acceptance-sorting-counterfactual0/acceptance-report.json", "sha256": "7c1040c22654a5dda0b88c6aa9ace37dd7045194d28519ce89748bb96772b7ea"}, {"bytes": 274203, "name": "compression_default", "path": "/tmp/gg-c1/acceptance-compression-default0/acceptance-report.json", "sha256": "aa027727281bf07b4837133f2925c6d75c56800d3eea2ab2c3a62835ca38c0d9"}, {"bytes": 120298, "name": "compression_counterfactual", "path": "/tmp/gg-c1/acceptance-compression-counterfactual0/acceptance-report.json", "sha256": "b8b20234e3bad3de7a9c4f9ca7c484ea738544e09e368e76f5453be3fb5b0977"}]

=============================== warnings summary ===============================
../../../../../../home/erik/.local/lib/python3.10/site-packages/_pytest/config/__init__.py:885
  /home/erik/.local/lib/python3.10/site-packages/_pytest/config/__init__.py:885: PytestAssertRewriteWarning: Module already imported so cannot be rewritten; cpu_terminal_recovery_helpers
    self.import_plugin(import_spec)

../../../../../../home/erik/.local/lib/python3.10/site-packages/_pytest/config/__init__.py:885
  /home/erik/.local/lib/python3.10/site-packages/_pytest/config/__init__.py:885: PytestAssertRewriteWarning: Module already imported so cannot be rewritten; examples.holdout.testing
    self.import_plugin(import_spec)

-- Docs: https://docs.pytest.org/en/stable/how-to/capture-warnings.html
=========================== short test summary info ============================
SKIPPED [1] ../core/tests/test_sweeper.py:12: could not import 'orze_pro.engine.role_runner': orze-pro is not activated. Set ORZE_PRO_KEY environment variable. Get a license at orze.ai/pro
SKIPPED [1] ../core/tests/test_evolution.py:228: could not import 'orze_pro.agents.code_evolution': orze-pro is not activated. Set ORZE_PRO_KEY environment variable. Get a license at orze.ai/pro
SKIPPED [1] ../core/tests/test_evolution.py:239: could not import 'orze_pro.agents.code_evolution': orze-pro is not activated. Set ORZE_PRO_KEY environment variable. Get a license at orze.ai/pro
SKIPPED [1] ../core/tests/test_evolution.py:255: could not import 'orze_pro.agents.meta_research': orze-pro is not activated. Set ORZE_PRO_KEY environment variable. Get a license at orze.ai/pro
SKIPPED [1] ../core/tests/test_skill_registry.py:123: orze-pro not installed
SKIPPED [1] ../core/tests/test_skill_registry.py:135: orze-pro not installed
5496 passed, 6 skipped, 2 warnings in 1414.97s (0:23:34)
