
orze-pro is distributed via private registry.

To install:
    1. Get your license key at https://orze.ai/pro
    2. pip install orze
    3. export ORZE_PRO_KEY="ORZE-PRO-..."
    4. orze run  (auto-installs orze-pro)

Or install manually:
    pip install orze-pro --extra-index-url https://__token__:${ORZE_PRO_KEY}@pypi.orze.ai/simple/

Questions? support@orze.ai

INGRESS_EMPTY={"sql": [], "cache_loads": 0}
.INGRESS_EMPTY={"sql": [], "cache_loads": 0}
.INGRESS_EMPTY={"sql": [], "cache_loads": 0}
.INGRESS_EMPTY={"sql": [], "cache_loads": 0}
.INGRESS_BATCH={"history_rows": 0, "id_selects": ["select idea_id from main.ideas where idea_id in ('idea-fresh')"], "total_sql": 21, "cache_loads": 1}
.INGRESS_BATCH={"history_rows": 1000, "id_selects": ["select idea_id from main.ideas where idea_id in ('idea-fresh')"], "total_sql": 21, "cache_loads": 1}
...............................................
orze-pro is distributed via private registry.

To install:
    1. Get your license key at https://orze.ai/pro
    2. pip install orze
    3. export ORZE_PRO_KEY="ORZE-PRO-..."
    4. orze run  (auto-installs orze-pro)

Or install manually:
    pip install orze-pro --extra-index-url https://__token__:${ORZE_PRO_KEY}@pypi.orze.ai/simple/

Questions? support@orze.ai


orze-pro is distributed via private registry.

To install:
    1. Get your license key at https://orze.ai/pro
    2. pip install orze
    3. export ORZE_PRO_KEY="ORZE-PRO-..."
    4. orze run  (auto-installs orze-pro)

Or install manually:
    pip install orze-pro --extra-index-url https://__token__:${ORZE_PRO_KEY}@pypi.orze.ai/simple/

Questions? support@orze.ai

...................................................
103 passed in 15.52s
