........................................................................ [  1%]
........................................................................ [  2%]
........................................................................ [  3%]
........................................................................ [  5%]
........................................................................ [  6%]
........................................................................ [  7%]
........................................................................ [  9%]
........................................................................ [ 10%]
........................................................................ [ 11%]
........................................................................ [ 13%]
........................................................................ [ 14%]
........................................................................ [ 15%]
........................................................................ [ 17%]
........................................................................ [ 18%]
........................................................................ [ 19%]
........................................................................ [ 21%]
........................................................................ [ 22%]
........................................................................ [ 23%]
........................................................................ [ 25%]
........................................................................ [ 26%]
........................................................................ [ 27%]
........................................................................ [ 29%]
........................................................................ [ 30%]
........................................................................ [ 31%]
........................................................................ [ 33%]
........................................................................ [ 34%]
........................................................................ [ 35%]
........................................................................ [ 37%]
........................................................................ [ 38%]
............................................sss......................... [ 39%]
........................................................................ [ 41%]
........................................................................ [ 42%]
........................................................................ [ 43%]
........................................................................ [ 45%]
........................................................................ [ 46%]
........................................................................ [ 47%]
........................................................................ [ 49%]
........................................................................ [ 50%]
........................................................................ [ 51%]
........................................................................ [ 53%]
........................................................................ [ 54%]
........................................................................ [ 55%]
........................................................................ [ 57%]
........................................................................ [ 58%]
........................................................................ [ 59%]
........................................................................ [ 61%]
........................................................................ [ 62%]
........................................................................ [ 63%]
........................................................................ [ 65%]
........................................................................ [ 66%]
........................................................................ [ 67%]
........................................................................ [ 69%]
........................................................................ [ 70%]
........................................................................ [ 71%]
........................................................................ [ 73%]
........................................................................ [ 74%]
........................................................................ [ 75%]
........................................................................ [ 76%]
........................................................................ [ 78%]
........................................................................ [ 79%]
........................................................................ [ 80%]
........................................................................ [ 82%]
........................................................................ [ 83%]
........................................................................ [ 84%]
........................................................................ [ 86%]
........................................................................ [ 87%]
........................................................................ [ 88%]
........................................................................ [ 90%]
........................................................................ [ 91%]
..................................ss.................................... [ 92%]
........................................................................ [ 94%]
........................................................................ [ 95%]
........................................................................ [ 96%]
........................................................................ [ 98%]
........................................................................ [ 99%]
........................                                                 [100%]HOLDOUT_REPORTS=[{"bytes": 2502289, "name": "workflow", "path": "/tmp/sl-c1/holdout-workflow0/holdout-report.json", "sha256": "bf2c8c3b87146593f8f9d22141578d295cdf0fc618fc60834a882233c24c29b5"}, {"bytes": 142753, "name": "boundary", "path": "/tmp/sl-c1/holdout-boundary0/holdout-report.json", "sha256": "6c1eeba8927e1055cec2f2a845d0696f01ee96e2a8f5e413d11d930da020c9d5"}, {"bytes": 142861, "name": "duplicate_id", "path": "/tmp/sl-c1/holdout-duplicate_id0/holdout-report.json", "sha256": "32729bbcf46979f737de9775020865a81e472e0fcd82213316c48863de9cd9c4"}, {"bytes": 144183, "name": "missing_prerequisite", "path": "/tmp/sl-c1/holdout-missing_prerequisite0/holdout-report.json", "sha256": "84a14b2f83c15b827dfacb5a7cac61f62968420ceeb754c7edb6fe91ee559ebf"}, {"bytes": 142238, "name": "overload", "path": "/tmp/sl-c1/holdout-overload0/holdout-report.json", "sha256": "a6a2602fe7dca5a0bbc464465caf5d1b9a0bbb444d9f24a52426fbfb2dcbb130"}, {"bytes": 141046, "name": "malformed", "path": "/tmp/sl-c1/holdout-malformed0/holdout-report.json", "sha256": "eae019835cedd05a47d14a9b2c81dd63195f0db116f8593463b16ee93578d904"}]
CPU_RECOVERY_REPORTS=[{"bytes": 82521, "path": "/tmp/sl-c1/test_real_confirmed_terminal_r0/project-0/recovery-report.json", "sha256": "0983cad4d319c6cddee7618be6f56bfce4ee11e2319bc7459e46bd557627ed9d", "test": "tests/test_cpu_claim_reader_consolidation.py::TestPublicSnapshotRouting::test_real_confirmed_terminal_recovery_uses_required_8k_public_snapshot"}, {"bytes": 104171, "path": "/tmp/sl-c1/test_post_delete_fsync_uncerta0/project-0/recovery-report.json", "sha256": "c626b7181cc5c28cd6f0194545aa1022c9d7d911be1988b1d2dc9322908ddd15", "test": "tests/test_cpu_terminal_recovery_barrier.py::test_post_delete_fsync_uncertainty_blocks_fresh_restart_with_zero_bound[effect]"}, {"bytes": 104172, "path": "/tmp/sl-c1/test_post_delete_fsync_uncerta1/project-0/recovery-report.json", "sha256": "06f94fb80f0a471fa89f392b01336167ba1274aaeb159848d65f8ebf1f17477c", "test": "tests/test_cpu_terminal_recovery_barrier.py::test_post_delete_fsync_uncertainty_blocks_fresh_restart_with_zero_bound[recovery]"}, {"bytes": 67137, "path": "/tmp/sl-c1/test_in_progress_denies_alread0/project-0/recovery-report.json", "sha256": "edcee037f451de9d56ab7fe3d60cd7ab3560f6280f2b8975fd5b99f6b406fae8", "test": "tests/test_cpu_terminal_recovery_barrier.py::test_in_progress_denies_already_running_peer_admission[reserve]"}, {"bytes": 67153, "path": "/tmp/sl-c1/test_in_progress_denies_alread1/project-0/recovery-report.json", "sha256": "dd4a7392e05296ea798544fe90274115ac6d98995bc8edc3e088622d6f7d54a9", "test": "tests/test_cpu_terminal_recovery_barrier.py::test_in_progress_denies_already_running_peer_admission[require_permit]"}, {"bytes": 66023, "path": "/tmp/sl-c1/test_two_recovery_consumers_do0/project-0/recovery-report.json", "sha256": "150bf8088170ecde4e68f5ff63b0dfa976ad975bc282b8dcd771044add4fce6e", "test": "tests/test_cpu_terminal_recovery_barrier.py::test_two_recovery_consumers_do_not_repeat_settlement_or_poison_owner"}, {"bytes": 66426, "path": "/tmp/sl-c1/test_legal_peer_decision_after0/project-0/recovery-report.json", "sha256": "959ac048070f8f60d114bf4e6a1d8909564f217fa0246622b99cbd160a8d676b", "test": "tests/test_cpu_terminal_recovery_barrier.py::test_legal_peer_decision_after_complete_commit_preserves_exact_owner_result"}, {"bytes": 101988, "path": "/tmp/sl-c1/test_recovery_transaction_unkn0/project-0/recovery-report.json", "sha256": "6fc8e99adfa3417b6d6c2154ad3cf7a194a2de08bd7b320f99961813b34ec17b", "test": "tests/test_cpu_terminal_recovery_barrier.py::test_recovery_transaction_unknown_is_not_an_ordinary_success[IN_PROGRESS-rollback]"}, {"bytes": 104094, "path": "/tmp/sl-c1/test_recovery_transaction_unkn1/project-0/recovery-report.json", "sha256": "dbb5a42e86bd05c605d13036c025041843024ce424d8769833648f55903baa4d", "test": "tests/test_cpu_terminal_recovery_barrier.py::test_recovery_transaction_unknown_is_not_an_ordinary_success[COMPLETE-rollback]"}, {"bytes": 105478, "path": "/tmp/sl-c1/test_recovery_transaction_unkn2/project-0/recovery-report.json", "sha256": "779bbf0926971f58d5bd8752bdaee356845debdc6dabbd9fafaae16d379a74ca", "test": "tests/test_cpu_terminal_recovery_barrier.py::test_recovery_transaction_unknown_is_not_an_ordinary_success[COMPLETE-committed_raise]"}, {"bytes": 65106, "path": "/tmp/sl-c1/test_existing_unqualified_gate0/project-0/recovery-report.json", "sha256": "ed3cc14156ea4554b2d313e3c44b3f80646ec7d36fbb819becee7a1c736bbdb7", "test": "tests/test_cpu_terminal_recovery_barrier.py::test_existing_unqualified_gate_owner_is_preserved"}, {"bytes": 65115, "path": "/tmp/sl-c1/test_recovery_refuses_caller_t0/project-0/recovery-report.json", "sha256": "c6f4d510d88679b6fefe35d4d8169979f3c2c21cdc1489bdefa210454633edd0", "test": "tests/test_cpu_terminal_recovery_barrier.py::test_recovery_refuses_caller_transaction_without_consuming_it"}, {"bytes": 65890, "path": "/tmp/sl-c1/test_actual_peer_nonce_replace0/project-0/recovery-report.json", "sha256": "29176d7ff247b64b01e700bc52e8aedb4bf15d3a5971b72e64b09917a418f37f", "test": "tests/test_cpu_terminal_recovery_barrier.py::test_actual_peer_nonce_replacement_cannot_be_completed_by_old_owner"}, {"bytes": 314054, "path": "/tmp/sl-c1/test_fresh_cli_resumes_confirm0/domain-project/recovery-report.json", "sha256": "291090a901442d1f5ab3aac23adcd690801d05a36ced4e27d420026e823fbffa", "test": "tests/test_cpu_terminal_recovery_domain.py::test_fresh_cli_resumes_confirmed_domain_without_reinterpretation[schedule-feasibility-v1-valid]"}, {"bytes": 313977, "path": "/tmp/sl-c1/test_fresh_cli_resumes_confirm1/domain-project/recovery-report.json", "sha256": "874101d6ac6b3526a247bad91dd690e1a87e9afee3ab8cc86fa56a676776494b", "test": "tests/test_cpu_terminal_recovery_domain.py::test_fresh_cli_resumes_confirmed_domain_without_reinterpretation[schedule-feasibility-v2-invalid]"}, {"bytes": 147449, "path": "/tmp/sl-c1/test_recovery_refuses_changed_0/project-0/recovery-report.json", "sha256": "fd6e5f10008260267736d35c10525abbcec19d3ebdc84d0a301b560a31d3f187", "test": "tests/test_cpu_terminal_recovery_guards.py::test_recovery_refuses_changed_native_binding[origin]"}, {"bytes": 147407, "path": "/tmp/sl-c1/test_recovery_refuses_changed_1/project-0/recovery-report.json", "sha256": "de06a4ace77f7e63ec1b1e3a1c5c30d06b2dc7541636c4e317be179ca8d3a2e6", "test": "tests/test_cpu_terminal_recovery_guards.py::test_recovery_refuses_changed_native_binding[kind]"}, {"bytes": 147497, "path": "/tmp/sl-c1/test_recovery_refuses_changed_2/project-0/recovery-report.json", "sha256": "a6482b11e361a46361a0da07e20c5344cb26dfcd2b613c75b4a2c42e7573e471", "test": "tests/test_cpu_terminal_recovery_guards.py::test_recovery_refuses_changed_native_binding[resource]"}, {"bytes": 147523, "path": "/tmp/sl-c1/test_recovery_refuses_changed_3/project-0/recovery-report.json", "sha256": "0295db755ad19c92ebbfc219e207468d4abc2f8faae88645982a411b83186171", "test": "tests/test_cpu_terminal_recovery_guards.py::test_recovery_refuses_changed_native_binding[attempt_ref]"}, {"bytes": 147512, "path": "/tmp/sl-c1/test_recovery_refuses_changed_4/project-0/recovery-report.json", "sha256": "62583293f2be6432361f11284b7ad7940397f8eea8bcd80c5cce7b650a690317", "test": "tests/test_cpu_terminal_recovery_guards.py::test_recovery_refuses_changed_native_binding[process_pid]"}, {"bytes": 147539, "path": "/tmp/sl-c1/test_recovery_refuses_changed_5/project-0/recovery-report.json", "sha256": "407f00ee9cc2110d45ec472c772938b044c289bbbfab53c248178d2f0025871b", "test": "tests/test_cpu_terminal_recovery_guards.py::test_recovery_refuses_changed_native_binding[command_sha256]"}, {"bytes": 147538, "path": "/tmp/sl-c1/test_recovery_refuses_changed_6/project-0/recovery-report.json", "sha256": "02ef23ffbff5d2a84cfb8a6aa8990686c0ec9f3d612af70f4eb608b49ef74645", "test": "tests/test_cpu_terminal_recovery_guards.py::test_recovery_refuses_changed_native_binding[timeout_seconds]"}, {"bytes": 147474, "path": "/tmp/sl-c1/test_recovery_refuses_changed_7/project-0/recovery-report.json", "sha256": "48ced2a1524e43fc6cc70926e465208cd21b2a541bc9444aef712ee0eafedfb9", "test": "tests/test_cpu_terminal_recovery_guards.py::test_recovery_refuses_changed_captured_source[database]"}, {"bytes": 147498, "path": "/tmp/sl-c1/test_recovery_refuses_changed_8/project-0/recovery-report.json", "sha256": "73f1159adf78f5f1605bbff013fa44b1f1d6da8a4b02508e8ff472510fb6780a", "test": "tests/test_cpu_terminal_recovery_guards.py::test_recovery_refuses_changed_captured_source[claim_sha256]"}, {"bytes": 147516, "path": "/tmp/sl-c1/test_recovery_refuses_changed_9/project-0/recovery-report.json", "sha256": "271c7454c0b84818c3bf2d5167944f49691ebe7096d4b33f35de3373da2e970b", "test": "tests/test_cpu_terminal_recovery_guards.py::test_recovery_refuses_changed_captured_source[config_sha256]"}, {"bytes": 147695, "path": "/tmp/sl-c1/test_recovery_refuses_changed_10/project-0/recovery-report.json", "sha256": "c106dfd9a03bc372f5909e32a409c9922f7419cf263c1e32ed390f41e0ae9f58", "test": "tests/test_cpu_terminal_recovery_guards.py::test_recovery_refuses_changed_current_lifecycle"}, {"bytes": 147525, "path": "/tmp/sl-c1/test_recovery_refuses_rehashed0/project-0/recovery-report.json", "sha256": "d8905b14808e6edc58f78cc8218fdc01b9d84e8820ceb8b130d08075eeb8fa75", "test": "tests/test_cpu_terminal_recovery_guards.py::test_recovery_refuses_rehashed_non_cpu_prepared_plan"}, {"bytes": 147672, "path": "/tmp/sl-c1/test_recovery_refuses_changed_11/project-0/recovery-report.json", "sha256": "34722da2789dd1e4efa104ef0b7b29a1dff6425acf55a090acf2841220a7409f", "test": "tests/test_cpu_terminal_recovery_guards.py::test_recovery_refuses_changed_catalog_route"}, {"bytes": 147739, "path": "/tmp/sl-c1/test_recovery_refuses_changed_12/project-0/recovery-report.json", "sha256": "a01042008720ed1b89f9cedffdcc5a8c042c6e11b2190da0a41619d350d2a218", "test": "tests/test_cpu_terminal_recovery_guards.py::test_recovery_refuses_changed_ready_member_identity"}, {"bytes": 189899, "path": "/tmp/sl-c1/test_recovery_rechecks_source_0/project-0/recovery-report.json", "sha256": "d30c106b97a288abd8e9066661b1d29847553b2ee528d33359bf0888e307753d", "test": "tests/test_cpu_terminal_recovery_guards.py::test_recovery_rechecks_source_after_enumeration_before_settlement"}, {"bytes": 148965, "path": "/tmp/sl-c1/test_preexisting_stop_never_au0/project-0/recovery-report.json", "sha256": "8b844f56488361be418ca96a6454e9fef78d92de0a6bd9920e7bd6aa9dd682a7", "test": "tests/test_cpu_terminal_recovery_guards.py::test_preexisting_stop_never_authorizes_automatic_settlement[ordinary_stop]"}, {"bytes": 148884, "path": "/tmp/sl-c1/test_preexisting_stop_never_au1/project-0/recovery-report.json", "sha256": "a4c349f16ca0eb85dfa86ce509f3b33a583413333eb62332c6fe76d45494243c", "test": "tests/test_cpu_terminal_recovery_guards.py::test_preexisting_stop_never_authorizes_automatic_settlement[storage_hold]"}, {"bytes": 149046, "path": "/tmp/sl-c1/test_preexisting_stop_never_au2/project-0/recovery-report.json", "sha256": "bb403e4dbd0fb7f36e26ceda058c5359eef706a8c50626d3ba23cfc69928f37c", "test": "tests/test_cpu_terminal_recovery_guards.py::test_preexisting_stop_never_authorizes_automatic_settlement[masked_storage_hold]"}, {"bytes": 147671, "path": "/tmp/sl-c1/test_recovery_refuses_unbound_0/project-0/recovery-report.json", "sha256": "6618f9967512ad51036265f5cc057c39afe97e6e5b06ad93f8953c19ee873eea", "test": "tests/test_cpu_terminal_recovery_guards.py::test_recovery_refuses_unbound_replication_request_field"}, {"bytes": 147616, "path": "/tmp/sl-c1/test_recovery_refuses_artifact0/project-0/recovery-report.json", "sha256": "0fbb76b21c2d3953c94154795858e1fb1e1f16bd82a8314ec4ff76a791090000", "test": "tests/test_cpu_terminal_recovery_guards.py::test_recovery_refuses_artifact_root_unrelated_to_published_records"}, {"bytes": 211292, "path": "/tmp/sl-c1/test_restart_settles_confirmed0/project-0/recovery-report.json", "sha256": "e5bf325fa0f7c073cae5b268efbe39ac93b035ad6b9ae42acc7adffb988ad511", "test": "tests/test_cpu_terminal_settlement_recovery.py::test_restart_settles_confirmed_terminal_without_repeating_original_worker[0]"}, {"bytes": 199774, "path": "/tmp/sl-c1/test_restart_settles_confirmed1/project-0/recovery-report.json", "sha256": "07c77665719b8d102f778cee7ee786668173e63403ae46fde0435e8e0880c51d", "test": "tests/test_cpu_terminal_settlement_recovery.py::test_restart_settles_confirmed_terminal_without_repeating_original_worker[7]"}, {"bytes": 126404, "path": "/tmp/sl-c1/test_real_v2_confirmed_termina0/project-0/recovery-report.json", "sha256": "528524440e1809c7740635726470e49a1ae38088bc8f33c47266a0d1aff15345", "test": "tests/test_runtime_lease_recovery.py::test_real_v2_confirmed_terminal_crash_recovers_metadata_only[0]"}, {"bytes": 118029, "path": "/tmp/sl-c1/test_real_v2_confirmed_termina1/project-0/recovery-report.json", "sha256": "0b10f1b6afefbec3c5e7473d1551db159acd629a5e145845a75314250a0f9f6c", "test": "tests/test_runtime_lease_recovery.py::test_real_v2_confirmed_terminal_crash_recovers_metadata_only[7]"}, {"bytes": 119217, "path": "/tmp/sl-c1/test_real_historical_v1_termin0/historical-project/recovery-report.json", "sha256": "4743ad10bf2f243c4c935a11be78e5f09b76ed6cf8b5fe5bd9846d2bb64be2b5", "test": "tests/test_runtime_lease_recovery.py::test_real_historical_v1_terminal_recovers_without_upgrade_or_reexecution"}]
ACCEPTANCE_REPORTS=[{"bytes": 279225, "name": "sorting_default", "path": "/tmp/sl-c1/acceptance-sorting-default0/acceptance-report.json", "sha256": "fb09439477beab31b82c530eacb6deaaacd63b76903df1ab5e2f78a7c83c33e1"}, {"bytes": 120693, "name": "sorting_counterfactual", "path": "/tmp/sl-c1/acceptance-sorting-counterfactual0/acceptance-report.json", "sha256": "82a7fd0c60659b82599f17435c7326b6c6c7e362643b2fed4b0e2d7a4dbb0f0c"}, {"bytes": 274219, "name": "compression_default", "path": "/tmp/sl-c1/acceptance-compression-default0/acceptance-report.json", "sha256": "eb0ddccc93f3945467fcc8dd566f6f38c0b686c0c16f59cf6ed9cd859939e321"}, {"bytes": 120275, "name": "compression_counterfactual", "path": "/tmp/sl-c1/acceptance-compression-counterfactual0/acceptance-report.json", "sha256": "6ea9cfa13d9ea59059db3b5499b750645f506bb56df59606f839fad222ba85f9"}]

=============================== warnings summary ===============================
../../../../../../home/erik/.local/lib/python3.10/site-packages/_pytest/config/__init__.py:885
  /home/erik/.local/lib/python3.10/site-packages/_pytest/config/__init__.py:885: PytestAssertRewriteWarning: Module already imported so cannot be rewritten; cpu_terminal_recovery_helpers
    self.import_plugin(import_spec)

../../../../../../home/erik/.local/lib/python3.10/site-packages/_pytest/config/__init__.py:885
  /home/erik/.local/lib/python3.10/site-packages/_pytest/config/__init__.py:885: PytestAssertRewriteWarning: Module already imported so cannot be rewritten; examples.holdout.testing
    self.import_plugin(import_spec)

-- Docs: https://docs.pytest.org/en/stable/how-to/capture-warnings.html
=========================== short test summary info ============================
SKIPPED [1] ../core/tests/test_sweeper.py:12: could not import 'orze_pro.engine.role_runner': orze-pro is not activated. Set ORZE_PRO_KEY environment variable. Get a license at orze.ai/pro
SKIPPED [1] ../core/tests/test_evolution.py:228: could not import 'orze_pro.agents.code_evolution': orze-pro is not activated. Set ORZE_PRO_KEY environment variable. Get a license at orze.ai/pro
SKIPPED [1] ../core/tests/test_evolution.py:239: could not import 'orze_pro.agents.code_evolution': orze-pro is not activated. Set ORZE_PRO_KEY environment variable. Get a license at orze.ai/pro
SKIPPED [1] ../core/tests/test_evolution.py:255: could not import 'orze_pro.agents.meta_research': orze-pro is not activated. Set ORZE_PRO_KEY environment variable. Get a license at orze.ai/pro
SKIPPED [1] ../core/tests/test_skill_registry.py:123: orze-pro not installed
SKIPPED [1] ../core/tests/test_skill_registry.py:135: orze-pro not installed
5419 passed, 6 skipped, 2 warnings in 1242.57s (0:20:42)
