........................................................................ [  1%]
........................................................................ [  2%]
........................................................................ [  4%]
........................................................................ [  5%]
........................................................................ [  7%]
........................................................................ [  8%]
........................................................................ [  9%]
........................................................................ [ 11%]
........................................................................ [ 12%]
........................................................................ [ 14%]
........................................................................ [ 15%]
........................................................................ [ 16%]
........................................................................ [ 18%]
........................................................................ [ 19%]
........................................................................ [ 21%]
........................................................................ [ 22%]
........................................................................ [ 24%]
........................................................................ [ 25%]
........................................................................ [ 26%]
........................................................................ [ 28%]
........................................................................ [ 29%]
........................................................................ [ 31%]
........................................................................ [ 32%]
........................................................................ [ 33%]
........................................................................ [ 35%]
........................................................................ [ 36%]
........................................................................ [ 38%]
........................................................................ [ 39%]
........................................................................ [ 41%]
................sss..................................................... [ 42%]
........................................................................ [ 43%]
........................................................................ [ 45%]
........................................................................ [ 46%]
.....................................................................s.. [ 48%]
........................................................................ [ 49%]
........................................................................ [ 50%]
........................................................................ [ 52%]
........................................................................ [ 53%]
........................................................................ [ 55%]
........................................................................ [ 56%]
........................................................................ [ 57%]
........................................................................ [ 59%]
........................................................................ [ 60%]
........................................................................ [ 62%]
........................................................................ [ 63%]
........................................................................ [ 65%]
........................................................................ [ 66%]
........................................................................ [ 67%]
........................................................................ [ 69%]
........................................................................ [ 70%]
........................................................................ [ 72%]
........................................................................ [ 73%]
........................................................................ [ 74%]
........................................................................ [ 76%]
........................................................................ [ 77%]
........................................................................ [ 79%]
........................................................................ [ 80%]
........................................................................ [ 82%]
........................................................................ [ 83%]
........................................................................ [ 84%]
........................................................................ [ 86%]
........................................................................ [ 87%]
........................................................................ [ 89%]
........................................................................ [ 90%]
........................................................................ [ 91%]
............................ss.......................................... [ 93%]
........................................................................ [ 94%]
........................................................................ [ 96%]
........................................................................ [ 97%]
........................................................................ [ 98%]
....................................................                     [100%]HOLDOUT_REPORTS=[{"bytes": 2510110, "name": "workflow", "path": "/tmp/mso-cf1/holdout-workflow0/holdout-report.json", "sha256": "b3b334f0d31e63ca4bced44f25608ec98f4b7faed0781f2935a6c4cedd688712"}, {"bytes": 143179, "name": "boundary", "path": "/tmp/mso-cf1/holdout-boundary0/holdout-report.json", "sha256": "a79c0b13b6931ea0739b6217627e1ea952f808c6effbe23a50fb1bf80baa86c9"}, {"bytes": 143295, "name": "duplicate_id", "path": "/tmp/mso-cf1/holdout-duplicate_id0/holdout-report.json", "sha256": "aae71476f39ca9dc1a68398e6b09b7b11c6592b67ca4d37df19a988c2503b711"}, {"bytes": 144615, "name": "missing_prerequisite", "path": "/tmp/mso-cf1/holdout-missing_prerequisite0/holdout-report.json", "sha256": "4014659b519bb82bf1bf6744f68175bee10face92b70e164a7ce18114b9538f3"}, {"bytes": 142687, "name": "overload", "path": "/tmp/mso-cf1/holdout-overload0/holdout-report.json", "sha256": "d204fa41706b53a16819dad21fbb7f1990f5e46eea0367fa0b6231af9ed99b03"}, {"bytes": 141488, "name": "malformed", "path": "/tmp/mso-cf1/holdout-malformed0/holdout-report.json", "sha256": "4656ef9512db9508403181db15710535c1711d8213fb245a7b8af0ba8a913760"}]
CPU_RECOVERY_REPORTS=[{"bytes": 82769, "path": "/tmp/mso-cf1/test_real_confirmed_terminal_r0/project-0/recovery-report.json", "sha256": "ce5068b4c24cd4ebb65f352a039f23a4f84074840ea6fd36b1baab5c7746a767", "test": "tests/test_cpu_claim_reader_consolidation.py::TestPublicSnapshotRouting::test_real_confirmed_terminal_recovery_uses_required_8k_public_snapshot"}, {"bytes": 104513, "path": "/tmp/mso-cf1/test_post_delete_fsync_uncerta0/project-0/recovery-report.json", "sha256": "b414b0ba0f6ff6b88e0e7f49fcaeefc78e2d0c7c03ef823c0ac228b01e44e1ce", "test": "tests/test_cpu_terminal_recovery_barrier.py::test_post_delete_fsync_uncertainty_blocks_fresh_restart_with_zero_bound[effect]"}, {"bytes": 104513, "path": "/tmp/mso-cf1/test_post_delete_fsync_uncerta1/project-0/recovery-report.json", "sha256": "a06b7b1d155ba658315167f4d8dc8fa1e0f5a61d5aa354731e0421816c6041b6", "test": "tests/test_cpu_terminal_recovery_barrier.py::test_post_delete_fsync_uncertainty_blocks_fresh_restart_with_zero_bound[recovery]"}, {"bytes": 67354, "path": "/tmp/mso-cf1/test_in_progress_denies_alread0/project-0/recovery-report.json", "sha256": "2e0fe10b613f5a9d3e2f88be866909614d9ee8571718b15217a9d789b8f74073", "test": "tests/test_cpu_terminal_recovery_barrier.py::test_in_progress_denies_already_running_peer_admission[reserve]"}, {"bytes": 67357, "path": "/tmp/mso-cf1/test_in_progress_denies_alread1/project-0/recovery-report.json", "sha256": "4f3c8f9c209e8e5dd8e350199fff1962950aafc204c9f87f7b3d68c796497258", "test": "tests/test_cpu_terminal_recovery_barrier.py::test_in_progress_denies_already_running_peer_admission[require_permit]"}, {"bytes": 66236, "path": "/tmp/mso-cf1/test_two_recovery_consumers_do0/project-0/recovery-report.json", "sha256": "6b8e576f06e6691739d0c9558b26622f097fce6b2fc80ab5a4051df615458d07", "test": "tests/test_cpu_terminal_recovery_barrier.py::test_two_recovery_consumers_do_not_repeat_settlement_or_poison_owner"}, {"bytes": 66642, "path": "/tmp/mso-cf1/test_legal_peer_decision_after0/project-0/recovery-report.json", "sha256": "c1a71495cb5e5f41344dd528aac7f7a359b4580dd05200cf1e1c33a75b05fa64", "test": "tests/test_cpu_terminal_recovery_barrier.py::test_legal_peer_decision_after_complete_commit_preserves_exact_owner_result"}, {"bytes": 102318, "path": "/tmp/mso-cf1/test_recovery_transaction_unkn0/project-0/recovery-report.json", "sha256": "52d2bb08d67ed94bce94ad3aceade14840988ac44f6b973374ca0dec9efe028f", "test": "tests/test_cpu_terminal_recovery_barrier.py::test_recovery_transaction_unknown_is_not_an_ordinary_success[IN_PROGRESS-rollback]"}, {"bytes": 104438, "path": "/tmp/mso-cf1/test_recovery_transaction_unkn1/project-0/recovery-report.json", "sha256": "c0f36f5cb506c65c98677e83a2678013d65116c75fcd04179a48a16b82618fd2", "test": "tests/test_cpu_terminal_recovery_barrier.py::test_recovery_transaction_unknown_is_not_an_ordinary_success[COMPLETE-rollback]"}, {"bytes": 105833, "path": "/tmp/mso-cf1/test_recovery_transaction_unkn2/project-0/recovery-report.json", "sha256": "68b62cae9d5ec897a74e80ab8ab5fe92230502d5bb2f9c36fc14ad96f46e7de7", "test": "tests/test_cpu_terminal_recovery_barrier.py::test_recovery_transaction_unknown_is_not_an_ordinary_success[COMPLETE-committed_raise]"}, {"bytes": 65313, "path": "/tmp/mso-cf1/test_existing_unqualified_gate0/project-0/recovery-report.json", "sha256": "837349d119aa7c2334d1227e16ad75cbfde2250567697a49ba393ecffc521d34", "test": "tests/test_cpu_terminal_recovery_barrier.py::test_existing_unqualified_gate_owner_is_preserved"}, {"bytes": 65307, "path": "/tmp/mso-cf1/test_recovery_refuses_caller_t0/project-0/recovery-report.json", "sha256": "2222d10a338e654f3c4eab4a6451b6766fcec6895e249cddf82adf7d05292c8d", "test": "tests/test_cpu_terminal_recovery_barrier.py::test_recovery_refuses_caller_transaction_without_consuming_it"}, {"bytes": 66098, "path": "/tmp/mso-cf1/test_actual_peer_nonce_replace0/project-0/recovery-report.json", "sha256": "fa401fbda4417a7d55165d3ead2890d9b7059c43e527b13893213c4f82a735d6", "test": "tests/test_cpu_terminal_recovery_barrier.py::test_actual_peer_nonce_replacement_cannot_be_completed_by_old_owner"}, {"bytes": 315067, "path": "/tmp/mso-cf1/test_fresh_cli_resumes_confirm0/domain-project/recovery-report.json", "sha256": "ac7676b57c4f2c527af0ba9bd75304594a3bb12ad4ec33b98f97cdeda3c394db", "test": "tests/test_cpu_terminal_recovery_domain.py::test_fresh_cli_resumes_confirmed_domain_without_reinterpretation[schedule-feasibility-v1-valid]"}, {"bytes": 314972, "path": "/tmp/mso-cf1/test_fresh_cli_resumes_confirm1/domain-project/recovery-report.json", "sha256": "74a7e0feff365f553f746cc66f4a55f9fc78a2dcfa8a6bba91d2c6df58d44c66", "test": "tests/test_cpu_terminal_recovery_domain.py::test_fresh_cli_resumes_confirmed_domain_without_reinterpretation[schedule-feasibility-v2-invalid]"}, {"bytes": 147903, "path": "/tmp/mso-cf1/test_recovery_refuses_changed_0/project-0/recovery-report.json", "sha256": "2a645b3972fcc22fb2577ba3e64181dd4f5dc0c0365328e996e0d70838eba5f6", "test": "tests/test_cpu_terminal_recovery_guards.py::test_recovery_refuses_changed_native_binding[origin]"}, {"bytes": 147887, "path": "/tmp/mso-cf1/test_recovery_refuses_changed_1/project-0/recovery-report.json", "sha256": "884a460f9219091b09a7f1f065dc3a1a06ef3277ef649f858a371a23f4d9c2f0", "test": "tests/test_cpu_terminal_recovery_guards.py::test_recovery_refuses_changed_native_binding[kind]"}, {"bytes": 147920, "path": "/tmp/mso-cf1/test_recovery_refuses_changed_2/project-0/recovery-report.json", "sha256": "315b1c12a1e589e99f1ff2b1a829aa889d8a0ba853156ef14964be01beb94b95", "test": "tests/test_cpu_terminal_recovery_guards.py::test_recovery_refuses_changed_native_binding[resource]"}, {"bytes": 147975, "path": "/tmp/mso-cf1/test_recovery_refuses_changed_3/project-0/recovery-report.json", "sha256": "a9efd8faee2f511f3579076926bc9e11aa1a3efa83b90751ed00e2d2d619912c", "test": "tests/test_cpu_terminal_recovery_guards.py::test_recovery_refuses_changed_native_binding[attempt_ref]"}, {"bytes": 147957, "path": "/tmp/mso-cf1/test_recovery_refuses_changed_4/project-0/recovery-report.json", "sha256": "68e644ba26bc94cbe206dcfe30620fd1f95d87445dd45a84158a5a5a86d50ef7", "test": "tests/test_cpu_terminal_recovery_guards.py::test_recovery_refuses_changed_native_binding[process_pid]"}, {"bytes": 147957, "path": "/tmp/mso-cf1/test_recovery_refuses_changed_5/project-0/recovery-report.json", "sha256": "320da5a98f6b5539cb1006991b1aac9a6263e75e62a88bce5faa9821f24d845a", "test": "tests/test_cpu_terminal_recovery_guards.py::test_recovery_refuses_changed_native_binding[command_sha256]"}, {"bytes": 148000, "path": "/tmp/mso-cf1/test_recovery_refuses_changed_6/project-0/recovery-report.json", "sha256": "cae551ba2be30a33aedf818c90bac7d1020fec642449264541e1c2aca62ee4b0", "test": "tests/test_cpu_terminal_recovery_guards.py::test_recovery_refuses_changed_native_binding[timeout_seconds]"}, {"bytes": 147924, "path": "/tmp/mso-cf1/test_recovery_refuses_changed_7/project-0/recovery-report.json", "sha256": "29d71df7a1d2e1b1fcf15b0af062f5f66c8064b29f47a70a5b7d460dc6edcd82", "test": "tests/test_cpu_terminal_recovery_guards.py::test_recovery_refuses_changed_captured_source[database]"}, {"bytes": 147929, "path": "/tmp/mso-cf1/test_recovery_refuses_changed_8/project-0/recovery-report.json", "sha256": "da9344a2b83ca03f7d4a144e2fe9680d555629e34cb2607871951395a46c4626", "test": "tests/test_cpu_terminal_recovery_guards.py::test_recovery_refuses_changed_captured_source[claim_sha256]"}, {"bytes": 147950, "path": "/tmp/mso-cf1/test_recovery_refuses_changed_9/project-0/recovery-report.json", "sha256": "5690de8aeb54558b1d0de07d7cb9366824c8e1ad0dcc6589239d6c803a868087", "test": "tests/test_cpu_terminal_recovery_guards.py::test_recovery_refuses_changed_captured_source[config_sha256]"}, {"bytes": 148125, "path": "/tmp/mso-cf1/test_recovery_refuses_changed_10/project-0/recovery-report.json", "sha256": "91e9cc0e48f4341c793f8c03cf049208eacf764fcd8974ef9694fff330e8848d", "test": "tests/test_cpu_terminal_recovery_guards.py::test_recovery_refuses_changed_current_lifecycle"}, {"bytes": 147993, "path": "/tmp/mso-cf1/test_recovery_refuses_rehashed0/project-0/recovery-report.json", "sha256": "947fdadaacb4c560c58d9cf9ab5c6f6e5ce7ea75c301e97387b3f9346ef3c231", "test": "tests/test_cpu_terminal_recovery_guards.py::test_recovery_refuses_rehashed_non_cpu_prepared_plan"}, {"bytes": 148124, "path": "/tmp/mso-cf1/test_recovery_refuses_changed_11/project-0/recovery-report.json", "sha256": "ca2e824e0e4226695d2a2482885185c1811824094ecb1069dd067424101c45c9", "test": "tests/test_cpu_terminal_recovery_guards.py::test_recovery_refuses_changed_catalog_route"}, {"bytes": 148183, "path": "/tmp/mso-cf1/test_recovery_refuses_changed_12/project-0/recovery-report.json", "sha256": "0df783780631e834d2b85ae25f35170f733f108b25b99258a38f080c8e9e6416", "test": "tests/test_cpu_terminal_recovery_guards.py::test_recovery_refuses_changed_ready_member_identity"}, {"bytes": 190507, "path": "/tmp/mso-cf1/test_recovery_rechecks_source_0/project-0/recovery-report.json", "sha256": "e1abac7931fb2555f73c6650d81834e4583bda3cc8d410b79c97365ccdce5514", "test": "tests/test_cpu_terminal_recovery_guards.py::test_recovery_rechecks_source_after_enumeration_before_settlement"}, {"bytes": 149455, "path": "/tmp/mso-cf1/test_preexisting_stop_never_au0/project-0/recovery-report.json", "sha256": "33126c97b998b06b8f09b3c68767c8cfe89b771e5d257cb6a31ce67b184f034d", "test": "tests/test_cpu_terminal_recovery_guards.py::test_preexisting_stop_never_authorizes_automatic_settlement[ordinary_stop]"}, {"bytes": 149308, "path": "/tmp/mso-cf1/test_preexisting_stop_never_au1/project-0/recovery-report.json", "sha256": "34d00caa0ea5a9af0282bb710338bf66ad8dbce4820594b48f81ef9e01b3dce7", "test": "tests/test_cpu_terminal_recovery_guards.py::test_preexisting_stop_never_authorizes_automatic_settlement[storage_hold]"}, {"bytes": 149486, "path": "/tmp/mso-cf1/test_preexisting_stop_never_au2/project-0/recovery-report.json", "sha256": "5f621263c46784820fa77fa42f194a98058c2e305dc4b0955a46eadb6ac99295", "test": "tests/test_cpu_terminal_recovery_guards.py::test_preexisting_stop_never_authorizes_automatic_settlement[masked_storage_hold]"}, {"bytes": 148118, "path": "/tmp/mso-cf1/test_recovery_refuses_unbound_0/project-0/recovery-report.json", "sha256": "aa45d50b832df31137b3b2393e8307a166c7350458a1aade0ae2f445033495b7", "test": "tests/test_cpu_terminal_recovery_guards.py::test_recovery_refuses_unbound_replication_request_field"}, {"bytes": 148052, "path": "/tmp/mso-cf1/test_recovery_refuses_artifact0/project-0/recovery-report.json", "sha256": "28787c859b2a6bc0dfa23f39363cbbdb83ec9f87b836aaca1e3be64205d1d260", "test": "tests/test_cpu_terminal_recovery_guards.py::test_recovery_refuses_artifact_root_unrelated_to_published_records"}, {"bytes": 211979, "path": "/tmp/mso-cf1/test_restart_settles_confirmed0/project-0/recovery-report.json", "sha256": "b5a1a4a0c9e316da4ac2c5faabad4ce1bdda9d374d6e867be726d6c2c962061c", "test": "tests/test_cpu_terminal_settlement_recovery.py::test_restart_settles_confirmed_terminal_without_repeating_original_worker[0]"}, {"bytes": 200406, "path": "/tmp/mso-cf1/test_restart_settles_confirmed1/project-0/recovery-report.json", "sha256": "68f5ea2a5c5994ffea617b9566462986d30e60a9fdca2ca8d71ddbd00d3a08d9", "test": "tests/test_cpu_terminal_settlement_recovery.py::test_restart_settles_confirmed_terminal_without_repeating_original_worker[7]"}, {"bytes": 126812, "path": "/tmp/mso-cf1/test_real_v2_confirmed_termina0/project-0/recovery-report.json", "sha256": "b3aaef03ec78d18ed2f14665b2d917b0968a2d8b97a1b3018b4ac79e45525791", "test": "tests/test_runtime_lease_recovery.py::test_real_v2_confirmed_terminal_crash_recovers_metadata_only[0]"}, {"bytes": 118415, "path": "/tmp/mso-cf1/test_real_v2_confirmed_termina1/project-0/recovery-report.json", "sha256": "8c87ea7970f3451fb58c85eaba9c0cccaeb4238057d51a25edb3c4c6519d99fb", "test": "tests/test_runtime_lease_recovery.py::test_real_v2_confirmed_terminal_crash_recovers_metadata_only[7]"}, {"bytes": 119607, "path": "/tmp/mso-cf1/test_real_historical_v1_termin0/historical-project/recovery-report.json", "sha256": "8ea9835e13416fab0af9856db0b8d6ccd715179343bb25bd5802b28c28169bd5", "test": "tests/test_runtime_lease_recovery.py::test_real_historical_v1_terminal_recovers_without_upgrade_or_reexecution"}]
ACCEPTANCE_REPORTS=[{"bytes": 279976, "name": "sorting_default", "path": "/tmp/mso-cf1/acceptance-sorting-default0/acceptance-report.json", "sha256": "f912f38e6c13f4e5e9cf914efac18a1e708843db935a63337237634cf15fdfac"}, {"bytes": 120984, "name": "sorting_counterfactual", "path": "/tmp/mso-cf1/acceptance-sorting-counterfactual0/acceptance-report.json", "sha256": "4b72af1a9bc1d3eae132d46d4f0531d46a8bfd1e22b2e8ee713b510cb6c3894a"}, {"bytes": 274855, "name": "compression_default", "path": "/tmp/mso-cf1/acceptance-compression-default0/acceptance-report.json", "sha256": "db4590f16e16604295fdfcf0aeac4e16d62b316c8e244641abf20c9355d5faf9"}, {"bytes": 120595, "name": "compression_counterfactual", "path": "/tmp/mso-cf1/acceptance-compression-counterfactual0/acceptance-report.json", "sha256": "48c2291c0836d15fdda26db4346439b18cc41fc0591a58a3c057c2198c32062c"}]

=============================== warnings summary ===============================
../../../../../../home/erik/.local/lib/python3.10/site-packages/_pytest/config/__init__.py:885
  /home/erik/.local/lib/python3.10/site-packages/_pytest/config/__init__.py:885: PytestAssertRewriteWarning: Module already imported so cannot be rewritten; cpu_terminal_recovery_helpers
    self.import_plugin(import_spec)

../../../../../../home/erik/.local/lib/python3.10/site-packages/_pytest/config/__init__.py:885
  /home/erik/.local/lib/python3.10/site-packages/_pytest/config/__init__.py:885: PytestAssertRewriteWarning: Module already imported so cannot be rewritten; examples.holdout.testing
    self.import_plugin(import_spec)

-- Docs: https://docs.pytest.org/en/stable/how-to/capture-warnings.html
=========================== short test summary info ============================
SKIPPED [1] ../core/tests/test_sweeper.py:12: could not import 'orze_pro.engine.role_runner': This is a stub package. Install the real orze-pro via: export ORZE_PRO_KEY='...' && orze run
SKIPPED [1] ../core/tests/test_evolution.py:228: could not import 'orze_pro.agents.code_evolution': This is a stub package. Install the real orze-pro via: export ORZE_PRO_KEY='...' && orze run
SKIPPED [1] ../core/tests/test_evolution.py:239: could not import 'orze_pro.agents.code_evolution': This is a stub package. Install the real orze-pro via: export ORZE_PRO_KEY='...' && orze run
SKIPPED [1] ../core/tests/test_evolution.py:255: could not import 'orze_pro.agents.meta_research': This is a stub package. Install the real orze-pro via: export ORZE_PRO_KEY='...' && orze run
SKIPPED [1] ../core/tests/test_fsm_runner_registry.py:13: could not import 'orze_pro': This is a stub package. Install the real orze-pro via: export ORZE_PRO_KEY='...' && orze run
SKIPPED [1] ../core/tests/test_skill_registry.py:123: orze-pro not installed
SKIPPED [1] ../core/tests/test_skill_registry.py:135: orze-pro not installed
5086 passed, 7 skipped, 2 warnings in 1078.78s (0:17:58)
