Looking in links: /hot-data/fsx/workspace/erik/orze-paging-package-2026-09-13.ioUQcy08/wheelhouse
Processing ./research-runtime-comparison/B/wheels/orze-4.6.2-py3-none-any.whl
Processing /hot-data/fsx/workspace/erik/orze-paging-package-2026-09-13.ioUQcy08/wheelhouse/pyyaml-6.0.3-cp310-cp310-manylinux2014_x86_64.manylinux_2_17_x86_64.manylinux_2_28_x86_64.whl (from orze==4.6.2)
Processing /hot-data/fsx/workspace/erik/orze-paging-package-2026-09-13.ioUQcy08/wheelhouse/fastapi-0.141.1-py3-none-any.whl (from orze==4.6.2)
Processing /hot-data/fsx/workspace/erik/orze-paging-package-2026-09-13.ioUQcy08/wheelhouse/uvicorn-0.52.4-py3-none-any.whl (from uvicorn[standard]>=0.20->orze==4.6.2)
Processing /hot-data/fsx/workspace/erik/orze-paging-package-2026-09-13.ioUQcy08/wheelhouse/starlette-1.6.0-py3-none-any.whl (from fastapi>=0.100->orze==4.6.2)
Processing /hot-data/fsx/workspace/erik/orze-paging-package-2026-09-13.ioUQcy08/wheelhouse/pydantic-2.13.5-py3-none-any.whl (from fastapi>=0.100->orze==4.6.2)
Processing /hot-data/fsx/workspace/erik/orze-paging-package-2026-09-13.ioUQcy08/wheelhouse/typing_extensions-4.16.0-py3-none-any.whl (from fastapi>=0.100->orze==4.6.2)
Processing /hot-data/fsx/workspace/erik/orze-paging-package-2026-09-13.ioUQcy08/wheelhouse/typing_inspection-0.4.4-py3-none-any.whl (from fastapi>=0.100->orze==4.6.2)
Processing /hot-data/fsx/workspace/erik/orze-paging-package-2026-09-13.ioUQcy08/wheelhouse/annotated_doc-0.0.5-py3-none-any.whl (from fastapi>=0.100->orze==4.6.2)
Processing /hot-data/fsx/workspace/erik/orze-paging-package-2026-09-13.ioUQcy08/wheelhouse/annotated_types-0.8.0-py3-none-any.whl (from pydantic>=2.9.0->fastapi>=0.100->orze==4.6.2)
Processing /hot-data/fsx/workspace/erik/orze-paging-package-2026-09-13.ioUQcy08/wheelhouse/pydantic_core-2.46.5-cp310-cp310-manylinux_2_17_x86_64.manylinux2014_x86_64.whl (from pydantic>=2.9.0->fastapi>=0.100->orze==4.6.2)
Processing /hot-data/fsx/workspace/erik/orze-paging-package-2026-09-13.ioUQcy08/wheelhouse/anyio-4.15.1-py3-none-any.whl (from starlette>=0.46.0->fastapi>=0.100->orze==4.6.2)
Processing /hot-data/fsx/workspace/erik/orze-paging-package-2026-09-13.ioUQcy08/wheelhouse/exceptiongroup-1.3.1-py3-none-any.whl (from anyio<5,>=3.6.2->starlette>=0.46.0->fastapi>=0.100->orze==4.6.2)
Processing /hot-data/fsx/workspace/erik/orze-paging-package-2026-09-13.ioUQcy08/wheelhouse/idna-3.19-py3-none-any.whl (from anyio<5,>=3.6.2->starlette>=0.46.0->fastapi>=0.100->orze==4.6.2)
Processing /hot-data/fsx/workspace/erik/orze-paging-package-2026-09-13.ioUQcy08/wheelhouse/click-8.5.0-py3-none-any.whl (from uvicorn>=0.20->uvicorn[standard]>=0.20->orze==4.6.2)
Processing /hot-data/fsx/workspace/erik/orze-paging-package-2026-09-13.ioUQcy08/wheelhouse/h11-0.16.0-py3-none-any.whl (from uvicorn>=0.20->uvicorn[standard]>=0.20->orze==4.6.2)
Processing /hot-data/fsx/workspace/erik/orze-paging-package-2026-09-13.ioUQcy08/wheelhouse/httptools-0.8.0-cp310-cp310-manylinux1_x86_64.manylinux_2_28_x86_64.manylinux_2_5_x86_64.whl (from uvicorn[standard]>=0.20->orze==4.6.2)
Processing /hot-data/fsx/workspace/erik/orze-paging-package-2026-09-13.ioUQcy08/wheelhouse/python_dotenv-1.2.3-py3-none-any.whl (from uvicorn[standard]>=0.20->orze==4.6.2)
Processing /hot-data/fsx/workspace/erik/orze-paging-package-2026-09-13.ioUQcy08/wheelhouse/uvloop-0.22.1-cp310-cp310-manylinux2014_x86_64.manylinux_2_17_x86_64.manylinux_2_28_x86_64.whl (from uvicorn[standard]>=0.20->orze==4.6.2)
Processing /hot-data/fsx/workspace/erik/orze-paging-package-2026-09-13.ioUQcy08/wheelhouse/watchfiles-1.2.0-cp310-cp310-manylinux_2_17_x86_64.manylinux2014_x86_64.whl (from uvicorn[standard]>=0.20->orze==4.6.2)
Processing /hot-data/fsx/workspace/erik/orze-paging-package-2026-09-13.ioUQcy08/wheelhouse/websockets-16.1.1-cp310-cp310-manylinux1_x86_64.manylinux_2_28_x86_64.manylinux_2_5_x86_64.whl (from uvicorn[standard]>=0.20->orze==4.6.2)
Installing collected packages: websockets, uvloop, typing-extensions, pyyaml, python-dotenv, idna, httptools, h11, click, annotated-types, annotated-doc, uvicorn, typing-inspection, pydantic-core, exceptiongroup, pydantic, anyio, watchfiles, starlette, fastapi, orze

Successfully installed annotated-doc-0.0.5 annotated-types-0.8.0 anyio-4.15.1 click-8.5.0 exceptiongroup-1.3.1 fastapi-0.141.1 h11-0.16.0 httptools-0.8.0 idna-3.19 orze-4.6.2 pydantic-2.13.5 pydantic-core-2.46.5 python-dotenv-1.2.3 pyyaml-6.0.3 starlette-1.6.0 typing-extensions-4.16.0 typing-inspection-0.4.4 uvicorn-0.52.4 uvloop-0.22.1 watchfiles-1.2.0 websockets-16.1.1
