........................................................................ [  1%]
........................................................................ [  2%]
........................................................................ [  4%]
........................................................................ [  5%]
........................................................................ [  6%]
........................................................................ [  8%]
........................................................................ [  9%]
........................................................................ [ 11%]
........................................................................ [ 12%]
........................................................................ [ 13%]
........................................................................ [ 15%]
........................................................................ [ 16%]
........................................................................ [ 18%]
........................................................................ [ 19%]
........................................................................ [ 20%]
........................................................................ [ 22%]
........................................................................ [ 23%]
........................................................................ [ 25%]
........................................................................ [ 26%]
........................................................................ [ 27%]
........................................................................ [ 29%]
........................................................................ [ 30%]
........................................................................ [ 31%]
........................................................................ [ 33%]
........................................................................ [ 34%]
........................................................................ [ 36%]
........................................................................ [ 37%]
........................................................................ [ 38%]
........................................................................ [ 40%]
................sss..................................................... [ 41%]
........................................................................ [ 43%]
........................................................................ [ 44%]
........................................................................ [ 45%]
.....................................................................s.. [ 47%]
........................................................................ [ 48%]
........................................................................ [ 50%]
........................................................................ [ 51%]
........................................................................ [ 52%]
........................................................................ [ 54%]
........................................................................ [ 55%]
........................................................................ [ 57%]
........................................................................ [ 58%]
........................................................................ [ 59%]
........................................................................ [ 61%]
........................................................................ [ 62%]
........................................................................ [ 63%]
........................................................................ [ 65%]
........................................................................ [ 66%]
........................................................................ [ 68%]
........................................................................ [ 69%]
........................................................................ [ 70%]
........................................................................ [ 72%]
........................................................................ [ 73%]
........................................................................ [ 75%]
........................................................................ [ 76%]
........................................................................ [ 77%]
........................................................................ [ 79%]
........................................................................ [ 80%]
........................................................................ [ 82%]
........................................................................ [ 83%]
........................................................................ [ 84%]
........................................................................ [ 86%]
........................................................................ [ 87%]
........................................................................ [ 89%]
........................................................................ [ 90%]
........................................................................ [ 91%]
.........................................ss............................. [ 93%]
........................................................................ [ 94%]
........................................................................ [ 95%]
........................................................................ [ 97%]
........................................................................ [ 98%]
.................................................................        [100%]HOLDOUT_REPORTS=[{"bytes": 2507416, "name": "workflow", "path": "/tmp/fi-fc1/holdout-workflow0/holdout-report.json", "sha256": "a9138a88e32d68cfca67486101130473101ded501c5d588c5fc603405243969c"}, {"bytes": 143030, "name": "boundary", "path": "/tmp/fi-fc1/holdout-boundary0/holdout-report.json", "sha256": "cabb6653c649155408a9a1cf6f8912553eb5a5fab357b1b0746582026e592477"}, {"bytes": 143145, "name": "duplicate_id", "path": "/tmp/fi-fc1/holdout-duplicate_id0/holdout-report.json", "sha256": "e45cfbbd9d609d2102658cf4a8033552f0644d1b508d6bfe9987ee3803cbb918"}, {"bytes": 144466, "name": "missing_prerequisite", "path": "/tmp/fi-fc1/holdout-missing_prerequisite0/holdout-report.json", "sha256": "88e4b5cb14ec9978b5bd205417b3db9224633398f3385fcdbce2a927237132aa"}, {"bytes": 142530, "name": "overload", "path": "/tmp/fi-fc1/holdout-overload0/holdout-report.json", "sha256": "97e4d8faeb51c4b9eba01b1a41d46e18f0dc9b92ddbca9663de925239b02da92"}, {"bytes": 141329, "name": "malformed", "path": "/tmp/fi-fc1/holdout-malformed0/holdout-report.json", "sha256": "4404c222bf19633c061be40b3bfc6dc5afcd3b4e7dc8566553353d5289322060"}]
CPU_RECOVERY_REPORTS=[{"bytes": 82677, "path": "/tmp/fi-fc1/test_real_confirmed_terminal_r0/project-0/recovery-report.json", "sha256": "c579f64a23da95977a2852b2df56dca1ef8cad11473459503165c2b0eb5485d5", "test": "tests/test_cpu_claim_reader_consolidation.py::TestPublicSnapshotRouting::test_real_confirmed_terminal_recovery_uses_required_8k_public_snapshot"}, {"bytes": 104385, "path": "/tmp/fi-fc1/test_post_delete_fsync_uncerta0/project-0/recovery-report.json", "sha256": "54939aa9fa1f2abc0e4a99facbfa655d48e14bfc101aaf9d130205c131d9b012", "test": "tests/test_cpu_terminal_recovery_barrier.py::test_post_delete_fsync_uncertainty_blocks_fresh_restart_with_zero_bound[effect]"}, {"bytes": 104401, "path": "/tmp/fi-fc1/test_post_delete_fsync_uncerta1/project-0/recovery-report.json", "sha256": "1888712910a19718a82720e6b70f0bb36a8f6e34b4bc34db0e515f82f100dd60", "test": "tests/test_cpu_terminal_recovery_barrier.py::test_post_delete_fsync_uncertainty_blocks_fresh_restart_with_zero_bound[recovery]"}, {"bytes": 67285, "path": "/tmp/fi-fc1/test_in_progress_denies_alread0/project-0/recovery-report.json", "sha256": "d30a003249391fa6cd598ebf5c7715659681de91831d7eb9294a764300478824", "test": "tests/test_cpu_terminal_recovery_barrier.py::test_in_progress_denies_already_running_peer_admission[reserve]"}, {"bytes": 67278, "path": "/tmp/fi-fc1/test_in_progress_denies_alread1/project-0/recovery-report.json", "sha256": "1e34f52995e0ec9c8b98ca91ffb268030eac0eef2db7565e648e0047d2aae2cd", "test": "tests/test_cpu_terminal_recovery_barrier.py::test_in_progress_denies_already_running_peer_admission[require_permit]"}, {"bytes": 66153, "path": "/tmp/fi-fc1/test_two_recovery_consumers_do0/project-0/recovery-report.json", "sha256": "111fa307755bf83653e787f02a08ff6d663fe72db17d386a467371a8ee87606a", "test": "tests/test_cpu_terminal_recovery_barrier.py::test_two_recovery_consumers_do_not_repeat_settlement_or_poison_owner"}, {"bytes": 66560, "path": "/tmp/fi-fc1/test_legal_peer_decision_after0/project-0/recovery-report.json", "sha256": "2ee34a99d8594b8650cca7dc59705def30563a321078d41654414727c124a805", "test": "tests/test_cpu_terminal_recovery_barrier.py::test_legal_peer_decision_after_complete_commit_preserves_exact_owner_result"}, {"bytes": 102206, "path": "/tmp/fi-fc1/test_recovery_transaction_unkn0/project-0/recovery-report.json", "sha256": "4a8831166f61bfe3e444446005b7d60c2295081d49916494236d91a6ee14e96a", "test": "tests/test_cpu_terminal_recovery_barrier.py::test_recovery_transaction_unknown_is_not_an_ordinary_success[IN_PROGRESS-rollback]"}, {"bytes": 104326, "path": "/tmp/fi-fc1/test_recovery_transaction_unkn1/project-0/recovery-report.json", "sha256": "3cfd2250c6bfcd05aabde2c0f773b19758263365b366c32285993bc95510068a", "test": "tests/test_cpu_terminal_recovery_barrier.py::test_recovery_transaction_unknown_is_not_an_ordinary_success[COMPLETE-rollback]"}, {"bytes": 105707, "path": "/tmp/fi-fc1/test_recovery_transaction_unkn2/project-0/recovery-report.json", "sha256": "9789ee67edd823614b4b43288437d4ec394d18b75108365c80d315db376ab0da", "test": "tests/test_cpu_terminal_recovery_barrier.py::test_recovery_transaction_unknown_is_not_an_ordinary_success[COMPLETE-committed_raise]"}, {"bytes": 65232, "path": "/tmp/fi-fc1/test_existing_unqualified_gate0/project-0/recovery-report.json", "sha256": "1f4ab903674fa98f47c8def3ddf2bac2772fc3dbb5ed8b93a9034c6271701ee6", "test": "tests/test_cpu_terminal_recovery_barrier.py::test_existing_unqualified_gate_owner_is_preserved"}, {"bytes": 65239, "path": "/tmp/fi-fc1/test_recovery_refuses_caller_t0/project-0/recovery-report.json", "sha256": "493bfb6608296eac13e549a8811a0bcf1edbeb78a87854d315cb036c65480ce7", "test": "tests/test_cpu_terminal_recovery_barrier.py::test_recovery_refuses_caller_transaction_without_consuming_it"}, {"bytes": 66020, "path": "/tmp/fi-fc1/test_actual_peer_nonce_replace0/project-0/recovery-report.json", "sha256": "d49a8fa25e3b41cc639623d40100f7462e0e692c850bed4d8ed2e07c90817357", "test": "tests/test_cpu_terminal_recovery_barrier.py::test_actual_peer_nonce_replacement_cannot_be_completed_by_old_owner"}, {"bytes": 314684, "path": "/tmp/fi-fc1/test_fresh_cli_resumes_confirm0/domain-project/recovery-report.json", "sha256": "faa7a9dac73dba3cd67dad40225e2dcec5ce9ff8cbe354597cfccba15123141e", "test": "tests/test_cpu_terminal_recovery_domain.py::test_fresh_cli_resumes_confirmed_domain_without_reinterpretation[schedule-feasibility-v1-valid]"}, {"bytes": 314622, "path": "/tmp/fi-fc1/test_fresh_cli_resumes_confirm1/domain-project/recovery-report.json", "sha256": "740d0da43e27661cc463865b6c04bc53c7adf9763782cceac6aa3bb24c137b3b", "test": "tests/test_cpu_terminal_recovery_domain.py::test_fresh_cli_resumes_confirmed_domain_without_reinterpretation[schedule-feasibility-v2-invalid]"}, {"bytes": 147760, "path": "/tmp/fi-fc1/test_recovery_refuses_changed_0/project-0/recovery-report.json", "sha256": "e1da25c3a2f8ead0437a54177a28d8fb566fbb28a46f0a47a798e96af6311034", "test": "tests/test_cpu_terminal_recovery_guards.py::test_recovery_refuses_changed_native_binding[origin]"}, {"bytes": 147714, "path": "/tmp/fi-fc1/test_recovery_refuses_changed_1/project-0/recovery-report.json", "sha256": "1cd6a35078fa792b0046cd0fb81fcd8f77d11e8a88773688b88974880013c95f", "test": "tests/test_cpu_terminal_recovery_guards.py::test_recovery_refuses_changed_native_binding[kind]"}, {"bytes": 147775, "path": "/tmp/fi-fc1/test_recovery_refuses_changed_2/project-0/recovery-report.json", "sha256": "659cc75f92757e464c53404754777b54b1bd416099e7a38e043b26db884c1a85", "test": "tests/test_cpu_terminal_recovery_guards.py::test_recovery_refuses_changed_native_binding[resource]"}, {"bytes": 147821, "path": "/tmp/fi-fc1/test_recovery_refuses_changed_3/project-0/recovery-report.json", "sha256": "b7a9dfbcb53d39e3303ec7c68e0176b6532a58b66a7002595352eef46c6e5ad5", "test": "tests/test_cpu_terminal_recovery_guards.py::test_recovery_refuses_changed_native_binding[attempt_ref]"}, {"bytes": 147802, "path": "/tmp/fi-fc1/test_recovery_refuses_changed_4/project-0/recovery-report.json", "sha256": "6115c78f067fced0af02278e2f1eceb9126e16ea44af57e48af7f824b05b0445", "test": "tests/test_cpu_terminal_recovery_guards.py::test_recovery_refuses_changed_native_binding[process_pid]"}, {"bytes": 147819, "path": "/tmp/fi-fc1/test_recovery_refuses_changed_5/project-0/recovery-report.json", "sha256": "5951c7224fea45e13707f047f93c783dfe5a86559c4870d7c94311e48772ac85", "test": "tests/test_cpu_terminal_recovery_guards.py::test_recovery_refuses_changed_native_binding[command_sha256]"}, {"bytes": 147844, "path": "/tmp/fi-fc1/test_recovery_refuses_changed_6/project-0/recovery-report.json", "sha256": "c75ce71785c9d8a26c1762c023c479a8c2ed78e17336b0164d63b792bbb3475a", "test": "tests/test_cpu_terminal_recovery_guards.py::test_recovery_refuses_changed_native_binding[timeout_seconds]"}, {"bytes": 147779, "path": "/tmp/fi-fc1/test_recovery_refuses_changed_7/project-0/recovery-report.json", "sha256": "6ee9f272490f6145e2dab3b03a63e981bab8e796c0ee132fbf27a562cfa323f8", "test": "tests/test_cpu_terminal_recovery_guards.py::test_recovery_refuses_changed_captured_source[database]"}, {"bytes": 147802, "path": "/tmp/fi-fc1/test_recovery_refuses_changed_8/project-0/recovery-report.json", "sha256": "e8efccc5b458c1e80c14e26053ac3be5be5c9e766175c15723c3dface50c1889", "test": "tests/test_cpu_terminal_recovery_guards.py::test_recovery_refuses_changed_captured_source[claim_sha256]"}, {"bytes": 147793, "path": "/tmp/fi-fc1/test_recovery_refuses_changed_9/project-0/recovery-report.json", "sha256": "55353c71c4d049613a43c978eba7a901f0e1a726ac7007bc5ee2ccd8197b991d", "test": "tests/test_cpu_terminal_recovery_guards.py::test_recovery_refuses_changed_captured_source[config_sha256]"}, {"bytes": 147984, "path": "/tmp/fi-fc1/test_recovery_refuses_changed_10/project-0/recovery-report.json", "sha256": "1b4c4839f6ee25d2f75d83599a64a4b3ca7c76385c5f20ae6ed702d0c0c6ff1e", "test": "tests/test_cpu_terminal_recovery_guards.py::test_recovery_refuses_changed_current_lifecycle"}, {"bytes": 147838, "path": "/tmp/fi-fc1/test_recovery_refuses_rehashed0/project-0/recovery-report.json", "sha256": "c9c3413528db4e589ab9033f7fe20ca00ac34b3c3bb46b5be5f3bf0ac9638074", "test": "tests/test_cpu_terminal_recovery_guards.py::test_recovery_refuses_rehashed_non_cpu_prepared_plan"}, {"bytes": 147987, "path": "/tmp/fi-fc1/test_recovery_refuses_changed_11/project-0/recovery-report.json", "sha256": "99bca01d047c5c997a7da55ddfb1defdc9585d4acd7eafc0a18cea0f69699b9a", "test": "tests/test_cpu_terminal_recovery_guards.py::test_recovery_refuses_changed_catalog_route"}, {"bytes": 148027, "path": "/tmp/fi-fc1/test_recovery_refuses_changed_12/project-0/recovery-report.json", "sha256": "ebcbf568ba0f62a6e6ef17a4dc27bfa12b51d721f3afd6f3ffd22428e46548f0", "test": "tests/test_cpu_terminal_recovery_guards.py::test_recovery_refuses_changed_ready_member_identity"}, {"bytes": 190299, "path": "/tmp/fi-fc1/test_recovery_rechecks_source_0/project-0/recovery-report.json", "sha256": "dc23bc7fd183db0cf878cc4d2ae5e706d66262847d7dcb1d83068889faf3bb97", "test": "tests/test_cpu_terminal_recovery_guards.py::test_recovery_rechecks_source_after_enumeration_before_settlement"}, {"bytes": 149297, "path": "/tmp/fi-fc1/test_preexisting_stop_never_au0/project-0/recovery-report.json", "sha256": "b023d0f0e89dcaf35f682966fdb2123e8d056439ccd5901d2fd6eecad49a8ccb", "test": "tests/test_cpu_terminal_recovery_guards.py::test_preexisting_stop_never_authorizes_automatic_settlement[ordinary_stop]"}, {"bytes": 149162, "path": "/tmp/fi-fc1/test_preexisting_stop_never_au1/project-0/recovery-report.json", "sha256": "87e136c6a9fc4d16d62407858c371d1295363a63528e9a0693041e3ac9ba8a58", "test": "tests/test_cpu_terminal_recovery_guards.py::test_preexisting_stop_never_authorizes_automatic_settlement[storage_hold]"}, {"bytes": 149328, "path": "/tmp/fi-fc1/test_preexisting_stop_never_au2/project-0/recovery-report.json", "sha256": "16bacdb8b7c1496228fb488af534ba4b36ec3d3fa634cc3c9f4f551af21f9d19", "test": "tests/test_cpu_terminal_recovery_guards.py::test_preexisting_stop_never_authorizes_automatic_settlement[masked_storage_hold]"}, {"bytes": 147964, "path": "/tmp/fi-fc1/test_recovery_refuses_unbound_0/project-0/recovery-report.json", "sha256": "506f5cecd0118843c7b64322a4f1ea0f0e27755ba58a568f12d7d6fcbe4d17e0", "test": "tests/test_cpu_terminal_recovery_guards.py::test_recovery_refuses_unbound_replication_request_field"}, {"bytes": 147898, "path": "/tmp/fi-fc1/test_recovery_refuses_artifact0/project-0/recovery-report.json", "sha256": "114336df4b06ea21bc85372ca60d2ff9d67086bad9a612bc439d5e38045bf8eb", "test": "tests/test_cpu_terminal_recovery_guards.py::test_recovery_refuses_artifact_root_unrelated_to_published_records"}, {"bytes": 211730, "path": "/tmp/fi-fc1/test_restart_settles_confirmed0/project-0/recovery-report.json", "sha256": "649d2f005c11c7f7f00f770d80afa2550b50ac3998e0ef00d708e56ef7c52f94", "test": "tests/test_cpu_terminal_settlement_recovery.py::test_restart_settles_confirmed_terminal_without_repeating_original_worker[0]"}, {"bytes": 200188, "path": "/tmp/fi-fc1/test_restart_settles_confirmed1/project-0/recovery-report.json", "sha256": "7195237413b4473d80641c2b4c0d125249baaa9c8d3a9a01b2622cc83e5f01ca", "test": "tests/test_cpu_terminal_settlement_recovery.py::test_restart_settles_confirmed_terminal_without_repeating_original_worker[7]"}, {"bytes": 126662, "path": "/tmp/fi-fc1/test_real_v2_confirmed_termina0/project-0/recovery-report.json", "sha256": "f4044fc7a7e17f5cc93b11f38bdcf53515254b3a644f838a77bc499ad07a7c7b", "test": "tests/test_runtime_lease_recovery.py::test_real_v2_confirmed_terminal_crash_recovers_metadata_only[0]"}, {"bytes": 118268, "path": "/tmp/fi-fc1/test_real_v2_confirmed_termina1/project-0/recovery-report.json", "sha256": "10ef80a9f811ddef5b53f761f3c799029999b44013c54dd6812b96a9a6a310d4", "test": "tests/test_runtime_lease_recovery.py::test_real_v2_confirmed_terminal_crash_recovers_metadata_only[7]"}, {"bytes": 119492, "path": "/tmp/fi-fc1/test_real_historical_v1_termin0/historical-project/recovery-report.json", "sha256": "4612ce96ffa2a2c29ca29b86cfc7ff61d3d24e56cd55693d2217d640539eadb0", "test": "tests/test_runtime_lease_recovery.py::test_real_historical_v1_terminal_recovers_without_upgrade_or_reexecution"}]
ACCEPTANCE_REPORTS=[{"bytes": 279711, "name": "sorting_default", "path": "/tmp/fi-fc1/acceptance-sorting-default0/acceptance-report.json", "sha256": "178ba981bcb126faf05dd2171c371c2cdabfca6b104c0910c53e49662c545f71"}, {"bytes": 120856, "name": "sorting_counterfactual", "path": "/tmp/fi-fc1/acceptance-sorting-counterfactual0/acceptance-report.json", "sha256": "844c15bceb2140bbe85fb2d5b4027cf9344c07bc18fac7de782f53d66c071b15"}, {"bytes": 274511, "name": "compression_default", "path": "/tmp/fi-fc1/acceptance-compression-default0/acceptance-report.json", "sha256": "6775458d49209f1c00813e249486896359832e4e2ec6b4c76015945539db8f15"}, {"bytes": 120439, "name": "compression_counterfactual", "path": "/tmp/fi-fc1/acceptance-compression-counterfactual0/acceptance-report.json", "sha256": "200649e55f236605fd2ba893efa9a429d6de30e4637dd8485008da74f30eee43"}]

=============================== warnings summary ===============================
../../../../../../home/erik/.local/lib/python3.10/site-packages/_pytest/config/__init__.py:885
  /home/erik/.local/lib/python3.10/site-packages/_pytest/config/__init__.py:885: PytestAssertRewriteWarning: Module already imported so cannot be rewritten; cpu_terminal_recovery_helpers
    self.import_plugin(import_spec)

../../../../../../home/erik/.local/lib/python3.10/site-packages/_pytest/config/__init__.py:885
  /home/erik/.local/lib/python3.10/site-packages/_pytest/config/__init__.py:885: PytestAssertRewriteWarning: Module already imported so cannot be rewritten; examples.holdout.testing
    self.import_plugin(import_spec)

-- Docs: https://docs.pytest.org/en/stable/how-to/capture-warnings.html
=========================== short test summary info ============================
SKIPPED [1] ../core/tests/test_sweeper.py:12: could not import 'orze_pro.engine.role_runner': This is a stub package. Install the real orze-pro via: export ORZE_PRO_KEY='...' && orze run
SKIPPED [1] ../core/tests/test_evolution.py:228: could not import 'orze_pro.agents.code_evolution': This is a stub package. Install the real orze-pro via: export ORZE_PRO_KEY='...' && orze run
SKIPPED [1] ../core/tests/test_evolution.py:239: could not import 'orze_pro.agents.code_evolution': This is a stub package. Install the real orze-pro via: export ORZE_PRO_KEY='...' && orze run
SKIPPED [1] ../core/tests/test_evolution.py:255: could not import 'orze_pro.agents.meta_research': This is a stub package. Install the real orze-pro via: export ORZE_PRO_KEY='...' && orze run
SKIPPED [1] ../core/tests/test_fsm_runner_registry.py:13: could not import 'orze_pro': This is a stub package. Install the real orze-pro via: export ORZE_PRO_KEY='...' && orze run
SKIPPED [1] ../core/tests/test_skill_registry.py:123: orze-pro not installed
SKIPPED [1] ../core/tests/test_skill_registry.py:135: orze-pro not installed
5171 passed, 7 skipped, 2 warnings in 1128.59s (0:18:48)
