........................................................................ [  1%]
........................................................................ [  2%]
........................................................................ [  4%]
........................................................................ [  5%]
........................................................................ [  6%]
........................................................................ [  8%]
........................................................................ [  9%]
........................................................................ [ 10%]
........................................................................ [ 12%]
........................................................................ [ 13%]
........................................................................ [ 14%]
........................................................................ [ 16%]
........................................................................ [ 17%]
........................................................................ [ 18%]
........................................................................ [ 20%]
........................................................................ [ 21%]
........................................................................ [ 22%]
........................................................................ [ 24%]
........................................................................ [ 25%]
........................................................................ [ 26%]
........................................................................ [ 28%]
........................................................................ [ 29%]
........................................................................ [ 30%]
........................................................................ [ 32%]
........................................................................ [ 33%]
........................................................................ [ 35%]
........................................................................ [ 36%]
........................................................................ [ 37%]
........................................................................ [ 39%]
................sss..................................................... [ 40%]
........................................................................ [ 41%]
........................................................................ [ 43%]
........................................................................ [ 44%]
........................................................................ [ 45%]
........................................................................ [ 47%]
........................................................................ [ 48%]
........................................................................ [ 49%]
........................................................................ [ 51%]
........................................................................ [ 52%]
........................................................................ [ 53%]
........................................................................ [ 55%]
........................................................................ [ 56%]
........................................................................ [ 57%]
........................................................................ [ 59%]
........................................................................ [ 60%]
........................................................................ [ 61%]
........................................................................ [ 63%]
........................................................................ [ 64%]
........................................................................ [ 66%]
........................................................................ [ 67%]
........................................................................ [ 68%]
........................................................................ [ 70%]
........................................................................ [ 71%]
........................................................................ [ 72%]
........................................................................ [ 74%]
........................................................................ [ 75%]
........................................................................ [ 76%]
........................................................................ [ 78%]
........................................................................ [ 79%]
........................................................................ [ 80%]
........................................................................ [ 82%]
........................................................................ [ 83%]
........................................................................ [ 84%]
........................................................................ [ 86%]
........................................................................ [ 87%]
........................................................................ [ 88%]
........................................................................ [ 90%]
........................................................................ [ 91%]
.........................ss............................................. [ 92%]
........................................................................ [ 94%]
........................................................................ [ 95%]
........................................................................ [ 97%]
........................................................................ [ 98%]
........................................................................ [ 99%]
...............                                                          [100%]HOLDOUT_REPORTS=[{"bytes": 2507972, "name": "workflow", "path": "/tmp/sra-cf1/holdout-workflow0/holdout-report.json", "sha256": "dd5cf9c74b68447bb1be85e0d802414781253615bc831e056032fa7f41017c01"}, {"bytes": 143074, "name": "boundary", "path": "/tmp/sra-cf1/holdout-boundary0/holdout-report.json", "sha256": "a7e29e23961e957fda33ac85ebead089144e62b43076b5141b703b63b16db987"}, {"bytes": 143183, "name": "duplicate_id", "path": "/tmp/sra-cf1/holdout-duplicate_id0/holdout-report.json", "sha256": "c572ea3e2085c63e110e182c6eeba7eed01e86fa3e2e48f706c66973ae168980"}, {"bytes": 144497, "name": "missing_prerequisite", "path": "/tmp/sra-cf1/holdout-missing_prerequisite0/holdout-report.json", "sha256": "f4e116de55002e3ee07ce8847d0922ec10f229081ff85d75db56982a0a39f732"}, {"bytes": 142564, "name": "overload", "path": "/tmp/sra-cf1/holdout-overload0/holdout-report.json", "sha256": "412a0bf6b4410661973cf437d6df6242e80d19db0017048dbfbd2608f586c2bb"}, {"bytes": 141373, "name": "malformed", "path": "/tmp/sra-cf1/holdout-malformed0/holdout-report.json", "sha256": "e46839bf02379a431d4cffc2ce5630bdb1611f6e98aa0e0a778f50f249718421"}]
CPU_RECOVERY_REPORTS=[{"bytes": 82695, "path": "/tmp/sra-cf1/test_real_confirmed_terminal_r0/project-0/recovery-report.json", "sha256": "eabe5a49b5e73441152a595f4d550c929986dbe99d9ff339cea1429ba2b35b6e", "test": "tests/test_cpu_claim_reader_consolidation.py::TestPublicSnapshotRouting::test_real_confirmed_terminal_recovery_uses_required_8k_public_snapshot"}, {"bytes": 104414, "path": "/tmp/sra-cf1/test_post_delete_fsync_uncerta0/project-0/recovery-report.json", "sha256": "09cbf11d04cfa745cfd8940e6888ccc641b52950a0e64bb3529321dbb7556997", "test": "tests/test_cpu_terminal_recovery_barrier.py::test_post_delete_fsync_uncertainty_blocks_fresh_restart_with_zero_bound[effect]"}, {"bytes": 104415, "path": "/tmp/sra-cf1/test_post_delete_fsync_uncerta1/project-0/recovery-report.json", "sha256": "a102151f9094980d3499179a93f5f408a2c1bb9bf4e63dfe262430fd8e887efb", "test": "tests/test_cpu_terminal_recovery_barrier.py::test_post_delete_fsync_uncertainty_blocks_fresh_restart_with_zero_bound[recovery]"}, {"bytes": 67291, "path": "/tmp/sra-cf1/test_in_progress_denies_alread0/project-0/recovery-report.json", "sha256": "84c41b9b509261f7f6f9828484efed3a2f9f321e6804ae1caa97b7bc310f2cfb", "test": "tests/test_cpu_terminal_recovery_barrier.py::test_in_progress_denies_already_running_peer_admission[reserve]"}, {"bytes": 67301, "path": "/tmp/sra-cf1/test_in_progress_denies_alread1/project-0/recovery-report.json", "sha256": "ee9adf306488619f114430bdf7ff238badc1073ed64ad4ae0bca6e507815e497", "test": "tests/test_cpu_terminal_recovery_barrier.py::test_in_progress_denies_already_running_peer_admission[require_permit]"}, {"bytes": 66165, "path": "/tmp/sra-cf1/test_two_recovery_consumers_do0/project-0/recovery-report.json", "sha256": "c25d7660b2aa8267cd036d752ea22b8f098cb0aafb3db7856154d4f525f6c997", "test": "tests/test_cpu_terminal_recovery_barrier.py::test_two_recovery_consumers_do_not_repeat_settlement_or_poison_owner"}, {"bytes": 66574, "path": "/tmp/sra-cf1/test_legal_peer_decision_after0/project-0/recovery-report.json", "sha256": "1179b1491bd45431b71799375d5f479d9204f0935e3e2fc985036389df5cd8c2", "test": "tests/test_cpu_terminal_recovery_barrier.py::test_legal_peer_decision_after_complete_commit_preserves_exact_owner_result"}, {"bytes": 102225, "path": "/tmp/sra-cf1/test_recovery_transaction_unkn0/project-0/recovery-report.json", "sha256": "bfb6ce8b35d516128f249e53cc67b85a5cfadb594e6c84f95539af3d46faae50", "test": "tests/test_cpu_terminal_recovery_barrier.py::test_recovery_transaction_unknown_is_not_an_ordinary_success[IN_PROGRESS-rollback]"}, {"bytes": 104337, "path": "/tmp/sra-cf1/test_recovery_transaction_unkn1/project-0/recovery-report.json", "sha256": "362441766cf0c41202715a65111e8baf54083f1163ff3ef872981880e08d0aa8", "test": "tests/test_cpu_terminal_recovery_barrier.py::test_recovery_transaction_unknown_is_not_an_ordinary_success[COMPLETE-rollback]"}, {"bytes": 105737, "path": "/tmp/sra-cf1/test_recovery_transaction_unkn2/project-0/recovery-report.json", "sha256": "27a63d57cbc8ae04673747387584727003a888f06439382f45a256b48ee612ce", "test": "tests/test_cpu_terminal_recovery_barrier.py::test_recovery_transaction_unknown_is_not_an_ordinary_success[COMPLETE-committed_raise]"}, {"bytes": 65245, "path": "/tmp/sra-cf1/test_existing_unqualified_gate0/project-0/recovery-report.json", "sha256": "6216e4d1f8080b26e994a7573edeb37659c930ef4a30b3b65dd172f68c65f16a", "test": "tests/test_cpu_terminal_recovery_barrier.py::test_existing_unqualified_gate_owner_is_preserved"}, {"bytes": 65239, "path": "/tmp/sra-cf1/test_recovery_refuses_caller_t0/project-0/recovery-report.json", "sha256": "9b229548e6a9c80c29a04aa019d09caba9ef58a9002b211b001a969c0d224dc3", "test": "tests/test_cpu_terminal_recovery_barrier.py::test_recovery_refuses_caller_transaction_without_consuming_it"}, {"bytes": 66037, "path": "/tmp/sra-cf1/test_actual_peer_nonce_replace0/project-0/recovery-report.json", "sha256": "5c985e36dd9eede957529f1ddae0461c1356914f9b78a84d2db09f4f6a2f50b0", "test": "tests/test_cpu_terminal_recovery_barrier.py::test_actual_peer_nonce_replacement_cannot_be_completed_by_old_owner"}, {"bytes": 314778, "path": "/tmp/sra-cf1/test_fresh_cli_resumes_confirm0/domain-project/recovery-report.json", "sha256": "ba47a6ca15dd3d3e09808e2c663c8f7ee5ed12196dd01682576101279674f9ce", "test": "tests/test_cpu_terminal_recovery_domain.py::test_fresh_cli_resumes_confirmed_domain_without_reinterpretation[schedule-feasibility-v1-valid]"}, {"bytes": 314710, "path": "/tmp/sra-cf1/test_fresh_cli_resumes_confirm1/domain-project/recovery-report.json", "sha256": "2522f66334c22bffd3dc2ee5d3c2ab4548727088874bbfbde4b8de3fdd209a92", "test": "tests/test_cpu_terminal_recovery_domain.py::test_fresh_cli_resumes_confirmed_domain_without_reinterpretation[schedule-feasibility-v2-invalid]"}, {"bytes": 147756, "path": "/tmp/sra-cf1/test_recovery_refuses_changed_0/project-0/recovery-report.json", "sha256": "78b26404d4e7d0e044ffdc06a2397d527f7d0e6a0680b348388bf21b695f18c0", "test": "tests/test_cpu_terminal_recovery_guards.py::test_recovery_refuses_changed_native_binding[origin]"}, {"bytes": 147743, "path": "/tmp/sra-cf1/test_recovery_refuses_changed_1/project-0/recovery-report.json", "sha256": "aee2217c5054083f9572c5c452bbc6b5a700a5cb3145032cbcd6b9c96fd49b7e", "test": "tests/test_cpu_terminal_recovery_guards.py::test_recovery_refuses_changed_native_binding[kind]"}, {"bytes": 147784, "path": "/tmp/sra-cf1/test_recovery_refuses_changed_2/project-0/recovery-report.json", "sha256": "428343f6804adea83485cf8ade729f4c883b24bb6e527d10a4bc07834479091a", "test": "tests/test_cpu_terminal_recovery_guards.py::test_recovery_refuses_changed_native_binding[resource]"}, {"bytes": 147817, "path": "/tmp/sra-cf1/test_recovery_refuses_changed_3/project-0/recovery-report.json", "sha256": "3b0e4b38342efaf4d15e6748e3ea76b7e34edcf3d658c4dc86aa90e2aacfdf4b", "test": "tests/test_cpu_terminal_recovery_guards.py::test_recovery_refuses_changed_native_binding[attempt_ref]"}, {"bytes": 147832, "path": "/tmp/sra-cf1/test_recovery_refuses_changed_4/project-0/recovery-report.json", "sha256": "9fbda41fd138b3f16db13c0b38328da4ffa893cf4156ebed09fbdc8f56fddd88", "test": "tests/test_cpu_terminal_recovery_guards.py::test_recovery_refuses_changed_native_binding[process_pid]"}, {"bytes": 147848, "path": "/tmp/sra-cf1/test_recovery_refuses_changed_5/project-0/recovery-report.json", "sha256": "bb6425c2c437846acea464900c00d8e909aed367761cf31ba2f2ada263260c1e", "test": "tests/test_cpu_terminal_recovery_guards.py::test_recovery_refuses_changed_native_binding[command_sha256]"}, {"bytes": 147843, "path": "/tmp/sra-cf1/test_recovery_refuses_changed_6/project-0/recovery-report.json", "sha256": "410eabb33e4267c53340cbdd7cb4922383f7c0c7383c51d8cdbb41277b6025de", "test": "tests/test_cpu_terminal_recovery_guards.py::test_recovery_refuses_changed_native_binding[timeout_seconds]"}, {"bytes": 147778, "path": "/tmp/sra-cf1/test_recovery_refuses_changed_7/project-0/recovery-report.json", "sha256": "5867612ff8e51f46326e230b756dbbecc7a8d20171ee5b4a030baa28c32a066e", "test": "tests/test_cpu_terminal_recovery_guards.py::test_recovery_refuses_changed_captured_source[database]"}, {"bytes": 147815, "path": "/tmp/sra-cf1/test_recovery_refuses_changed_8/project-0/recovery-report.json", "sha256": "92f91cc9ed46ff85d845965aafb4aa58bfffe68e4dabbf04906e8b33538ba54e", "test": "tests/test_cpu_terminal_recovery_guards.py::test_recovery_refuses_changed_captured_source[claim_sha256]"}, {"bytes": 147806, "path": "/tmp/sra-cf1/test_recovery_refuses_changed_9/project-0/recovery-report.json", "sha256": "6fb618d9e7d877d42cf8f4b6d2db7942571899e16482fe513f90acab83b1b722", "test": "tests/test_cpu_terminal_recovery_guards.py::test_recovery_refuses_changed_captured_source[config_sha256]"}, {"bytes": 148001, "path": "/tmp/sra-cf1/test_recovery_refuses_changed_10/project-0/recovery-report.json", "sha256": "6b20070d2fe6955a17ce8f6fd111a86ffa5855b187838cc56af69d17557ad2b2", "test": "tests/test_cpu_terminal_recovery_guards.py::test_recovery_refuses_changed_current_lifecycle"}, {"bytes": 147852, "path": "/tmp/sra-cf1/test_recovery_refuses_rehashed0/project-0/recovery-report.json", "sha256": "ed2160b7c5b2465af4b9ca96d75a69f54c055219f7e2427e7cde9444c676fbdc", "test": "tests/test_cpu_terminal_recovery_guards.py::test_recovery_refuses_rehashed_non_cpu_prepared_plan"}, {"bytes": 147983, "path": "/tmp/sra-cf1/test_recovery_refuses_changed_11/project-0/recovery-report.json", "sha256": "04b6ace66b16f175c3950d4f28c8ca79a642aa7089705a0660c28a765d69f549", "test": "tests/test_cpu_terminal_recovery_guards.py::test_recovery_refuses_changed_catalog_route"}, {"bytes": 148042, "path": "/tmp/sra-cf1/test_recovery_refuses_changed_12/project-0/recovery-report.json", "sha256": "2818f99d094a5e56213a98447fcd9445fffc80abf4d74a805d9dfe9aeb4dd850", "test": "tests/test_cpu_terminal_recovery_guards.py::test_recovery_refuses_changed_ready_member_identity"}, {"bytes": 190332, "path": "/tmp/sra-cf1/test_recovery_rechecks_source_0/project-0/recovery-report.json", "sha256": "276c45247a6180c8ea052055a144d4bb757c503e3da2dec2c6806860cd2c1273", "test": "tests/test_cpu_terminal_recovery_guards.py::test_recovery_rechecks_source_after_enumeration_before_settlement"}, {"bytes": 149310, "path": "/tmp/sra-cf1/test_preexisting_stop_never_au0/project-0/recovery-report.json", "sha256": "738e2a50fca09befdcbd590e3869d72cf5f2b162172057b203681e2e2999787d", "test": "tests/test_cpu_terminal_recovery_guards.py::test_preexisting_stop_never_authorizes_automatic_settlement[ordinary_stop]"}, {"bytes": 149180, "path": "/tmp/sra-cf1/test_preexisting_stop_never_au1/project-0/recovery-report.json", "sha256": "24d7547f6c6d7afbf60b29295580958f29f1294fd8c4411d143a64a5d4a05c66", "test": "tests/test_cpu_terminal_recovery_guards.py::test_preexisting_stop_never_authorizes_automatic_settlement[storage_hold]"}, {"bytes": 149345, "path": "/tmp/sra-cf1/test_preexisting_stop_never_au2/project-0/recovery-report.json", "sha256": "bf09f95d72f0a017d9f9df249b49c1066393df8d715da48a8aae2ab00eea2768", "test": "tests/test_cpu_terminal_recovery_guards.py::test_preexisting_stop_never_authorizes_automatic_settlement[masked_storage_hold]"}, {"bytes": 147973, "path": "/tmp/sra-cf1/test_recovery_refuses_unbound_0/project-0/recovery-report.json", "sha256": "761069ef1d90377790f4aa47a730662de6cdfe128dbe8ea49f6fe7c71b4ab1e0", "test": "tests/test_cpu_terminal_recovery_guards.py::test_recovery_refuses_unbound_replication_request_field"}, {"bytes": 147923, "path": "/tmp/sra-cf1/test_recovery_refuses_artifact0/project-0/recovery-report.json", "sha256": "868ba8cd00e80be1bec9d5a7df6ba8cbeee087f75b77afcc4e2780f8734bacaf", "test": "tests/test_cpu_terminal_recovery_guards.py::test_recovery_refuses_artifact_root_unrelated_to_published_records"}, {"bytes": 211797, "path": "/tmp/sra-cf1/test_restart_settles_confirmed0/project-0/recovery-report.json", "sha256": "61144fe09492db261ce25c486fab344af0645eedb3a07f64a1b77b7755ad5fab", "test": "tests/test_cpu_terminal_settlement_recovery.py::test_restart_settles_confirmed_terminal_without_repeating_original_worker[0]"}, {"bytes": 200188, "path": "/tmp/sra-cf1/test_restart_settles_confirmed1/project-0/recovery-report.json", "sha256": "581f2d96c36116421ce289c56bdbb1ee566917b21543841ebbd5c2316f99ea24", "test": "tests/test_cpu_terminal_settlement_recovery.py::test_restart_settles_confirmed_terminal_without_repeating_original_worker[7]"}, {"bytes": 126676, "path": "/tmp/sra-cf1/test_real_v2_confirmed_termina0/project-0/recovery-report.json", "sha256": "cc8a065b53de0af107e306740f7eba9d84c0113daa7430c9321fc0beeab3e987", "test": "tests/test_runtime_lease_recovery.py::test_real_v2_confirmed_terminal_crash_recovers_metadata_only[0]"}, {"bytes": 118304, "path": "/tmp/sra-cf1/test_real_v2_confirmed_termina1/project-0/recovery-report.json", "sha256": "6a2e9083fbc585d813909fe11b9ae2451ffe7c746222beac5806fd82e5567399", "test": "tests/test_runtime_lease_recovery.py::test_real_v2_confirmed_terminal_crash_recovers_metadata_only[7]"}, {"bytes": 119511, "path": "/tmp/sra-cf1/test_real_historical_v1_termin0/historical-project/recovery-report.json", "sha256": "284147e0b8e7f726fab7a199ef55173c16ba7c5ebc8f8d184753427637dd1106", "test": "tests/test_runtime_lease_recovery.py::test_real_historical_v1_terminal_recovers_without_upgrade_or_reexecution"}]
ACCEPTANCE_REPORTS=[{"bytes": 279964, "name": "sorting_default", "path": "/tmp/sra-cf1/acceptance-sorting-default0/acceptance-report.json", "sha256": "c283c33a789a1ef67a955cb8078550f3f2eb635f4b0a9e43467a3d2cb39a3a5a"}, {"bytes": 120994, "name": "sorting_counterfactual", "path": "/tmp/sra-cf1/acceptance-sorting-counterfactual0/acceptance-report.json", "sha256": "5f9e6e9dea93293f971af5fbc2e418bf7728dcf62e7b88254e61b9d7e9bb6aaf"}, {"bytes": 274810, "name": "compression_default", "path": "/tmp/sra-cf1/acceptance-compression-default0/acceptance-report.json", "sha256": "d4df55514ea013ef62c7bf339cdf0e7342ed605f562fc3b911ebda1e1ccd3c18"}, {"bytes": 120581, "name": "compression_counterfactual", "path": "/tmp/sra-cf1/acceptance-compression-counterfactual0/acceptance-report.json", "sha256": "318f016c7a795d34cfea9bf38cddd0f3c530757df675668454794d5effcb27ad"}]

=============================== warnings summary ===============================
../../../../../../home/erik/.local/lib/python3.10/site-packages/_pytest/config/__init__.py:885
  /home/erik/.local/lib/python3.10/site-packages/_pytest/config/__init__.py:885: PytestAssertRewriteWarning: Module already imported so cannot be rewritten; cpu_terminal_recovery_helpers
    self.import_plugin(import_spec)

../../../../../../home/erik/.local/lib/python3.10/site-packages/_pytest/config/__init__.py:885
  /home/erik/.local/lib/python3.10/site-packages/_pytest/config/__init__.py:885: PytestAssertRewriteWarning: Module already imported so cannot be rewritten; examples.holdout.testing
    self.import_plugin(import_spec)

-- Docs: https://docs.pytest.org/en/stable/how-to/capture-warnings.html
=========================== short test summary info ============================
SKIPPED [1] ../core/tests/test_sweeper.py:12: could not import 'orze_pro.engine.role_runner': orze-pro is not activated. Set ORZE_PRO_KEY environment variable. Get a license at orze.ai/pro
SKIPPED [1] ../core/tests/test_evolution.py:228: could not import 'orze_pro.agents.code_evolution': orze-pro is not activated. Set ORZE_PRO_KEY environment variable. Get a license at orze.ai/pro
SKIPPED [1] ../core/tests/test_evolution.py:239: could not import 'orze_pro.agents.code_evolution': orze-pro is not activated. Set ORZE_PRO_KEY environment variable. Get a license at orze.ai/pro
SKIPPED [1] ../core/tests/test_evolution.py:255: could not import 'orze_pro.agents.meta_research': orze-pro is not activated. Set ORZE_PRO_KEY environment variable. Get a license at orze.ai/pro
SKIPPED [1] ../core/tests/test_skill_registry.py:123: orze-pro not installed
SKIPPED [1] ../core/tests/test_skill_registry.py:135: orze-pro not installed
5338 passed, 6 skipped, 2 warnings in 1147.19s (0:19:07)
