........................................................................ [  1%]
........................................................................ [  2%]
........................................................................ [  3%]
........................................................................ [  5%]
........................................................................ [  6%]
........................................................................ [  7%]
........................................................................ [  9%]
........................................................................ [ 10%]
........................................................................ [ 11%]
........................................................................ [ 13%]
........................................................................ [ 14%]
........................................................................ [ 15%]
........................................................................ [ 17%]
........................................................................ [ 18%]
........................................................................ [ 19%]
........................................................................ [ 21%]
........................................................................ [ 22%]
........................................................................ [ 23%]
........................................................................ [ 25%]
........................................................................ [ 26%]
........................................................................ [ 27%]
........................................................................ [ 29%]
........................................................................ [ 30%]
........................................................................ [ 31%]
........................................................................ [ 32%]
........................................................................ [ 34%]
........................................................................ [ 35%]
........................................................................ [ 36%]
........................................................................ [ 38%]
............................................sss......................... [ 39%]
........................................................................ [ 40%]
........................................................................ [ 42%]
........................................................................ [ 43%]
........................................................................ [ 44%]
........................................................................ [ 46%]
........................................................................ [ 47%]
........................................................................ [ 48%]
........................................................................ [ 50%]
........................................................................ [ 51%]
........................................................................ [ 52%]
........................................................................ [ 54%]
........................................................................ [ 55%]
........................................................................ [ 56%]
........................................................................ [ 58%]
........................................................................ [ 59%]
........................................................................ [ 60%]
........................................................................ [ 61%]
........................................................................ [ 63%]
........................................................................ [ 64%]
........................................................................ [ 65%]
........................................................................ [ 67%]
........................................................................ [ 68%]
........................................................................ [ 69%]
........................................................................ [ 71%]
........................................................................ [ 72%]
........................................................................ [ 73%]
........................................................................ [ 75%]
........................................................................ [ 76%]
........................................................................ [ 77%]
........................................................................ [ 79%]
........................................................................ [ 80%]
........................................................................ [ 81%]
........................................................................ [ 83%]
............................................F........................... [ 84%]
........................................................................ [ 85%]
........................................................................ [ 87%]
........................................................................ [ 88%]
........................................................................ [ 89%]
........................................................................ [ 90%]
......................................................................ss [ 92%]
........................................................................ [ 93%]
........................................................................ [ 94%]
........................................................................ [ 96%]
........................................................................ [ 97%]
........................................................................ [ 98%]
............................................................             [100%]HOLDOUT_REPORTS=[{"bytes": 2504535, "name": "workflow", "path": "/tmp/sr-c1/holdout-workflow0/holdout-report.json", "sha256": "c3a43404d135dc78f442aba4490c8de99d7a3dac69081225f64c76bfed43cf62"}, {"bytes": 142848, "name": "boundary", "path": "/tmp/sr-c1/holdout-boundary0/holdout-report.json", "sha256": "00b0130c78513f0f618720103f5a5c9ac2fe5f906b61b8036feaf906f3dee6b7"}, {"bytes": 142993, "name": "duplicate_id", "path": "/tmp/sr-c1/holdout-duplicate_id0/holdout-report.json", "sha256": "a66efc8e33e84dc9bcbf83382edac905bf96e3863003ed8582d2a1ec1cff58de"}, {"bytes": 144293, "name": "missing_prerequisite", "path": "/tmp/sr-c1/holdout-missing_prerequisite0/holdout-report.json", "sha256": "a91078be9e42c1d9966ed9c955902ecf583086e0c448c0183d75d4cb37447157"}, {"bytes": 142356, "name": "overload", "path": "/tmp/sr-c1/holdout-overload0/holdout-report.json", "sha256": "af1309df711b4d6c478691638964ea61fb6b1f5ef2c1072ae7e226ecf2e28cbd"}, {"bytes": 141178, "name": "malformed", "path": "/tmp/sr-c1/holdout-malformed0/holdout-report.json", "sha256": "5125b41b1c830e79a18300065d5b9262ae47460cb75d69c395e8a5937a66fe86"}]
CPU_RECOVERY_REPORTS=[{"bytes": 82591, "path": "/tmp/sr-c1/test_real_confirmed_terminal_r0/project-0/recovery-report.json", "sha256": "4ff3632c3293c8455ab8eaa56524a68347ded90067f308fd9c1fde901a09dfef", "test": "tests/test_cpu_claim_reader_consolidation.py::TestPublicSnapshotRouting::test_real_confirmed_terminal_recovery_uses_required_8k_public_snapshot"}, {"bytes": 104262, "path": "/tmp/sr-c1/test_post_delete_fsync_uncerta0/project-0/recovery-report.json", "sha256": "a8b7798b015bb81617243e82c114501060931ffbc278481e1b1356eaf0575ed1", "test": "tests/test_cpu_terminal_recovery_barrier.py::test_post_delete_fsync_uncertainty_blocks_fresh_restart_with_zero_bound[effect]"}, {"bytes": 104265, "path": "/tmp/sr-c1/test_post_delete_fsync_uncerta1/project-0/recovery-report.json", "sha256": "eabfc4638649c48c7f9940e498b86e620c96684af2eb17fcf28fd42ba88d5d7a", "test": "tests/test_cpu_terminal_recovery_barrier.py::test_post_delete_fsync_uncertainty_blocks_fresh_restart_with_zero_bound[recovery]"}, {"bytes": 67207, "path": "/tmp/sr-c1/test_in_progress_denies_alread0/project-0/recovery-report.json", "sha256": "aa81c8bf58549f382490a4ba54eea4423643efebb1ef7bab1266ae23044f748f", "test": "tests/test_cpu_terminal_recovery_barrier.py::test_in_progress_denies_already_running_peer_admission[reserve]"}, {"bytes": 67199, "path": "/tmp/sr-c1/test_in_progress_denies_alread1/project-0/recovery-report.json", "sha256": "8685626d2982a5c959c441ee24f0319046e17696122e0e51c91b29a44ac76346", "test": "tests/test_cpu_terminal_recovery_barrier.py::test_in_progress_denies_already_running_peer_admission[require_permit]"}, {"bytes": 66077, "path": "/tmp/sr-c1/test_two_recovery_consumers_do0/project-0/recovery-report.json", "sha256": "6e6dec68a07a71c3f7775b47d6cba9bf25e0df61cacbcef3d5466b2ff6ea482a", "test": "tests/test_cpu_terminal_recovery_barrier.py::test_two_recovery_consumers_do_not_repeat_settlement_or_poison_owner"}, {"bytes": 66489, "path": "/tmp/sr-c1/test_legal_peer_decision_after0/project-0/recovery-report.json", "sha256": "abdcd41ddba8dce1c1afc55e0f03d3f4b86f276cb9e678d184488c5b0403d7ce", "test": "tests/test_cpu_terminal_recovery_barrier.py::test_legal_peer_decision_after_complete_commit_preserves_exact_owner_result"}, {"bytes": 102080, "path": "/tmp/sr-c1/test_recovery_transaction_unkn0/project-0/recovery-report.json", "sha256": "5566f2fb01a936f4b145d1265c41acde727227f6e463567863caf681f5c3fe2c", "test": "tests/test_cpu_terminal_recovery_barrier.py::test_recovery_transaction_unknown_is_not_an_ordinary_success[IN_PROGRESS-rollback]"}, {"bytes": 104183, "path": "/tmp/sr-c1/test_recovery_transaction_unkn1/project-0/recovery-report.json", "sha256": "7d654f4cb0311d6b8fd10d76f6c978eff37dd8f88240c63d3188d3524ee3788f", "test": "tests/test_cpu_terminal_recovery_barrier.py::test_recovery_transaction_unknown_is_not_an_ordinary_success[COMPLETE-rollback]"}, {"bytes": 105562, "path": "/tmp/sr-c1/test_recovery_transaction_unkn2/project-0/recovery-report.json", "sha256": "d878370ef25e877c735730d8747c038fc4156f5349fd866eedd9fffcedbc03f5", "test": "tests/test_cpu_terminal_recovery_barrier.py::test_recovery_transaction_unknown_is_not_an_ordinary_success[COMPLETE-committed_raise]"}, {"bytes": 65156, "path": "/tmp/sr-c1/test_existing_unqualified_gate0/project-0/recovery-report.json", "sha256": "120bb47bd5218a3afa4cc84df967675cf640a401475d60a711ba9bc01e358142", "test": "tests/test_cpu_terminal_recovery_barrier.py::test_existing_unqualified_gate_owner_is_preserved"}, {"bytes": 65167, "path": "/tmp/sr-c1/test_recovery_refuses_caller_t0/project-0/recovery-report.json", "sha256": "1f09bd38b0ccadfb633f369f75afd4fb7dc01393e8369030ac5adca8019a5bb5", "test": "tests/test_cpu_terminal_recovery_barrier.py::test_recovery_refuses_caller_transaction_without_consuming_it"}, {"bytes": 65947, "path": "/tmp/sr-c1/test_actual_peer_nonce_replace0/project-0/recovery-report.json", "sha256": "1fe95f9a0aad57945dab06e61a94d76139446d8e4be028004b9da67374c41e28", "test": "tests/test_cpu_terminal_recovery_barrier.py::test_actual_peer_nonce_replacement_cannot_be_completed_by_old_owner"}, {"bytes": 314324, "path": "/tmp/sr-c1/test_fresh_cli_resumes_confirm0/domain-project/recovery-report.json", "sha256": "bfbe623d8b9f1e7fdf7378427010331d12b874048021b2d9dfb08f0c7968fcbd", "test": "tests/test_cpu_terminal_recovery_domain.py::test_fresh_cli_resumes_confirmed_domain_without_reinterpretation[schedule-feasibility-v1-valid]"}, {"bytes": 314247, "path": "/tmp/sr-c1/test_fresh_cli_resumes_confirm1/domain-project/recovery-report.json", "sha256": "166f0627ffaa056211c375aa1dfdd6dccd27fadcb38abcde32d849b7395aca36", "test": "tests/test_cpu_terminal_recovery_domain.py::test_fresh_cli_resumes_confirmed_domain_without_reinterpretation[schedule-feasibility-v2-invalid]"}, {"bytes": 147575, "path": "/tmp/sr-c1/test_recovery_refuses_changed_0/project-0/recovery-report.json", "sha256": "18a8a66883fc93a1352832110fcc3bd08e0716457bf42ff6084d1e9758d7899f", "test": "tests/test_cpu_terminal_recovery_guards.py::test_recovery_refuses_changed_native_binding[origin]"}, {"bytes": 147546, "path": "/tmp/sr-c1/test_recovery_refuses_changed_1/project-0/recovery-report.json", "sha256": "58e2ac88bfa5bf7be05f6ab09b4cce0429724417e42029a04cc89f4accee48dd", "test": "tests/test_cpu_terminal_recovery_guards.py::test_recovery_refuses_changed_native_binding[kind]"}, {"bytes": 147626, "path": "/tmp/sr-c1/test_recovery_refuses_changed_2/project-0/recovery-report.json", "sha256": "1501ecd83203be10ac3e6d5c6dc30ca7c017b1530a1660b861cd588a57d4e396", "test": "tests/test_cpu_terminal_recovery_guards.py::test_recovery_refuses_changed_native_binding[resource]"}, {"bytes": 147636, "path": "/tmp/sr-c1/test_recovery_refuses_changed_3/project-0/recovery-report.json", "sha256": "9103a629dd8a690d53dc003dfffb59a35875d2388db1200df1d6668fe319ec94", "test": "tests/test_cpu_terminal_recovery_guards.py::test_recovery_refuses_changed_native_binding[attempt_ref]"}, {"bytes": 147654, "path": "/tmp/sr-c1/test_recovery_refuses_changed_4/project-0/recovery-report.json", "sha256": "b7f5dc5590490bc61eeac5e1d5dd488636ba4c3cac3648b58af18934c347cbab", "test": "tests/test_cpu_terminal_recovery_guards.py::test_recovery_refuses_changed_native_binding[process_pid]"}, {"bytes": 147649, "path": "/tmp/sr-c1/test_recovery_refuses_changed_5/project-0/recovery-report.json", "sha256": "a4fba23c39875d3b474a22d7832bd9440a5b698503ab0b1b4c0d531c125de5d0", "test": "tests/test_cpu_terminal_recovery_guards.py::test_recovery_refuses_changed_native_binding[command_sha256]"}, {"bytes": 147616, "path": "/tmp/sr-c1/test_recovery_refuses_changed_6/project-0/recovery-report.json", "sha256": "38cc695c6584465d34b6026f02fe5650e7c8fcf2def889514937e9cf3f7610aa", "test": "tests/test_cpu_terminal_recovery_guards.py::test_recovery_refuses_changed_native_binding[timeout_seconds]"}, {"bytes": 147617, "path": "/tmp/sr-c1/test_recovery_refuses_changed_7/project-0/recovery-report.json", "sha256": "fcc6f28c833038ff23765f1f6443738c8b292d36bd46fc6b1bfe35bc1896f464", "test": "tests/test_cpu_terminal_recovery_guards.py::test_recovery_refuses_changed_captured_source[database]"}, {"bytes": 147622, "path": "/tmp/sr-c1/test_recovery_refuses_changed_8/project-0/recovery-report.json", "sha256": "313e9708ad74f0c12aef749c54ee663dcfba31c703663a4337c9de20aa973a85", "test": "tests/test_cpu_terminal_recovery_guards.py::test_recovery_refuses_changed_captured_source[claim_sha256]"}, {"bytes": 147624, "path": "/tmp/sr-c1/test_recovery_refuses_changed_9/project-0/recovery-report.json", "sha256": "ca00e9865911fd8e6fafc8b41960374b96dccc03e33a1dc10fc411b579ab4c13", "test": "tests/test_cpu_terminal_recovery_guards.py::test_recovery_refuses_changed_captured_source[config_sha256]"}, {"bytes": 147814, "path": "/tmp/sr-c1/test_recovery_refuses_changed_10/project-0/recovery-report.json", "sha256": "8e04d628e6ad1f247366172838dc54d23424d56976db90b27f8fca984ab65f83", "test": "tests/test_cpu_terminal_recovery_guards.py::test_recovery_refuses_changed_current_lifecycle"}, {"bytes": 147671, "path": "/tmp/sr-c1/test_recovery_refuses_rehashed0/project-0/recovery-report.json", "sha256": "fed098ead1f7c888910bd3f455a18c96969a30c1ccaa2ef008f18240e763193b", "test": "tests/test_cpu_terminal_recovery_guards.py::test_recovery_refuses_rehashed_non_cpu_prepared_plan"}, {"bytes": 147821, "path": "/tmp/sr-c1/test_recovery_refuses_changed_11/project-0/recovery-report.json", "sha256": "4a48ed39a3a63fe7a2a9e6477c45b0a07e6088b0d54f026c048e9fba58346669", "test": "tests/test_cpu_terminal_recovery_guards.py::test_recovery_refuses_changed_catalog_route"}, {"bytes": 147865, "path": "/tmp/sr-c1/test_recovery_refuses_changed_12/project-0/recovery-report.json", "sha256": "5a53d5330a33dd3c4eec5dc374f2c71d25dc38452c85181ebc9b5c093af437e4", "test": "tests/test_cpu_terminal_recovery_guards.py::test_recovery_refuses_changed_ready_member_identity"}, {"bytes": 190054, "path": "/tmp/sr-c1/test_recovery_rechecks_source_0/project-0/recovery-report.json", "sha256": "8248ef0b10229ee0732e8a128668da2f9a13607306a76c20123e1759a62aac1d", "test": "tests/test_cpu_terminal_recovery_guards.py::test_recovery_rechecks_source_after_enumeration_before_settlement"}, {"bytes": 149095, "path": "/tmp/sr-c1/test_preexisting_stop_never_au0/project-0/recovery-report.json", "sha256": "51d9646b026aeea38532e479c80c98704d8a8fb82f3f7965260588018da48404", "test": "tests/test_cpu_terminal_recovery_guards.py::test_preexisting_stop_never_authorizes_automatic_settlement[ordinary_stop]"}, {"bytes": 149012, "path": "/tmp/sr-c1/test_preexisting_stop_never_au1/project-0/recovery-report.json", "sha256": "0a8c34551d7bbd18f56f5325aee5d3e0f27718a63dc809099a8e26e7d49e1c8a", "test": "tests/test_cpu_terminal_recovery_guards.py::test_preexisting_stop_never_authorizes_automatic_settlement[storage_hold]"}, {"bytes": 149174, "path": "/tmp/sr-c1/test_preexisting_stop_never_au2/project-0/recovery-report.json", "sha256": "5f01a54b2bb6c3088eb197466bd50164d6b9eba1decb3a2c949b245c401a5f1f", "test": "tests/test_cpu_terminal_recovery_guards.py::test_preexisting_stop_never_authorizes_automatic_settlement[masked_storage_hold]"}, {"bytes": 147792, "path": "/tmp/sr-c1/test_recovery_refuses_unbound_0/project-0/recovery-report.json", "sha256": "510ac1a037eb8d287df9def1a759197efdd61071ab2aa668d1b677ec84299729", "test": "tests/test_cpu_terminal_recovery_guards.py::test_recovery_refuses_unbound_replication_request_field"}, {"bytes": 147728, "path": "/tmp/sr-c1/test_recovery_refuses_artifact0/project-0/recovery-report.json", "sha256": "dc290069a94627e9da40a46c7b42e2cd43390ea6559ec6f7f23dae6f82466f8e", "test": "tests/test_cpu_terminal_recovery_guards.py::test_recovery_refuses_artifact_root_unrelated_to_published_records"}, {"bytes": 211493, "path": "/tmp/sr-c1/test_restart_settles_confirmed0/project-0/recovery-report.json", "sha256": "1d5f73dde117c42f4cea75dc8c12b7792168c261fd7eb275e383c6ccdc41ecff", "test": "tests/test_cpu_terminal_settlement_recovery.py::test_restart_settles_confirmed_terminal_without_repeating_original_worker[0]"}, {"bytes": 199958, "path": "/tmp/sr-c1/test_restart_settles_confirmed1/project-0/recovery-report.json", "sha256": "15f03668cf2a2e6f9e642bd9984157b8ceaeadbbaa1e01c0a5cfcc65f8312ce8", "test": "tests/test_cpu_terminal_settlement_recovery.py::test_restart_settles_confirmed_terminal_without_repeating_original_worker[7]"}, {"bytes": 126515, "path": "/tmp/sr-c1/test_real_v2_confirmed_termina0/project-0/recovery-report.json", "sha256": "1aeebabd1a55a169e36ad753a34366edd1f4c50c114106692a9334623fa5b2f2", "test": "tests/test_runtime_lease_recovery.py::test_real_v2_confirmed_terminal_crash_recovers_metadata_only[0]"}, {"bytes": 118130, "path": "/tmp/sr-c1/test_real_v2_confirmed_termina1/project-0/recovery-report.json", "sha256": "f9a3871b92a5bb156ca3163e494555a8ee2b6adf9a1cde8cfa0f46351ac75c7d", "test": "tests/test_runtime_lease_recovery.py::test_real_v2_confirmed_terminal_crash_recovers_metadata_only[7]"}, {"bytes": 119312, "path": "/tmp/sr-c1/test_real_historical_v1_termin0/historical-project/recovery-report.json", "sha256": "6a8999167bc294e83a2d17ae5f5f1a416350fa18ae545256924ae54e364a3d5d", "test": "tests/test_runtime_lease_recovery.py::test_real_historical_v1_terminal_recovers_without_upgrade_or_reexecution"}]
ACCEPTANCE_REPORTS=[{"bytes": 279381, "name": "sorting_default", "path": "/tmp/sr-c1/acceptance-sorting-default0/acceptance-report.json", "sha256": "5f15d65443373f99d423fdb4bbd5e471484e545ddea934b39b0d75d62de6804e"}, {"bytes": 120711, "name": "sorting_counterfactual", "path": "/tmp/sr-c1/acceptance-sorting-counterfactual0/acceptance-report.json", "sha256": "d74942606179887522a13e15fe285bd1dc2e35f166a72b53a211597575ba1a2f"}, {"bytes": 274239, "name": "compression_default", "path": "/tmp/sr-c1/acceptance-compression-default0/acceptance-report.json", "sha256": "14490f9d07d65f5a04eeb09bed4cb827c445c4d04c5c286dffaa37d4709d9aac"}, {"bytes": 120291, "name": "compression_counterfactual", "path": "/tmp/sr-c1/acceptance-compression-counterfactual0/acceptance-report.json", "sha256": "0b520b2a5d5421cdb564e4c48134274414a52edb53aea07f0aec7ef1cb051127"}]

=================================== FAILURES ===================================
_ test_short_lease_autonomously_closes_term_zero_and_escaped_child_without_parent_poll _
/hot-data/fsx/workspace/erik/orze-p1-continuation-20260914/core/tests/test_runtime_lease_publication.py:231: in test_short_lease_autonomously_closes_term_zero_and_escaped_child_without_parent_poll
    child = json.loads(marker.read_text())["pid"]
/usr/lib/python3.10/json/__init__.py:346: in loads
    return _default_decoder.decode(s)
/usr/lib/python3.10/json/decoder.py:337: in decode
    obj, end = self.raw_decode(s, idx=_w(s, 0).end())
/usr/lib/python3.10/json/decoder.py:355: in raw_decode
    raise JSONDecodeError("Expecting value", s, err.value) from None
E   json.decoder.JSONDecodeError: Expecting value: line 1 column 1 (char 0)
=============================== warnings summary ===============================
../../../../../../home/erik/.local/lib/python3.10/site-packages/_pytest/config/__init__.py:885
  /home/erik/.local/lib/python3.10/site-packages/_pytest/config/__init__.py:885: PytestAssertRewriteWarning: Module already imported so cannot be rewritten; cpu_terminal_recovery_helpers
    self.import_plugin(import_spec)

../../../../../../home/erik/.local/lib/python3.10/site-packages/_pytest/config/__init__.py:885
  /home/erik/.local/lib/python3.10/site-packages/_pytest/config/__init__.py:885: PytestAssertRewriteWarning: Module already imported so cannot be rewritten; examples.holdout.testing
    self.import_plugin(import_spec)

-- Docs: https://docs.pytest.org/en/stable/how-to/capture-warnings.html
=========================== short test summary info ============================
SKIPPED [1] ../core/tests/test_sweeper.py:12: could not import 'orze_pro.engine.role_runner': orze-pro is not activated. Set ORZE_PRO_KEY environment variable. Get a license at orze.ai/pro
SKIPPED [1] ../core/tests/test_evolution.py:228: could not import 'orze_pro.agents.code_evolution': orze-pro is not activated. Set ORZE_PRO_KEY environment variable. Get a license at orze.ai/pro
SKIPPED [1] ../core/tests/test_evolution.py:239: could not import 'orze_pro.agents.code_evolution': orze-pro is not activated. Set ORZE_PRO_KEY environment variable. Get a license at orze.ai/pro
SKIPPED [1] ../core/tests/test_evolution.py:255: could not import 'orze_pro.agents.meta_research': orze-pro is not activated. Set ORZE_PRO_KEY environment variable. Get a license at orze.ai/pro
SKIPPED [1] ../core/tests/test_skill_registry.py:123: orze-pro not installed
SKIPPED [1] ../core/tests/test_skill_registry.py:135: orze-pro not installed
1 failed, 5454 passed, 6 skipped, 2 warnings in 1400.91s (0:23:20)
