........................................................................ [  1%]
........................................................................ [  2%]
........................................................................ [  4%]
........................................................................ [  5%]
........................................................................ [  7%]
........................................................................ [  8%]
........................................................................ [ 10%]
........................................................................ [ 11%]
........................................................................ [ 13%]
........................................................................ [ 14%]
........................................................................ [ 16%]
........................................................................ [ 17%]
........................................................................ [ 19%]
........................................................................ [ 20%]
........................................................................ [ 22%]
........................................................................ [ 23%]
........................................................................ [ 25%]
........................................................................ [ 26%]
........................................................................ [ 28%]
........................................................................ [ 29%]
........................................................................ [ 31%]
........................................................................ [ 32%]
........................................................................ [ 34%]
........................................................................ [ 35%]
........................................................................ [ 37%]
........................................................................ [ 38%]
........................................................................ [ 40%]
........................................................................ [ 41%]
...........sss.......................................................... [ 43%]
........................................................................ [ 44%]
........................................................................ [ 46%]
........................................................................ [ 47%]
.......................s................................................ [ 49%]
........................................................................ [ 50%]
........................................................................ [ 52%]
........................................................................ [ 53%]
........................................................................ [ 55%]
........................................................................ [ 56%]
........................................................................ [ 58%]
........................................................................ [ 59%]
........................................................................ [ 61%]
........................................................................ [ 62%]
........................................................................ [ 64%]
........................................................................ [ 65%]
........................................................................ [ 67%]
........................................................................ [ 68%]
........................................................................ [ 70%]
........................................................................ [ 71%]
........................................................................ [ 73%]
........................................................................ [ 74%]
........................................................................ [ 76%]
........................................................................ [ 77%]
........................................................................ [ 79%]
........................................................................ [ 80%]
........................................................................ [ 82%]
........................................................................ [ 83%]
........................................................................ [ 85%]
........................................................................ [ 86%]
........................................................................ [ 88%]
........................................................................ [ 89%]
........................................................................ [ 91%]
............................................................ss.......... [ 92%]
........................................................................ [ 94%]
........................................................................ [ 95%]
........................................................................ [ 97%]
........................................................................ [ 98%]
...............................................................          [100%]HOLDOUT_REPORTS=[{"bytes": 2609739, "name": "workflow", "path": "/tmp/orze-dedup-exact-config-core-full-20260915/holdout-workflow0/holdout-report.json", "sha256": "ff4287253ca101711764393e78df17c35386d24e2298cc275c84c686fa664bc4"}, {"bytes": 148763, "name": "boundary", "path": "/tmp/orze-dedup-exact-config-core-full-20260915/holdout-boundary0/holdout-report.json", "sha256": "45f06eedd65c0dcf8981fe3b7c7d1665662978b6739ab60cd0d371e816cf28b0"}, {"bytes": 148881, "name": "duplicate_id", "path": "/tmp/orze-dedup-exact-config-core-full-20260915/holdout-duplicate_id0/holdout-report.json", "sha256": "9ab0ab38e2824889be96eadacc2facf3ba964157be6bd57ea0f3324c85b80711"}, {"bytes": 150199, "name": "missing_prerequisite", "path": "/tmp/orze-dedup-exact-config-core-full-20260915/holdout-missing_prerequisite0/holdout-report.json", "sha256": "9e056854d485cf1404ebccc5c1da965e0536383e7b77a936ca479a6cc9a7475e"}, {"bytes": 148252, "name": "overload", "path": "/tmp/orze-dedup-exact-config-core-full-20260915/holdout-overload0/holdout-report.json", "sha256": "0dd93349e6db54956bc936f1ada861634ea5ab96c30fe590f8c221ebb7c7136a"}, {"bytes": 147067, "name": "malformed", "path": "/tmp/orze-dedup-exact-config-core-full-20260915/holdout-malformed0/holdout-report.json", "sha256": "dbaa990eb39288ae56297a15009edce196716353e78e390b0bb33931d0d9aca2"}]
CPU_RECOVERY_REPORTS=[{"bytes": 86123, "path": "/tmp/orze-dedup-exact-config-core-full-20260915/test_real_confirmed_terminal_r0/project-0/recovery-report.json", "sha256": "59ace978c53a8342fa5970264eece82920945aafd1dacd06d56652d59f65a050", "test": "tests/test_cpu_claim_reader_consolidation.py::TestPublicSnapshotRouting::test_real_confirmed_terminal_recovery_uses_required_8k_public_snapshot"}, {"bytes": 108959, "path": "/tmp/orze-dedup-exact-config-core-full-20260915/test_post_delete_fsync_uncerta0/project-0/recovery-report.json", "sha256": "9c52a011e25bc92c78e71f51bd67eeebfdfef89d0382d4a3c77846517b09689f", "test": "tests/test_cpu_terminal_recovery_barrier.py::test_post_delete_fsync_uncertainty_blocks_fresh_restart_with_zero_bound[effect]"}, {"bytes": 108962, "path": "/tmp/orze-dedup-exact-config-core-full-20260915/test_post_delete_fsync_uncerta1/project-0/recovery-report.json", "sha256": "ac57eec2514fc3257824ec9307154a8c1918d442f1f85b839fbcb14baf7af2fe", "test": "tests/test_cpu_terminal_recovery_barrier.py::test_post_delete_fsync_uncertainty_blocks_fresh_restart_with_zero_bound[recovery]"}, {"bytes": 70123, "path": "/tmp/orze-dedup-exact-config-core-full-20260915/test_in_progress_denies_alread0/project-0/recovery-report.json", "sha256": "1a25c2ab5e90954d030f393c879cde8e4948333fc768b1ec59a1d4873c8f819c", "test": "tests/test_cpu_terminal_recovery_barrier.py::test_in_progress_denies_already_running_peer_admission[reserve]"}, {"bytes": 70114, "path": "/tmp/orze-dedup-exact-config-core-full-20260915/test_in_progress_denies_alread1/project-0/recovery-report.json", "sha256": "1c153bb7bef43928c2d168f97a4e92e6d64571fa77813db4e278790c38a3ec59", "test": "tests/test_cpu_terminal_recovery_barrier.py::test_in_progress_denies_already_running_peer_admission[require_permit]"}, {"bytes": 68889, "path": "/tmp/orze-dedup-exact-config-core-full-20260915/test_two_recovery_consumers_do0/project-0/recovery-report.json", "sha256": "32a5fc95f1074bde42ec09cc9e0931294b243ef853cee2843a9b9c0dcbef806f", "test": "tests/test_cpu_terminal_recovery_barrier.py::test_two_recovery_consumers_do_not_repeat_settlement_or_poison_owner"}, {"bytes": 69331, "path": "/tmp/orze-dedup-exact-config-core-full-20260915/test_legal_peer_decision_after0/project-0/recovery-report.json", "sha256": "e84f653e56f8b35c65ee83942e50ac547d938a8e289c1859e8301019b8e35459", "test": "tests/test_cpu_terminal_recovery_barrier.py::test_legal_peer_decision_after_complete_commit_preserves_exact_owner_result"}, {"bytes": 106458, "path": "/tmp/orze-dedup-exact-config-core-full-20260915/test_recovery_transaction_unkn0/project-0/recovery-report.json", "sha256": "ca0de5a0528dc02ece48a323d63721b0bad9253d333238ea51908aa5248a65de", "test": "tests/test_cpu_terminal_recovery_barrier.py::test_recovery_transaction_unknown_is_not_an_ordinary_success[IN_PROGRESS-rollback]"}, {"bytes": 108871, "path": "/tmp/orze-dedup-exact-config-core-full-20260915/test_recovery_transaction_unkn1/project-0/recovery-report.json", "sha256": "2b7dd59a833b6663b7d65d86b8edf6df50db4b874ac859dca61f0bde4b48e86d", "test": "tests/test_cpu_terminal_recovery_barrier.py::test_recovery_transaction_unknown_is_not_an_ordinary_success[COMPLETE-rollback]"}, {"bytes": 110383, "path": "/tmp/orze-dedup-exact-config-core-full-20260915/test_recovery_transaction_unkn2/project-0/recovery-report.json", "sha256": "81285fe4769966997fb5031f9503d33ac60c84c2677e5abc2b1506f652c628a0", "test": "tests/test_cpu_terminal_recovery_barrier.py::test_recovery_transaction_unknown_is_not_an_ordinary_success[COMPLETE-committed_raise]"}, {"bytes": 67862, "path": "/tmp/orze-dedup-exact-config-core-full-20260915/test_existing_unqualified_gate0/project-0/recovery-report.json", "sha256": "75d1aa87ff0e14ba2660dd5a13ef2218788ea4665ed1dfe651cfb1aade9e3e56", "test": "tests/test_cpu_terminal_recovery_barrier.py::test_existing_unqualified_gate_owner_is_preserved"}, {"bytes": 67870, "path": "/tmp/orze-dedup-exact-config-core-full-20260915/test_recovery_refuses_caller_t0/project-0/recovery-report.json", "sha256": "4fa1a8583085bb3b9386e3570d9204890293aea6fe3abebb808a21de3c702923", "test": "tests/test_cpu_terminal_recovery_barrier.py::test_recovery_refuses_caller_transaction_without_consuming_it"}, {"bytes": 68756, "path": "/tmp/orze-dedup-exact-config-core-full-20260915/test_actual_peer_nonce_replace0/project-0/recovery-report.json", "sha256": "8c2bd3b901d254efd6f74129671e0ae99f8f4e5ee48fa0614e3cd3df0be77827", "test": "tests/test_cpu_terminal_recovery_barrier.py::test_actual_peer_nonce_replacement_cannot_be_completed_by_old_owner"}, {"bytes": 328080, "path": "/tmp/orze-dedup-exact-config-core-full-20260915/test_fresh_cli_resumes_confirm0/domain-project/recovery-report.json", "sha256": "aee3c82432941f6d2d0c32e70760dec685704d68f6198ad68d4388465c298d2a", "test": "tests/test_cpu_terminal_recovery_domain.py::test_fresh_cli_resumes_confirmed_domain_without_reinterpretation[schedule-feasibility-v1-valid]"}, {"bytes": 328000, "path": "/tmp/orze-dedup-exact-config-core-full-20260915/test_fresh_cli_resumes_confirm1/domain-project/recovery-report.json", "sha256": "97edc6161aa0a8a170c60748e62cff5ce89d7227fdba8cd9c06a407c6d7daeb1", "test": "tests/test_cpu_terminal_recovery_domain.py::test_fresh_cli_resumes_confirmed_domain_without_reinterpretation[schedule-feasibility-v2-invalid]"}, {"bytes": 153628, "path": "/tmp/orze-dedup-exact-config-core-full-20260915/test_recovery_refuses_changed_0/project-0/recovery-report.json", "sha256": "e526b9de61520919d1e9f77692c81ae89e9af390e05ca27772661e0166d08070", "test": "tests/test_cpu_terminal_recovery_guards.py::test_recovery_refuses_changed_native_binding[origin]"}, {"bytes": 153578, "path": "/tmp/orze-dedup-exact-config-core-full-20260915/test_recovery_refuses_changed_1/project-0/recovery-report.json", "sha256": "64d8479c18e4b246446066b8400ab7383b3dfc11f05d394acdf58b3227ee43e8", "test": "tests/test_cpu_terminal_recovery_guards.py::test_recovery_refuses_changed_native_binding[kind]"}, {"bytes": 153636, "path": "/tmp/orze-dedup-exact-config-core-full-20260915/test_recovery_refuses_changed_2/project-0/recovery-report.json", "sha256": "35bc173e32a6f327de9ccaf80037efe89e5b37c7f02559d13a4d04da3c49250a", "test": "tests/test_cpu_terminal_recovery_guards.py::test_recovery_refuses_changed_native_binding[resource]"}, {"bytes": 153668, "path": "/tmp/orze-dedup-exact-config-core-full-20260915/test_recovery_refuses_changed_3/project-0/recovery-report.json", "sha256": "ba30131d97bf78190533f26f69c0922c97116dec4cfa33ff7b79753a7c16f456", "test": "tests/test_cpu_terminal_recovery_guards.py::test_recovery_refuses_changed_native_binding[attempt_ref]"}, {"bytes": 153667, "path": "/tmp/orze-dedup-exact-config-core-full-20260915/test_recovery_refuses_changed_4/project-0/recovery-report.json", "sha256": "346903a9d80db254053a982a05e8bacaf4934b3b2958a6ffdb57c760b558f132", "test": "tests/test_cpu_terminal_recovery_guards.py::test_recovery_refuses_changed_native_binding[process_pid]"}, {"bytes": 153676, "path": "/tmp/orze-dedup-exact-config-core-full-20260915/test_recovery_refuses_changed_5/project-0/recovery-report.json", "sha256": "451c9383d58a8b5528232ef9674662641628420d1833507f50a6bdf4d79383f8", "test": "tests/test_cpu_terminal_recovery_guards.py::test_recovery_refuses_changed_native_binding[command_sha256]"}, {"bytes": 153694, "path": "/tmp/orze-dedup-exact-config-core-full-20260915/test_recovery_refuses_changed_6/project-0/recovery-report.json", "sha256": "aa887ef23ea241bd2679719f9e5cbd2bd446cd0e56345d3fdebbe70c87c300ef", "test": "tests/test_cpu_terminal_recovery_guards.py::test_recovery_refuses_changed_native_binding[timeout_seconds]"}, {"bytes": 153632, "path": "/tmp/orze-dedup-exact-config-core-full-20260915/test_recovery_refuses_changed_7/project-0/recovery-report.json", "sha256": "a3ee202013f49bd678b685362b9437d536b71c7ad228f9aac0b826a60842364f", "test": "tests/test_cpu_terminal_recovery_guards.py::test_recovery_refuses_changed_captured_source[database]"}, {"bytes": 153635, "path": "/tmp/orze-dedup-exact-config-core-full-20260915/test_recovery_refuses_changed_8/project-0/recovery-report.json", "sha256": "789ad7ee3a33226ece38eaefe07a1aa72e5b0bf33d182a992daa79d70242dd51", "test": "tests/test_cpu_terminal_recovery_guards.py::test_recovery_refuses_changed_captured_source[claim_sha256]"}, {"bytes": 153659, "path": "/tmp/orze-dedup-exact-config-core-full-20260915/test_recovery_refuses_changed_9/project-0/recovery-report.json", "sha256": "ff39e2e6e39ba2c8bcbec336b225ea596a8e839aba3ab93f027e8602c061986c", "test": "tests/test_cpu_terminal_recovery_guards.py::test_recovery_refuses_changed_captured_source[config_sha256]"}, {"bytes": 153847, "path": "/tmp/orze-dedup-exact-config-core-full-20260915/test_recovery_refuses_changed_10/project-0/recovery-report.json", "sha256": "166c37d9f52e34a70ab54771bf6cb70c2937f137039a3582cb553eff9ab9d2b1", "test": "tests/test_cpu_terminal_recovery_guards.py::test_recovery_refuses_changed_current_lifecycle"}, {"bytes": 153700, "path": "/tmp/orze-dedup-exact-config-core-full-20260915/test_recovery_refuses_rehashed0/project-0/recovery-report.json", "sha256": "c180e613db16c646dd69d2581e6dbf8bc501257ee2167cbbb025f6314eb59076", "test": "tests/test_cpu_terminal_recovery_guards.py::test_recovery_refuses_rehashed_non_cpu_prepared_plan"}, {"bytes": 153849, "path": "/tmp/orze-dedup-exact-config-core-full-20260915/test_recovery_refuses_changed_11/project-0/recovery-report.json", "sha256": "f8fa0bd3d31126e24f56f66110f0bef9553908a4407ba25109a71fda3985e1e8", "test": "tests/test_cpu_terminal_recovery_guards.py::test_recovery_refuses_changed_catalog_route"}, {"bytes": 153896, "path": "/tmp/orze-dedup-exact-config-core-full-20260915/test_recovery_refuses_changed_12/project-0/recovery-report.json", "sha256": "499c2274b86cf4725f2fb0421ffba3c6c26c5af024f31f1a8ed5cfc07075ebef", "test": "tests/test_cpu_terminal_recovery_guards.py::test_recovery_refuses_changed_ready_member_identity"}, {"bytes": 198173, "path": "/tmp/orze-dedup-exact-config-core-full-20260915/test_recovery_rechecks_source_0/project-0/recovery-report.json", "sha256": "50d8036200d82854a4f0b2ccd435a7420bd178ea5db96cfe30837aee5091dce6", "test": "tests/test_cpu_terminal_recovery_guards.py::test_recovery_rechecks_source_after_enumeration_before_settlement"}, {"bytes": 155287, "path": "/tmp/orze-dedup-exact-config-core-full-20260915/test_preexisting_stop_never_au0/project-0/recovery-report.json", "sha256": "b6eeaf8d14f9fdaff308c72082ce3ea35b7ca849ea5fe3e51405a9541388bcf7", "test": "tests/test_cpu_terminal_recovery_guards.py::test_preexisting_stop_never_authorizes_automatic_settlement[ordinary_stop]"}, {"bytes": 155156, "path": "/tmp/orze-dedup-exact-config-core-full-20260915/test_preexisting_stop_never_au1/project-0/recovery-report.json", "sha256": "892e0c6dc57411e6b5a87d17a94a6a9d30e838a0a57ffe23c4b69c3bf95c21e9", "test": "tests/test_cpu_terminal_recovery_guards.py::test_preexisting_stop_never_authorizes_automatic_settlement[storage_hold]"}, {"bytes": 155337, "path": "/tmp/orze-dedup-exact-config-core-full-20260915/test_preexisting_stop_never_au2/project-0/recovery-report.json", "sha256": "d07cd7aa6ada64fc277441886ecbd849ff981551743520a7eac32ae88d11f5df", "test": "tests/test_cpu_terminal_recovery_guards.py::test_preexisting_stop_never_authorizes_automatic_settlement[masked_storage_hold]"}, {"bytes": 153812, "path": "/tmp/orze-dedup-exact-config-core-full-20260915/test_recovery_refuses_unbound_0/project-0/recovery-report.json", "sha256": "af0d99a6086ffeb895d3834a4f8c5ed2b254cc357ac6b6961484b1bb5f1a793e", "test": "tests/test_cpu_terminal_recovery_guards.py::test_recovery_refuses_unbound_replication_request_field"}, {"bytes": 153758, "path": "/tmp/orze-dedup-exact-config-core-full-20260915/test_recovery_refuses_artifact0/project-0/recovery-report.json", "sha256": "52bd7daf52fb0736f458a7334cc28fefb3bdb7c14e4cb392d0d3de4f8986d214", "test": "tests/test_cpu_terminal_recovery_guards.py::test_recovery_refuses_artifact_root_unrelated_to_published_records"}, {"bytes": 220704, "path": "/tmp/orze-dedup-exact-config-core-full-20260915/test_restart_settles_confirmed0/project-0/recovery-report.json", "sha256": "88d751bcb8dfec103214b4cf3f5d682a0b26a8d12bf9198ec44c1b6be9ccffd5", "test": "tests/test_cpu_terminal_settlement_recovery.py::test_restart_settles_confirmed_terminal_without_repeating_original_worker[0]"}, {"bytes": 208362, "path": "/tmp/orze-dedup-exact-config-core-full-20260915/test_restart_settles_confirmed1/project-0/recovery-report.json", "sha256": "f7c7b5795ba6b9ea3ca3810c5623f5809c409fea86418e1596ce58f2829ffe00", "test": "tests/test_cpu_terminal_settlement_recovery.py::test_restart_settles_confirmed_terminal_without_repeating_original_worker[7]"}, {"bytes": 132318, "path": "/tmp/orze-dedup-exact-config-core-full-20260915/test_real_v2_confirmed_termina0/project-0/recovery-report.json", "sha256": "413c869015135f232524cf4b0f470954ddc31171dd4ebcfdb3f5b15f99fdd3e6", "test": "tests/test_runtime_lease_recovery.py::test_real_v2_confirmed_terminal_crash_recovers_metadata_only[0]"}, {"bytes": 123438, "path": "/tmp/orze-dedup-exact-config-core-full-20260915/test_real_v2_confirmed_termina1/project-0/recovery-report.json", "sha256": "2261824029ddc25413f62686e4528682fea867996ea17635e670f77b010582a7", "test": "tests/test_runtime_lease_recovery.py::test_real_v2_confirmed_terminal_crash_recovers_metadata_only[7]"}, {"bytes": 125179, "path": "/tmp/orze-dedup-exact-config-core-full-20260915/test_real_historical_v1_termin0/historical-project/recovery-report.json", "sha256": "d40cf479383265fa450a588a3011f080c8aa96ae1030411ef7130e628e34b4ba", "test": "tests/test_runtime_lease_recovery.py::test_real_historical_v1_terminal_recovers_without_upgrade_or_reexecution"}]
ACCEPTANCE_REPORTS=[{"bytes": 291015, "name": "sorting_default", "path": "/tmp/orze-dedup-exact-config-core-full-20260915/acceptance-sorting-default0/acceptance-report.json", "sha256": "99e6ae4f93674bd3225bd3db488239f95143cf3a64a97d122bbb3c84bf3b8ce3"}, {"bytes": 126280, "name": "sorting_counterfactual", "path": "/tmp/orze-dedup-exact-config-core-full-20260915/acceptance-sorting-counterfactual0/acceptance-report.json", "sha256": "c93cdf2cda5bbcf5246c57e543f24c86b5a54f3b098efb9c0261257224ed73f3"}, {"bytes": 285919, "name": "compression_default", "path": "/tmp/orze-dedup-exact-config-core-full-20260915/acceptance-compression-default0/acceptance-report.json", "sha256": "43b670edb829935dcf311751a8c39658f9837758fcca9dab0a41c8adf5787d49"}, {"bytes": 125820, "name": "compression_counterfactual", "path": "/tmp/orze-dedup-exact-config-core-full-20260915/acceptance-compression-counterfactual0/acceptance-report.json", "sha256": "02c88dd03c1ce377df0e752220794377698a3ea85427401ec351b40a451b53da"}]

=============================== warnings summary ===============================
../../../../../../home/erik/.local/lib/python3.10/site-packages/_pytest/config/__init__.py:885
  /home/erik/.local/lib/python3.10/site-packages/_pytest/config/__init__.py:885: PytestAssertRewriteWarning: Module already imported so cannot be rewritten; cpu_terminal_recovery_helpers
    self.import_plugin(import_spec)

../../../../../../home/erik/.local/lib/python3.10/site-packages/_pytest/config/__init__.py:885
  /home/erik/.local/lib/python3.10/site-packages/_pytest/config/__init__.py:885: PytestAssertRewriteWarning: Module already imported so cannot be rewritten; examples.holdout.testing
    self.import_plugin(import_spec)

-- Docs: https://docs.pytest.org/en/stable/how-to/capture-warnings.html
=========================== short test summary info ============================
SKIPPED [1] ../core/tests/test_sweeper.py:12: could not import 'orze_pro.engine.role_runner': This is a stub package. Install the real orze-pro via: export ORZE_PRO_KEY='...' && orze run
SKIPPED [1] ../core/tests/test_evolution.py:228: could not import 'orze_pro.agents.code_evolution': This is a stub package. Install the real orze-pro via: export ORZE_PRO_KEY='...' && orze run
SKIPPED [1] ../core/tests/test_evolution.py:239: could not import 'orze_pro.agents.code_evolution': This is a stub package. Install the real orze-pro via: export ORZE_PRO_KEY='...' && orze run
SKIPPED [1] ../core/tests/test_evolution.py:255: could not import 'orze_pro.agents.meta_research': This is a stub package. Install the real orze-pro via: export ORZE_PRO_KEY='...' && orze run
SKIPPED [1] ../core/tests/test_fsm_runner_registry.py:13: could not import 'orze_pro': This is a stub package. Install the real orze-pro via: export ORZE_PRO_KEY='...' && orze run
SKIPPED [1] ../core/tests/test_skill_registry.py:123: orze-pro not installed
SKIPPED [1] ../core/tests/test_skill_registry.py:135: orze-pro not installed
4809 passed, 7 skipped, 2 warnings in 950.16s (0:15:50)
