FFF.                                                                     [100%]
=================================== FAILURES ===================================
________ test_real_product_known_stopped_cpu_probe_drains_without_hold _________
../core/tests/test_controller_probe_stop_boundary.py:36: in test_real_product_known_stopped_cpu_probe_drains_without_hold
    c = product_process("probe_stop")
../core/tests/test_controller_product_boundaries.py:413: in spawn
    c.__init__(root, mode)
../core/tests/test_controller_product_boundaries.py:255: in __init__
    self.worker_listener = self._listener(root / "worker.sock")
../core/tests/test_controller_product_boundaries.py:305: in _listener
    channel.bind(str(path)); channel.listen(4); channel.settimeout(15)
E   OSError: AF_UNIX path too long
____________ test_erased_public_role_cannot_hide_lost_private_owner ____________
../core/tests/test_controller_product_boundaries.py:463: in test_erased_public_role_cannot_hide_lost_private_owner
    c = product_process("role_loss")
../core/tests/test_controller_product_boundaries.py:413: in spawn
    c.__init__(root, mode)
../core/tests/test_controller_product_boundaries.py:255: in __init__
    self.worker_listener = self._listener(root / "worker.sock")
../core/tests/test_controller_product_boundaries.py:305: in _listener
    channel.bind(str(path)); channel.listen(4); channel.settimeout(15)
E   OSError: AF_UNIX path too long
___________ test_stop_request_at_real_ready_prevents_new_training_go ___________
../core/tests/test_controller_product_boundaries.py:480: in test_stop_request_at_real_ready_prevents_new_training_go
    c = product_process("ready_stop")
../core/tests/test_controller_product_boundaries.py:413: in spawn
    c.__init__(root, mode)
../core/tests/test_controller_product_boundaries.py:255: in __init__
    self.worker_listener = self._listener(root / "worker.sock")
../core/tests/test_controller_product_boundaries.py:305: in _listener
    channel.bind(str(path)); channel.listen(4); channel.settimeout(15)
E   OSError: AF_UNIX path too long
=========================== short test summary info ============================
FAILED tests/test_controller_probe_stop_boundary.py::test_real_product_known_stopped_cpu_probe_drains_without_hold
FAILED tests/test_controller_product_boundaries.py::test_erased_public_role_cannot_hide_lost_private_owner
FAILED tests/test_controller_product_boundaries.py::test_stop_request_at_real_ready_prevents_new_training_go
3 failed, 1 passed in 4.97s
