FFF                                                                      [100%]
=================================== FAILURES ===================================
_____ test_natural_completion_remains_observable_and_can_close_host[False] _____
/hot-data/fsx/workspace/erik/orze-p1-continuation-20260914/orze/tests/test_service_host_completion.py:29: in test_natural_completion_remains_observable_and_can_close_host
    assert code == 0, output
E   AssertionError: HOLD: service_host_operation_unconfirmed
E     
E   assert 75 == 0
_____ test_natural_completion_remains_observable_and_can_close_host[True] ______
/hot-data/fsx/workspace/erik/orze-p1-continuation-20260914/orze/tests/test_service_host_completion.py:29: in test_natural_completion_remains_observable_and_can_close_host
    assert code == 0, output
E   AssertionError: HOLD: service_host_operation_unconfirmed
E     
E   assert 75 == 0
______ test_initial_completion_before_first_host_observation_is_supported ______
/hot-data/fsx/workspace/erik/orze-p1-continuation-20260914/orze/tests/test_service_host_completion.py:64: in test_initial_completion_before_first_host_observation_is_supported
    process = start()
/hot-data/fsx/workspace/erik/orze-p1-continuation-20260914/orze/tests/test_service_host_product.py:132: in start
    wait(lambda: (root / 'service.json.host.lock/ready.json').exists())
/hot-data/fsx/workspace/erik/orze-p1-continuation-20260914/orze/tests/test_service_host_product.py:124: in wait
    pytest.fail((root / 'host.log').read_text() + (root / 'controllers.log').read_text())
E   Failed: HOLD: service_host_initial_start_unconfirmed
E   2026-09-16 12:50:17 [INFO] Loaded config from /tmp/sl-o2/test_initial_completion_before0/orze.yaml
E   2026-09-16 12:50:18 [INFO] Applying v4.5 FSM genericization migration...
E   2026-09-16 12:50:18 [INFO]   Added updated_by_host column to idea_state
E   2026-09-16 12:50:18 [INFO]   Added updated_by_pid column to idea_state
E   2026-09-16 12:50:18 [INFO]   Added sop_type column to idea_state
E   2026-09-16 12:50:18 [INFO] v4.5 FSM genericization migration completed successfully
E   2026-09-16 12:50:18 [INFO] Orze CPU actions: /tmp/sl-o2/test_initial_completion_before0/results, declared slots=1 (no GPU resource allocation)
E   2026-09-16 12:50:18 [INFO] CPU policy Stop: queue_drained
=========================== short test summary info ============================
FAILED tests/test_service_host_completion.py::test_natural_completion_remains_observable_and_can_close_host[False]
FAILED tests/test_service_host_completion.py::test_natural_completion_remains_observable_and_can_close_host[True]
FAILED tests/test_service_host_completion.py::test_initial_completion_before_first_host_observation_is_supported
3 failed in 5.04s
