........................................................................ [  1%]
........................................................................ [  2%]
........................................................................ [  4%]
........................................................................ [  5%]
........................................................................ [  6%]
........................................................................ [  8%]
........................................................................ [  9%]
........................................................................ [ 11%]
........................................................................ [ 12%]
........................................................................ [ 13%]
........................................................................ [ 15%]
........................................................................ [ 16%]
........................................................................ [ 17%]
........................................................................ [ 19%]
........................................................................ [ 20%]
........................................................................ [ 22%]
........................................................................ [ 23%]
........................................................................ [ 24%]
........................................................................ [ 26%]
........................................................................ [ 27%]
........................................................................ [ 29%]
........................................................................ [ 30%]
........................................................................ [ 31%]
........................................................................ [ 33%]
........................................................................ [ 34%]
........................................................................ [ 35%]
........................................................................ [ 37%]
........................................................................ [ 38%]
........................................................................ [ 40%]
................sss..................................................... [ 41%]
........................................................................ [ 42%]
........................................................................ [ 44%]
........................................................................ [ 45%]
.....................................................................s.. [ 47%]
........................................................................ [ 48%]
........................................................................ [ 49%]
........................................................................ [ 51%]
........................................................................ [ 52%]
........................................................................ [ 53%]
........................................................................ [ 55%]
........................................................................ [ 56%]
........................................................................ [ 58%]
........................................................................ [ 59%]
........................................................................ [ 60%]
........................................................................ [ 62%]
........................................................................ [ 63%]
........................................................................ [ 65%]
........................................................................ [ 66%]
........................................................................ [ 67%]
........................................................................ [ 69%]
........................................................................ [ 70%]
........................................................................ [ 71%]
........................................................................ [ 73%]
........................................................................ [ 74%]
........................................................................ [ 76%]
........................................................................ [ 77%]
........................................................................ [ 78%]
........................................................................ [ 80%]
........................................................................ [ 81%]
........................................................................ [ 83%]
........................................................................ [ 84%]
........................................................................ [ 85%]
........................................................................ [ 87%]
........................................................................ [ 88%]
........................................................................ [ 89%]
........................................................................ [ 91%]
.................................................................ss..... [ 92%]
........................................................................ [ 94%]
........................................................................ [ 95%]
........................................................................ [ 96%]
........................................................................ [ 98%]
........................................................................ [ 99%]
.................                                                        [100%]HOLDOUT_REPORTS=[{"bytes": 2502946, "name": "workflow", "path": "/tmp/si-fc1/holdout-workflow0/holdout-report.json", "sha256": "4bf31c35a9cde9c3d1daf360ce866e4cdc17e1343d1223955d9d7d47c15cced2"}, {"bytes": 142779, "name": "boundary", "path": "/tmp/si-fc1/holdout-boundary0/holdout-report.json", "sha256": "a1318ab572dd1998654d484c9e921039f90dde8387c39a13a68c7c37b3102ae6"}, {"bytes": 142891, "name": "duplicate_id", "path": "/tmp/si-fc1/holdout-duplicate_id0/holdout-report.json", "sha256": "1e927e9ed615a016ba8eb498f699af6e2d4e0d96581c20d52603a9be3d26f79d"}, {"bytes": 144213, "name": "missing_prerequisite", "path": "/tmp/si-fc1/holdout-missing_prerequisite0/holdout-report.json", "sha256": "f64d0c4f4208cb8378e1a442c38e00e07badac53490893ea09db2a2c7e1a407c"}, {"bytes": 142275, "name": "overload", "path": "/tmp/si-fc1/holdout-overload0/holdout-report.json", "sha256": "b75159e10ee0cbd02379313d443e2b5e9baa5ec76f54dd2045e90ab787f8857d"}, {"bytes": 141090, "name": "malformed", "path": "/tmp/si-fc1/holdout-malformed0/holdout-report.json", "sha256": "62e876d8c110fe1df6ed088ccd958d7fc450d65e039f1ca3676d7c4bc26ddc77"}]
CPU_RECOVERY_REPORTS=[{"bytes": 82545, "path": "/tmp/si-fc1/test_real_confirmed_terminal_r0/project-0/recovery-report.json", "sha256": "2bc5be36af62af7d95e46edf711456008f66ff09a64e7fdbaa4d03f72280942e", "test": "tests/test_cpu_claim_reader_consolidation.py::TestPublicSnapshotRouting::test_real_confirmed_terminal_recovery_uses_required_8k_public_snapshot"}, {"bytes": 104195, "path": "/tmp/si-fc1/test_post_delete_fsync_uncerta0/project-0/recovery-report.json", "sha256": "94a49ad3a74c289adc7608ac3f9ff56d70c4b3b405cd61257c8c2bd1afbc7151", "test": "tests/test_cpu_terminal_recovery_barrier.py::test_post_delete_fsync_uncertainty_blocks_fresh_restart_with_zero_bound[effect]"}, {"bytes": 104199, "path": "/tmp/si-fc1/test_post_delete_fsync_uncerta1/project-0/recovery-report.json", "sha256": "dc420c0730e38a546581fbab3fc271c409f5e76fd004da5c7192fab80199c1a5", "test": "tests/test_cpu_terminal_recovery_barrier.py::test_post_delete_fsync_uncertainty_blocks_fresh_restart_with_zero_bound[recovery]"}, {"bytes": 67165, "path": "/tmp/si-fc1/test_in_progress_denies_alread0/project-0/recovery-report.json", "sha256": "53b592bbe085ed1a3d57edce4938ea056fb41f2395748648e21c23862e4be671", "test": "tests/test_cpu_terminal_recovery_barrier.py::test_in_progress_denies_already_running_peer_admission[reserve]"}, {"bytes": 67155, "path": "/tmp/si-fc1/test_in_progress_denies_alread1/project-0/recovery-report.json", "sha256": "bad8df50766d654435baf5de13eeb86e6eb2c4188d4a24ef84fb99da87aea4e3", "test": "tests/test_cpu_terminal_recovery_barrier.py::test_in_progress_denies_already_running_peer_admission[require_permit]"}, {"bytes": 66041, "path": "/tmp/si-fc1/test_two_recovery_consumers_do0/project-0/recovery-report.json", "sha256": "ca5c5b5638c2c5197bb7f5d491833976573c170bf75b7174269f3533092d9f4f", "test": "tests/test_cpu_terminal_recovery_barrier.py::test_two_recovery_consumers_do_not_repeat_settlement_or_poison_owner"}, {"bytes": 66446, "path": "/tmp/si-fc1/test_legal_peer_decision_after0/project-0/recovery-report.json", "sha256": "c8c5dcab9870e50c4b31319de45337b96534ce9719d05a1862c8068a7516c911", "test": "tests/test_cpu_terminal_recovery_barrier.py::test_legal_peer_decision_after_complete_commit_preserves_exact_owner_result"}, {"bytes": 102010, "path": "/tmp/si-fc1/test_recovery_transaction_unkn0/project-0/recovery-report.json", "sha256": "f7e9783cb8381520d4b2d51e7c0eecf7957e606696e18ed0532602b5f33a0d12", "test": "tests/test_cpu_terminal_recovery_barrier.py::test_recovery_transaction_unknown_is_not_an_ordinary_success[IN_PROGRESS-rollback]"}, {"bytes": 104125, "path": "/tmp/si-fc1/test_recovery_transaction_unkn1/project-0/recovery-report.json", "sha256": "a935efd92b87c35e97f5de6a77c9808e37d981b8328662e0c3d74b55e784d1b9", "test": "tests/test_cpu_terminal_recovery_barrier.py::test_recovery_transaction_unknown_is_not_an_ordinary_success[COMPLETE-rollback]"}, {"bytes": 105511, "path": "/tmp/si-fc1/test_recovery_transaction_unkn2/project-0/recovery-report.json", "sha256": "5ff895934ed34741354728ab2de5b00140e990bb3c7eba0f750f458beb6d7509", "test": "tests/test_cpu_terminal_recovery_barrier.py::test_recovery_transaction_unknown_is_not_an_ordinary_success[COMPLETE-committed_raise]"}, {"bytes": 65121, "path": "/tmp/si-fc1/test_existing_unqualified_gate0/project-0/recovery-report.json", "sha256": "39dd55f2e05bcc0d6650be63c23bbdfb4e265796a49649eb7da12108fbf4eb17", "test": "tests/test_cpu_terminal_recovery_barrier.py::test_existing_unqualified_gate_owner_is_preserved"}, {"bytes": 65122, "path": "/tmp/si-fc1/test_recovery_refuses_caller_t0/project-0/recovery-report.json", "sha256": "1d7f518a8424b305f1ac3c36bc3c08e4ba49bf4555fbe03bd44b7001a0505109", "test": "tests/test_cpu_terminal_recovery_barrier.py::test_recovery_refuses_caller_transaction_without_consuming_it"}, {"bytes": 65896, "path": "/tmp/si-fc1/test_actual_peer_nonce_replace0/project-0/recovery-report.json", "sha256": "7f59dad17218b7fd4b00b62b68aaf159be5958eeddf585d73c4673d688205f7b", "test": "tests/test_cpu_terminal_recovery_barrier.py::test_actual_peer_nonce_replacement_cannot_be_completed_by_old_owner"}, {"bytes": 314181, "path": "/tmp/si-fc1/test_fresh_cli_resumes_confirm0/domain-project/recovery-report.json", "sha256": "1bb16348a54f75b305457c58dbbf0dd3653e9ea2140babb76b3a7f929a1d180d", "test": "tests/test_cpu_terminal_recovery_domain.py::test_fresh_cli_resumes_confirmed_domain_without_reinterpretation[schedule-feasibility-v1-valid]"}, {"bytes": 314079, "path": "/tmp/si-fc1/test_fresh_cli_resumes_confirm1/domain-project/recovery-report.json", "sha256": "fa44aa4ab9f20b8dd5355508070c19ce176c1ba0d66ca66284beddaaa82e0552", "test": "tests/test_cpu_terminal_recovery_domain.py::test_fresh_cli_resumes_confirmed_domain_without_reinterpretation[schedule-feasibility-v2-invalid]"}, {"bytes": 147493, "path": "/tmp/si-fc1/test_recovery_refuses_changed_0/project-0/recovery-report.json", "sha256": "b91f9fa9c613cb6c974033cdd7356d79558aac6b695323e68e6b96751f504aa0", "test": "tests/test_cpu_terminal_recovery_guards.py::test_recovery_refuses_changed_native_binding[origin]"}, {"bytes": 147445, "path": "/tmp/si-fc1/test_recovery_refuses_changed_1/project-0/recovery-report.json", "sha256": "0436adcefdb7620f22503fe1c7347384c6d362a91df2292b0c61b9d6d95957e1", "test": "tests/test_cpu_terminal_recovery_guards.py::test_recovery_refuses_changed_native_binding[kind]"}, {"bytes": 147505, "path": "/tmp/si-fc1/test_recovery_refuses_changed_2/project-0/recovery-report.json", "sha256": "c09622af924b9fb5f0bf938ba071d375e81d2cb8fb3f42a706846eadc9a98df9", "test": "tests/test_cpu_terminal_recovery_guards.py::test_recovery_refuses_changed_native_binding[resource]"}, {"bytes": 147535, "path": "/tmp/si-fc1/test_recovery_refuses_changed_3/project-0/recovery-report.json", "sha256": "3f41505e12d8d3a0d9314393113975b92d48e319f327b5233d4e17dc3879e571", "test": "tests/test_cpu_terminal_recovery_guards.py::test_recovery_refuses_changed_native_binding[attempt_ref]"}, {"bytes": 147536, "path": "/tmp/si-fc1/test_recovery_refuses_changed_4/project-0/recovery-report.json", "sha256": "0444cdf4d7fd557ea54f00231c766dfb984477f59946676a057b01b99ace1d5f", "test": "tests/test_cpu_terminal_recovery_guards.py::test_recovery_refuses_changed_native_binding[process_pid]"}, {"bytes": 147552, "path": "/tmp/si-fc1/test_recovery_refuses_changed_5/project-0/recovery-report.json", "sha256": "5e11aaef922e1556e8dc4552a81dc96e2e0b1687630856c178c8dbd52cc08e7d", "test": "tests/test_cpu_terminal_recovery_guards.py::test_recovery_refuses_changed_native_binding[command_sha256]"}, {"bytes": 147558, "path": "/tmp/si-fc1/test_recovery_refuses_changed_6/project-0/recovery-report.json", "sha256": "0db92a50747d31d6d911f7e7ed4842ced9e56a57753c0db8d55f52f64aba0ea1", "test": "tests/test_cpu_terminal_recovery_guards.py::test_recovery_refuses_changed_native_binding[timeout_seconds]"}, {"bytes": 147515, "path": "/tmp/si-fc1/test_recovery_refuses_changed_7/project-0/recovery-report.json", "sha256": "754139db5f643aec0a4fd22b131ddd38d6eeddaaf243ddb5970d89e447b98bbb", "test": "tests/test_cpu_terminal_recovery_guards.py::test_recovery_refuses_changed_captured_source[database]"}, {"bytes": 147537, "path": "/tmp/si-fc1/test_recovery_refuses_changed_8/project-0/recovery-report.json", "sha256": "67e30b6173b98a154d7f86a50df6a4059566243a5bc0985d4ae3e7b5f33c9970", "test": "tests/test_cpu_terminal_recovery_guards.py::test_recovery_refuses_changed_captured_source[claim_sha256]"}, {"bytes": 147543, "path": "/tmp/si-fc1/test_recovery_refuses_changed_9/project-0/recovery-report.json", "sha256": "8d03c6a81e47d842465d6591b3949825ea341ecee63039dfd0989486cb08d33d", "test": "tests/test_cpu_terminal_recovery_guards.py::test_recovery_refuses_changed_captured_source[config_sha256]"}, {"bytes": 147713, "path": "/tmp/si-fc1/test_recovery_refuses_changed_10/project-0/recovery-report.json", "sha256": "88c6b47276946612355a7ecc9cb7155eefa26b8fbb4a16b28efacc2a734e7021", "test": "tests/test_cpu_terminal_recovery_guards.py::test_recovery_refuses_changed_current_lifecycle"}, {"bytes": 147568, "path": "/tmp/si-fc1/test_recovery_refuses_rehashed0/project-0/recovery-report.json", "sha256": "a04146dabae8eb3df1d4a3f5faee00ce20ab0ed07815bb291d87f69e53a0f2e2", "test": "tests/test_cpu_terminal_recovery_guards.py::test_recovery_refuses_rehashed_non_cpu_prepared_plan"}, {"bytes": 147716, "path": "/tmp/si-fc1/test_recovery_refuses_changed_11/project-0/recovery-report.json", "sha256": "89f11c1c5fc012146c393dc4abf700a357770f93ebce64e2c7fafb2dbdde676f", "test": "tests/test_cpu_terminal_recovery_guards.py::test_recovery_refuses_changed_catalog_route"}, {"bytes": 147762, "path": "/tmp/si-fc1/test_recovery_refuses_changed_12/project-0/recovery-report.json", "sha256": "28dae3c1d7b7c0dc6186997be4c5a0f01b1de392d4c682bee9bf586b88e82d3b", "test": "tests/test_cpu_terminal_recovery_guards.py::test_recovery_refuses_changed_ready_member_identity"}, {"bytes": 189923, "path": "/tmp/si-fc1/test_recovery_rechecks_source_0/project-0/recovery-report.json", "sha256": "e807110f752d77ee796d4e564196a928a528bc74dea5bbbbd84426d0cad23a94", "test": "tests/test_cpu_terminal_recovery_guards.py::test_recovery_rechecks_source_after_enumeration_before_settlement"}, {"bytes": 149024, "path": "/tmp/si-fc1/test_preexisting_stop_never_au0/project-0/recovery-report.json", "sha256": "660c47d778d409c75203f9fa0066c0f7d9427314c69bc578aee80b7dd20fe1f4", "test": "tests/test_cpu_terminal_recovery_guards.py::test_preexisting_stop_never_authorizes_automatic_settlement[ordinary_stop]"}, {"bytes": 148930, "path": "/tmp/si-fc1/test_preexisting_stop_never_au1/project-0/recovery-report.json", "sha256": "e64e10fe3887faa46a3c28c3c3e9dece2aca2db60137db38aa68f045aa292176", "test": "tests/test_cpu_terminal_recovery_guards.py::test_preexisting_stop_never_authorizes_automatic_settlement[storage_hold]"}, {"bytes": 149078, "path": "/tmp/si-fc1/test_preexisting_stop_never_au2/project-0/recovery-report.json", "sha256": "4c61a1c09f745bdbbcf8b053b48c41fde0a3649d0b60c3a85d58822ea973d37c", "test": "tests/test_cpu_terminal_recovery_guards.py::test_preexisting_stop_never_authorizes_automatic_settlement[masked_storage_hold]"}, {"bytes": 147677, "path": "/tmp/si-fc1/test_recovery_refuses_unbound_0/project-0/recovery-report.json", "sha256": "7f85ba1225977f4413b8703cb0fae6767fecad6be5a3fbd858de19304a241571", "test": "tests/test_cpu_terminal_recovery_guards.py::test_recovery_refuses_unbound_replication_request_field"}, {"bytes": 147628, "path": "/tmp/si-fc1/test_recovery_refuses_artifact0/project-0/recovery-report.json", "sha256": "43c298a8f58fe9abfb41dae3f55e26829d33999db4c6b62e4422134492f92874", "test": "tests/test_cpu_terminal_recovery_guards.py::test_recovery_refuses_artifact_root_unrelated_to_published_records"}, {"bytes": 211341, "path": "/tmp/si-fc1/test_restart_settles_confirmed0/project-0/recovery-report.json", "sha256": "fd3c23058ee35f3f9c406bdf00537f8b1d4e39ee868a5d25ef4fc998f2d38738", "test": "tests/test_cpu_terminal_settlement_recovery.py::test_restart_settles_confirmed_terminal_without_repeating_original_worker[0]"}, {"bytes": 199781, "path": "/tmp/si-fc1/test_restart_settles_confirmed1/project-0/recovery-report.json", "sha256": "f4d665674556720df38e873f2c617b31a45db1b9f54dab3b67c32514cf3eab22", "test": "tests/test_cpu_terminal_settlement_recovery.py::test_restart_settles_confirmed_terminal_without_repeating_original_worker[7]"}, {"bytes": 126408, "path": "/tmp/si-fc1/test_real_v2_confirmed_termina0/project-0/recovery-report.json", "sha256": "b09cd390f8a9744a6a602762da73eb2a2c90ee0fc654576c11141c1bbfa618af", "test": "tests/test_runtime_lease_recovery.py::test_real_v2_confirmed_terminal_crash_recovers_metadata_only[0]"}, {"bytes": 118048, "path": "/tmp/si-fc1/test_real_v2_confirmed_termina1/project-0/recovery-report.json", "sha256": "350bdd21b1f319eae75419a6fb7f870e6a0601ba2f88cc93cdce06fe80038f7f", "test": "tests/test_runtime_lease_recovery.py::test_real_v2_confirmed_terminal_crash_recovers_metadata_only[7]"}, {"bytes": 119238, "path": "/tmp/si-fc1/test_real_historical_v1_termin0/historical-project/recovery-report.json", "sha256": "4f9ec02cdff0d1e1fafbffce681794f8ecfbaeab4cd98fb3a0ce5f304c1e2372", "test": "tests/test_runtime_lease_recovery.py::test_real_historical_v1_terminal_recovers_without_upgrade_or_reexecution"}]
ACCEPTANCE_REPORTS=[{"bytes": 279601, "name": "sorting_default", "path": "/tmp/si-fc1/acceptance-sorting-default0/acceptance-report.json", "sha256": "5a8e19025f3b9d41730b45286de073de0089e1f40754e2dd897074a5ccb0786f"}, {"bytes": 120822, "name": "sorting_counterfactual", "path": "/tmp/si-fc1/acceptance-sorting-counterfactual0/acceptance-report.json", "sha256": "3ec74339b089d0e4dfdd0a0942e798db16f9b61ec17948f58574448bf5511c9d"}, {"bytes": 274238, "name": "compression_default", "path": "/tmp/si-fc1/acceptance-compression-default0/acceptance-report.json", "sha256": "62cb0a0f3409f9f5c479a489d45fca6f414cda4bcbd73d35f9d0383379e59fd5"}, {"bytes": 120406, "name": "compression_counterfactual", "path": "/tmp/si-fc1/acceptance-compression-counterfactual0/acceptance-report.json", "sha256": "8774578799319e983c87349aae4feb74b5156f5c9e03967730a6ac49a69e13db"}]

=============================== warnings summary ===============================
../../../../../../home/erik/.local/lib/python3.10/site-packages/_pytest/config/__init__.py:885
  /home/erik/.local/lib/python3.10/site-packages/_pytest/config/__init__.py:885: PytestAssertRewriteWarning: Module already imported so cannot be rewritten; cpu_terminal_recovery_helpers
    self.import_plugin(import_spec)

../../../../../../home/erik/.local/lib/python3.10/site-packages/_pytest/config/__init__.py:885
  /home/erik/.local/lib/python3.10/site-packages/_pytest/config/__init__.py:885: PytestAssertRewriteWarning: Module already imported so cannot be rewritten; examples.holdout.testing
    self.import_plugin(import_spec)

-- Docs: https://docs.pytest.org/en/stable/how-to/capture-warnings.html
=========================== short test summary info ============================
SKIPPED [1] ../core/tests/test_sweeper.py:12: could not import 'orze_pro.engine.role_runner': This is a stub package. Install the real orze-pro via: export ORZE_PRO_KEY='...' && orze run
SKIPPED [1] ../core/tests/test_evolution.py:228: could not import 'orze_pro.agents.code_evolution': This is a stub package. Install the real orze-pro via: export ORZE_PRO_KEY='...' && orze run
SKIPPED [1] ../core/tests/test_evolution.py:239: could not import 'orze_pro.agents.code_evolution': This is a stub package. Install the real orze-pro via: export ORZE_PRO_KEY='...' && orze run
SKIPPED [1] ../core/tests/test_evolution.py:255: could not import 'orze_pro.agents.meta_research': This is a stub package. Install the real orze-pro via: export ORZE_PRO_KEY='...' && orze run
SKIPPED [1] ../core/tests/test_fsm_runner_registry.py:13: could not import 'orze_pro': This is a stub package. Install the real orze-pro via: export ORZE_PRO_KEY='...' && orze run
SKIPPED [1] ../core/tests/test_skill_registry.py:123: orze-pro not installed
SKIPPED [1] ../core/tests/test_skill_registry.py:135: orze-pro not installed
5195 passed, 7 skipped, 2 warnings in 1141.64s (0:19:01)
