orze-pro extension 'role_runner' import failed: No module named 'orze_pro.engine'; 'orze_pro' is not a package
Traceback (most recent call last):
  File "/hot-data/fsx/workspace/erik/orze-p1-continuation-20260914/orze/src/orze/extensions.py", line 62, in get_extension
    mod = importlib.import_module(pro_path)
  File "/usr/lib/python3.10/importlib/__init__.py", line 126, in import_module
    return _bootstrap._gcd_import(name[level:], package, level)
  File "<frozen importlib._bootstrap>", line 1050, in _gcd_import
  File "<frozen importlib._bootstrap>", line 1027, in _find_and_load
  File "<frozen importlib._bootstrap>", line 992, in _find_and_load_unlocked
  File "<frozen importlib._bootstrap>", line 241, in _call_with_frames_removed
  File "<frozen importlib._bootstrap>", line 1050, in _gcd_import
  File "<frozen importlib._bootstrap>", line 1027, in _find_and_load
  File "<frozen importlib._bootstrap>", line 1001, in _find_and_load_unlocked
ModuleNotFoundError: No module named 'orze_pro.engine'; 'orze_pro' is not a package

{"size": 100, "first_batch_ms": {"old": 79.1019294410944, "new": 83.44532363116741}}
{"size": 100, "full_cycle_ms": {"old": 77.76123099029064, "new": 81.76166377961636}}
{"size": 1000, "first_batch_ms": {"old": 260.4244314134121, "new": 105.90912587940693}}
{"size": 1000, "full_cycle_ms": {"old": 2070.922624319792, "new": 1634.1921389102936}}
{"size": 5000, "first_batch_ms": {"old": 1027.0006489008665, "new": 133.32141563296318}}
{"size": 5000, "full_cycle_ms": {"old": 41624.92384761572, "new": 28342.4044046551}}
