orze-pro extension 'role_runner' import failed: No module named 'orze_pro.engine'; 'orze_pro' is not a package
Traceback (most recent call last):
  File "/hot-data/fsx/workspace/erik/orze-p1-continuation-20260914/orze/src/orze/extensions.py", line 62, in get_extension
    mod = importlib.import_module(pro_path)
  File "/usr/lib/python3.10/importlib/__init__.py", line 126, in import_module
    return _bootstrap._gcd_import(name[level:], package, level)
  File "<frozen importlib._bootstrap>", line 1050, in _gcd_import
  File "<frozen importlib._bootstrap>", line 1027, in _find_and_load
  File "<frozen importlib._bootstrap>", line 992, in _find_and_load_unlocked
  File "<frozen importlib._bootstrap>", line 241, in _call_with_frames_removed
  File "<frozen importlib._bootstrap>", line 1050, in _gcd_import
  File "<frozen importlib._bootstrap>", line 1027, in _find_and_load
  File "<frozen importlib._bootstrap>", line 1001, in _find_and_load_unlocked
ModuleNotFoundError: No module named 'orze_pro.engine'; 'orze_pro' is not a package

{"size": 100, "first_batch_ms": {"old": 86.8952814489603, "new": 93.68700720369816}}
{"size": 100, "full_cycle_ms": {"old": 90.79505503177643, "new": 93.49554218351841}}
{"size": 1000, "first_batch_ms": {"old": 265.8060546964407, "new": 118.55045706033707}}
{"size": 1000, "full_cycle_ms": {"old": 2163.6377554386854, "new": 1699.6133029460907}}
{"size": 5000, "first_batch_ms": {"old": 1037.1439382433891, "new": 135.5685107409954}}
{"size": 5000, "full_cycle_ms": {"old": 41867.357382550836, "new": 28136.888349428773}}
