........................................................................ [  1%]
........................................................................ [  2%]
........................................................................ [  4%]
........................................................................ [  5%]
........................................................................ [  7%]
........................................................................ [  8%]
........................................................................ [ 10%]
........................................................................ [ 11%]
........................................................................ [ 13%]
........................................................................ [ 14%]
........................................................................ [ 16%]
........................................................................ [ 17%]
........................................................................ [ 19%]
........................................................................ [ 20%]
........................................................................ [ 22%]
........................................................................ [ 23%]
........................................................................ [ 25%]
........................................................................ [ 26%]
........................................................................ [ 28%]
........................................................................ [ 29%]
........................................................................ [ 31%]
........................................................................ [ 32%]
........................................................................ [ 34%]
........................................................................ [ 35%]
........................................................................ [ 37%]
........................................................................ [ 38%]
........................................................................ [ 40%]
........................................................................ [ 41%]
...........sss.......................................................... [ 43%]
........................................................................ [ 44%]
........................................................................ [ 46%]
........................................................................ [ 47%]
.......................s................................................ [ 49%]
........................................................................ [ 50%]
........................................................................ [ 52%]
........................................................................ [ 53%]
........................................................................ [ 55%]
........................................................................ [ 56%]
........................................................................ [ 58%]
........................................................................ [ 59%]
........................................................................ [ 61%]
........................................................................ [ 62%]
........................................................................ [ 64%]
........................................................................ [ 65%]
........................................................................ [ 67%]
........................................................................ [ 68%]
........................................................................ [ 70%]
........................................................................ [ 71%]
........................................................................ [ 73%]
........................................................................ [ 74%]
........................................................................ [ 76%]
........................................................................ [ 77%]
........................................................................ [ 79%]
........................................................................ [ 80%]
........................................................................ [ 82%]
........................................................................ [ 83%]
........................................................................ [ 85%]
........................................................................ [ 86%]
........................................................................ [ 88%]
........................................................................ [ 89%]
........................................................................ [ 91%]
..................................................ss.................... [ 92%]
........................................................................ [ 94%]
........................................................................ [ 95%]
........................................................................ [ 97%]
........................................................................ [ 98%]
.....................................................                    [100%]HOLDOUT_REPORTS=[{"bytes": 2601227, "name": "workflow", "path": "/tmp/orze-research-paging-core-full-20260915/holdout-workflow0/holdout-report.json", "sha256": "a8002f593baaa20ed712da225ee2c05c3c31597046b783b47b13ac4fccabd16d"}, {"bytes": 148285, "name": "boundary", "path": "/tmp/orze-research-paging-core-full-20260915/holdout-boundary0/holdout-report.json", "sha256": "fb4655a34c78d5ae9a011027c6a0fd4ac9b740fdc211366fc0ad4982cf3dee03"}, {"bytes": 148404, "name": "duplicate_id", "path": "/tmp/orze-research-paging-core-full-20260915/holdout-duplicate_id0/holdout-report.json", "sha256": "b65c42f55bd496124e66e0d3820b19eafae55145c365c759183d30e6840b2fd4"}, {"bytes": 149714, "name": "missing_prerequisite", "path": "/tmp/orze-research-paging-core-full-20260915/holdout-missing_prerequisite0/holdout-report.json", "sha256": "6f89cc982095b2b4916d5a435e9ed291778f5dafe420d72f33174a4cf6909a68"}, {"bytes": 147787, "name": "overload", "path": "/tmp/orze-research-paging-core-full-20260915/holdout-overload0/holdout-report.json", "sha256": "309da5b024c904a45598f95379c3b0ce8ae524140e28d3de5a7132c3f0ddef35"}, {"bytes": 146587, "name": "malformed", "path": "/tmp/orze-research-paging-core-full-20260915/holdout-malformed0/holdout-report.json", "sha256": "fc9fe71eac04567aa3823c941c67efa5d37e1fdea53b55b41af69fd3b62cae7d"}]
CPU_RECOVERY_REPORTS=[{"bytes": 85843, "path": "/tmp/orze-research-paging-core-full-20260915/test_real_confirmed_terminal_r0/project-0/recovery-report.json", "sha256": "bd168f1feffd6ca175f9aba5541fefa59d4f3efafab591c2a7f2af3c21326775", "test": "tests/test_cpu_claim_reader_consolidation.py::TestPublicSnapshotRouting::test_real_confirmed_terminal_recovery_uses_required_8k_public_snapshot"}, {"bytes": 108562, "path": "/tmp/orze-research-paging-core-full-20260915/test_post_delete_fsync_uncerta0/project-0/recovery-report.json", "sha256": "481cc0a5ebd9a63a18a5b641ef2f608317b2ede55dd4346213c1696151234119", "test": "tests/test_cpu_terminal_recovery_barrier.py::test_post_delete_fsync_uncertainty_blocks_fresh_restart_with_zero_bound[effect]"}, {"bytes": 108579, "path": "/tmp/orze-research-paging-core-full-20260915/test_post_delete_fsync_uncerta1/project-0/recovery-report.json", "sha256": "5c7f44c8f96e9b67a79696d0045adb1f68236b6e0d5cc88fe2b7c855f6079cdc", "test": "tests/test_cpu_terminal_recovery_barrier.py::test_post_delete_fsync_uncertainty_blocks_fresh_restart_with_zero_bound[recovery]"}, {"bytes": 69883, "path": "/tmp/orze-research-paging-core-full-20260915/test_in_progress_denies_alread0/project-0/recovery-report.json", "sha256": "2a3a70b1f0dc817086bb0b22c29fc6872486262256b616b05caf78a4d8408ef2", "test": "tests/test_cpu_terminal_recovery_barrier.py::test_in_progress_denies_already_running_peer_admission[reserve]"}, {"bytes": 69885, "path": "/tmp/orze-research-paging-core-full-20260915/test_in_progress_denies_alread1/project-0/recovery-report.json", "sha256": "32be68d5bb40619bf27f21082890e3f29d50f50650f54d9d814d3fd6219ccfe2", "test": "tests/test_cpu_terminal_recovery_barrier.py::test_in_progress_denies_already_running_peer_admission[require_permit]"}, {"bytes": 68667, "path": "/tmp/orze-research-paging-core-full-20260915/test_two_recovery_consumers_do0/project-0/recovery-report.json", "sha256": "d3b203cb36a9937d83276992dc410c879e5cd49826362ec96004766382dae5b6", "test": "tests/test_cpu_terminal_recovery_barrier.py::test_two_recovery_consumers_do_not_repeat_settlement_or_poison_owner"}, {"bytes": 69104, "path": "/tmp/orze-research-paging-core-full-20260915/test_legal_peer_decision_after0/project-0/recovery-report.json", "sha256": "7b8c69821bf6608e46a63a78337f584ad35f2c7c38a6a15d80e04b868ce5b118", "test": "tests/test_cpu_terminal_recovery_barrier.py::test_legal_peer_decision_after_complete_commit_preserves_exact_owner_result"}, {"bytes": 106091, "path": "/tmp/orze-research-paging-core-full-20260915/test_recovery_transaction_unkn0/project-0/recovery-report.json", "sha256": "86ec884df2cd421ade84702cc43dacaa6566355280696c906237ac259af4e003", "test": "tests/test_cpu_terminal_recovery_barrier.py::test_recovery_transaction_unknown_is_not_an_ordinary_success[IN_PROGRESS-rollback]"}, {"bytes": 108504, "path": "/tmp/orze-research-paging-core-full-20260915/test_recovery_transaction_unkn1/project-0/recovery-report.json", "sha256": "4b88d22dbcc1f9accf2b59736e1211f8e317f3004214cea8ff603e1a7751169d", "test": "tests/test_cpu_terminal_recovery_barrier.py::test_recovery_transaction_unknown_is_not_an_ordinary_success[COMPLETE-rollback]"}, {"bytes": 109993, "path": "/tmp/orze-research-paging-core-full-20260915/test_recovery_transaction_unkn2/project-0/recovery-report.json", "sha256": "2ba63217808ebd94363274ec6ceb7191656a60aaaaa2a505f48a380e2de832d6", "test": "tests/test_cpu_terminal_recovery_barrier.py::test_recovery_transaction_unknown_is_not_an_ordinary_success[COMPLETE-committed_raise]"}, {"bytes": 67641, "path": "/tmp/orze-research-paging-core-full-20260915/test_existing_unqualified_gate0/project-0/recovery-report.json", "sha256": "47bedee72d483df1e1fc72ec739fd4457d1b9cf5f61492dbe358a8467a159e26", "test": "tests/test_cpu_terminal_recovery_barrier.py::test_existing_unqualified_gate_owner_is_preserved"}, {"bytes": 67649, "path": "/tmp/orze-research-paging-core-full-20260915/test_recovery_refuses_caller_t0/project-0/recovery-report.json", "sha256": "9059d44009d570474627c4a2ee02a93c24ba45cc7a9ca26fd53016983fb164ae", "test": "tests/test_cpu_terminal_recovery_barrier.py::test_recovery_refuses_caller_transaction_without_consuming_it"}, {"bytes": 68539, "path": "/tmp/orze-research-paging-core-full-20260915/test_actual_peer_nonce_replace0/project-0/recovery-report.json", "sha256": "aa219445eb0b96cc632a0e42db10126df3b83425de42288b5b089d4a48c0fabd", "test": "tests/test_cpu_terminal_recovery_barrier.py::test_actual_peer_nonce_replacement_cannot_be_completed_by_old_owner"}, {"bytes": 326951, "path": "/tmp/orze-research-paging-core-full-20260915/test_fresh_cli_resumes_confirm0/domain-project/recovery-report.json", "sha256": "4ea4c2c8c2ecdc94b7c50b78b89279189db21b5762670145ff92d2b7f53af31e", "test": "tests/test_cpu_terminal_recovery_domain.py::test_fresh_cli_resumes_confirmed_domain_without_reinterpretation[schedule-feasibility-v1-valid]"}, {"bytes": 326870, "path": "/tmp/orze-research-paging-core-full-20260915/test_fresh_cli_resumes_confirm1/domain-project/recovery-report.json", "sha256": "79a02a63ff25d53dc77d79e8151abcc66e69a5daf565d972a437c97cc818bd7d", "test": "tests/test_cpu_terminal_recovery_domain.py::test_fresh_cli_resumes_confirmed_domain_without_reinterpretation[schedule-feasibility-v2-invalid]"}, {"bytes": 153124, "path": "/tmp/orze-research-paging-core-full-20260915/test_recovery_refuses_changed_0/project-0/recovery-report.json", "sha256": "269ad89d7daf6e7ed4bb62eda35469cea1a53c804629656fa25e59e3198993bd", "test": "tests/test_cpu_terminal_recovery_guards.py::test_recovery_refuses_changed_native_binding[origin]"}, {"bytes": 153109, "path": "/tmp/orze-research-paging-core-full-20260915/test_recovery_refuses_changed_1/project-0/recovery-report.json", "sha256": "8e3c1a6c1bc79c956e71c48b643defc92a55e3c9a4a33b2c2d2274db34d80b59", "test": "tests/test_cpu_terminal_recovery_guards.py::test_recovery_refuses_changed_native_binding[kind]"}, {"bytes": 153171, "path": "/tmp/orze-research-paging-core-full-20260915/test_recovery_refuses_changed_2/project-0/recovery-report.json", "sha256": "70b86c2f63fd8d36a6ae0ba164a7ddb5a92359291c5455d09035b6036e7eda4c", "test": "tests/test_cpu_terminal_recovery_guards.py::test_recovery_refuses_changed_native_binding[resource]"}, {"bytes": 153199, "path": "/tmp/orze-research-paging-core-full-20260915/test_recovery_refuses_changed_3/project-0/recovery-report.json", "sha256": "e7e3fb29cf2b8fa4e7ba619256a9f0577c05e5f479ed701a2799705211a225e6", "test": "tests/test_cpu_terminal_recovery_guards.py::test_recovery_refuses_changed_native_binding[attempt_ref]"}, {"bytes": 153182, "path": "/tmp/orze-research-paging-core-full-20260915/test_recovery_refuses_changed_4/project-0/recovery-report.json", "sha256": "bc8f2f7682aeefd6f6d656b751653f5231449b8a149cca57be27fd89dcacd7bd", "test": "tests/test_cpu_terminal_recovery_guards.py::test_recovery_refuses_changed_native_binding[process_pid]"}, {"bytes": 153193, "path": "/tmp/orze-research-paging-core-full-20260915/test_recovery_refuses_changed_5/project-0/recovery-report.json", "sha256": "49e17ef3ed49cf711186cc8b57f800b894fd2ba90d7620660c90de9714ca8bed", "test": "tests/test_cpu_terminal_recovery_guards.py::test_recovery_refuses_changed_native_binding[command_sha256]"}, {"bytes": 153226, "path": "/tmp/orze-research-paging-core-full-20260915/test_recovery_refuses_changed_6/project-0/recovery-report.json", "sha256": "ee52f238049ef7fac5a4d54caa8ea7260bce9172666e709e0b22ed49718783d3", "test": "tests/test_cpu_terminal_recovery_guards.py::test_recovery_refuses_changed_native_binding[timeout_seconds]"}, {"bytes": 153160, "path": "/tmp/orze-research-paging-core-full-20260915/test_recovery_refuses_changed_7/project-0/recovery-report.json", "sha256": "11439e56a548df5508632765aeb99a55ecc9379445d0f9b643f120c208d9de82", "test": "tests/test_cpu_terminal_recovery_guards.py::test_recovery_refuses_changed_captured_source[database]"}, {"bytes": 153168, "path": "/tmp/orze-research-paging-core-full-20260915/test_recovery_refuses_changed_8/project-0/recovery-report.json", "sha256": "1c4e607dcd5879f348157a216d65c38efdc261b8d008ec34651ad8676f5d5ff7", "test": "tests/test_cpu_terminal_recovery_guards.py::test_recovery_refuses_changed_captured_source[claim_sha256]"}, {"bytes": 153191, "path": "/tmp/orze-research-paging-core-full-20260915/test_recovery_refuses_changed_9/project-0/recovery-report.json", "sha256": "09b36ff35cb731957c528e3093f4157370cab20d850438bde23e2bc00a98eedd", "test": "tests/test_cpu_terminal_recovery_guards.py::test_recovery_refuses_changed_captured_source[config_sha256]"}, {"bytes": 153379, "path": "/tmp/orze-research-paging-core-full-20260915/test_recovery_refuses_changed_10/project-0/recovery-report.json", "sha256": "1682a3305c6057360a7501053ac93aacf97afe5b5a7c3384ae894296997cdd04", "test": "tests/test_cpu_terminal_recovery_guards.py::test_recovery_refuses_changed_current_lifecycle"}, {"bytes": 153210, "path": "/tmp/orze-research-paging-core-full-20260915/test_recovery_refuses_rehashed0/project-0/recovery-report.json", "sha256": "55b3076e783e947197ed7331c982360636f71f557307697058f43af4aabbea33", "test": "tests/test_cpu_terminal_recovery_guards.py::test_recovery_refuses_rehashed_non_cpu_prepared_plan"}, {"bytes": 153364, "path": "/tmp/orze-research-paging-core-full-20260915/test_recovery_refuses_changed_11/project-0/recovery-report.json", "sha256": "07e111987b18042ebf10efdfc5184647b43a5a5514eb1c799f4f9fd9539f0128", "test": "tests/test_cpu_terminal_recovery_guards.py::test_recovery_refuses_changed_catalog_route"}, {"bytes": 153426, "path": "/tmp/orze-research-paging-core-full-20260915/test_recovery_refuses_changed_12/project-0/recovery-report.json", "sha256": "d28ce7eb21a0845b0cf6d9c5d9ca9bfd2cc61fdc4cfc1795978bf496c79c64b9", "test": "tests/test_cpu_terminal_recovery_guards.py::test_recovery_refuses_changed_ready_member_identity"}, {"bytes": 197523, "path": "/tmp/orze-research-paging-core-full-20260915/test_recovery_rechecks_source_0/project-0/recovery-report.json", "sha256": "569293067326466a60f187572f50af4e7459b69210cf4ac3ecdb7d7ba44e701a", "test": "tests/test_cpu_terminal_recovery_guards.py::test_recovery_rechecks_source_after_enumeration_before_settlement"}, {"bytes": 154795, "path": "/tmp/orze-research-paging-core-full-20260915/test_preexisting_stop_never_au0/project-0/recovery-report.json", "sha256": "40b781bb92136c5222a26ddcda6e4d1f165db14feb5eaed9e56d6bdc0119fbfa", "test": "tests/test_cpu_terminal_recovery_guards.py::test_preexisting_stop_never_authorizes_automatic_settlement[ordinary_stop]"}, {"bytes": 154645, "path": "/tmp/orze-research-paging-core-full-20260915/test_preexisting_stop_never_au1/project-0/recovery-report.json", "sha256": "fc6c87c8235cacc988d26063192dc2973138fe9e3ecd019e56a0edf2ad5f4d88", "test": "tests/test_cpu_terminal_recovery_guards.py::test_preexisting_stop_never_authorizes_automatic_settlement[storage_hold]"}, {"bytes": 154842, "path": "/tmp/orze-research-paging-core-full-20260915/test_preexisting_stop_never_au2/project-0/recovery-report.json", "sha256": "32ba667748f71db9037bcb2a86dca04616938c77e441f6164e3d6ce75ccf2c25", "test": "tests/test_cpu_terminal_recovery_guards.py::test_preexisting_stop_never_authorizes_automatic_settlement[masked_storage_hold]"}, {"bytes": 153340, "path": "/tmp/orze-research-paging-core-full-20260915/test_recovery_refuses_unbound_0/project-0/recovery-report.json", "sha256": "6546abdce03adc0fa767f19e4dbb8e40b1435cc3c294e39a826bc854b3c78fd9", "test": "tests/test_cpu_terminal_recovery_guards.py::test_recovery_refuses_unbound_replication_request_field"}, {"bytes": 153278, "path": "/tmp/orze-research-paging-core-full-20260915/test_recovery_refuses_artifact0/project-0/recovery-report.json", "sha256": "2c7cb55624479199719d87adbdb016bc8f8c04cd51df228bef591a735d7f31f9", "test": "tests/test_cpu_terminal_recovery_guards.py::test_recovery_refuses_artifact_root_unrelated_to_published_records"}, {"bytes": 219968, "path": "/tmp/orze-research-paging-core-full-20260915/test_restart_settles_confirmed0/project-0/recovery-report.json", "sha256": "123f207223208dfe7c82609d5ad2a95def5f27b65bf96954d9b0520faeb4cb43", "test": "tests/test_cpu_terminal_settlement_recovery.py::test_restart_settles_confirmed_terminal_without_repeating_original_worker[0]"}, {"bytes": 207711, "path": "/tmp/orze-research-paging-core-full-20260915/test_restart_settles_confirmed1/project-0/recovery-report.json", "sha256": "58e1eec84c6985ac33a50b209894b72428e2e71bb4d39b4d2ebd60d2b7759d1b", "test": "tests/test_cpu_terminal_settlement_recovery.py::test_restart_settles_confirmed_terminal_without_repeating_original_worker[7]"}, {"bytes": 131885, "path": "/tmp/orze-research-paging-core-full-20260915/test_real_v2_confirmed_termina0/project-0/recovery-report.json", "sha256": "898ab6d292b51d26c577a8a1acafc35ec6237905ae49980cce9818164c3ad348", "test": "tests/test_runtime_lease_recovery.py::test_real_v2_confirmed_terminal_crash_recovers_metadata_only[0]"}, {"bytes": 122993, "path": "/tmp/orze-research-paging-core-full-20260915/test_real_v2_confirmed_termina1/project-0/recovery-report.json", "sha256": "ed3bd6304db2c7d2668b8edf28ce2674270807899bb4d8e9b34f1c6e9179b34d", "test": "tests/test_runtime_lease_recovery.py::test_real_v2_confirmed_terminal_crash_recovers_metadata_only[7]"}, {"bytes": 124693, "path": "/tmp/orze-research-paging-core-full-20260915/test_real_historical_v1_termin0/historical-project/recovery-report.json", "sha256": "3d4287c75406f11e7a8cebf6f328bcd8a9f9699c655e5cc99f0b96318ef45c2d", "test": "tests/test_runtime_lease_recovery.py::test_real_historical_v1_terminal_recovers_without_upgrade_or_reexecution"}]
ACCEPTANCE_REPORTS=[{"bytes": 290079, "name": "sorting_default", "path": "/tmp/orze-research-paging-core-full-20260915/acceptance-sorting-default0/acceptance-report.json", "sha256": "681d4971c44913602d8fef06dd1c1473c41a70547bc65f6963cd8b4f6cc09c14"}, {"bytes": 125780, "name": "sorting_counterfactual", "path": "/tmp/orze-research-paging-core-full-20260915/acceptance-sorting-counterfactual0/acceptance-report.json", "sha256": "ec020e074ec0c777c44d70e06fe2e912e6d0fd75f764a1a496f917c52a907751"}, {"bytes": 284945, "name": "compression_default", "path": "/tmp/orze-research-paging-core-full-20260915/acceptance-compression-default0/acceptance-report.json", "sha256": "c19e3c98b8c1b41a30a5ab9cf5c37e20f738e1de6ca9a6f7e09a40778645462d"}, {"bytes": 125399, "name": "compression_counterfactual", "path": "/tmp/orze-research-paging-core-full-20260915/acceptance-compression-counterfactual0/acceptance-report.json", "sha256": "d9d88181034144e297a2f2705d818b73b572c0e9213e80629b466063f1726a79"}]

=============================== warnings summary ===============================
../../../../../../home/erik/.local/lib/python3.10/site-packages/_pytest/config/__init__.py:885
  /home/erik/.local/lib/python3.10/site-packages/_pytest/config/__init__.py:885: PytestAssertRewriteWarning: Module already imported so cannot be rewritten; cpu_terminal_recovery_helpers
    self.import_plugin(import_spec)

../../../../../../home/erik/.local/lib/python3.10/site-packages/_pytest/config/__init__.py:885
  /home/erik/.local/lib/python3.10/site-packages/_pytest/config/__init__.py:885: PytestAssertRewriteWarning: Module already imported so cannot be rewritten; examples.holdout.testing
    self.import_plugin(import_spec)

-- Docs: https://docs.pytest.org/en/stable/how-to/capture-warnings.html
=========================== short test summary info ============================
SKIPPED [1] ../core/tests/test_sweeper.py:12: could not import 'orze_pro.engine.role_runner': This is a stub package. Install the real orze-pro via: export ORZE_PRO_KEY='...' && orze run
SKIPPED [1] ../core/tests/test_evolution.py:228: could not import 'orze_pro.agents.code_evolution': This is a stub package. Install the real orze-pro via: export ORZE_PRO_KEY='...' && orze run
SKIPPED [1] ../core/tests/test_evolution.py:239: could not import 'orze_pro.agents.code_evolution': This is a stub package. Install the real orze-pro via: export ORZE_PRO_KEY='...' && orze run
SKIPPED [1] ../core/tests/test_evolution.py:255: could not import 'orze_pro.agents.meta_research': This is a stub package. Install the real orze-pro via: export ORZE_PRO_KEY='...' && orze run
SKIPPED [1] ../core/tests/test_fsm_runner_registry.py:13: could not import 'orze_pro': This is a stub package. Install the real orze-pro via: export ORZE_PRO_KEY='...' && orze run
SKIPPED [1] ../core/tests/test_skill_registry.py:123: orze-pro not installed
SKIPPED [1] ../core/tests/test_skill_registry.py:135: orze-pro not installed
4799 passed, 7 skipped, 2 warnings in 1078.81s (0:17:58)
