........................................................................ [  1%]
........................................................................ [  2%]
........................................................................ [  4%]
........................................................................ [  5%]
........................................................................ [  7%]
........................................................................ [  8%]
........................................................................ [ 10%]
........................................................................ [ 11%]
........................................................................ [ 13%]
........................................................................ [ 14%]
........................................................................ [ 16%]
........................................................................ [ 17%]
........................................................................ [ 19%]
........................................................................ [ 20%]
........................................................................ [ 21%]
........................................................................ [ 23%]
........................................................................ [ 24%]
........................................................................ [ 26%]
........................................................................ [ 27%]
........................................................................ [ 29%]
........................................................................ [ 30%]
........................................................................ [ 32%]
........................................................................ [ 33%]
........................................................................ [ 35%]
........................................................................ [ 36%]
........................................................................ [ 38%]
........................................................................ [ 39%]
........................................................................ [ 41%]
........................................................................ [ 42%]
....sss................................................................. [ 43%]
........................................................................ [ 45%]
........................................................................ [ 46%]
........................................................................ [ 48%]
................s....................................................... [ 49%]
........................................................................ [ 51%]
........................................................................ [ 52%]
........................................................................ [ 54%]
........................................................................ [ 55%]
........................................................................ [ 57%]
........................................................................ [ 58%]
........................................................................ [ 60%]
........................................................................ [ 61%]
........................................................................ [ 63%]
........................................................................ [ 64%]
........................................................................ [ 65%]
........................................................................ [ 67%]
........................................................................ [ 68%]
........................................................................ [ 70%]
........................................................................ [ 71%]
........................................................................ [ 73%]
........................................................................ [ 74%]
........................................................................ [ 76%]
........................................................................ [ 77%]
........................................................................ [ 79%]
........................................................................ [ 80%]
........................................................................ [ 82%]
........................................................................ [ 83%]
........................................................................ [ 85%]
........................................................................ [ 86%]
........................................................................ [ 87%]
........................................................................ [ 89%]
........................................................................ [ 90%]
........................................................................ [ 92%]
............ss.......................................................... [ 93%]
........................................................................ [ 95%]
........................................................................ [ 96%]
........................................................................ [ 98%]
........................................................................ [ 99%]
...............                                                          [100%]HOLDOUT_REPORTS=[{"bytes": 2510167, "name": "workflow", "path": "/tmp/ojs-cf1/holdout-workflow0/holdout-report.json", "sha256": "1eb9c0fa8814fad6a30ff47adb36648314a6b1042a39b937ec806bd7618b8bd7"}, {"bytes": 143200, "name": "boundary", "path": "/tmp/ojs-cf1/holdout-boundary0/holdout-report.json", "sha256": "646bc137d8889bc561fdac7e488a455485f44d31c76ecb98208c7d4528374fe0"}, {"bytes": 143316, "name": "duplicate_id", "path": "/tmp/ojs-cf1/holdout-duplicate_id0/holdout-report.json", "sha256": "1d01ce17fb3e00a2d409bbcbbea6e43cb5e0571b745703e8a3f7e78627bb1ade"}, {"bytes": 144625, "name": "missing_prerequisite", "path": "/tmp/ojs-cf1/holdout-missing_prerequisite0/holdout-report.json", "sha256": "2b7623a0b93955d2f1fca10e2cc09985fa3b152250d3016f21b1df37a6a17c49"}, {"bytes": 142692, "name": "overload", "path": "/tmp/ojs-cf1/holdout-overload0/holdout-report.json", "sha256": "e151bc18c73d2a71aab5a2e4f06138e2993adb9bd3135bd00db98e4c0b443a8a"}, {"bytes": 141501, "name": "malformed", "path": "/tmp/ojs-cf1/holdout-malformed0/holdout-report.json", "sha256": "53574dbcd9875f7dd922139eec943bbcb50cebc6c8e05472806910954c3b1525"}]
CPU_RECOVERY_REPORTS=[{"bytes": 82762, "path": "/tmp/ojs-cf1/test_real_confirmed_terminal_r0/project-0/recovery-report.json", "sha256": "ffb25c3d980890072f2ec5cf6d2330924b3a325d0b1eb6faa204348f83d1f4b4", "test": "tests/test_cpu_claim_reader_consolidation.py::TestPublicSnapshotRouting::test_real_confirmed_terminal_recovery_uses_required_8k_public_snapshot"}, {"bytes": 104519, "path": "/tmp/ojs-cf1/test_post_delete_fsync_uncerta0/project-0/recovery-report.json", "sha256": "eafc2ff21a77cffddadc01456a08e732e5c47cbf05caad49a1505d539825cfe8", "test": "tests/test_cpu_terminal_recovery_barrier.py::test_post_delete_fsync_uncertainty_blocks_fresh_restart_with_zero_bound[effect]"}, {"bytes": 104513, "path": "/tmp/ojs-cf1/test_post_delete_fsync_uncerta1/project-0/recovery-report.json", "sha256": "4603400cda81fad8bfa1d16e95d992c4f48a75ac7fe281a42ccca90436cac2e1", "test": "tests/test_cpu_terminal_recovery_barrier.py::test_post_delete_fsync_uncertainty_blocks_fresh_restart_with_zero_bound[recovery]"}, {"bytes": 67353, "path": "/tmp/ojs-cf1/test_in_progress_denies_alread0/project-0/recovery-report.json", "sha256": "c052a506229fe786e5e50b75725fcbe576ffe5fa713da0deeaf110ca95a8673d", "test": "tests/test_cpu_terminal_recovery_barrier.py::test_in_progress_denies_already_running_peer_admission[reserve]"}, {"bytes": 67365, "path": "/tmp/ojs-cf1/test_in_progress_denies_alread1/project-0/recovery-report.json", "sha256": "160cf3637b7bf80084e9a18f91251d8b7d418166d86394fd7aa094ab8bec47de", "test": "tests/test_cpu_terminal_recovery_barrier.py::test_in_progress_denies_already_running_peer_admission[require_permit]"}, {"bytes": 66227, "path": "/tmp/ojs-cf1/test_two_recovery_consumers_do0/project-0/recovery-report.json", "sha256": "fb4896520c27a12831b0fb055af848749c093407ee8caeeeb6cd39086175d0c5", "test": "tests/test_cpu_terminal_recovery_barrier.py::test_two_recovery_consumers_do_not_repeat_settlement_or_poison_owner"}, {"bytes": 66635, "path": "/tmp/ojs-cf1/test_legal_peer_decision_after0/project-0/recovery-report.json", "sha256": "e2f706d1f32f7dd592eaf26e9405866c52d50cbc6afdacd50b0c889323991548", "test": "tests/test_cpu_terminal_recovery_barrier.py::test_legal_peer_decision_after_complete_commit_preserves_exact_owner_result"}, {"bytes": 102314, "path": "/tmp/ojs-cf1/test_recovery_transaction_unkn0/project-0/recovery-report.json", "sha256": "cbec5078fb0cb8263ac3176405267c5596ce5241e77ab6a10fcac5488c9db21f", "test": "tests/test_cpu_terminal_recovery_barrier.py::test_recovery_transaction_unknown_is_not_an_ordinary_success[IN_PROGRESS-rollback]"}, {"bytes": 104443, "path": "/tmp/ojs-cf1/test_recovery_transaction_unkn1/project-0/recovery-report.json", "sha256": "e79831608ea46e733e3c443e18d68ac33476fef94bfd4bac55d403443e011e99", "test": "tests/test_cpu_terminal_recovery_barrier.py::test_recovery_transaction_unknown_is_not_an_ordinary_success[COMPLETE-rollback]"}, {"bytes": 105830, "path": "/tmp/ojs-cf1/test_recovery_transaction_unkn2/project-0/recovery-report.json", "sha256": "44adbfd39fbe2e214b118caec029559a20bd0ed27521230978d9e3cc2a920a57", "test": "tests/test_cpu_terminal_recovery_barrier.py::test_recovery_transaction_unknown_is_not_an_ordinary_success[COMPLETE-committed_raise]"}, {"bytes": 65307, "path": "/tmp/ojs-cf1/test_existing_unqualified_gate0/project-0/recovery-report.json", "sha256": "288bf154af2d364488c0d74fae9cb8aa82fea7ea43244f257c7a80f11b3f7389", "test": "tests/test_cpu_terminal_recovery_barrier.py::test_existing_unqualified_gate_owner_is_preserved"}, {"bytes": 65314, "path": "/tmp/ojs-cf1/test_recovery_refuses_caller_t0/project-0/recovery-report.json", "sha256": "2913c95d23150b4da5c59b022686a3cce8d7cf2866eb4dce913d915594da1886", "test": "tests/test_cpu_terminal_recovery_barrier.py::test_recovery_refuses_caller_transaction_without_consuming_it"}, {"bytes": 66103, "path": "/tmp/ojs-cf1/test_actual_peer_nonce_replace0/project-0/recovery-report.json", "sha256": "47351ecda62c4ff1292ae8d524b0e0ed60e7984d59f7ac9586377707f5bc1240", "test": "tests/test_cpu_terminal_recovery_barrier.py::test_actual_peer_nonce_replacement_cannot_be_completed_by_old_owner"}, {"bytes": 315063, "path": "/tmp/ojs-cf1/test_fresh_cli_resumes_confirm0/domain-project/recovery-report.json", "sha256": "b94922251255e42e87870f9bf521f505b37977b1009d2dac2ad3c0e627c46f6d", "test": "tests/test_cpu_terminal_recovery_domain.py::test_fresh_cli_resumes_confirmed_domain_without_reinterpretation[schedule-feasibility-v1-valid]"}, {"bytes": 315017, "path": "/tmp/ojs-cf1/test_fresh_cli_resumes_confirm1/domain-project/recovery-report.json", "sha256": "72bf51305e7c9bf84049f5a38eca9adc35a9dd4031620563604d2c0ccaa92a94", "test": "tests/test_cpu_terminal_recovery_domain.py::test_fresh_cli_resumes_confirmed_domain_without_reinterpretation[schedule-feasibility-v2-invalid]"}, {"bytes": 147916, "path": "/tmp/ojs-cf1/test_recovery_refuses_changed_0/project-0/recovery-report.json", "sha256": "2fd5f6db26573a8ae1273b18422c5a5fdd3fa2ab299fda9421919c67b00cea03", "test": "tests/test_cpu_terminal_recovery_guards.py::test_recovery_refuses_changed_native_binding[origin]"}, {"bytes": 147872, "path": "/tmp/ojs-cf1/test_recovery_refuses_changed_1/project-0/recovery-report.json", "sha256": "3e4504b8ad88ea7cb98310cb3792385745486fda29fed642dc7f6bb7616d5b91", "test": "tests/test_cpu_terminal_recovery_guards.py::test_recovery_refuses_changed_native_binding[kind]"}, {"bytes": 147931, "path": "/tmp/ojs-cf1/test_recovery_refuses_changed_2/project-0/recovery-report.json", "sha256": "92707d22002811098565938728a0c1697bef31f0e69175dc1c3a6083235c5f53", "test": "tests/test_cpu_terminal_recovery_guards.py::test_recovery_refuses_changed_native_binding[resource]"}, {"bytes": 147960, "path": "/tmp/ojs-cf1/test_recovery_refuses_changed_3/project-0/recovery-report.json", "sha256": "8707589fe0bb1222acc0e90f61e3056b83e695154c678bba34eda0c13de395cd", "test": "tests/test_cpu_terminal_recovery_guards.py::test_recovery_refuses_changed_native_binding[attempt_ref]"}, {"bytes": 147977, "path": "/tmp/ojs-cf1/test_recovery_refuses_changed_4/project-0/recovery-report.json", "sha256": "ea05bf61d551db6f4251d6178ecf48fb0ab5b62bdd94578ccfde23e9302f3c47", "test": "tests/test_cpu_terminal_recovery_guards.py::test_recovery_refuses_changed_native_binding[process_pid]"}, {"bytes": 147975, "path": "/tmp/ojs-cf1/test_recovery_refuses_changed_5/project-0/recovery-report.json", "sha256": "68734779b7027e395c9557544edab2739631ca22182ec98418c8489dcb316924", "test": "tests/test_cpu_terminal_recovery_guards.py::test_recovery_refuses_changed_native_binding[command_sha256]"}, {"bytes": 147986, "path": "/tmp/ojs-cf1/test_recovery_refuses_changed_6/project-0/recovery-report.json", "sha256": "fc8bb7922dd26c14d8579312ab3b79a555688dda4b15e99bd9b4d029cb118a9c", "test": "tests/test_cpu_terminal_recovery_guards.py::test_recovery_refuses_changed_native_binding[timeout_seconds]"}, {"bytes": 147921, "path": "/tmp/ojs-cf1/test_recovery_refuses_changed_7/project-0/recovery-report.json", "sha256": "8e416a33c4ce57d1062ea25f9bb570e6228ef2645e7d8fc3133873e9fae2e4fa", "test": "tests/test_cpu_terminal_recovery_guards.py::test_recovery_refuses_changed_captured_source[database]"}, {"bytes": 147940, "path": "/tmp/ojs-cf1/test_recovery_refuses_changed_8/project-0/recovery-report.json", "sha256": "88cfadb1dd03e4a3e419cc2902a4c6abec1ddb4fb1cbff7f7a61e90f645353f7", "test": "tests/test_cpu_terminal_recovery_guards.py::test_recovery_refuses_changed_captured_source[claim_sha256]"}, {"bytes": 147953, "path": "/tmp/ojs-cf1/test_recovery_refuses_changed_9/project-0/recovery-report.json", "sha256": "a737cf7489de766e840798b26416b27390156f2528d48830e78dd29db7763991", "test": "tests/test_cpu_terminal_recovery_guards.py::test_recovery_refuses_changed_captured_source[config_sha256]"}, {"bytes": 148154, "path": "/tmp/ojs-cf1/test_recovery_refuses_changed_10/project-0/recovery-report.json", "sha256": "5297ccda8def0521e7922fdf4cf27080e15cb2b6eae62b708d38d606980a02a5", "test": "tests/test_cpu_terminal_recovery_guards.py::test_recovery_refuses_changed_current_lifecycle"}, {"bytes": 147992, "path": "/tmp/ojs-cf1/test_recovery_refuses_rehashed0/project-0/recovery-report.json", "sha256": "05694181e37b1dce74e49ca5e8372c8da8ef2056231d87a7930861bd9356b652", "test": "tests/test_cpu_terminal_recovery_guards.py::test_recovery_refuses_rehashed_non_cpu_prepared_plan"}, {"bytes": 148119, "path": "/tmp/ojs-cf1/test_recovery_refuses_changed_11/project-0/recovery-report.json", "sha256": "81d92b6db954a1114b4df1c6b1141a9c52b692f3d691ab214fb1894993cbef5f", "test": "tests/test_cpu_terminal_recovery_guards.py::test_recovery_refuses_changed_catalog_route"}, {"bytes": 148186, "path": "/tmp/ojs-cf1/test_recovery_refuses_changed_12/project-0/recovery-report.json", "sha256": "cb5a156764c47ea2ea60e0ef018f065629997e275f9ffb06d0305f9010f0f1f1", "test": "tests/test_cpu_terminal_recovery_guards.py::test_recovery_refuses_changed_ready_member_identity"}, {"bytes": 190492, "path": "/tmp/ojs-cf1/test_recovery_rechecks_source_0/project-0/recovery-report.json", "sha256": "fd9efcab8e6bd18955ba6b23a15d8c6f6b5a7727b2ea7486a1ba7936ebdf2bd2", "test": "tests/test_cpu_terminal_recovery_guards.py::test_recovery_rechecks_source_after_enumeration_before_settlement"}, {"bytes": 149452, "path": "/tmp/ojs-cf1/test_preexisting_stop_never_au0/project-0/recovery-report.json", "sha256": "9b5be028227804537259175a15f193c9846a43d58758fce04c0a9663f32501ad", "test": "tests/test_cpu_terminal_recovery_guards.py::test_preexisting_stop_never_authorizes_automatic_settlement[ordinary_stop]"}, {"bytes": 149339, "path": "/tmp/ojs-cf1/test_preexisting_stop_never_au1/project-0/recovery-report.json", "sha256": "7838bc6f8c34d4356fa74c2148f2371c909f341aaea0eacf0e703c562ae7d106", "test": "tests/test_cpu_terminal_recovery_guards.py::test_preexisting_stop_never_authorizes_automatic_settlement[storage_hold]"}, {"bytes": 149486, "path": "/tmp/ojs-cf1/test_preexisting_stop_never_au2/project-0/recovery-report.json", "sha256": "dc7f67d79b5776bb38804fbb114edeb5afbf3b64c9bfe8252c0401e8be69c3e6", "test": "tests/test_cpu_terminal_recovery_guards.py::test_preexisting_stop_never_authorizes_automatic_settlement[masked_storage_hold]"}, {"bytes": 148098, "path": "/tmp/ojs-cf1/test_recovery_refuses_unbound_0/project-0/recovery-report.json", "sha256": "07b3ea5678fdc7b0b0e079b0dfea3929cda3d3ef304c5490537238f6019adca2", "test": "tests/test_cpu_terminal_recovery_guards.py::test_recovery_refuses_unbound_replication_request_field"}, {"bytes": 148064, "path": "/tmp/ojs-cf1/test_recovery_refuses_artifact0/project-0/recovery-report.json", "sha256": "6bb17bf56e6bb6f0715fe8824ff7965fea405fd1fb68fe692b708e43ba8a383c", "test": "tests/test_cpu_terminal_recovery_guards.py::test_recovery_refuses_artifact_root_unrelated_to_published_records"}, {"bytes": 211983, "path": "/tmp/ojs-cf1/test_restart_settles_confirmed0/project-0/recovery-report.json", "sha256": "dbafdecc45e18dfb2968169a7367798ca838285faab1bf47fbc875a614f5cf11", "test": "tests/test_cpu_terminal_settlement_recovery.py::test_restart_settles_confirmed_terminal_without_repeating_original_worker[0]"}, {"bytes": 200396, "path": "/tmp/ojs-cf1/test_restart_settles_confirmed1/project-0/recovery-report.json", "sha256": "e3e05dd5046511edf1edcdeb3bd2159c40a803bfbf7373409a591e21b8dbcad3", "test": "tests/test_cpu_terminal_settlement_recovery.py::test_restart_settles_confirmed_terminal_without_repeating_original_worker[7]"}, {"bytes": 126811, "path": "/tmp/ojs-cf1/test_real_v2_confirmed_termina0/project-0/recovery-report.json", "sha256": "f781733440e023e91248f15d8a5696e288a16cf453a4b864272b69496391780d", "test": "tests/test_runtime_lease_recovery.py::test_real_v2_confirmed_terminal_crash_recovers_metadata_only[0]"}, {"bytes": 118431, "path": "/tmp/ojs-cf1/test_real_v2_confirmed_termina1/project-0/recovery-report.json", "sha256": "7f7fe628e2e452342293a1ceacf39bc53768c48248a94bd8c9414986854dc799", "test": "tests/test_runtime_lease_recovery.py::test_real_v2_confirmed_terminal_crash_recovers_metadata_only[7]"}, {"bytes": 119651, "path": "/tmp/ojs-cf1/test_real_historical_v1_termin0/historical-project/recovery-report.json", "sha256": "2e46af4f996ec838ee37a07459570d129ea65a45242590553aa8e7551c698b65", "test": "tests/test_runtime_lease_recovery.py::test_real_historical_v1_terminal_recovers_without_upgrade_or_reexecution"}]
ACCEPTANCE_REPORTS=[{"bytes": 279985, "name": "sorting_default", "path": "/tmp/ojs-cf1/acceptance-sorting-default0/acceptance-report.json", "sha256": "2da458001ac5d68fd0e51d1fa6d5c0ac6acd1feeb1daa1bced3b0f6f15fb8981"}, {"bytes": 120981, "name": "sorting_counterfactual", "path": "/tmp/ojs-cf1/acceptance-sorting-counterfactual0/acceptance-report.json", "sha256": "7a424d487145445323eb603140f608e0362881376e5b7375fa0d374697454906"}, {"bytes": 274868, "name": "compression_default", "path": "/tmp/ojs-cf1/acceptance-compression-default0/acceptance-report.json", "sha256": "f0195d6ac1fa980808565f15e6dd12d1912dc2af17bb7aa1e65fdc0c4c2d1b4e"}, {"bytes": 120578, "name": "compression_counterfactual", "path": "/tmp/ojs-cf1/acceptance-compression-counterfactual0/acceptance-report.json", "sha256": "d80fc9946d139c47ac43b44d6b20ff3a52af045a1b2ca86af379ed088bf6d70c"}]

=============================== warnings summary ===============================
../../../../../../home/erik/.local/lib/python3.10/site-packages/_pytest/config/__init__.py:885
  /home/erik/.local/lib/python3.10/site-packages/_pytest/config/__init__.py:885: PytestAssertRewriteWarning: Module already imported so cannot be rewritten; cpu_terminal_recovery_helpers
    self.import_plugin(import_spec)

../../../../../../home/erik/.local/lib/python3.10/site-packages/_pytest/config/__init__.py:885
  /home/erik/.local/lib/python3.10/site-packages/_pytest/config/__init__.py:885: PytestAssertRewriteWarning: Module already imported so cannot be rewritten; examples.holdout.testing
    self.import_plugin(import_spec)

-- Docs: https://docs.pytest.org/en/stable/how-to/capture-warnings.html
=========================== short test summary info ============================
SKIPPED [1] ../core/tests/test_sweeper.py:12: could not import 'orze_pro.engine.role_runner': This is a stub package. Install the real orze-pro via: export ORZE_PRO_KEY='...' && orze run
SKIPPED [1] ../core/tests/test_evolution.py:228: could not import 'orze_pro.agents.code_evolution': This is a stub package. Install the real orze-pro via: export ORZE_PRO_KEY='...' && orze run
SKIPPED [1] ../core/tests/test_evolution.py:239: could not import 'orze_pro.agents.code_evolution': This is a stub package. Install the real orze-pro via: export ORZE_PRO_KEY='...' && orze run
SKIPPED [1] ../core/tests/test_evolution.py:255: could not import 'orze_pro.agents.meta_research': This is a stub package. Install the real orze-pro via: export ORZE_PRO_KEY='...' && orze run
SKIPPED [1] ../core/tests/test_fsm_runner_registry.py:13: could not import 'orze_pro': This is a stub package. Install the real orze-pro via: export ORZE_PRO_KEY='...' && orze run
SKIPPED [1] ../core/tests/test_skill_registry.py:123: orze-pro not installed
SKIPPED [1] ../core/tests/test_skill_registry.py:135: orze-pro not installed
4905 passed, 7 skipped, 2 warnings in 972.97s (0:16:12)
