........................................................................ [  1%]
........................................................................ [  2%]
........................................................................ [  4%]
........................................................................ [  5%]
........................................................................ [  6%]
........................................................................ [  8%]
........................................................................ [  9%]
........................................................................ [ 11%]
........................................................................ [ 12%]
........................................................................ [ 13%]
........................................................................ [ 15%]
........................................................................ [ 16%]
........................................................................ [ 18%]
........................................................................ [ 19%]
........................................................................ [ 20%]
........................................................................ [ 22%]
........................................................................ [ 23%]
........................................................................ [ 25%]
........................................................................ [ 26%]
........................................................................ [ 27%]
........................................................................ [ 29%]
........................................................................ [ 30%]
........................................................................ [ 31%]
........................................................................ [ 33%]
........................................................................ [ 34%]
........................................................................ [ 36%]
........................................................................ [ 37%]
........................................................................ [ 38%]
........................................................................ [ 40%]
................sss..................................................... [ 41%]
........................................................................ [ 43%]
........................................................................ [ 44%]
........................................................................ [ 45%]
.....................................................................s.. [ 47%]
........................................................................ [ 48%]
........................................................................ [ 50%]
........................................................................ [ 51%]
........................................................................ [ 52%]
........................................................................ [ 54%]
........................................................................ [ 55%]
........................................................................ [ 57%]
........................................................................ [ 58%]
........................................................................ [ 59%]
........................................................................ [ 61%]
........................................................................ [ 62%]
........................................................................ [ 63%]
........................................................................ [ 65%]
........................................................................ [ 66%]
........................................................................ [ 68%]
........................................................................ [ 69%]
........................................................................ [ 70%]
........................................................................ [ 72%]
........................................................................ [ 73%]
........................................................................ [ 75%]
........................................................................ [ 76%]
........................................................................ [ 77%]
........................................................................ [ 79%]
........................................................................ [ 80%]
........................................................................ [ 82%]
........................................................................ [ 83%]
........................................................................ [ 84%]
........................................................................ [ 86%]
........................................................................ [ 87%]
........................................................................ [ 89%]
........................................................................ [ 90%]
........................................................................ [ 91%]
.........................................ss............................. [ 93%]
........................................................................ [ 94%]
........................................................................ [ 95%]
........................................................................ [ 97%]
........................................................................ [ 98%]
.................................................................        [100%]HOLDOUT_REPORTS=[{"bytes": 2507317, "name": "workflow", "path": "/tmp/mp-fc1/holdout-workflow0/holdout-report.json", "sha256": "b4ea59b41cc3228a6252b379bee138ad7a06355ae048cb59f77cc8b51dc20919"}, {"bytes": 143034, "name": "boundary", "path": "/tmp/mp-fc1/holdout-boundary0/holdout-report.json", "sha256": "0ce68a210e7198f3d5a78ce28ee37617fe33064cd5f9656cc1fd5279de66ee9a"}, {"bytes": 143154, "name": "duplicate_id", "path": "/tmp/mp-fc1/holdout-duplicate_id0/holdout-report.json", "sha256": "f6eddd6fcd61334e8740fc10b9dc14471e229337126bb25a89c82e06f16f81ee"}, {"bytes": 144464, "name": "missing_prerequisite", "path": "/tmp/mp-fc1/holdout-missing_prerequisite0/holdout-report.json", "sha256": "abf62184b406728414b5c0616075aa301d9b25d9c4142a955912c030920cd35c"}, {"bytes": 142533, "name": "overload", "path": "/tmp/mp-fc1/holdout-overload0/holdout-report.json", "sha256": "955f78f4555fbe725ebb4edc52b4f18e55da72dea1f1f0efb02f70c1679a2700"}, {"bytes": 141334, "name": "malformed", "path": "/tmp/mp-fc1/holdout-malformed0/holdout-report.json", "sha256": "5001b7e6420b021b9465abdf7f8162787cf37b3a7a12dff731bcfa383faf7faa"}]
CPU_RECOVERY_REPORTS=[{"bytes": 82678, "path": "/tmp/mp-fc1/test_real_confirmed_terminal_r0/project-0/recovery-report.json", "sha256": "d909bfc454122121b2c46132bf5064b86ce59aeabbc31e429ba9a8b73b18cda1", "test": "tests/test_cpu_claim_reader_consolidation.py::TestPublicSnapshotRouting::test_real_confirmed_terminal_recovery_uses_required_8k_public_snapshot"}, {"bytes": 104389, "path": "/tmp/mp-fc1/test_post_delete_fsync_uncerta0/project-0/recovery-report.json", "sha256": "bf0013b01902091d78d86dcffee49f31ec9a3aac6cb8ff529859f16899cea3e1", "test": "tests/test_cpu_terminal_recovery_barrier.py::test_post_delete_fsync_uncertainty_blocks_fresh_restart_with_zero_bound[effect]"}, {"bytes": 104403, "path": "/tmp/mp-fc1/test_post_delete_fsync_uncerta1/project-0/recovery-report.json", "sha256": "529dff732b3e95e0cd7344117888916b40439ceaf115a363cceec95afde7a315", "test": "tests/test_cpu_terminal_recovery_barrier.py::test_post_delete_fsync_uncertainty_blocks_fresh_restart_with_zero_bound[recovery]"}, {"bytes": 67285, "path": "/tmp/mp-fc1/test_in_progress_denies_alread0/project-0/recovery-report.json", "sha256": "a69d8a2dd63dbeb79a2248740d339f5e198ab657be679de105a67995d75b7789", "test": "tests/test_cpu_terminal_recovery_barrier.py::test_in_progress_denies_already_running_peer_admission[reserve]"}, {"bytes": 67284, "path": "/tmp/mp-fc1/test_in_progress_denies_alread1/project-0/recovery-report.json", "sha256": "e053961a2913f270823fe80a66c0c71dcf517f909477d19f0436423aec9173a7", "test": "tests/test_cpu_terminal_recovery_barrier.py::test_in_progress_denies_already_running_peer_admission[require_permit]"}, {"bytes": 66161, "path": "/tmp/mp-fc1/test_two_recovery_consumers_do0/project-0/recovery-report.json", "sha256": "cafc41560f2e1b210e8f68e17cf37e6443fb1c4602686345dccb9a222fcbd48d", "test": "tests/test_cpu_terminal_recovery_barrier.py::test_two_recovery_consumers_do_not_repeat_settlement_or_poison_owner"}, {"bytes": 66559, "path": "/tmp/mp-fc1/test_legal_peer_decision_after0/project-0/recovery-report.json", "sha256": "8396b86a94613811fb9880444489f13a5d9c98d23544f292caf512627d034992", "test": "tests/test_cpu_terminal_recovery_barrier.py::test_legal_peer_decision_after_complete_commit_preserves_exact_owner_result"}, {"bytes": 102201, "path": "/tmp/mp-fc1/test_recovery_transaction_unkn0/project-0/recovery-report.json", "sha256": "f78c5bf99bc3faabfc87a1f0c1eab90e610c86fd85f3e57f15fe0e7633ab4207", "test": "tests/test_cpu_terminal_recovery_barrier.py::test_recovery_transaction_unknown_is_not_an_ordinary_success[IN_PROGRESS-rollback]"}, {"bytes": 104317, "path": "/tmp/mp-fc1/test_recovery_transaction_unkn1/project-0/recovery-report.json", "sha256": "92f3936652f0275a96a622dc7f2506d656c0c13ff39c4f201907ebbe24947cf6", "test": "tests/test_cpu_terminal_recovery_barrier.py::test_recovery_transaction_unknown_is_not_an_ordinary_success[COMPLETE-rollback]"}, {"bytes": 105705, "path": "/tmp/mp-fc1/test_recovery_transaction_unkn2/project-0/recovery-report.json", "sha256": "fc5ea0cf69e59106ecc38abaacb088c766779d1b1748327a1512adc89d83de0e", "test": "tests/test_cpu_terminal_recovery_barrier.py::test_recovery_transaction_unknown_is_not_an_ordinary_success[COMPLETE-committed_raise]"}, {"bytes": 65229, "path": "/tmp/mp-fc1/test_existing_unqualified_gate0/project-0/recovery-report.json", "sha256": "fc9a0d95572ceb14ce520de4dd540e511da9cf4bcfc87a5016a72471fdab8ad3", "test": "tests/test_cpu_terminal_recovery_barrier.py::test_existing_unqualified_gate_owner_is_preserved"}, {"bytes": 65232, "path": "/tmp/mp-fc1/test_recovery_refuses_caller_t0/project-0/recovery-report.json", "sha256": "0ad26bb5fcec73035f5fbc1c3c5f24cd52ba5e78231110b60a6071d5747da77e", "test": "tests/test_cpu_terminal_recovery_barrier.py::test_recovery_refuses_caller_transaction_without_consuming_it"}, {"bytes": 66031, "path": "/tmp/mp-fc1/test_actual_peer_nonce_replace0/project-0/recovery-report.json", "sha256": "43149dea35348666e403763e8322616a93491782e6dd66a78c866c8180b1b319", "test": "tests/test_cpu_terminal_recovery_barrier.py::test_actual_peer_nonce_replacement_cannot_be_completed_by_old_owner"}, {"bytes": 314680, "path": "/tmp/mp-fc1/test_fresh_cli_resumes_confirm0/domain-project/recovery-report.json", "sha256": "ce77f636b31e4bb406fc2adee085310f78ef97fd61693dab8944e49ff65aa02f", "test": "tests/test_cpu_terminal_recovery_domain.py::test_fresh_cli_resumes_confirmed_domain_without_reinterpretation[schedule-feasibility-v1-valid]"}, {"bytes": 314605, "path": "/tmp/mp-fc1/test_fresh_cli_resumes_confirm1/domain-project/recovery-report.json", "sha256": "55396e59fc4c3199ca9fba3c26124e63b53cb5313436d29d54d7dc0c569c07ce", "test": "tests/test_cpu_terminal_recovery_domain.py::test_fresh_cli_resumes_confirmed_domain_without_reinterpretation[schedule-feasibility-v2-invalid]"}, {"bytes": 147761, "path": "/tmp/mp-fc1/test_recovery_refuses_changed_0/project-0/recovery-report.json", "sha256": "e8d42461b7f7f3722e4ebd25f2664bab76650a4f2b4c96290ba7abef717def8a", "test": "tests/test_cpu_terminal_recovery_guards.py::test_recovery_refuses_changed_native_binding[origin]"}, {"bytes": 147717, "path": "/tmp/mp-fc1/test_recovery_refuses_changed_1/project-0/recovery-report.json", "sha256": "8306a5ac40d9ed57e06ef011f96585ecb68e0ae863769c327578e868e6722f47", "test": "tests/test_cpu_terminal_recovery_guards.py::test_recovery_refuses_changed_native_binding[kind]"}, {"bytes": 147774, "path": "/tmp/mp-fc1/test_recovery_refuses_changed_2/project-0/recovery-report.json", "sha256": "e1a6dbbb984f03406ebedaa717745fa6d85c5c19779fc788a810b54eb0263d34", "test": "tests/test_cpu_terminal_recovery_guards.py::test_recovery_refuses_changed_native_binding[resource]"}, {"bytes": 147802, "path": "/tmp/mp-fc1/test_recovery_refuses_changed_3/project-0/recovery-report.json", "sha256": "8b48d4f5b6d18d970ff83519dc042ed990dac4cd5c6ad3ff17e900ddd370e527", "test": "tests/test_cpu_terminal_recovery_guards.py::test_recovery_refuses_changed_native_binding[attempt_ref]"}, {"bytes": 147798, "path": "/tmp/mp-fc1/test_recovery_refuses_changed_4/project-0/recovery-report.json", "sha256": "506f4f9df492fcf5d8fb0d380bc51e93ddcfc5f69f344113d200217f5f241518", "test": "tests/test_cpu_terminal_recovery_guards.py::test_recovery_refuses_changed_native_binding[process_pid]"}, {"bytes": 147836, "path": "/tmp/mp-fc1/test_recovery_refuses_changed_5/project-0/recovery-report.json", "sha256": "987efe6bdf14e3eec9da59b02600203c527bf9ad4cae614fa4a16dea5a5834f5", "test": "tests/test_cpu_terminal_recovery_guards.py::test_recovery_refuses_changed_native_binding[command_sha256]"}, {"bytes": 147847, "path": "/tmp/mp-fc1/test_recovery_refuses_changed_6/project-0/recovery-report.json", "sha256": "43d77826f67e7e0eed43bc4cf90034d878da70a3a3dc5f269084f3ceb5fe1e22", "test": "tests/test_cpu_terminal_recovery_guards.py::test_recovery_refuses_changed_native_binding[timeout_seconds]"}, {"bytes": 147785, "path": "/tmp/mp-fc1/test_recovery_refuses_changed_7/project-0/recovery-report.json", "sha256": "ba5951df9fd5a59e4ac97b199c084c198df1b23b7c1cd9bcc18b40ed55a69d7c", "test": "tests/test_cpu_terminal_recovery_guards.py::test_recovery_refuses_changed_captured_source[database]"}, {"bytes": 147804, "path": "/tmp/mp-fc1/test_recovery_refuses_changed_8/project-0/recovery-report.json", "sha256": "a0339800d2aa65905b13bdadc95bf67d4989a0968479348ed642cb25e882994f", "test": "tests/test_cpu_terminal_recovery_guards.py::test_recovery_refuses_changed_captured_source[claim_sha256]"}, {"bytes": 147793, "path": "/tmp/mp-fc1/test_recovery_refuses_changed_9/project-0/recovery-report.json", "sha256": "0560887ab56786930d547b6055f745a120f63133728646bc4394332ea1a235ac", "test": "tests/test_cpu_terminal_recovery_guards.py::test_recovery_refuses_changed_captured_source[config_sha256]"}, {"bytes": 147988, "path": "/tmp/mp-fc1/test_recovery_refuses_changed_10/project-0/recovery-report.json", "sha256": "f0cf58c47afe33d79d64ba63eb429f9b085f3b2bb188449170eb2815ebcb9068", "test": "tests/test_cpu_terminal_recovery_guards.py::test_recovery_refuses_changed_current_lifecycle"}, {"bytes": 147852, "path": "/tmp/mp-fc1/test_recovery_refuses_rehashed0/project-0/recovery-report.json", "sha256": "6f1b08136b196bbd1de9eb033c938be6f8796e59315e1332ab86ca28bd430059", "test": "tests/test_cpu_terminal_recovery_guards.py::test_recovery_refuses_rehashed_non_cpu_prepared_plan"}, {"bytes": 147970, "path": "/tmp/mp-fc1/test_recovery_refuses_changed_11/project-0/recovery-report.json", "sha256": "8de687b6d18b8d81078d1666ec9ae2004d2d3f5ae0b5fe3d9f2b6617a1193119", "test": "tests/test_cpu_terminal_recovery_guards.py::test_recovery_refuses_changed_catalog_route"}, {"bytes": 148029, "path": "/tmp/mp-fc1/test_recovery_refuses_changed_12/project-0/recovery-report.json", "sha256": "bad7fcdaac1de898cf83b17cf84e1ce00e2db4c1a841a34679a98ef79f75a183", "test": "tests/test_cpu_terminal_recovery_guards.py::test_recovery_refuses_changed_ready_member_identity"}, {"bytes": 190279, "path": "/tmp/mp-fc1/test_recovery_rechecks_source_0/project-0/recovery-report.json", "sha256": "2ab3ceb53435b351cad3b56e16af1fe3cf1d2d6823caf4d7fd5f9813d6c8c260", "test": "tests/test_cpu_terminal_recovery_guards.py::test_recovery_rechecks_source_after_enumeration_before_settlement"}, {"bytes": 149291, "path": "/tmp/mp-fc1/test_preexisting_stop_never_au0/project-0/recovery-report.json", "sha256": "fec1d3acb273306b57fdfa9a26f13d4d48f1dc5c5fc6cb0aecd130a36d10cec4", "test": "tests/test_cpu_terminal_recovery_guards.py::test_preexisting_stop_never_authorizes_automatic_settlement[ordinary_stop]"}, {"bytes": 149196, "path": "/tmp/mp-fc1/test_preexisting_stop_never_au1/project-0/recovery-report.json", "sha256": "54b375a0bcabeff1ab713441adf15ec13487b794981c83ab7706aadc5bf23474", "test": "tests/test_cpu_terminal_recovery_guards.py::test_preexisting_stop_never_authorizes_automatic_settlement[storage_hold]"}, {"bytes": 149346, "path": "/tmp/mp-fc1/test_preexisting_stop_never_au2/project-0/recovery-report.json", "sha256": "d6e03b30dcc08a8df8e14e9c1a4c0faaaa2f9fde489fc70ee2921c791e964e4e", "test": "tests/test_cpu_terminal_recovery_guards.py::test_preexisting_stop_never_authorizes_automatic_settlement[masked_storage_hold]"}, {"bytes": 147948, "path": "/tmp/mp-fc1/test_recovery_refuses_unbound_0/project-0/recovery-report.json", "sha256": "a073b30544f7644f321546812df2da7391f054912963787d91efed71f24308d8", "test": "tests/test_cpu_terminal_recovery_guards.py::test_recovery_refuses_unbound_replication_request_field"}, {"bytes": 147897, "path": "/tmp/mp-fc1/test_recovery_refuses_artifact0/project-0/recovery-report.json", "sha256": "ba537ce820ac78690b53f75f3b2ece39c97f94d6f34b3b1ed69e6e0149323363", "test": "tests/test_cpu_terminal_recovery_guards.py::test_recovery_refuses_artifact_root_unrelated_to_published_records"}, {"bytes": 211752, "path": "/tmp/mp-fc1/test_restart_settles_confirmed0/project-0/recovery-report.json", "sha256": "bd281e1f4b22325f01b7ac33a12f318bec0fc4e2e7f18e30ab1d930bf645c7a6", "test": "tests/test_cpu_terminal_settlement_recovery.py::test_restart_settles_confirmed_terminal_without_repeating_original_worker[0]"}, {"bytes": 200206, "path": "/tmp/mp-fc1/test_restart_settles_confirmed1/project-0/recovery-report.json", "sha256": "ca6d1dd7757fe905e58e022672c24c23965a00219e2f0c7bab97e7151e017dca", "test": "tests/test_cpu_terminal_settlement_recovery.py::test_restart_settles_confirmed_terminal_without_repeating_original_worker[7]"}, {"bytes": 126671, "path": "/tmp/mp-fc1/test_real_v2_confirmed_termina0/project-0/recovery-report.json", "sha256": "a427e35d543114ad4977d824160167b4ade062240d3b6833216831b63fe7db3e", "test": "tests/test_runtime_lease_recovery.py::test_real_v2_confirmed_terminal_crash_recovers_metadata_only[0]"}, {"bytes": 118287, "path": "/tmp/mp-fc1/test_real_v2_confirmed_termina1/project-0/recovery-report.json", "sha256": "ab783f589d6f44238098352318bd57ea90e299b8309dc03f0f43305485076126", "test": "tests/test_runtime_lease_recovery.py::test_real_v2_confirmed_terminal_crash_recovers_metadata_only[7]"}, {"bytes": 119479, "path": "/tmp/mp-fc1/test_real_historical_v1_termin0/historical-project/recovery-report.json", "sha256": "06cc5241a5ca9ce7337c0bb94ce057b9f6588e7eaffa7f246e7ec03b7758f26c", "test": "tests/test_runtime_lease_recovery.py::test_real_historical_v1_terminal_recovers_without_upgrade_or_reexecution"}]
ACCEPTANCE_REPORTS=[{"bytes": 279714, "name": "sorting_default", "path": "/tmp/mp-fc1/acceptance-sorting-default0/acceptance-report.json", "sha256": "1d2cb88b1f05f9e68cdf4523551e54a9e4001087711b0035482fcaed207da609"}, {"bytes": 120879, "name": "sorting_counterfactual", "path": "/tmp/mp-fc1/acceptance-sorting-counterfactual0/acceptance-report.json", "sha256": "9c0fed14622daf15eb8eda917eb774b1f36618a97db17f9265462c6a10f0363c"}, {"bytes": 274355, "name": "compression_default", "path": "/tmp/mp-fc1/acceptance-compression-default0/acceptance-report.json", "sha256": "d6323e9c741da352928f12c3dfe2aa9907b46514613e3243000826e991d4481f"}, {"bytes": 120442, "name": "compression_counterfactual", "path": "/tmp/mp-fc1/acceptance-compression-counterfactual0/acceptance-report.json", "sha256": "9c48c4c6a190b02f69ebb5fd5f12d3465ad4e8bf6b00cd73c560aa3a3e3ecc9d"}]

=============================== warnings summary ===============================
../../../../../../home/erik/.local/lib/python3.10/site-packages/_pytest/config/__init__.py:885
  /home/erik/.local/lib/python3.10/site-packages/_pytest/config/__init__.py:885: PytestAssertRewriteWarning: Module already imported so cannot be rewritten; cpu_terminal_recovery_helpers
    self.import_plugin(import_spec)

../../../../../../home/erik/.local/lib/python3.10/site-packages/_pytest/config/__init__.py:885
  /home/erik/.local/lib/python3.10/site-packages/_pytest/config/__init__.py:885: PytestAssertRewriteWarning: Module already imported so cannot be rewritten; examples.holdout.testing
    self.import_plugin(import_spec)

-- Docs: https://docs.pytest.org/en/stable/how-to/capture-warnings.html
=========================== short test summary info ============================
SKIPPED [1] ../core/tests/test_sweeper.py:12: could not import 'orze_pro.engine.role_runner': This is a stub package. Install the real orze-pro via: export ORZE_PRO_KEY='...' && orze run
SKIPPED [1] ../core/tests/test_evolution.py:228: could not import 'orze_pro.agents.code_evolution': This is a stub package. Install the real orze-pro via: export ORZE_PRO_KEY='...' && orze run
SKIPPED [1] ../core/tests/test_evolution.py:239: could not import 'orze_pro.agents.code_evolution': This is a stub package. Install the real orze-pro via: export ORZE_PRO_KEY='...' && orze run
SKIPPED [1] ../core/tests/test_evolution.py:255: could not import 'orze_pro.agents.meta_research': This is a stub package. Install the real orze-pro via: export ORZE_PRO_KEY='...' && orze run
SKIPPED [1] ../core/tests/test_fsm_runner_registry.py:13: could not import 'orze_pro': This is a stub package. Install the real orze-pro via: export ORZE_PRO_KEY='...' && orze run
SKIPPED [1] ../core/tests/test_skill_registry.py:123: orze-pro not installed
SKIPPED [1] ../core/tests/test_skill_registry.py:135: orze-pro not installed
5171 passed, 7 skipped, 2 warnings in 1147.30s (0:19:07)
