FFF                                                                      [100%]
=================================== FAILURES ===================================
__________ test_directory_names_are_released_beyond_selected_tail[1] ___________
tests/test_failure_name_window.py:55: in test_directory_names_are_released_beyond_selected_tail
    assert Name.peak <= limit + 4, f"kept {Name.peak} names for a tail of {limit}"
E   AssertionError: kept 5000 names for a tail of 1
E   assert 5000 <= (1 + 4)
E    +  where 5000 = <class 'test_failure_name_window.test_directory_names_are_released_beyond_selected_tail.<locals>.Name'>.peak
__________ test_directory_names_are_released_beyond_selected_tail[17] __________
tests/test_failure_name_window.py:55: in test_directory_names_are_released_beyond_selected_tail
    assert Name.peak <= limit + 4, f"kept {Name.peak} names for a tail of {limit}"
E   AssertionError: kept 5000 names for a tail of 17
E   assert 5000 <= (17 + 4)
E    +  where 5000 = <class 'test_failure_name_window.test_directory_names_are_released_beyond_selected_tail.<locals>.Name'>.peak
_________ test_directory_names_are_released_beyond_selected_tail[2000] _________
tests/test_failure_name_window.py:55: in test_directory_names_are_released_beyond_selected_tail
    assert Name.peak <= limit + 4, f"kept {Name.peak} names for a tail of {limit}"
E   AssertionError: kept 5000 names for a tail of 2000
E   assert 5000 <= (2000 + 4)
E    +  where 5000 = <class 'test_failure_name_window.test_directory_names_are_released_beyond_selected_tail.<locals>.Name'>.peak
=========================== short test summary info ============================
FAILED tests/test_failure_name_window.py::test_directory_names_are_released_beyond_selected_tail[1]
FAILED tests/test_failure_name_window.py::test_directory_names_are_released_beyond_selected_tail[17]
FAILED tests/test_failure_name_window.py::test_directory_names_are_released_beyond_selected_tail[2000]
3 failed in 0.24s
