........................................................................ [  1%]
........................................................................ [  2%]
........................................................................ [  4%]
........................................................................ [  5%]
........................................................................ [  7%]
........................................................................ [  8%]
........................................................................ [ 10%]
........................................................................ [ 11%]
........................................................................ [ 13%]
........................................................................ [ 14%]
........................................................................ [ 16%]
........................................................................ [ 17%]
........................................................................ [ 19%]
........................................................................ [ 20%]
........................................................................ [ 22%]
........................................................................ [ 23%]
........................................................................ [ 25%]
........................................................................ [ 26%]
........................................................................ [ 28%]
........................................................................ [ 29%]
........................................................................ [ 31%]
........................................................................ [ 32%]
........................................................................ [ 34%]
........................................................................ [ 35%]
........................................................................ [ 37%]
........................................................................ [ 38%]
........................................................................ [ 40%]
........................................................................ [ 41%]
...........sss.......................................................... [ 43%]
........................................................................ [ 44%]
........................................................................ [ 46%]
........................................................................ [ 47%]
.......................s................................................ [ 49%]
........................................................................ [ 50%]
........................................................................ [ 52%]
........................................................................ [ 53%]
........................................................................ [ 55%]
........................................................................ [ 56%]
........................................................................ [ 58%]
........................................................................ [ 59%]
........................................................................ [ 61%]
........................................................................ [ 62%]
........................................................................ [ 64%]
........................................................................ [ 65%]
........................................................................ [ 67%]
........................................................................ [ 68%]
........................................................................ [ 70%]
........................................................................ [ 71%]
........................................................................ [ 73%]
........................................................................ [ 74%]
........................................................................ [ 76%]
........................................................................ [ 77%]
........................................................................ [ 79%]
........................................................................ [ 80%]
........................................................................ [ 82%]
........................................................................ [ 83%]
........................................................................ [ 85%]
........................................................................ [ 86%]
........................................................................ [ 88%]
........................................................................ [ 89%]
........................................................................ [ 91%]
..................................................ss.................... [ 92%]
........................................................................ [ 94%]
........................................................................ [ 95%]
........................................................................ [ 97%]
........................................................................ [ 98%]
.....................................................                    [100%]HOLDOUT_REPORTS=[{"bytes": 2598413, "name": "workflow", "path": "/tmp/orze-ingress-bounds-core-full-20260915/holdout-workflow0/holdout-report.json", "sha256": "777b4c6462b0a854b42f515b4d0bd4be80dac5c91b27225cbc07a7a1fb2e3183"}, {"bytes": 148111, "name": "boundary", "path": "/tmp/orze-ingress-bounds-core-full-20260915/holdout-boundary0/holdout-report.json", "sha256": "274c9887d5abfc2273754186461da28c71d829a5129f9cc4c0dd44cf2962b5aa"}, {"bytes": 148234, "name": "duplicate_id", "path": "/tmp/orze-ingress-bounds-core-full-20260915/holdout-duplicate_id0/holdout-report.json", "sha256": "d985d11c58f048bfeccc8b9c80de9e575b25cf566b6c63bcc4034139019e37ad"}, {"bytes": 149554, "name": "missing_prerequisite", "path": "/tmp/orze-ingress-bounds-core-full-20260915/holdout-missing_prerequisite0/holdout-report.json", "sha256": "9bb3c8141ab327811333e958385c0052ec338174cb96d6165b3cf96f5ff9eb69"}, {"bytes": 147619, "name": "overload", "path": "/tmp/orze-ingress-bounds-core-full-20260915/holdout-overload0/holdout-report.json", "sha256": "ad37792a661abc59184a3c3d2d7c25d74446311d3b65823c58200f5e87a29105"}, {"bytes": 146422, "name": "malformed", "path": "/tmp/orze-ingress-bounds-core-full-20260915/holdout-malformed0/holdout-report.json", "sha256": "5ac5088898716aece7d2f68f8e78713f9227c799ddb9da7707626560790691d2"}]
CPU_RECOVERY_REPORTS=[{"bytes": 85749, "path": "/tmp/orze-ingress-bounds-core-full-20260915/test_real_confirmed_terminal_r0/project-0/recovery-report.json", "sha256": "b48b10703f34053b45a0808ffe9c7955104b9579dcd1e26c2a1799514eda10d2", "test": "tests/test_cpu_claim_reader_consolidation.py::TestPublicSnapshotRouting::test_real_confirmed_terminal_recovery_uses_required_8k_public_snapshot"}, {"bytes": 108441, "path": "/tmp/orze-ingress-bounds-core-full-20260915/test_post_delete_fsync_uncerta0/project-0/recovery-report.json", "sha256": "4a610e046f8173aeee1cf66a9b01c46704ab1e5049c0a8ddfdcd1c01b85d0d00", "test": "tests/test_cpu_terminal_recovery_barrier.py::test_post_delete_fsync_uncertainty_blocks_fresh_restart_with_zero_bound[effect]"}, {"bytes": 108468, "path": "/tmp/orze-ingress-bounds-core-full-20260915/test_post_delete_fsync_uncerta1/project-0/recovery-report.json", "sha256": "1894dae374b1e90ce447867d657cdbd784dd4fcae506e3f4e6317dc80ba2f976", "test": "tests/test_cpu_terminal_recovery_barrier.py::test_post_delete_fsync_uncertainty_blocks_fresh_restart_with_zero_bound[recovery]"}, {"bytes": 69806, "path": "/tmp/orze-ingress-bounds-core-full-20260915/test_in_progress_denies_alread0/project-0/recovery-report.json", "sha256": "ded1a7b94da56887a39dbe748a4ecfdbfab7b840e749736d6d7359c73071bc79", "test": "tests/test_cpu_terminal_recovery_barrier.py::test_in_progress_denies_already_running_peer_admission[reserve]"}, {"bytes": 69804, "path": "/tmp/orze-ingress-bounds-core-full-20260915/test_in_progress_denies_alread1/project-0/recovery-report.json", "sha256": "1983ecbf401ca266eaf041d1bce6466e0ee902510d6eef5f6c5f1946715c8a34", "test": "tests/test_cpu_terminal_recovery_barrier.py::test_in_progress_denies_already_running_peer_admission[require_permit]"}, {"bytes": 68583, "path": "/tmp/orze-ingress-bounds-core-full-20260915/test_two_recovery_consumers_do0/project-0/recovery-report.json", "sha256": "5ec0b659d836f478f08ceb86307ee84aa11fe6e58959b1ebbf5600903ef20d29", "test": "tests/test_cpu_terminal_recovery_barrier.py::test_two_recovery_consumers_do_not_repeat_settlement_or_poison_owner"}, {"bytes": 69022, "path": "/tmp/orze-ingress-bounds-core-full-20260915/test_legal_peer_decision_after0/project-0/recovery-report.json", "sha256": "4b3800f32245bdfe834e1a337a6233b99f40e27889bf7f8aec3d4cce7515d96f", "test": "tests/test_cpu_terminal_recovery_barrier.py::test_legal_peer_decision_after_complete_commit_preserves_exact_owner_result"}, {"bytes": 105990, "path": "/tmp/orze-ingress-bounds-core-full-20260915/test_recovery_transaction_unkn0/project-0/recovery-report.json", "sha256": "b19b1d41a4f835d71aaac5442de71d576ca2e1b5a3826b86bb31452585d7c37b", "test": "tests/test_cpu_terminal_recovery_barrier.py::test_recovery_transaction_unknown_is_not_an_ordinary_success[IN_PROGRESS-rollback]"}, {"bytes": 108391, "path": "/tmp/orze-ingress-bounds-core-full-20260915/test_recovery_transaction_unkn1/project-0/recovery-report.json", "sha256": "56138052c56e9338413b9baa29a6522061a65e68d7d592333edebe07467d0519", "test": "tests/test_cpu_terminal_recovery_barrier.py::test_recovery_transaction_unknown_is_not_an_ordinary_success[COMPLETE-rollback]"}, {"bytes": 109862, "path": "/tmp/orze-ingress-bounds-core-full-20260915/test_recovery_transaction_unkn2/project-0/recovery-report.json", "sha256": "d4f8d31122602a533bb169bd496de66dfa35e1a2cbe2ec7c77513c981dec88c7", "test": "tests/test_cpu_terminal_recovery_barrier.py::test_recovery_transaction_unknown_is_not_an_ordinary_success[COMPLETE-committed_raise]"}, {"bytes": 67576, "path": "/tmp/orze-ingress-bounds-core-full-20260915/test_existing_unqualified_gate0/project-0/recovery-report.json", "sha256": "3233bba75a7191ad6a85bb571b55de2f0159f0136f2af982d1296427996298cc", "test": "tests/test_cpu_terminal_recovery_barrier.py::test_existing_unqualified_gate_owner_is_preserved"}, {"bytes": 67570, "path": "/tmp/orze-ingress-bounds-core-full-20260915/test_recovery_refuses_caller_t0/project-0/recovery-report.json", "sha256": "5501fff58a0980925e1c77f0fd9507281480f94fdbc3da6e407cbc0b1b1343de", "test": "tests/test_cpu_terminal_recovery_barrier.py::test_recovery_refuses_caller_transaction_without_consuming_it"}, {"bytes": 68463, "path": "/tmp/orze-ingress-bounds-core-full-20260915/test_actual_peer_nonce_replace0/project-0/recovery-report.json", "sha256": "7b603ace550467d66fca997c56a2b01709c5e0c5ea1ad59184f938c21cdc7ec6", "test": "tests/test_cpu_terminal_recovery_barrier.py::test_actual_peer_nonce_replacement_cannot_be_completed_by_old_owner"}, {"bytes": 326593, "path": "/tmp/orze-ingress-bounds-core-full-20260915/test_fresh_cli_resumes_confirm0/domain-project/recovery-report.json", "sha256": "1e49f74b84182d0cb5448141ebc22a6ef95efd180ef6047da4b98e26c677c8ea", "test": "tests/test_cpu_terminal_recovery_domain.py::test_fresh_cli_resumes_confirmed_domain_without_reinterpretation[schedule-feasibility-v1-valid]"}, {"bytes": 326507, "path": "/tmp/orze-ingress-bounds-core-full-20260915/test_fresh_cli_resumes_confirm1/domain-project/recovery-report.json", "sha256": "fa344bb8e8ded9600f0a940947244cb62932d83a5b2da80183e0d7481944660e", "test": "tests/test_cpu_terminal_recovery_domain.py::test_fresh_cli_resumes_confirmed_domain_without_reinterpretation[schedule-feasibility-v2-invalid]"}, {"bytes": 152955, "path": "/tmp/orze-ingress-bounds-core-full-20260915/test_recovery_refuses_changed_0/project-0/recovery-report.json", "sha256": "42c039cc15b457a9505860832aa7f664e517a49cba550917c7ecfc9ca160c74c", "test": "tests/test_cpu_terminal_recovery_guards.py::test_recovery_refuses_changed_native_binding[origin]"}, {"bytes": 152926, "path": "/tmp/orze-ingress-bounds-core-full-20260915/test_recovery_refuses_changed_1/project-0/recovery-report.json", "sha256": "e3ef152a4a531c066d9833b0e0695f3d692f1115121ccc58b4e9b0c37afbfb85", "test": "tests/test_cpu_terminal_recovery_guards.py::test_recovery_refuses_changed_native_binding[kind]"}, {"bytes": 152985, "path": "/tmp/orze-ingress-bounds-core-full-20260915/test_recovery_refuses_changed_2/project-0/recovery-report.json", "sha256": "ceb608f368ba1e624d141e0552520203f5176a6ce095006b40025a8db7dcc062", "test": "tests/test_cpu_terminal_recovery_guards.py::test_recovery_refuses_changed_native_binding[resource]"}, {"bytes": 153016, "path": "/tmp/orze-ingress-bounds-core-full-20260915/test_recovery_refuses_changed_3/project-0/recovery-report.json", "sha256": "e758f26e8f93b18a45d6ad0f00db6d24b93ebeaf448b52282e907e1df80a7cd2", "test": "tests/test_cpu_terminal_recovery_guards.py::test_recovery_refuses_changed_native_binding[attempt_ref]"}, {"bytes": 153014, "path": "/tmp/orze-ingress-bounds-core-full-20260915/test_recovery_refuses_changed_4/project-0/recovery-report.json", "sha256": "ed9911781ed86535d687b83e354e918a74a8a1d5287ee87a500d6ce05731b8d5", "test": "tests/test_cpu_terminal_recovery_guards.py::test_recovery_refuses_changed_native_binding[process_pid]"}, {"bytes": 153045, "path": "/tmp/orze-ingress-bounds-core-full-20260915/test_recovery_refuses_changed_5/project-0/recovery-report.json", "sha256": "a20630241dce19b8434bc15f594598cac2c636f2d9a0134c8602deadeb532b4c", "test": "tests/test_cpu_terminal_recovery_guards.py::test_recovery_refuses_changed_native_binding[command_sha256]"}, {"bytes": 153039, "path": "/tmp/orze-ingress-bounds-core-full-20260915/test_recovery_refuses_changed_6/project-0/recovery-report.json", "sha256": "5b9027bcfca2ccf534b95850f8344047a6e4f211c6cddbf859e15de35c4aafc4", "test": "tests/test_cpu_terminal_recovery_guards.py::test_recovery_refuses_changed_native_binding[timeout_seconds]"}, {"bytes": 152979, "path": "/tmp/orze-ingress-bounds-core-full-20260915/test_recovery_refuses_changed_7/project-0/recovery-report.json", "sha256": "b23fe52251cab85c7322bb9ce956eca6a631dedc43ca32280acf34a1e7817a55", "test": "tests/test_cpu_terminal_recovery_guards.py::test_recovery_refuses_changed_captured_source[database]"}, {"bytes": 152982, "path": "/tmp/orze-ingress-bounds-core-full-20260915/test_recovery_refuses_changed_8/project-0/recovery-report.json", "sha256": "92795da5e55fe0c6b0acae8c89c5e469e1082fa05b56f7b51671c3ae12489891", "test": "tests/test_cpu_terminal_recovery_guards.py::test_recovery_refuses_changed_captured_source[claim_sha256]"}, {"bytes": 153006, "path": "/tmp/orze-ingress-bounds-core-full-20260915/test_recovery_refuses_changed_9/project-0/recovery-report.json", "sha256": "50375fbde2c887b2f3f92fda382662b2f17d0d8516928ffe779e9b0a51762689", "test": "tests/test_cpu_terminal_recovery_guards.py::test_recovery_refuses_changed_captured_source[config_sha256]"}, {"bytes": 153197, "path": "/tmp/orze-ingress-bounds-core-full-20260915/test_recovery_refuses_changed_10/project-0/recovery-report.json", "sha256": "564fe295ee84e446c7f2501c775114e407ba9b64d28f89bcc12eda3e334f208c", "test": "tests/test_cpu_terminal_recovery_guards.py::test_recovery_refuses_changed_current_lifecycle"}, {"bytes": 153044, "path": "/tmp/orze-ingress-bounds-core-full-20260915/test_recovery_refuses_rehashed0/project-0/recovery-report.json", "sha256": "c489bf287979987b2e51653a4d2228e38687af1b2260b7dccd1b473087fab9ba", "test": "tests/test_cpu_terminal_recovery_guards.py::test_recovery_refuses_rehashed_non_cpu_prepared_plan"}, {"bytes": 153180, "path": "/tmp/orze-ingress-bounds-core-full-20260915/test_recovery_refuses_changed_11/project-0/recovery-report.json", "sha256": "f071fc5a97fa659bb3201dc8a47e488bb477ea20e3ef0c3222e40ed020fbea20", "test": "tests/test_cpu_terminal_recovery_guards.py::test_recovery_refuses_changed_catalog_route"}, {"bytes": 153243, "path": "/tmp/orze-ingress-bounds-core-full-20260915/test_recovery_refuses_changed_12/project-0/recovery-report.json", "sha256": "61140b3faa28773d8b13aca32dc7441b979906dffa8a23f68522c033998cf78e", "test": "tests/test_cpu_terminal_recovery_guards.py::test_recovery_refuses_changed_ready_member_identity"}, {"bytes": 197337, "path": "/tmp/orze-ingress-bounds-core-full-20260915/test_recovery_rechecks_source_0/project-0/recovery-report.json", "sha256": "5965124e62e145d2274b2c0aae797a5a6d4a5820e96e004e948b3a18c44fcd33", "test": "tests/test_cpu_terminal_recovery_guards.py::test_recovery_rechecks_source_after_enumeration_before_settlement"}, {"bytes": 154636, "path": "/tmp/orze-ingress-bounds-core-full-20260915/test_preexisting_stop_never_au0/project-0/recovery-report.json", "sha256": "40be896153455265ec2a439b2ce2896dfef7bb51c9e9cf14203584d03148b9f7", "test": "tests/test_cpu_terminal_recovery_guards.py::test_preexisting_stop_never_authorizes_automatic_settlement[ordinary_stop]"}, {"bytes": 154488, "path": "/tmp/orze-ingress-bounds-core-full-20260915/test_preexisting_stop_never_au1/project-0/recovery-report.json", "sha256": "53df24d2ed671b3d45b0ea165489f4fa8cf2959d5e016d240cc94d73ddc1dc2d", "test": "tests/test_cpu_terminal_recovery_guards.py::test_preexisting_stop_never_authorizes_automatic_settlement[storage_hold]"}, {"bytes": 154685, "path": "/tmp/orze-ingress-bounds-core-full-20260915/test_preexisting_stop_never_au2/project-0/recovery-report.json", "sha256": "fe457b41fab0a6e7b347961e56dad2d7731aefa72afefff632773a49d45a84ea", "test": "tests/test_cpu_terminal_recovery_guards.py::test_preexisting_stop_never_authorizes_automatic_settlement[masked_storage_hold]"}, {"bytes": 153161, "path": "/tmp/orze-ingress-bounds-core-full-20260915/test_recovery_refuses_unbound_0/project-0/recovery-report.json", "sha256": "04b6775b76d37467564c73376e2723d7774d9a571b87fde52961c2bedb80ad41", "test": "tests/test_cpu_terminal_recovery_guards.py::test_recovery_refuses_unbound_replication_request_field"}, {"bytes": 153108, "path": "/tmp/orze-ingress-bounds-core-full-20260915/test_recovery_refuses_artifact0/project-0/recovery-report.json", "sha256": "b1cfd9d0915742113da88bad83fccda4e31731f68b6601c923eee8f3bd5ccd7f", "test": "tests/test_cpu_terminal_recovery_guards.py::test_recovery_refuses_artifact_root_unrelated_to_published_records"}, {"bytes": 219708, "path": "/tmp/orze-ingress-bounds-core-full-20260915/test_restart_settles_confirmed0/project-0/recovery-report.json", "sha256": "d5d12b9159f4472754279feed47f60c545f22cdbd82acfc0220f68b30d741d08", "test": "tests/test_cpu_terminal_settlement_recovery.py::test_restart_settles_confirmed_terminal_without_repeating_original_worker[0]"}, {"bytes": 207477, "path": "/tmp/orze-ingress-bounds-core-full-20260915/test_restart_settles_confirmed1/project-0/recovery-report.json", "sha256": "30a4463a5a0b2d5e770c339efd67c9166a6435bdfab8480965b198e331c8a936", "test": "tests/test_cpu_terminal_settlement_recovery.py::test_restart_settles_confirmed_terminal_without_repeating_original_worker[7]"}, {"bytes": 131714, "path": "/tmp/orze-ingress-bounds-core-full-20260915/test_real_v2_confirmed_termina0/project-0/recovery-report.json", "sha256": "1e4bd7ba517f204c10116bbcc992bf7ef3335f9212d27816876f40b7129a19ba", "test": "tests/test_runtime_lease_recovery.py::test_real_v2_confirmed_terminal_crash_recovers_metadata_only[0]"}, {"bytes": 122837, "path": "/tmp/orze-ingress-bounds-core-full-20260915/test_real_v2_confirmed_termina1/project-0/recovery-report.json", "sha256": "832cf151a2c422d37cae39e0e99923a4665034be656b2efecb5305fc5decd9f3", "test": "tests/test_runtime_lease_recovery.py::test_real_v2_confirmed_terminal_crash_recovers_metadata_only[7]"}, {"bytes": 124526, "path": "/tmp/orze-ingress-bounds-core-full-20260915/test_real_historical_v1_termin0/historical-project/recovery-report.json", "sha256": "19654f0d71b2eb6ed0bc3f08e692e7fb29909d23abbd1d139e88cdefefe364dc", "test": "tests/test_runtime_lease_recovery.py::test_real_historical_v1_terminal_recovers_without_upgrade_or_reexecution"}]
ACCEPTANCE_REPORTS=[{"bytes": 289801, "name": "sorting_default", "path": "/tmp/orze-ingress-bounds-core-full-20260915/acceptance-sorting-default0/acceptance-report.json", "sha256": "785001249b300a510e8000ce7c1d46ecb41d07a79fc49d236873611ef4d20305"}, {"bytes": 125640, "name": "sorting_counterfactual", "path": "/tmp/orze-ingress-bounds-core-full-20260915/acceptance-sorting-counterfactual0/acceptance-report.json", "sha256": "c258c2d391bbbb588c129a56c06994fa9ccfcb619e7b167d2e8760e40d727caf"}, {"bytes": 284647, "name": "compression_default", "path": "/tmp/orze-ingress-bounds-core-full-20260915/acceptance-compression-default0/acceptance-report.json", "sha256": "b9a662620b64a9bb193256541434a1aaf15f828f69688e8124fc2f6bd20cfdc6"}, {"bytes": 125229, "name": "compression_counterfactual", "path": "/tmp/orze-ingress-bounds-core-full-20260915/acceptance-compression-counterfactual0/acceptance-report.json", "sha256": "14f0822bfe8193c8d3e36ae7c96093e85011a6c36512a9a734528449b24479fc"}]

=============================== warnings summary ===============================
../../../../../../home/erik/.local/lib/python3.10/site-packages/_pytest/config/__init__.py:885
  /home/erik/.local/lib/python3.10/site-packages/_pytest/config/__init__.py:885: PytestAssertRewriteWarning: Module already imported so cannot be rewritten; cpu_terminal_recovery_helpers
    self.import_plugin(import_spec)

../../../../../../home/erik/.local/lib/python3.10/site-packages/_pytest/config/__init__.py:885
  /home/erik/.local/lib/python3.10/site-packages/_pytest/config/__init__.py:885: PytestAssertRewriteWarning: Module already imported so cannot be rewritten; examples.holdout.testing
    self.import_plugin(import_spec)

-- Docs: https://docs.pytest.org/en/stable/how-to/capture-warnings.html
=========================== short test summary info ============================
SKIPPED [1] ../core/tests/test_sweeper.py:12: could not import 'orze_pro.engine.role_runner': This is a stub package. Install the real orze-pro via: export ORZE_PRO_KEY='...' && orze run
SKIPPED [1] ../core/tests/test_evolution.py:228: could not import 'orze_pro.agents.code_evolution': This is a stub package. Install the real orze-pro via: export ORZE_PRO_KEY='...' && orze run
SKIPPED [1] ../core/tests/test_evolution.py:239: could not import 'orze_pro.agents.code_evolution': This is a stub package. Install the real orze-pro via: export ORZE_PRO_KEY='...' && orze run
SKIPPED [1] ../core/tests/test_evolution.py:255: could not import 'orze_pro.agents.meta_research': This is a stub package. Install the real orze-pro via: export ORZE_PRO_KEY='...' && orze run
SKIPPED [1] ../core/tests/test_fsm_runner_registry.py:13: could not import 'orze_pro': This is a stub package. Install the real orze-pro via: export ORZE_PRO_KEY='...' && orze run
SKIPPED [1] ../core/tests/test_skill_registry.py:123: orze-pro not installed
SKIPPED [1] ../core/tests/test_skill_registry.py:135: orze-pro not installed
4799 passed, 7 skipped, 2 warnings in 949.10s (0:15:49)
