........................................................................ [  1%]
........................................................................ [  2%]
........................................................................ [  4%]
........................................................................ [  5%]
........................................................................ [  7%]
........................................................................ [  8%]
........................................................................ [ 10%]
........................................................................ [ 11%]
........................................................................ [ 13%]
........................................................................ [ 14%]
........................................................................ [ 16%]
........................................................................ [ 17%]
........................................................................ [ 18%]
........................................................................ [ 20%]
........................................................................ [ 21%]
........................................................................ [ 23%]
........................................................................ [ 24%]
........................................................................ [ 26%]
........................................................................ [ 27%]
........................................................................ [ 29%]
........................................................................ [ 30%]
........................................................................ [ 32%]
........................................................................ [ 33%]
........................................................................ [ 34%]
........................................................................ [ 36%]
........................................................................ [ 37%]
........................................................................ [ 39%]
........................................................................ [ 40%]
........................................................................ [ 42%]
................sss..................................................... [ 43%]
........................................................................ [ 45%]
........................................................................ [ 46%]
........................................................................ [ 48%]
............................s........................................... [ 49%]
........................................................................ [ 51%]
........................................................................ [ 52%]
........................................................................ [ 53%]
........................................................................ [ 55%]
........................................................................ [ 56%]
........................................................................ [ 58%]
........................................................................ [ 59%]
........................................................................ [ 61%]
........................................................................ [ 62%]
........................................................................ [ 64%]
........................................................................ [ 65%]
........................................................................ [ 67%]
........................................................................ [ 68%]
........................................................................ [ 69%]
........................................................................ [ 71%]
........................................................................ [ 72%]
........................................................................ [ 74%]
........................................................................ [ 75%]
........................................................................ [ 77%]
........................................................................ [ 78%]
........................................................................ [ 80%]
........................................................................ [ 81%]
........................................................................ [ 83%]
........................................................................ [ 84%]
........................................................................ [ 85%]
........................................................................ [ 87%]
........................................................................ [ 88%]
........................................................................ [ 90%]
........................................................................ [ 91%]
..........................................ss............................ [ 93%]
........................................................................ [ 94%]
........................................................................ [ 96%]
........................................................................ [ 97%]
........................................................................ [ 99%]
.............................................                            [100%]HOLDOUT_REPORTS=[{"bytes": 2510151, "name": "workflow", "path": "/tmp/oir-cf1/holdout-workflow0/holdout-report.json", "sha256": "f2ce645292e6810811e24795140c2a0f4aa2ed6596d8f04cd86862a3745434d6"}, {"bytes": 143194, "name": "boundary", "path": "/tmp/oir-cf1/holdout-boundary0/holdout-report.json", "sha256": "a457b5a05404b49f829f44d2fdc93ae5308b42166d58eca4f70ddc78f64cb2f2"}, {"bytes": 143307, "name": "duplicate_id", "path": "/tmp/oir-cf1/holdout-duplicate_id0/holdout-report.json", "sha256": "2a8aa28714549f33af9ece680a2b36e2af6944f2013089d54cc3ad903d3e3c99"}, {"bytes": 144623, "name": "missing_prerequisite", "path": "/tmp/oir-cf1/holdout-missing_prerequisite0/holdout-report.json", "sha256": "bc9f7dce332d1818ed7b0dce6e23c6b5a972548a6022f7fbc57d144afea55fd9"}, {"bytes": 142690, "name": "overload", "path": "/tmp/oir-cf1/holdout-overload0/holdout-report.json", "sha256": "affe8f742866c6e7d7bca8c7ef3537ac720afc442e76f1960218599a7500f387"}, {"bytes": 141498, "name": "malformed", "path": "/tmp/oir-cf1/holdout-malformed0/holdout-report.json", "sha256": "42aa3aa6ecef53c69005f20bd10c1301a544011f76284b2c5d48f1845470e30f"}]
CPU_RECOVERY_REPORTS=[{"bytes": 82787, "path": "/tmp/oir-cf1/test_real_confirmed_terminal_r0/project-0/recovery-report.json", "sha256": "5ff812a5a080330c44f4e2354bbc47b262a22e30c2261687472e48e2df43de8d", "test": "tests/test_cpu_claim_reader_consolidation.py::TestPublicSnapshotRouting::test_real_confirmed_terminal_recovery_uses_required_8k_public_snapshot"}, {"bytes": 104510, "path": "/tmp/oir-cf1/test_post_delete_fsync_uncerta0/project-0/recovery-report.json", "sha256": "e032b6cd5e5ae8b71c77ea32ba195813a8e3d9731df0bd9539ea1e7817668247", "test": "tests/test_cpu_terminal_recovery_barrier.py::test_post_delete_fsync_uncertainty_blocks_fresh_restart_with_zero_bound[effect]"}, {"bytes": 104532, "path": "/tmp/oir-cf1/test_post_delete_fsync_uncerta1/project-0/recovery-report.json", "sha256": "6f55bbbfac3d53cf411446ea4fd2fa36df70307c9bbe0eaadd798a4769b9a0a3", "test": "tests/test_cpu_terminal_recovery_barrier.py::test_post_delete_fsync_uncertainty_blocks_fresh_restart_with_zero_bound[recovery]"}, {"bytes": 67369, "path": "/tmp/oir-cf1/test_in_progress_denies_alread0/project-0/recovery-report.json", "sha256": "1e976c5eafdb97d3a8493c8e37f0a4645e9afca83d4e3dd63f46fe7aada4913b", "test": "tests/test_cpu_terminal_recovery_barrier.py::test_in_progress_denies_already_running_peer_admission[reserve]"}, {"bytes": 67358, "path": "/tmp/oir-cf1/test_in_progress_denies_alread1/project-0/recovery-report.json", "sha256": "bfe4ab29cad8dea47f5b6cb55514ba2f55a02e9b1d6eb7a0c1cf1fd2044af6a5", "test": "tests/test_cpu_terminal_recovery_barrier.py::test_in_progress_denies_already_running_peer_admission[require_permit]"}, {"bytes": 66233, "path": "/tmp/oir-cf1/test_two_recovery_consumers_do0/project-0/recovery-report.json", "sha256": "2d6eca7d35df4997b9d31345aeec4c9ad78056d70799854402f8d965c654f9e2", "test": "tests/test_cpu_terminal_recovery_barrier.py::test_two_recovery_consumers_do_not_repeat_settlement_or_poison_owner"}, {"bytes": 66641, "path": "/tmp/oir-cf1/test_legal_peer_decision_after0/project-0/recovery-report.json", "sha256": "8b46d77268428e8922d062cfc8084a34f8387675649ac9067ffd41933150e4b3", "test": "tests/test_cpu_terminal_recovery_barrier.py::test_legal_peer_decision_after_complete_commit_preserves_exact_owner_result"}, {"bytes": 102325, "path": "/tmp/oir-cf1/test_recovery_transaction_unkn0/project-0/recovery-report.json", "sha256": "a1d05a9a3c62a4d13fdde8e128d39efaea60df73ad53650bb79d62b736881b93", "test": "tests/test_cpu_terminal_recovery_barrier.py::test_recovery_transaction_unknown_is_not_an_ordinary_success[IN_PROGRESS-rollback]"}, {"bytes": 104447, "path": "/tmp/oir-cf1/test_recovery_transaction_unkn1/project-0/recovery-report.json", "sha256": "afa38b6f9c5f1b1414a863cf3ad76433a4a2365eb9831904f88e7c022a5ebf2a", "test": "tests/test_cpu_terminal_recovery_barrier.py::test_recovery_transaction_unknown_is_not_an_ordinary_success[COMPLETE-rollback]"}, {"bytes": 105838, "path": "/tmp/oir-cf1/test_recovery_transaction_unkn2/project-0/recovery-report.json", "sha256": "6bd2f9b4784ddc2cdbaae02832ba74df31a5044d5fcfbdd1c66e7bdf60d8b4e2", "test": "tests/test_cpu_terminal_recovery_barrier.py::test_recovery_transaction_unknown_is_not_an_ordinary_success[COMPLETE-committed_raise]"}, {"bytes": 65308, "path": "/tmp/oir-cf1/test_existing_unqualified_gate0/project-0/recovery-report.json", "sha256": "396a136dcc470632e0899467c526113f0cd0aea4df5e979b0bd3dc39dd378711", "test": "tests/test_cpu_terminal_recovery_barrier.py::test_existing_unqualified_gate_owner_is_preserved"}, {"bytes": 65311, "path": "/tmp/oir-cf1/test_recovery_refuses_caller_t0/project-0/recovery-report.json", "sha256": "b3af658778c25464715e8cc18dd66803273207639a1d3b728f0212b549bc4086", "test": "tests/test_cpu_terminal_recovery_barrier.py::test_recovery_refuses_caller_transaction_without_consuming_it"}, {"bytes": 66109, "path": "/tmp/oir-cf1/test_actual_peer_nonce_replace0/project-0/recovery-report.json", "sha256": "d4b63c8c3ab1901195c3af5a5259766469a93dfe063a43f88e58c885a6869ec5", "test": "tests/test_cpu_terminal_recovery_barrier.py::test_actual_peer_nonce_replacement_cannot_be_completed_by_old_owner"}, {"bytes": 315081, "path": "/tmp/oir-cf1/test_fresh_cli_resumes_confirm0/domain-project/recovery-report.json", "sha256": "71ced31cbb8ee135337205afb157ccc6d7f1fcc5021f0b02df0e9f7bcc9cd099", "test": "tests/test_cpu_terminal_recovery_domain.py::test_fresh_cli_resumes_confirmed_domain_without_reinterpretation[schedule-feasibility-v1-valid]"}, {"bytes": 314980, "path": "/tmp/oir-cf1/test_fresh_cli_resumes_confirm1/domain-project/recovery-report.json", "sha256": "b7ef0509bceb992fc47be4d4503dcb239654f608d550d491f53b8003c85e08e6", "test": "tests/test_cpu_terminal_recovery_domain.py::test_fresh_cli_resumes_confirmed_domain_without_reinterpretation[schedule-feasibility-v2-invalid]"}, {"bytes": 147911, "path": "/tmp/oir-cf1/test_recovery_refuses_changed_0/project-0/recovery-report.json", "sha256": "2b02dbf821117bf8dd2dea971cbe453f6c365c9a6c047b6a4afa24f539319605", "test": "tests/test_cpu_terminal_recovery_guards.py::test_recovery_refuses_changed_native_binding[origin]"}, {"bytes": 147884, "path": "/tmp/oir-cf1/test_recovery_refuses_changed_1/project-0/recovery-report.json", "sha256": "3120d85b3c922388c4fcfc4f098a102355200695f374fad1d241d2091dc9978a", "test": "tests/test_cpu_terminal_recovery_guards.py::test_recovery_refuses_changed_native_binding[kind]"}, {"bytes": 147942, "path": "/tmp/oir-cf1/test_recovery_refuses_changed_2/project-0/recovery-report.json", "sha256": "e27b069ed7d1f130a28540c08959ea25d9a020e21188819de8b88fcff0bab667", "test": "tests/test_cpu_terminal_recovery_guards.py::test_recovery_refuses_changed_native_binding[resource]"}, {"bytes": 147968, "path": "/tmp/oir-cf1/test_recovery_refuses_changed_3/project-0/recovery-report.json", "sha256": "8c031cf0c8fb35e7f28a1321db2cc5151a40636a94968cca2b9445750c3be682", "test": "tests/test_cpu_terminal_recovery_guards.py::test_recovery_refuses_changed_native_binding[attempt_ref]"}, {"bytes": 147972, "path": "/tmp/oir-cf1/test_recovery_refuses_changed_4/project-0/recovery-report.json", "sha256": "83a99d3bf44c07b9e4c31c9fa14333cd1192444c79b24ae3361c6df2b56ae119", "test": "tests/test_cpu_terminal_recovery_guards.py::test_recovery_refuses_changed_native_binding[process_pid]"}, {"bytes": 147985, "path": "/tmp/oir-cf1/test_recovery_refuses_changed_5/project-0/recovery-report.json", "sha256": "dbedd8823759bc4c9410cd7f411d0341c9fab843a9ebd1dbb0303fe660087bd4", "test": "tests/test_cpu_terminal_recovery_guards.py::test_recovery_refuses_changed_native_binding[command_sha256]"}, {"bytes": 147981, "path": "/tmp/oir-cf1/test_recovery_refuses_changed_6/project-0/recovery-report.json", "sha256": "3362fe14b7c8779280c2fafb23b1f4136184fa35fe2ce5e8069fd3086ede7e0d", "test": "tests/test_cpu_terminal_recovery_guards.py::test_recovery_refuses_changed_native_binding[timeout_seconds]"}, {"bytes": 147952, "path": "/tmp/oir-cf1/test_recovery_refuses_changed_7/project-0/recovery-report.json", "sha256": "ccaef0c2e4168e2f720ff1904759231534d868345fc18d1bc665733754050003", "test": "tests/test_cpu_terminal_recovery_guards.py::test_recovery_refuses_changed_captured_source[database]"}, {"bytes": 147970, "path": "/tmp/oir-cf1/test_recovery_refuses_changed_8/project-0/recovery-report.json", "sha256": "73376aba3a1c6b76a0fbb61e0970a69e8d47e41db4185dae2590c416da96b010", "test": "tests/test_cpu_terminal_recovery_guards.py::test_recovery_refuses_changed_captured_source[claim_sha256]"}, {"bytes": 147963, "path": "/tmp/oir-cf1/test_recovery_refuses_changed_9/project-0/recovery-report.json", "sha256": "e0523d76f8ce9e3c2b7c34693040755ac8eaf424d2dfff1c9c66f696b3155f00", "test": "tests/test_cpu_terminal_recovery_guards.py::test_recovery_refuses_changed_captured_source[config_sha256]"}, {"bytes": 148148, "path": "/tmp/oir-cf1/test_recovery_refuses_changed_10/project-0/recovery-report.json", "sha256": "43292dd7bc111ee70aad35a93542bf0f1a9866ede10bd2c8bb6e954171c5e002", "test": "tests/test_cpu_terminal_recovery_guards.py::test_recovery_refuses_changed_current_lifecycle"}, {"bytes": 148000, "path": "/tmp/oir-cf1/test_recovery_refuses_rehashed0/project-0/recovery-report.json", "sha256": "30c28379dac5ba320580a4e405ca002196d3d71bb5490ceabafe32e4f8b286ee", "test": "tests/test_cpu_terminal_recovery_guards.py::test_recovery_refuses_rehashed_non_cpu_prepared_plan"}, {"bytes": 148133, "path": "/tmp/oir-cf1/test_recovery_refuses_changed_11/project-0/recovery-report.json", "sha256": "83060271b08ab83b0f44133189ce4d5b4233419dd9f59eb4469b1439298a9f4a", "test": "tests/test_cpu_terminal_recovery_guards.py::test_recovery_refuses_changed_catalog_route"}, {"bytes": 148183, "path": "/tmp/oir-cf1/test_recovery_refuses_changed_12/project-0/recovery-report.json", "sha256": "617aa437dcbcc14b510d9fbacbd463e6dcc84e88205b5e6c5e28ccacb1253823", "test": "tests/test_cpu_terminal_recovery_guards.py::test_recovery_refuses_changed_ready_member_identity"}, {"bytes": 190504, "path": "/tmp/oir-cf1/test_recovery_rechecks_source_0/project-0/recovery-report.json", "sha256": "a2f90e747027b9ebcc7aed99c4830152ee861c77c431e481ecb458e8c61536dc", "test": "tests/test_cpu_terminal_recovery_guards.py::test_recovery_rechecks_source_after_enumeration_before_settlement"}, {"bytes": 149452, "path": "/tmp/oir-cf1/test_preexisting_stop_never_au0/project-0/recovery-report.json", "sha256": "47505d6d525580fb0ae7b85683b68ffce7936961222261d4a75e3aff2ba08ccd", "test": "tests/test_cpu_terminal_recovery_guards.py::test_preexisting_stop_never_authorizes_automatic_settlement[ordinary_stop]"}, {"bytes": 149352, "path": "/tmp/oir-cf1/test_preexisting_stop_never_au1/project-0/recovery-report.json", "sha256": "a7c8acba72f9ac3f49d773e57509e4ad9107dbeb14b479093002957402deb283", "test": "tests/test_cpu_terminal_recovery_guards.py::test_preexisting_stop_never_authorizes_automatic_settlement[storage_hold]"}, {"bytes": 149498, "path": "/tmp/oir-cf1/test_preexisting_stop_never_au2/project-0/recovery-report.json", "sha256": "5d39ec202547aef4cd4cad0ebd85a074a9955618761d3eac11c26196137a9066", "test": "tests/test_cpu_terminal_recovery_guards.py::test_preexisting_stop_never_authorizes_automatic_settlement[masked_storage_hold]"}, {"bytes": 148112, "path": "/tmp/oir-cf1/test_recovery_refuses_unbound_0/project-0/recovery-report.json", "sha256": "c462fc25e7b00a60e8f832f03d0bc28cd444d729b910fb87489b65c3382856dd", "test": "tests/test_cpu_terminal_recovery_guards.py::test_recovery_refuses_unbound_replication_request_field"}, {"bytes": 148056, "path": "/tmp/oir-cf1/test_recovery_refuses_artifact0/project-0/recovery-report.json", "sha256": "b15cee347d7d86732a148719cf5968f341e6784bf563ce36ebbbbf00ced0d9cd", "test": "tests/test_cpu_terminal_recovery_guards.py::test_recovery_refuses_artifact_root_unrelated_to_published_records"}, {"bytes": 211998, "path": "/tmp/oir-cf1/test_restart_settles_confirmed0/project-0/recovery-report.json", "sha256": "f12bcd077502ea25ece3a089ce05d94b798cbf08bb0c87c56ae2900f17c26ed3", "test": "tests/test_cpu_terminal_settlement_recovery.py::test_restart_settles_confirmed_terminal_without_repeating_original_worker[0]"}, {"bytes": 200409, "path": "/tmp/oir-cf1/test_restart_settles_confirmed1/project-0/recovery-report.json", "sha256": "7b75474d6f1be18445e61b51b1313799387c4050f1a3db272decdf66147a3fdd", "test": "tests/test_cpu_terminal_settlement_recovery.py::test_restart_settles_confirmed_terminal_without_repeating_original_worker[7]"}, {"bytes": 126837, "path": "/tmp/oir-cf1/test_real_v2_confirmed_termina0/project-0/recovery-report.json", "sha256": "5243141d56e1532e81487a22bd16834a89bf1ad34df28cceee5a2ab4da18af5b", "test": "tests/test_runtime_lease_recovery.py::test_real_v2_confirmed_terminal_crash_recovers_metadata_only[0]"}, {"bytes": 118420, "path": "/tmp/oir-cf1/test_real_v2_confirmed_termina1/project-0/recovery-report.json", "sha256": "5d7ef2ba8189b66faceef6acbbf90ed1de824bffda298aea55ceca0db4d50e70", "test": "tests/test_runtime_lease_recovery.py::test_real_v2_confirmed_terminal_crash_recovers_metadata_only[7]"}, {"bytes": 119640, "path": "/tmp/oir-cf1/test_real_historical_v1_termin0/historical-project/recovery-report.json", "sha256": "743df45975b4e168d6abbe1be4a69f045b69682e50719957e2bfaf1f849437ce", "test": "tests/test_runtime_lease_recovery.py::test_real_historical_v1_terminal_recovers_without_upgrade_or_reexecution"}]
ACCEPTANCE_REPORTS=[{"bytes": 279966, "name": "sorting_default", "path": "/tmp/oir-cf1/acceptance-sorting-default0/acceptance-report.json", "sha256": "a4e4c2e8c00f18b7b0128f3c457a04ab41305766f0e4d3e9dbb3fd62314c93cc"}, {"bytes": 121001, "name": "sorting_counterfactual", "path": "/tmp/oir-cf1/acceptance-sorting-counterfactual0/acceptance-report.json", "sha256": "10ef898a87969da06587c7699ad5fd646cd864700b6e9a2d0782891b43f87b4e"}, {"bytes": 274840, "name": "compression_default", "path": "/tmp/oir-cf1/acceptance-compression-default0/acceptance-report.json", "sha256": "c65b9f3f4d3f924eef2be16d796913004a9b79567a5bcc2a63f6f39210999387"}, {"bytes": 120585, "name": "compression_counterfactual", "path": "/tmp/oir-cf1/acceptance-compression-counterfactual0/acceptance-report.json", "sha256": "7655c0abb8bfc586e7d0c1e6a0ebc29dad85f88d93d47d2037dcc4ef96a32e49"}]

=============================== warnings summary ===============================
../../../../../../home/erik/.local/lib/python3.10/site-packages/_pytest/config/__init__.py:885
  /home/erik/.local/lib/python3.10/site-packages/_pytest/config/__init__.py:885: PytestAssertRewriteWarning: Module already imported so cannot be rewritten; cpu_terminal_recovery_helpers
    self.import_plugin(import_spec)

../../../../../../home/erik/.local/lib/python3.10/site-packages/_pytest/config/__init__.py:885
  /home/erik/.local/lib/python3.10/site-packages/_pytest/config/__init__.py:885: PytestAssertRewriteWarning: Module already imported so cannot be rewritten; examples.holdout.testing
    self.import_plugin(import_spec)

-- Docs: https://docs.pytest.org/en/stable/how-to/capture-warnings.html
=========================== short test summary info ============================
SKIPPED [1] ../core/tests/test_sweeper.py:12: could not import 'orze_pro.engine.role_runner': This is a stub package. Install the real orze-pro via: export ORZE_PRO_KEY='...' && orze run
SKIPPED [1] ../core/tests/test_evolution.py:228: could not import 'orze_pro.agents.code_evolution': This is a stub package. Install the real orze-pro via: export ORZE_PRO_KEY='...' && orze run
SKIPPED [1] ../core/tests/test_evolution.py:239: could not import 'orze_pro.agents.code_evolution': This is a stub package. Install the real orze-pro via: export ORZE_PRO_KEY='...' && orze run
SKIPPED [1] ../core/tests/test_evolution.py:255: could not import 'orze_pro.agents.meta_research': This is a stub package. Install the real orze-pro via: export ORZE_PRO_KEY='...' && orze run
SKIPPED [1] ../core/tests/test_fsm_runner_registry.py:13: could not import 'orze_pro': This is a stub package. Install the real orze-pro via: export ORZE_PRO_KEY='...' && orze run
SKIPPED [1] ../core/tests/test_skill_registry.py:123: orze-pro not installed
SKIPPED [1] ../core/tests/test_skill_registry.py:135: orze-pro not installed
4935 passed, 7 skipped, 2 warnings in 1015.76s (0:16:55)
