........................................................................ [  1%]
........................................................................ [  2%]
........................................................................ [  4%]
........................................................................ [  5%]
........................................................................ [  7%]
........................................................................ [  8%]
........................................................................ [ 10%]
........................................................................ [ 11%]
........................................................................ [ 12%]
........................................................................ [ 14%]
........................................................................ [ 15%]
........................................................................ [ 17%]
........................................................................ [ 18%]
........................................................................ [ 20%]
........................................................................ [ 21%]
........................................................................ [ 22%]
........................................................................ [ 24%]
........................................................................ [ 25%]
........................................................................ [ 27%]
........................................................................ [ 28%]
........................................................................ [ 30%]
........................................................................ [ 31%]
........................................................................ [ 32%]
........................................................................ [ 34%]
........................................................................ [ 35%]
........................................................................ [ 37%]
........................................................................ [ 38%]
........................................................................ [ 40%]
........................................................................ [ 41%]
................sss..................................................... [ 42%]
........................................................................ [ 44%]
........................................................................ [ 45%]
........................................................................ [ 47%]
............................................s........................... [ 48%]
........................................................................ [ 50%]
........................................................................ [ 51%]
........................................................................ [ 52%]
........................................................................ [ 54%]
........................................................................ [ 55%]
........................................................................ [ 57%]
........................................................................ [ 58%]
........................................................................ [ 60%]
........................................................................ [ 61%]
........................................................................ [ 63%]
........................................................................ [ 64%]
........................................................................ [ 65%]
........................................................................ [ 67%]
........................................................................ [ 68%]
........................................................................ [ 70%]
........................................................................ [ 71%]
........................................................................ [ 73%]
........................................................................ [ 74%]
........................................................................ [ 75%]
........................................................................ [ 77%]
........................................................................ [ 78%]
........................................................................ [ 80%]
........................................................................ [ 81%]
........................................................................ [ 83%]
........................................................................ [ 84%]
........................................................................ [ 85%]
........................................................................ [ 87%]
........................................................................ [ 88%]
........................................................................ [ 90%]
........................................................................ [ 91%]
...................................ss................................... [ 93%]
........................................................................ [ 94%]
........................................................................ [ 95%]
........................................................................ [ 97%]
........................................................................ [ 98%]
...........................................................              [100%]HOLDOUT_REPORTS=[{"bytes": 2510162, "name": "workflow", "path": "/tmp/ofw-cf1/holdout-workflow0/holdout-report.json", "sha256": "d48121d61c22138bfb50c42fe2c5e3b7d93565250cef530ea2f3ccdaadfeaf74"}, {"bytes": 143202, "name": "boundary", "path": "/tmp/ofw-cf1/holdout-boundary0/holdout-report.json", "sha256": "a1313cdb9646280cbe4d12c013884ae86a5eeaf91d162becb50c4844387a1a30"}, {"bytes": 143310, "name": "duplicate_id", "path": "/tmp/ofw-cf1/holdout-duplicate_id0/holdout-report.json", "sha256": "e27f93ec7b2b9723a9443d88451ffc60d0cbc7f823b288f43dba5ec949dd846c"}, {"bytes": 144623, "name": "missing_prerequisite", "path": "/tmp/ofw-cf1/holdout-missing_prerequisite0/holdout-report.json", "sha256": "262040966111c92f385c1965b8a2a5579742255b56a1238a3b01e4aaa7e07d0f"}, {"bytes": 142692, "name": "overload", "path": "/tmp/ofw-cf1/holdout-overload0/holdout-report.json", "sha256": "a9cf4e21e15c60c132202df8e23e2688122edbee42b61f21fa3e760fa6269f68"}, {"bytes": 141502, "name": "malformed", "path": "/tmp/ofw-cf1/holdout-malformed0/holdout-report.json", "sha256": "356774d8eccc68c663b5db3a9fdc256c31d9daf86c4d62186a0e0583641d3211"}]
CPU_RECOVERY_REPORTS=[{"bytes": 82769, "path": "/tmp/ofw-cf1/test_real_confirmed_terminal_r0/project-0/recovery-report.json", "sha256": "5cce2a18e203353e281345c2ad08d17a16a525b740d01a045df7ab0d7117dad6", "test": "tests/test_cpu_claim_reader_consolidation.py::TestPublicSnapshotRouting::test_real_confirmed_terminal_recovery_uses_required_8k_public_snapshot"}, {"bytes": 104507, "path": "/tmp/ofw-cf1/test_post_delete_fsync_uncerta0/project-0/recovery-report.json", "sha256": "b937df8c2fa03d3a955c4d1b10b66559642be3a686ffaf9554983e366cc4d649", "test": "tests/test_cpu_terminal_recovery_barrier.py::test_post_delete_fsync_uncertainty_blocks_fresh_restart_with_zero_bound[effect]"}, {"bytes": 104518, "path": "/tmp/ofw-cf1/test_post_delete_fsync_uncerta1/project-0/recovery-report.json", "sha256": "165e8b9f89b664e2eaf538a9a8c081c7eaf414c5264e4160e9f4131c42bfe8ae", "test": "tests/test_cpu_terminal_recovery_barrier.py::test_post_delete_fsync_uncertainty_blocks_fresh_restart_with_zero_bound[recovery]"}, {"bytes": 67357, "path": "/tmp/ofw-cf1/test_in_progress_denies_alread0/project-0/recovery-report.json", "sha256": "569722a0cf8d0954054897aa74a8035dec7c560efa57e3149792a52794ab9b04", "test": "tests/test_cpu_terminal_recovery_barrier.py::test_in_progress_denies_already_running_peer_admission[reserve]"}, {"bytes": 67341, "path": "/tmp/ofw-cf1/test_in_progress_denies_alread1/project-0/recovery-report.json", "sha256": "05c4b7b9b703ec416a4283c5ddbcc9acc5dd48276e25c7a6e427a78cb83f6c21", "test": "tests/test_cpu_terminal_recovery_barrier.py::test_in_progress_denies_already_running_peer_admission[require_permit]"}, {"bytes": 66225, "path": "/tmp/ofw-cf1/test_two_recovery_consumers_do0/project-0/recovery-report.json", "sha256": "8c052248b5ec10a876680150401935f030e6eb990470fdb1a8562e823cec41b3", "test": "tests/test_cpu_terminal_recovery_barrier.py::test_two_recovery_consumers_do_not_repeat_settlement_or_poison_owner"}, {"bytes": 66631, "path": "/tmp/ofw-cf1/test_legal_peer_decision_after0/project-0/recovery-report.json", "sha256": "0eee37c27297198b89bb68065d754f00dade59a7746614dd84cd8e91f6cf9cc9", "test": "tests/test_cpu_terminal_recovery_barrier.py::test_legal_peer_decision_after_complete_commit_preserves_exact_owner_result"}, {"bytes": 102316, "path": "/tmp/ofw-cf1/test_recovery_transaction_unkn0/project-0/recovery-report.json", "sha256": "90b5eef0e205bca4186619559421b3362a12654892be38a75fe3bb67dbb60f6d", "test": "tests/test_cpu_terminal_recovery_barrier.py::test_recovery_transaction_unknown_is_not_an_ordinary_success[IN_PROGRESS-rollback]"}, {"bytes": 104451, "path": "/tmp/ofw-cf1/test_recovery_transaction_unkn1/project-0/recovery-report.json", "sha256": "75d489be012d14581ae36df9b914e5caa28da793d6fa2a84e0767d733c17d504", "test": "tests/test_cpu_terminal_recovery_barrier.py::test_recovery_transaction_unknown_is_not_an_ordinary_success[COMPLETE-rollback]"}, {"bytes": 105840, "path": "/tmp/ofw-cf1/test_recovery_transaction_unkn2/project-0/recovery-report.json", "sha256": "826ba63427f2769125a165c7716a6555c816c93bbef0b1b7747aa5c8ac5a9850", "test": "tests/test_cpu_terminal_recovery_barrier.py::test_recovery_transaction_unknown_is_not_an_ordinary_success[COMPLETE-committed_raise]"}, {"bytes": 65305, "path": "/tmp/ofw-cf1/test_existing_unqualified_gate0/project-0/recovery-report.json", "sha256": "a01883ffc874214c9ed84bb08ff7afaac1bc507868b67525ef2d725258d8c4a1", "test": "tests/test_cpu_terminal_recovery_barrier.py::test_existing_unqualified_gate_owner_is_preserved"}, {"bytes": 65306, "path": "/tmp/ofw-cf1/test_recovery_refuses_caller_t0/project-0/recovery-report.json", "sha256": "0f718fd1c4c601e85b4d19b25cfaef62722dfd868fca7156e75c95ac2cccd1d9", "test": "tests/test_cpu_terminal_recovery_barrier.py::test_recovery_refuses_caller_transaction_without_consuming_it"}, {"bytes": 66093, "path": "/tmp/ofw-cf1/test_actual_peer_nonce_replace0/project-0/recovery-report.json", "sha256": "9bc9883a6b7551e38c28e8ae22a28a2a757920378aa6d2f133ee59a532bce69c", "test": "tests/test_cpu_terminal_recovery_barrier.py::test_actual_peer_nonce_replacement_cannot_be_completed_by_old_owner"}, {"bytes": 315045, "path": "/tmp/ofw-cf1/test_fresh_cli_resumes_confirm0/domain-project/recovery-report.json", "sha256": "6d50788903a527f12897f1021bf4e177d4adfbb28fc1a805062f1f93759b2a1b", "test": "tests/test_cpu_terminal_recovery_domain.py::test_fresh_cli_resumes_confirmed_domain_without_reinterpretation[schedule-feasibility-v1-valid]"}, {"bytes": 314993, "path": "/tmp/ofw-cf1/test_fresh_cli_resumes_confirm1/domain-project/recovery-report.json", "sha256": "6a69739009a9b7101f34b185379f0f6f4237f0291cb161f355ab5f6edc61ab7b", "test": "tests/test_cpu_terminal_recovery_domain.py::test_fresh_cli_resumes_confirmed_domain_without_reinterpretation[schedule-feasibility-v2-invalid]"}, {"bytes": 147907, "path": "/tmp/ofw-cf1/test_recovery_refuses_changed_0/project-0/recovery-report.json", "sha256": "d9752f791646435d2c1954a0c377009fb579ffb02c3ec88dce4a4e90e4839aef", "test": "tests/test_cpu_terminal_recovery_guards.py::test_recovery_refuses_changed_native_binding[origin]"}, {"bytes": 147879, "path": "/tmp/ofw-cf1/test_recovery_refuses_changed_1/project-0/recovery-report.json", "sha256": "06d49afcdf48fd53d0eabaf7d98301a3bc2242225bb92328f1e09d3e133fc23d", "test": "tests/test_cpu_terminal_recovery_guards.py::test_recovery_refuses_changed_native_binding[kind]"}, {"bytes": 147955, "path": "/tmp/ofw-cf1/test_recovery_refuses_changed_2/project-0/recovery-report.json", "sha256": "3cca307ae0a27a5a4eee4fb8f21a1a0e33c718bf42960200342e9881bc0f0410", "test": "tests/test_cpu_terminal_recovery_guards.py::test_recovery_refuses_changed_native_binding[resource]"}, {"bytes": 147966, "path": "/tmp/ofw-cf1/test_recovery_refuses_changed_3/project-0/recovery-report.json", "sha256": "5b8ae2b5619c0178606ac77340f61e93bb0451122b4c3d0ed06404e7487f1808", "test": "tests/test_cpu_terminal_recovery_guards.py::test_recovery_refuses_changed_native_binding[attempt_ref]"}, {"bytes": 147975, "path": "/tmp/ofw-cf1/test_recovery_refuses_changed_4/project-0/recovery-report.json", "sha256": "f79ba833d61da71cf78e8af64c881b5a6e4e16de5b0eac951ba6674ed163fd8b", "test": "tests/test_cpu_terminal_recovery_guards.py::test_recovery_refuses_changed_native_binding[process_pid]"}, {"bytes": 147980, "path": "/tmp/ofw-cf1/test_recovery_refuses_changed_5/project-0/recovery-report.json", "sha256": "72d86076d1a04a1ffabc6f0b9001c1cd0acec1a4996f15829488dd70a30a5be9", "test": "tests/test_cpu_terminal_recovery_guards.py::test_recovery_refuses_changed_native_binding[command_sha256]"}, {"bytes": 148010, "path": "/tmp/ofw-cf1/test_recovery_refuses_changed_6/project-0/recovery-report.json", "sha256": "2f6467286490ae5a4bcf99d23d7e9e70c2ce74ba9cee3fc0bfc92c2da88ae9d6", "test": "tests/test_cpu_terminal_recovery_guards.py::test_recovery_refuses_changed_native_binding[timeout_seconds]"}, {"bytes": 147929, "path": "/tmp/ofw-cf1/test_recovery_refuses_changed_7/project-0/recovery-report.json", "sha256": "de6da55ca357d2b7db8755c9c716326dd5b2d7a77778e7f3bd738c83e23f197b", "test": "tests/test_cpu_terminal_recovery_guards.py::test_recovery_refuses_changed_captured_source[database]"}, {"bytes": 147950, "path": "/tmp/ofw-cf1/test_recovery_refuses_changed_8/project-0/recovery-report.json", "sha256": "b5004eb6abaef88c4be02871a2e2eff4463fdcd77e4160268d4abadffd52c232", "test": "tests/test_cpu_terminal_recovery_guards.py::test_recovery_refuses_changed_captured_source[claim_sha256]"}, {"bytes": 147961, "path": "/tmp/ofw-cf1/test_recovery_refuses_changed_9/project-0/recovery-report.json", "sha256": "379db2ba1bbec0c8199df260eca0414f13ba3bcf07757936f856851333742830", "test": "tests/test_cpu_terminal_recovery_guards.py::test_recovery_refuses_changed_captured_source[config_sha256]"}, {"bytes": 148152, "path": "/tmp/ofw-cf1/test_recovery_refuses_changed_10/project-0/recovery-report.json", "sha256": "27e91541d72a870283df51af9e4c840c5333e3f4b3e61dc206f98d08053f4ba6", "test": "tests/test_cpu_terminal_recovery_guards.py::test_recovery_refuses_changed_current_lifecycle"}, {"bytes": 147984, "path": "/tmp/ofw-cf1/test_recovery_refuses_rehashed0/project-0/recovery-report.json", "sha256": "a7378c4da10c3a004429ead42317310b9a8707d367cb6e4e508e91a4d8a6f7b7", "test": "tests/test_cpu_terminal_recovery_guards.py::test_recovery_refuses_rehashed_non_cpu_prepared_plan"}, {"bytes": 148134, "path": "/tmp/ofw-cf1/test_recovery_refuses_changed_11/project-0/recovery-report.json", "sha256": "494d0d270bcfcbf86fa8f3d5832b6fc27b1c61fcd3d07040153018e218fe270e", "test": "tests/test_cpu_terminal_recovery_guards.py::test_recovery_refuses_changed_catalog_route"}, {"bytes": 148196, "path": "/tmp/ofw-cf1/test_recovery_refuses_changed_12/project-0/recovery-report.json", "sha256": "e83634ab0c6152195a3fd0c0752157a01dc52b86c6347e0c0e1a1ac1a878311d", "test": "tests/test_cpu_terminal_recovery_guards.py::test_recovery_refuses_changed_ready_member_identity"}, {"bytes": 190500, "path": "/tmp/ofw-cf1/test_recovery_rechecks_source_0/project-0/recovery-report.json", "sha256": "4bf2b9d3f23c95284fb5d1d1d8a4e5be401b635adea4d17c2db8b0c39f7a7a88", "test": "tests/test_cpu_terminal_recovery_guards.py::test_recovery_rechecks_source_after_enumeration_before_settlement"}, {"bytes": 149447, "path": "/tmp/ofw-cf1/test_preexisting_stop_never_au0/project-0/recovery-report.json", "sha256": "25216f63879389fb9b5d086ef491456179c3a67ac58d810594d1a789b471470f", "test": "tests/test_cpu_terminal_recovery_guards.py::test_preexisting_stop_never_authorizes_automatic_settlement[ordinary_stop]"}, {"bytes": 149341, "path": "/tmp/ofw-cf1/test_preexisting_stop_never_au1/project-0/recovery-report.json", "sha256": "97e1b93f19dcc21a13ea2b800bc10fe981f54ec8e1c1d78c6194578fc9383c1c", "test": "tests/test_cpu_terminal_recovery_guards.py::test_preexisting_stop_never_authorizes_automatic_settlement[storage_hold]"}, {"bytes": 149496, "path": "/tmp/ofw-cf1/test_preexisting_stop_never_au2/project-0/recovery-report.json", "sha256": "b0375b899e0c6f9b1f947056439f0b570c9bee430b7e7f48389562a423ec6206", "test": "tests/test_cpu_terminal_recovery_guards.py::test_preexisting_stop_never_authorizes_automatic_settlement[masked_storage_hold]"}, {"bytes": 148110, "path": "/tmp/ofw-cf1/test_recovery_refuses_unbound_0/project-0/recovery-report.json", "sha256": "6d6d314bd9130e7bfc3ef20128c5ccecfda684ab0c9b12133914ff4e044eed66", "test": "tests/test_cpu_terminal_recovery_guards.py::test_recovery_refuses_unbound_replication_request_field"}, {"bytes": 148056, "path": "/tmp/ofw-cf1/test_recovery_refuses_artifact0/project-0/recovery-report.json", "sha256": "54f9111e545cb1ffcc11affe8e781e160b85eeadc1fbb0862d228858932e9f12", "test": "tests/test_cpu_terminal_recovery_guards.py::test_recovery_refuses_artifact_root_unrelated_to_published_records"}, {"bytes": 211994, "path": "/tmp/ofw-cf1/test_restart_settles_confirmed0/project-0/recovery-report.json", "sha256": "d3963f334317fef6d28c51ee700c682863c08a334fe02cff4058d2e2b99b1fb0", "test": "tests/test_cpu_terminal_settlement_recovery.py::test_restart_settles_confirmed_terminal_without_repeating_original_worker[0]"}, {"bytes": 200422, "path": "/tmp/ofw-cf1/test_restart_settles_confirmed1/project-0/recovery-report.json", "sha256": "93da259016a2e737fcaceeaee50967bce21e5f2825304e323e4b741f26e912e0", "test": "tests/test_cpu_terminal_settlement_recovery.py::test_restart_settles_confirmed_terminal_without_repeating_original_worker[7]"}, {"bytes": 126816, "path": "/tmp/ofw-cf1/test_real_v2_confirmed_termina0/project-0/recovery-report.json", "sha256": "d8be46a9e5e1c13066deb8faf45cbf835f722144182a2deb451cc721d408e29f", "test": "tests/test_runtime_lease_recovery.py::test_real_v2_confirmed_terminal_crash_recovers_metadata_only[0]"}, {"bytes": 118420, "path": "/tmp/ofw-cf1/test_real_v2_confirmed_termina1/project-0/recovery-report.json", "sha256": "8ffe8d04cef7f6f2d89c904bd2778cf1743c444e1dd33114e3b91c9c1e6de4b6", "test": "tests/test_runtime_lease_recovery.py::test_real_v2_confirmed_terminal_crash_recovers_metadata_only[7]"}, {"bytes": 119636, "path": "/tmp/ofw-cf1/test_real_historical_v1_termin0/historical-project/recovery-report.json", "sha256": "b8e7b1c1e441503f6921369ec79a4452915e2bc539a8ff3cccd9bb94c3a6be2f", "test": "tests/test_runtime_lease_recovery.py::test_real_historical_v1_terminal_recovers_without_upgrade_or_reexecution"}]
ACCEPTANCE_REPORTS=[{"bytes": 279885, "name": "sorting_default", "path": "/tmp/ofw-cf1/acceptance-sorting-default0/acceptance-report.json", "sha256": "35c334306e1cb923b3b2542ed27f6a63da1f8d6819b7e66884033d9d1f89f4de"}, {"bytes": 120986, "name": "sorting_counterfactual", "path": "/tmp/ofw-cf1/acceptance-sorting-counterfactual0/acceptance-report.json", "sha256": "493a37ec7cf0abf381c696b02eeee3f8c70dcad19f5738f1ce1216665679ecd4"}, {"bytes": 274861, "name": "compression_default", "path": "/tmp/ofw-cf1/acceptance-compression-default0/acceptance-report.json", "sha256": "eb4e46193940f7589a24c1778ccb1bd75d57d8a7e09e3fcfab9bca3177dcceb7"}, {"bytes": 120587, "name": "compression_counterfactual", "path": "/tmp/ofw-cf1/acceptance-compression-counterfactual0/acceptance-report.json", "sha256": "0aa3eb1321924ee518db049d1c330bb720fccb530d12af67cfc7152910ea4d98"}]

=============================== warnings summary ===============================
../../../../../../home/erik/.local/lib/python3.10/site-packages/_pytest/config/__init__.py:885
  /home/erik/.local/lib/python3.10/site-packages/_pytest/config/__init__.py:885: PytestAssertRewriteWarning: Module already imported so cannot be rewritten; cpu_terminal_recovery_helpers
    self.import_plugin(import_spec)

../../../../../../home/erik/.local/lib/python3.10/site-packages/_pytest/config/__init__.py:885
  /home/erik/.local/lib/python3.10/site-packages/_pytest/config/__init__.py:885: PytestAssertRewriteWarning: Module already imported so cannot be rewritten; examples.holdout.testing
    self.import_plugin(import_spec)

-- Docs: https://docs.pytest.org/en/stable/how-to/capture-warnings.html
=========================== short test summary info ============================
SKIPPED [1] ../core/tests/test_sweeper.py:12: could not import 'orze_pro.engine.role_runner': This is a stub package. Install the real orze-pro via: export ORZE_PRO_KEY='...' && orze run
SKIPPED [1] ../core/tests/test_evolution.py:228: could not import 'orze_pro.agents.code_evolution': This is a stub package. Install the real orze-pro via: export ORZE_PRO_KEY='...' && orze run
SKIPPED [1] ../core/tests/test_evolution.py:239: could not import 'orze_pro.agents.code_evolution': This is a stub package. Install the real orze-pro via: export ORZE_PRO_KEY='...' && orze run
SKIPPED [1] ../core/tests/test_evolution.py:255: could not import 'orze_pro.agents.meta_research': This is a stub package. Install the real orze-pro via: export ORZE_PRO_KEY='...' && orze run
SKIPPED [1] ../core/tests/test_fsm_runner_registry.py:13: could not import 'orze_pro': This is a stub package. Install the real orze-pro via: export ORZE_PRO_KEY='...' && orze run
SKIPPED [1] ../core/tests/test_skill_registry.py:123: orze-pro not installed
SKIPPED [1] ../core/tests/test_skill_registry.py:135: orze-pro not installed
5021 passed, 7 skipped, 2 warnings in 1059.43s (0:17:39)
