........................................................................ [  1%]
........................................................................ [  3%]
........................................................................ [  4%]
........................................................................ [  6%]
........................................................................ [  7%]
........................................................................ [  9%]
........................................................................ [ 10%]
........................................................................ [ 12%]
........................................................................ [ 13%]
........................................................................ [ 15%]
........................................................................ [ 16%]
........................................................................ [ 18%]
........................................................................ [ 19%]
........................................................................ [ 21%]
........................................................................ [ 22%]
........................................................................ [ 24%]
........................................................................ [ 25%]
........................................................................ [ 27%]
........................................................................ [ 28%]
........................................................................ [ 30%]
........................................................................ [ 31%]
........................................................................ [ 33%]
........................................................................ [ 34%]
........................................................................ [ 36%]
........................................................................ [ 37%]
........................................................................ [ 39%]
........................................................................ [ 40%]
........................................................................ [ 42%]
sss..................................................................... [ 43%]
........................................................................ [ 45%]
........................................................................ [ 46%]
........................................................................ [ 48%]
............s........................................................... [ 49%]
........................................................................ [ 51%]
........................................................................ [ 52%]
........................................................................ [ 54%]
........................................................................ [ 55%]
..........................FF............................................ [ 57%]
........................................................................ [ 58%]
........................................................................ [ 60%]
........................................................................ [ 61%]
........................................................................ [ 63%]
........................................................................ [ 64%]
........................................................................ [ 66%]
........................................................................ [ 67%]
........................................................................ [ 69%]
........................................................................ [ 70%]
........................................................................ [ 72%]
........................................................................ [ 73%]
........................................................................ [ 75%]
........................................................................ [ 76%]
........................................................................ [ 78%]
........................................................................ [ 79%]
........................................................................ [ 81%]
........................................................................ [ 82%]
........................................................................ [ 84%]
........................................................................ [ 85%]
........................................................................ [ 87%]
........................................................................ [ 88%]
........................................................................ [ 90%]
........................................................................ [ 91%]
..........................ss............................................ [ 93%]
........................................................................ [ 94%]
........................................................................ [ 96%]
........................................................................ [ 97%]
........................................................................ [ 99%]
.............................                                            [100%]HOLDOUT_REPORTS=[{"bytes": 2507286, "name": "workflow", "path": "/tmp/onz-c1/holdout-workflow0/holdout-report.json", "sha256": "b6a579807e0bc81cfab9ef92fccd7152c4eb8c45fac4cad7e977f4e56013c842"}, {"bytes": 143031, "name": "boundary", "path": "/tmp/onz-c1/holdout-boundary0/holdout-report.json", "sha256": "c08f0ab1d1f622b50d890211d0217284dc79099c4a539b3c5c2ab43afdfce02d"}, {"bytes": 143151, "name": "duplicate_id", "path": "/tmp/onz-c1/holdout-duplicate_id0/holdout-report.json", "sha256": "c8e008280991232102919480861c218fddfbdb568ddcb42ef82bdf9039ceede4"}, {"bytes": 144466, "name": "missing_prerequisite", "path": "/tmp/onz-c1/holdout-missing_prerequisite0/holdout-report.json", "sha256": "f07477cc107c76efc3c678e87352f3097d50514cd546e1e20194085e67729aec"}, {"bytes": 142528, "name": "overload", "path": "/tmp/onz-c1/holdout-overload0/holdout-report.json", "sha256": "1cf924846ae377353558f7ca89a936f905a8fd7164c2742453fa9ce1b05f2d34"}, {"bytes": 141335, "name": "malformed", "path": "/tmp/onz-c1/holdout-malformed0/holdout-report.json", "sha256": "92969dbc0e276ccdff34963d3ae0ef5596efb8dbf2d4b92e415de7b925022a6a"}]
CPU_RECOVERY_REPORTS=[{"bytes": 82692, "path": "/tmp/onz-c1/test_real_confirmed_terminal_r0/project-0/recovery-report.json", "sha256": "92eaead99133e2ac2a459cb53dcbc4de69ef6a2768bae4a234e1f283170673ec", "test": "tests/test_cpu_claim_reader_consolidation.py::TestPublicSnapshotRouting::test_real_confirmed_terminal_recovery_uses_required_8k_public_snapshot"}, {"bytes": 104380, "path": "/tmp/onz-c1/test_post_delete_fsync_uncerta0/project-0/recovery-report.json", "sha256": "2fcce1729df8195596b9c7dd274962f9fcaa13136e8d56d12d0537bee919cee5", "test": "tests/test_cpu_terminal_recovery_barrier.py::test_post_delete_fsync_uncertainty_blocks_fresh_restart_with_zero_bound[effect]"}, {"bytes": 104398, "path": "/tmp/onz-c1/test_post_delete_fsync_uncerta1/project-0/recovery-report.json", "sha256": "13810547401b45411a0da812ae5a3f7df596c0101678893c767853c24eee6d8e", "test": "tests/test_cpu_terminal_recovery_barrier.py::test_post_delete_fsync_uncertainty_blocks_fresh_restart_with_zero_bound[recovery]"}, {"bytes": 67290, "path": "/tmp/onz-c1/test_in_progress_denies_alread0/project-0/recovery-report.json", "sha256": "d36ed05acedc438502b3c415db4db8bc66975e09ac353e6608646f893bb0db92", "test": "tests/test_cpu_terminal_recovery_barrier.py::test_in_progress_denies_already_running_peer_admission[reserve]"}, {"bytes": 67279, "path": "/tmp/onz-c1/test_in_progress_denies_alread1/project-0/recovery-report.json", "sha256": "d41e8c42168ef2cb8ceb8e426fa24bea26a14bad27df069ba335e2eb79e3ff8b", "test": "tests/test_cpu_terminal_recovery_barrier.py::test_in_progress_denies_already_running_peer_admission[require_permit]"}, {"bytes": 66156, "path": "/tmp/onz-c1/test_two_recovery_consumers_do0/project-0/recovery-report.json", "sha256": "53c3837e6fe9cf5194a72b350a91e6da0e0609b6576ac3c76513756ba37447a2", "test": "tests/test_cpu_terminal_recovery_barrier.py::test_two_recovery_consumers_do_not_repeat_settlement_or_poison_owner"}, {"bytes": 66563, "path": "/tmp/onz-c1/test_legal_peer_decision_after0/project-0/recovery-report.json", "sha256": "17239832f0dc6e9a1882a247ffef453d6f7d1d60ab9102491573fcbcd505afe0", "test": "tests/test_cpu_terminal_recovery_barrier.py::test_legal_peer_decision_after_complete_commit_preserves_exact_owner_result"}, {"bytes": 102202, "path": "/tmp/onz-c1/test_recovery_transaction_unkn0/project-0/recovery-report.json", "sha256": "5be571886f8040a2775ab6c09d5b0aa9cc38259e6d9255fba91066c73c038495", "test": "tests/test_cpu_terminal_recovery_barrier.py::test_recovery_transaction_unknown_is_not_an_ordinary_success[IN_PROGRESS-rollback]"}, {"bytes": 104319, "path": "/tmp/onz-c1/test_recovery_transaction_unkn1/project-0/recovery-report.json", "sha256": "862fb6a54624b3a279c940278dfd242bf9dd49ea2842f0d5a0bd5198ac4d110f", "test": "tests/test_cpu_terminal_recovery_barrier.py::test_recovery_transaction_unknown_is_not_an_ordinary_success[COMPLETE-rollback]"}, {"bytes": 105712, "path": "/tmp/onz-c1/test_recovery_transaction_unkn2/project-0/recovery-report.json", "sha256": "fa7accb3141078c83a3ebe3454453d0b8fce12f6cfc0210965cfbc5ea93f9b21", "test": "tests/test_cpu_terminal_recovery_barrier.py::test_recovery_transaction_unknown_is_not_an_ordinary_success[COMPLETE-committed_raise]"}, {"bytes": 65237, "path": "/tmp/onz-c1/test_existing_unqualified_gate0/project-0/recovery-report.json", "sha256": "24af5f704739d9ff754c098e96cf866796bba4536e1a489c985cc9c7c5fa6615", "test": "tests/test_cpu_terminal_recovery_barrier.py::test_existing_unqualified_gate_owner_is_preserved"}, {"bytes": 65236, "path": "/tmp/onz-c1/test_recovery_refuses_caller_t0/project-0/recovery-report.json", "sha256": "b38753ccc0f288ab6d0fd95c0e8119b223ea80ae9a8bbebc9da23658fe4e1709", "test": "tests/test_cpu_terminal_recovery_barrier.py::test_recovery_refuses_caller_transaction_without_consuming_it"}, {"bytes": 66027, "path": "/tmp/onz-c1/test_actual_peer_nonce_replace0/project-0/recovery-report.json", "sha256": "dafe2be8f2a559919100d4c67fee7748ef42fc79c4c83f4d0502d283588ee019", "test": "tests/test_cpu_terminal_recovery_barrier.py::test_actual_peer_nonce_replacement_cannot_be_completed_by_old_owner"}, {"bytes": 314700, "path": "/tmp/onz-c1/test_fresh_cli_resumes_confirm0/domain-project/recovery-report.json", "sha256": "a4fd1cef13ae08856f22dfbffb63310bc53e8235220caa6da5eb46dad8134a74", "test": "tests/test_cpu_terminal_recovery_domain.py::test_fresh_cli_resumes_confirmed_domain_without_reinterpretation[schedule-feasibility-v1-valid]"}, {"bytes": 314650, "path": "/tmp/onz-c1/test_fresh_cli_resumes_confirm1/domain-project/recovery-report.json", "sha256": "35d78d76e6348c5f3cea81426bce5256323c0f6b16b2f0920963745806df8027", "test": "tests/test_cpu_terminal_recovery_domain.py::test_fresh_cli_resumes_confirmed_domain_without_reinterpretation[schedule-feasibility-v2-invalid]"}, {"bytes": 147752, "path": "/tmp/onz-c1/test_recovery_refuses_changed_0/project-0/recovery-report.json", "sha256": "899241aef165e7d443f74f1747708abeb2ebd593b543dc34f93f14d44d93db46", "test": "tests/test_cpu_terminal_recovery_guards.py::test_recovery_refuses_changed_native_binding[origin]"}, {"bytes": 147719, "path": "/tmp/onz-c1/test_recovery_refuses_changed_1/project-0/recovery-report.json", "sha256": "d1e25b47139bcb24a94bd6a3d6184a9fb2460a1ea49e12bb26ea78cff401ef20", "test": "tests/test_cpu_terminal_recovery_guards.py::test_recovery_refuses_changed_native_binding[kind]"}, {"bytes": 147780, "path": "/tmp/onz-c1/test_recovery_refuses_changed_2/project-0/recovery-report.json", "sha256": "0de083af4071310719d929173afb5b2ee1c6f3c8280b6ea430d898e3405ca57a", "test": "tests/test_cpu_terminal_recovery_guards.py::test_recovery_refuses_changed_native_binding[resource]"}, {"bytes": 147821, "path": "/tmp/onz-c1/test_recovery_refuses_changed_3/project-0/recovery-report.json", "sha256": "55f65e68463c0500593a05392ac62f79fca0e00c203f66e6c50ab4d5dbb53af7", "test": "tests/test_cpu_terminal_recovery_guards.py::test_recovery_refuses_changed_native_binding[attempt_ref]"}, {"bytes": 147808, "path": "/tmp/onz-c1/test_recovery_refuses_changed_4/project-0/recovery-report.json", "sha256": "cf2b1cf28a08310f6765713bbbe88128ddd53f44dde22fa606956d555cbcc9c5", "test": "tests/test_cpu_terminal_recovery_guards.py::test_recovery_refuses_changed_native_binding[process_pid]"}, {"bytes": 147836, "path": "/tmp/onz-c1/test_recovery_refuses_changed_5/project-0/recovery-report.json", "sha256": "8fefc5a7a1b1b077aa9455d08f14d057b9fec22d5be5e7615be88d2537930651", "test": "tests/test_cpu_terminal_recovery_guards.py::test_recovery_refuses_changed_native_binding[command_sha256]"}, {"bytes": 147834, "path": "/tmp/onz-c1/test_recovery_refuses_changed_6/project-0/recovery-report.json", "sha256": "ce4183646abea5330caa0a459318639625923f537fe9c84227888232d340432a", "test": "tests/test_cpu_terminal_recovery_guards.py::test_recovery_refuses_changed_native_binding[timeout_seconds]"}, {"bytes": 147767, "path": "/tmp/onz-c1/test_recovery_refuses_changed_7/project-0/recovery-report.json", "sha256": "fdd0fc9fe73b91ce140b0a8103ec0518e70ce53c813ed67821ba49bcd2bc6be4", "test": "tests/test_cpu_terminal_recovery_guards.py::test_recovery_refuses_changed_captured_source[database]"}, {"bytes": 147796, "path": "/tmp/onz-c1/test_recovery_refuses_changed_8/project-0/recovery-report.json", "sha256": "e52c5bfde7190270b3915dc42c35d824ba3cc37f7bcbda975e66aed225982867", "test": "tests/test_cpu_terminal_recovery_guards.py::test_recovery_refuses_changed_captured_source[claim_sha256]"}, {"bytes": 147801, "path": "/tmp/onz-c1/test_recovery_refuses_changed_9/project-0/recovery-report.json", "sha256": "3c75108280e6c203313fbc6d06fb5d0d13da250f859d94e0a241ec65b9faa5b6", "test": "tests/test_cpu_terminal_recovery_guards.py::test_recovery_refuses_changed_captured_source[config_sha256]"}, {"bytes": 147990, "path": "/tmp/onz-c1/test_recovery_refuses_changed_10/project-0/recovery-report.json", "sha256": "cfc228e97df74de12c50177ef5f4ceccb3f679f7ce0cbda5c520fb934d027567", "test": "tests/test_cpu_terminal_recovery_guards.py::test_recovery_refuses_changed_current_lifecycle"}, {"bytes": 147839, "path": "/tmp/onz-c1/test_recovery_refuses_rehashed0/project-0/recovery-report.json", "sha256": "96eb2be66c1792c8005a2e6785a3c70094151aeffee5e6c6a12433981be310fe", "test": "tests/test_cpu_terminal_recovery_guards.py::test_recovery_refuses_rehashed_non_cpu_prepared_plan"}, {"bytes": 147973, "path": "/tmp/onz-c1/test_recovery_refuses_changed_11/project-0/recovery-report.json", "sha256": "023098aa6cf70ceb4f525ade4091750d0a73abbcd72fba5a1763d3ef71b4dccc", "test": "tests/test_cpu_terminal_recovery_guards.py::test_recovery_refuses_changed_catalog_route"}, {"bytes": 148037, "path": "/tmp/onz-c1/test_recovery_refuses_changed_12/project-0/recovery-report.json", "sha256": "721206112ca655a33aa5f18f82c3539c7b3340e69f64406251c1c90709926193", "test": "tests/test_cpu_terminal_recovery_guards.py::test_recovery_refuses_changed_ready_member_identity"}, {"bytes": 190286, "path": "/tmp/onz-c1/test_recovery_rechecks_source_0/project-0/recovery-report.json", "sha256": "ec9acb443446d2824ae2568012f44ac12a72f2e70cd9a07e9e6ba812915c51a5", "test": "tests/test_cpu_terminal_recovery_guards.py::test_recovery_rechecks_source_after_enumeration_before_settlement"}, {"bytes": 149286, "path": "/tmp/onz-c1/test_preexisting_stop_never_au0/project-0/recovery-report.json", "sha256": "d24fa0e2e3795e72ff75bc53ba2eae4421e1becee930bdef13b8c33cfdb1ab67", "test": "tests/test_cpu_terminal_recovery_guards.py::test_preexisting_stop_never_authorizes_automatic_settlement[ordinary_stop]"}, {"bytes": 149183, "path": "/tmp/onz-c1/test_preexisting_stop_never_au1/project-0/recovery-report.json", "sha256": "8f7c8a3f8728277452a15d28763644923ab558596ffaa4a749c72a8fd30767d0", "test": "tests/test_cpu_terminal_recovery_guards.py::test_preexisting_stop_never_authorizes_automatic_settlement[storage_hold]"}, {"bytes": 149335, "path": "/tmp/onz-c1/test_preexisting_stop_never_au2/project-0/recovery-report.json", "sha256": "b8cd1a7c08541ac1042fbcc32d6bcd9f9ccec67c32b57a73369d532f6ff7c416", "test": "tests/test_cpu_terminal_recovery_guards.py::test_preexisting_stop_never_authorizes_automatic_settlement[masked_storage_hold]"}, {"bytes": 147951, "path": "/tmp/onz-c1/test_recovery_refuses_unbound_0/project-0/recovery-report.json", "sha256": "8f9ac3adbafeb31fd4d86e162520ca14b84ed4cbb17de7a709f768c84eb7d63e", "test": "tests/test_cpu_terminal_recovery_guards.py::test_recovery_refuses_unbound_replication_request_field"}, {"bytes": 147917, "path": "/tmp/onz-c1/test_recovery_refuses_artifact0/project-0/recovery-report.json", "sha256": "bf17275b7f46aa481cbfe5b96158e6a66c2a0972a147a2c93e17549115ee47e9", "test": "tests/test_cpu_terminal_recovery_guards.py::test_recovery_refuses_artifact_root_unrelated_to_published_records"}, {"bytes": 211735, "path": "/tmp/onz-c1/test_restart_settles_confirmed0/project-0/recovery-report.json", "sha256": "b67d912fa3ca69d290e3047b4ca9144fb3f60c79ab990b36b6ad77ae5a42d47a", "test": "tests/test_cpu_terminal_settlement_recovery.py::test_restart_settles_confirmed_terminal_without_repeating_original_worker[0]"}, {"bytes": 200197, "path": "/tmp/onz-c1/test_restart_settles_confirmed1/project-0/recovery-report.json", "sha256": "f9ee78f67a93001ed615b7ede81d477516f64aa477558c0f5eba363e3d4d6c2c", "test": "tests/test_cpu_terminal_settlement_recovery.py::test_restart_settles_confirmed_terminal_without_repeating_original_worker[7]"}, {"bytes": 126662, "path": "/tmp/onz-c1/test_real_v2_confirmed_termina0/project-0/recovery-report.json", "sha256": "3706d419686193e78a3460a17d5fe9f4e3131448c258d88874560a0f85375cc0", "test": "tests/test_runtime_lease_recovery.py::test_real_v2_confirmed_terminal_crash_recovers_metadata_only[0]"}, {"bytes": 118297, "path": "/tmp/onz-c1/test_real_v2_confirmed_termina1/project-0/recovery-report.json", "sha256": "49cf82039778e434ec327ba21f003bf0c03730b46945626146d0126ed378f28a", "test": "tests/test_runtime_lease_recovery.py::test_real_v2_confirmed_terminal_crash_recovers_metadata_only[7]"}, {"bytes": 119476, "path": "/tmp/onz-c1/test_real_historical_v1_termin0/historical-project/recovery-report.json", "sha256": "1372b7fb22da58a514467deef61983f224c79720ac8667a92ff3ce5cd4de62cd", "test": "tests/test_runtime_lease_recovery.py::test_real_historical_v1_terminal_recovers_without_upgrade_or_reexecution"}]
ACCEPTANCE_REPORTS=[{"bytes": 279666, "name": "sorting_default", "path": "/tmp/onz-c1/acceptance-sorting-default0/acceptance-report.json", "sha256": "9bbfdb26db8adba27bae2b120a55a1549add95d477b57662d2c6da5a304731fe"}, {"bytes": 120847, "name": "sorting_counterfactual", "path": "/tmp/onz-c1/acceptance-sorting-counterfactual0/acceptance-report.json", "sha256": "5e553bdcceedb7c73198a9fedd53d256e2aa8462d068409fb9c073e645feccb6"}, {"bytes": 274511, "name": "compression_default", "path": "/tmp/onz-c1/acceptance-compression-default0/acceptance-report.json", "sha256": "eb220d6fc0f2e567ac0a0e4649420074c19a024452eab080f228dfa6db874093"}, {"bytes": 120436, "name": "compression_counterfactual", "path": "/tmp/onz-c1/acceptance-compression-counterfactual0/acceptance-report.json", "sha256": "c40150b2e6f72a633e44bd771865415172e7e01db7ba9f88ad580bb746f0c37d"}]

=================================== FAILURES ===================================
______ test_benchmark_verifies_exact_blocked_receipts_at_acceptance_scale ______
tests/test_launch_policy_latency.py:54: in test_benchmark_verifies_exact_blocked_receipts_at_acceptance_scale
    receipt = run_benchmark(
src/orze/benchmarks/launch_policy_latency.py:117: in run_benchmark
    completed = runner(
tests/test_launch_policy_latency.py:20: in run
    assert command[1].endswith("/orze/src/orze/cli.py")
E   AssertionError: assert False
E    +  where False = <built-in method endswith of str object at 0x14f36e81e9b0>('/orze/src/orze/cli.py')
E    +    where <built-in method endswith of str object at 0x14f36e81e9b0> = '/hot-data/fsx/workspace/erik/orze-p1-continuation-20260914/core/src/orze/cli.py'.endswith
_______________ test_benchmark_fails_closed_on_one_false_receipt _______________
tests/test_launch_policy_latency.py:76: in test_benchmark_fails_closed_on_one_false_receipt
    receipt = run_benchmark(
src/orze/benchmarks/launch_policy_latency.py:117: in run_benchmark
    completed = runner(
tests/test_launch_policy_latency.py:20: in run
    assert command[1].endswith("/orze/src/orze/cli.py")
E   AssertionError: assert False
E    +  where False = <built-in method endswith of str object at 0x14f36e81ce30>('/orze/src/orze/cli.py')
E    +    where <built-in method endswith of str object at 0x14f36e81ce30> = '/hot-data/fsx/workspace/erik/orze-p1-continuation-20260914/core/src/orze/cli.py'.endswith
=============================== warnings summary ===============================
../../../../../../home/erik/.local/lib/python3.10/site-packages/_pytest/config/__init__.py:885
  /home/erik/.local/lib/python3.10/site-packages/_pytest/config/__init__.py:885: PytestAssertRewriteWarning: Module already imported so cannot be rewritten; cpu_terminal_recovery_helpers
    self.import_plugin(import_spec)

../../../../../../home/erik/.local/lib/python3.10/site-packages/_pytest/config/__init__.py:885
  /home/erik/.local/lib/python3.10/site-packages/_pytest/config/__init__.py:885: PytestAssertRewriteWarning: Module already imported so cannot be rewritten; examples.holdout.testing
    self.import_plugin(import_spec)

-- Docs: https://docs.pytest.org/en/stable/how-to/capture-warnings.html
=========================== short test summary info ============================
SKIPPED [1] tests/test_sweeper.py:12: could not import 'orze_pro.engine.role_runner': This is a stub package. Install the real orze-pro via: export ORZE_PRO_KEY='...' && orze run
SKIPPED [1] tests/test_evolution.py:228: could not import 'orze_pro.agents.code_evolution': This is a stub package. Install the real orze-pro via: export ORZE_PRO_KEY='...' && orze run
SKIPPED [1] tests/test_evolution.py:239: could not import 'orze_pro.agents.code_evolution': This is a stub package. Install the real orze-pro via: export ORZE_PRO_KEY='...' && orze run
SKIPPED [1] tests/test_evolution.py:255: could not import 'orze_pro.agents.meta_research': This is a stub package. Install the real orze-pro via: export ORZE_PRO_KEY='...' && orze run
SKIPPED [1] tests/test_fsm_runner_registry.py:13: could not import 'orze_pro': This is a stub package. Install the real orze-pro via: export ORZE_PRO_KEY='...' && orze run
SKIPPED [1] tests/test_skill_registry.py:123: orze-pro not installed
SKIPPED [1] tests/test_skill_registry.py:135: orze-pro not installed
2 failed, 4773 passed, 7 skipped, 2 warnings in 827.65s (0:13:47)
