........................................................................ [  1%]
........................................................................ [  2%]
........................................................................ [  4%]
........................................................................ [  5%]
........................................................................ [  6%]
........................................................................ [  8%]
........................................................................ [  9%]
........................................................................ [ 10%]
........................................................................ [ 12%]
........................................................................ [ 13%]
........................................................................ [ 14%]
........................................................................ [ 16%]
........................................................................ [ 17%]
........................................................................ [ 19%]
........................................................................ [ 20%]
........................................................................ [ 21%]
........................................................................ [ 23%]
........................................................................ [ 24%]
........................................................................ [ 25%]
........................................................................ [ 27%]
........................................................................ [ 28%]
........................................................................ [ 29%]
........................................................................ [ 31%]
........................................................................ [ 32%]
........................................................................ [ 34%]
........................................................................ [ 35%]
........................................................................ [ 36%]
........................................................................ [ 38%]
........................................................................ [ 39%]
................sss..................................................... [ 40%]
........................................................................ [ 42%]
........................................................................ [ 43%]
........................................................................ [ 44%]
........................................................................ [ 46%]
........................................................................ [ 47%]
........................................................................ [ 49%]
........................................................................ [ 50%]
........................................................................ [ 51%]
........................................................................ [ 53%]
........................................................................ [ 54%]
........................................................................ [ 55%]
........................................................................ [ 57%]
........................................................................ [ 58%]
........................................................................ [ 59%]
........................................................................ [ 61%]
........................................................................ [ 62%]
........................................................................ [ 64%]
........................................................................ [ 65%]
........................................................................ [ 66%]
........................................................................ [ 68%]
........................................................................ [ 69%]
........................................................................ [ 70%]
........................................................................ [ 72%]
........................................................................ [ 73%]
........................................................................ [ 74%]
........................................................................ [ 76%]
........................................................................ [ 77%]
........................................................................ [ 79%]
........................................................................ [ 80%]
........................................................................ [ 81%]
........................................................................ [ 83%]
........................................................................ [ 84%]
........................................................................ [ 85%]
........................................................................ [ 87%]
........................................................................ [ 88%]
........................................................................ [ 89%]
........................................................................ [ 91%]
.....................................ss................................. [ 92%]
........................................................................ [ 94%]
........................................................................ [ 95%]
........................................................................ [ 96%]
........................................................................ [ 98%]
........................................................................ [ 99%]
...........................                                              [100%]HOLDOUT_REPORTS=[{"bytes": 2505121, "name": "workflow", "path": "/tmp/ur-cf1/holdout-workflow0/holdout-report.json", "sha256": "6df4c2acc5b7e3832c744572f44952155893f5fa3303ad1eebee94cbe12bbd47"}, {"bytes": 142893, "name": "boundary", "path": "/tmp/ur-cf1/holdout-boundary0/holdout-report.json", "sha256": "aa23cdbc39fad6546fc2887fa1642e53d2ada2749358dec973a0111ea5eff522"}, {"bytes": 143006, "name": "duplicate_id", "path": "/tmp/ur-cf1/holdout-duplicate_id0/holdout-report.json", "sha256": "d19412ecb3b603448cf6d748dc5bd5b06ad5271a24c49128d5aa758ffe70f1e2"}, {"bytes": 144325, "name": "missing_prerequisite", "path": "/tmp/ur-cf1/holdout-missing_prerequisite0/holdout-report.json", "sha256": "c6a0cc52d5741f00f14fde288ecc532c3877d97710c4c399da06f9c1a08d3bc8"}, {"bytes": 142393, "name": "overload", "path": "/tmp/ur-cf1/holdout-overload0/holdout-report.json", "sha256": "94acbbcb67f4a85e4c100e6278e1b0ca92624b2df5c4885df2315af15fc95926"}, {"bytes": 141205, "name": "malformed", "path": "/tmp/ur-cf1/holdout-malformed0/holdout-report.json", "sha256": "153774a970ecf9e1528e6ac3cc4c55034ff8a1f0fca306a66f08f55661e606b0"}]
CPU_RECOVERY_REPORTS=[{"bytes": 82603, "path": "/tmp/ur-cf1/test_real_confirmed_terminal_r0/project-0/recovery-report.json", "sha256": "ce7831e2e4297bc490b8761bbfa74ab232d2ad8839c7b0f99db17ecda9264307", "test": "tests/test_cpu_claim_reader_consolidation.py::TestPublicSnapshotRouting::test_real_confirmed_terminal_recovery_uses_required_8k_public_snapshot"}, {"bytes": 104278, "path": "/tmp/ur-cf1/test_post_delete_fsync_uncerta0/project-0/recovery-report.json", "sha256": "d310a78939db8ef3c9618d16aa05d54985159dfdbb90c956f140c1f897fe1d42", "test": "tests/test_cpu_terminal_recovery_barrier.py::test_post_delete_fsync_uncertainty_blocks_fresh_restart_with_zero_bound[effect]"}, {"bytes": 104293, "path": "/tmp/ur-cf1/test_post_delete_fsync_uncerta1/project-0/recovery-report.json", "sha256": "78f9596caa6e12391ede6473fc39260aee9f317227cabe7ea1620f8a2bfbaa43", "test": "tests/test_cpu_terminal_recovery_barrier.py::test_post_delete_fsync_uncertainty_blocks_fresh_restart_with_zero_bound[recovery]"}, {"bytes": 67226, "path": "/tmp/ur-cf1/test_in_progress_denies_alread0/project-0/recovery-report.json", "sha256": "7f7ab967a0a11a2e5b5ea49dd11a24a52e92a044d5d86ba339d5ce47e5479bb7", "test": "tests/test_cpu_terminal_recovery_barrier.py::test_in_progress_denies_already_running_peer_admission[reserve]"}, {"bytes": 67224, "path": "/tmp/ur-cf1/test_in_progress_denies_alread1/project-0/recovery-report.json", "sha256": "90af3d4e6b656ef91ba6d90b306ebbcb666eae84110f38c9009f02d8ae3e5acd", "test": "tests/test_cpu_terminal_recovery_barrier.py::test_in_progress_denies_already_running_peer_admission[require_permit]"}, {"bytes": 66095, "path": "/tmp/ur-cf1/test_two_recovery_consumers_do0/project-0/recovery-report.json", "sha256": "14a9eff97898196bff4cb728539c2e8129c2fdcd2e2fb695018fdedf3c6370b2", "test": "tests/test_cpu_terminal_recovery_barrier.py::test_two_recovery_consumers_do_not_repeat_settlement_or_poison_owner"}, {"bytes": 66508, "path": "/tmp/ur-cf1/test_legal_peer_decision_after0/project-0/recovery-report.json", "sha256": "7273acdf3f20800d0b491dae9c5b95ca94759df28d90701691a9b20178e4f394", "test": "tests/test_cpu_terminal_recovery_barrier.py::test_legal_peer_decision_after_complete_commit_preserves_exact_owner_result"}, {"bytes": 102091, "path": "/tmp/ur-cf1/test_recovery_transaction_unkn0/project-0/recovery-report.json", "sha256": "345a7a9a54211d49af6277ecb0f84e7da6cac43f04da54e50ca18662465ea088", "test": "tests/test_cpu_terminal_recovery_barrier.py::test_recovery_transaction_unknown_is_not_an_ordinary_success[IN_PROGRESS-rollback]"}, {"bytes": 104215, "path": "/tmp/ur-cf1/test_recovery_transaction_unkn1/project-0/recovery-report.json", "sha256": "6ed7e1e462ab4f51bb26ea4f36566b3528198f9a7ea20781590d1373036a52cf", "test": "tests/test_cpu_terminal_recovery_barrier.py::test_recovery_transaction_unknown_is_not_an_ordinary_success[COMPLETE-rollback]"}, {"bytes": 105604, "path": "/tmp/ur-cf1/test_recovery_transaction_unkn2/project-0/recovery-report.json", "sha256": "b1b867c5d86c59731dd58f32c8b6fa7c026d0176e26758431d45b22f699213ac", "test": "tests/test_cpu_terminal_recovery_barrier.py::test_recovery_transaction_unknown_is_not_an_ordinary_success[COMPLETE-committed_raise]"}, {"bytes": 65184, "path": "/tmp/ur-cf1/test_existing_unqualified_gate0/project-0/recovery-report.json", "sha256": "1554898a8f403aca08cd052c73e8ca2f0cf21096ad75927af511fd90d54f0399", "test": "tests/test_cpu_terminal_recovery_barrier.py::test_existing_unqualified_gate_owner_is_preserved"}, {"bytes": 65174, "path": "/tmp/ur-cf1/test_recovery_refuses_caller_t0/project-0/recovery-report.json", "sha256": "5d1f53d6028cb95121b96352646d6c18e3fc6ef6ff4b5ec8eb59592540e57095", "test": "tests/test_cpu_terminal_recovery_barrier.py::test_recovery_refuses_caller_transaction_without_consuming_it"}, {"bytes": 65971, "path": "/tmp/ur-cf1/test_actual_peer_nonce_replace0/project-0/recovery-report.json", "sha256": "7679ff3c3727d78bec10bef90a95cd6ca949784b745a60fda682db9ef878ae9b", "test": "tests/test_cpu_terminal_recovery_barrier.py::test_actual_peer_nonce_replacement_cannot_be_completed_by_old_owner"}, {"bytes": 314423, "path": "/tmp/ur-cf1/test_fresh_cli_resumes_confirm0/domain-project/recovery-report.json", "sha256": "ed0407b2036a195a0cf9fa91b5ecff05fb779c766687384bc3378b7b0aa8b2ed", "test": "tests/test_cpu_terminal_recovery_domain.py::test_fresh_cli_resumes_confirmed_domain_without_reinterpretation[schedule-feasibility-v1-valid]"}, {"bytes": 314348, "path": "/tmp/ur-cf1/test_fresh_cli_resumes_confirm1/domain-project/recovery-report.json", "sha256": "304e481c69dc977292bf22971fff44579f8959da2a56d67404a228ba61dedec0", "test": "tests/test_cpu_terminal_recovery_domain.py::test_fresh_cli_resumes_confirmed_domain_without_reinterpretation[schedule-feasibility-v2-invalid]"}, {"bytes": 147609, "path": "/tmp/ur-cf1/test_recovery_refuses_changed_0/project-0/recovery-report.json", "sha256": "c11d8a9d8ef9fd1561a220c7ffe204e17fe7a80700e50414b2989c4f0bddc1e3", "test": "tests/test_cpu_terminal_recovery_guards.py::test_recovery_refuses_changed_native_binding[origin]"}, {"bytes": 147593, "path": "/tmp/ur-cf1/test_recovery_refuses_changed_1/project-0/recovery-report.json", "sha256": "96b18b386117f47d85f7d834663cffe4ac5c13a7f34105e5e38b382e4e757c28", "test": "tests/test_cpu_terminal_recovery_guards.py::test_recovery_refuses_changed_native_binding[kind]"}, {"bytes": 147631, "path": "/tmp/ur-cf1/test_recovery_refuses_changed_2/project-0/recovery-report.json", "sha256": "087ac123e76a11c17975d4b1ac4101c368c8287708ae99159ec1742c154698ea", "test": "tests/test_cpu_terminal_recovery_guards.py::test_recovery_refuses_changed_native_binding[resource]"}, {"bytes": 147676, "path": "/tmp/ur-cf1/test_recovery_refuses_changed_3/project-0/recovery-report.json", "sha256": "cb86f66cea438f19cc2edc8b23c087650d480ad3dedb7736226303d2a0391d6b", "test": "tests/test_cpu_terminal_recovery_guards.py::test_recovery_refuses_changed_native_binding[attempt_ref]"}, {"bytes": 147666, "path": "/tmp/ur-cf1/test_recovery_refuses_changed_4/project-0/recovery-report.json", "sha256": "e059af162273c827116d335d17c111c6bc26832e0ae230af65462c3ec459dc40", "test": "tests/test_cpu_terminal_recovery_guards.py::test_recovery_refuses_changed_native_binding[process_pid]"}, {"bytes": 147679, "path": "/tmp/ur-cf1/test_recovery_refuses_changed_5/project-0/recovery-report.json", "sha256": "b4624f1a577ac52cd1e7d0bce53d4a9c829eefeeb2c9e4952e5b9926167f1444", "test": "tests/test_cpu_terminal_recovery_guards.py::test_recovery_refuses_changed_native_binding[command_sha256]"}, {"bytes": 147709, "path": "/tmp/ur-cf1/test_recovery_refuses_changed_6/project-0/recovery-report.json", "sha256": "81062ecf6d9bddb5c7771ff9fdb25b4eb73f658de199ecdf10e38baa64258362", "test": "tests/test_cpu_terminal_recovery_guards.py::test_recovery_refuses_changed_native_binding[timeout_seconds]"}, {"bytes": 147613, "path": "/tmp/ur-cf1/test_recovery_refuses_changed_7/project-0/recovery-report.json", "sha256": "5607d5f95a7f3bb7db19ff6322ee80438cb66fcecd9c7fe7896e96e2d07929e4", "test": "tests/test_cpu_terminal_recovery_guards.py::test_recovery_refuses_changed_captured_source[database]"}, {"bytes": 147663, "path": "/tmp/ur-cf1/test_recovery_refuses_changed_8/project-0/recovery-report.json", "sha256": "84d88646f626eccc5600ca883d5c8bef55001686a9f9302a81c04558e72d8811", "test": "tests/test_cpu_terminal_recovery_guards.py::test_recovery_refuses_changed_captured_source[claim_sha256]"}, {"bytes": 147654, "path": "/tmp/ur-cf1/test_recovery_refuses_changed_9/project-0/recovery-report.json", "sha256": "800830b31a21a7a6c41c690a32eb3f5f2c115b3993b6fdf75653d84b23125306", "test": "tests/test_cpu_terminal_recovery_guards.py::test_recovery_refuses_changed_captured_source[config_sha256]"}, {"bytes": 147846, "path": "/tmp/ur-cf1/test_recovery_refuses_changed_10/project-0/recovery-report.json", "sha256": "3624a1cd597f755d51cb2b8e6482b8d54161bb59f341c3c5a69d47d160bb4b1b", "test": "tests/test_cpu_terminal_recovery_guards.py::test_recovery_refuses_changed_current_lifecycle"}, {"bytes": 147696, "path": "/tmp/ur-cf1/test_recovery_refuses_rehashed0/project-0/recovery-report.json", "sha256": "17bb06be6917ab66a910fa21be2af9b0579c0638f0b2e17bdd0afd5bd4381c07", "test": "tests/test_cpu_terminal_recovery_guards.py::test_recovery_refuses_rehashed_non_cpu_prepared_plan"}, {"bytes": 147829, "path": "/tmp/ur-cf1/test_recovery_refuses_changed_11/project-0/recovery-report.json", "sha256": "5852a74b5d93129fa2eeb5eab53004fa1d629f10c1190356b0c37d0cf1c50b7b", "test": "tests/test_cpu_terminal_recovery_guards.py::test_recovery_refuses_changed_catalog_route"}, {"bytes": 147893, "path": "/tmp/ur-cf1/test_recovery_refuses_changed_12/project-0/recovery-report.json", "sha256": "558db336d3b57e92d42c035fe9582a4c12054b90f3231ac7788ee26d814f4989", "test": "tests/test_cpu_terminal_recovery_guards.py::test_recovery_refuses_changed_ready_member_identity"}, {"bytes": 190107, "path": "/tmp/ur-cf1/test_recovery_rechecks_source_0/project-0/recovery-report.json", "sha256": "a189f36663f49b1d915daa1abf53d35e2744bb66a69241d800fc235a647a1c71", "test": "tests/test_cpu_terminal_recovery_guards.py::test_recovery_rechecks_source_after_enumeration_before_settlement"}, {"bytes": 149139, "path": "/tmp/ur-cf1/test_preexisting_stop_never_au0/project-0/recovery-report.json", "sha256": "5526ce1783e076ab2f3a024da7354c3ca5cbf6d0f78bb927e1cc89a61d2c6835", "test": "tests/test_cpu_terminal_recovery_guards.py::test_preexisting_stop_never_authorizes_automatic_settlement[ordinary_stop]"}, {"bytes": 149023, "path": "/tmp/ur-cf1/test_preexisting_stop_never_au1/project-0/recovery-report.json", "sha256": "3764f0fd2ec9f3fac46db0f0f4d696e30f1678f17ccea6b0cfbd96ddddfe255c", "test": "tests/test_cpu_terminal_recovery_guards.py::test_preexisting_stop_never_authorizes_automatic_settlement[storage_hold]"}, {"bytes": 149204, "path": "/tmp/ur-cf1/test_preexisting_stop_never_au2/project-0/recovery-report.json", "sha256": "b16aa53522bfe0fe1b6e34af24d31dae4ff954a0dc9a0df0049039f8c97921ab", "test": "tests/test_cpu_terminal_recovery_guards.py::test_preexisting_stop_never_authorizes_automatic_settlement[masked_storage_hold]"}, {"bytes": 147805, "path": "/tmp/ur-cf1/test_recovery_refuses_unbound_0/project-0/recovery-report.json", "sha256": "52c6dc18a8c806dd231fd1e1b4d82192e4abf7e0dcecc02b0da8e35960131a82", "test": "tests/test_cpu_terminal_recovery_guards.py::test_recovery_refuses_unbound_replication_request_field"}, {"bytes": 147772, "path": "/tmp/ur-cf1/test_recovery_refuses_artifact0/project-0/recovery-report.json", "sha256": "1054e0dc22d1fb069e53706e1a4fbb622e15873b7e2a4f227c361f6c6eba8e92", "test": "tests/test_cpu_terminal_recovery_guards.py::test_recovery_refuses_artifact_root_unrelated_to_published_records"}, {"bytes": 211539, "path": "/tmp/ur-cf1/test_restart_settles_confirmed0/project-0/recovery-report.json", "sha256": "a54a3bea581649fc999f95574c524c84040b3d9b7b914301edbbccead20b72f0", "test": "tests/test_cpu_terminal_settlement_recovery.py::test_restart_settles_confirmed_terminal_without_repeating_original_worker[0]"}, {"bytes": 199980, "path": "/tmp/ur-cf1/test_restart_settles_confirmed1/project-0/recovery-report.json", "sha256": "60c2eeaf73426acd7e85926f9ba72f63b16b8f436bc5567c58203387ab75a3a8", "test": "tests/test_cpu_terminal_settlement_recovery.py::test_restart_settles_confirmed_terminal_without_repeating_original_worker[7]"}, {"bytes": 126542, "path": "/tmp/ur-cf1/test_real_v2_confirmed_termina0/project-0/recovery-report.json", "sha256": "bf8292c72d9f6ecda29db5aff715d14e69a05d36d8e483c61da04987df137f3f", "test": "tests/test_runtime_lease_recovery.py::test_real_v2_confirmed_terminal_crash_recovers_metadata_only[0]"}, {"bytes": 118152, "path": "/tmp/ur-cf1/test_real_v2_confirmed_termina1/project-0/recovery-report.json", "sha256": "ec72cbb752a9082fcb0ea99777d9f9b02ababffb0076d730b51f417d2e175e07", "test": "tests/test_runtime_lease_recovery.py::test_real_v2_confirmed_terminal_crash_recovers_metadata_only[7]"}, {"bytes": 119340, "path": "/tmp/ur-cf1/test_real_historical_v1_termin0/historical-project/recovery-report.json", "sha256": "00fd5b916a0af3b22fa90e0f603ef79fd8c88165701c9d9a1400522c10295e3f", "test": "tests/test_runtime_lease_recovery.py::test_real_historical_v1_terminal_recovers_without_upgrade_or_reexecution"}]
ACCEPTANCE_REPORTS=[{"bytes": 279683, "name": "sorting_default", "path": "/tmp/ur-cf1/acceptance-sorting-default0/acceptance-report.json", "sha256": "90ee0fb989e62a6bbaaaa57e1f0780a7c0ba9d12b72f38144352826ee6ca1098"}, {"bytes": 120862, "name": "sorting_counterfactual", "path": "/tmp/ur-cf1/acceptance-sorting-counterfactual0/acceptance-report.json", "sha256": "5f8897cf7598ffe87ae584dc583b84e4e977ac626bb2f65d33fd724f3f9e616d"}, {"bytes": 274530, "name": "compression_default", "path": "/tmp/ur-cf1/acceptance-compression-default0/acceptance-report.json", "sha256": "4178dc308955d3d8d951a04255193278721a963a3f978e9747c49366ecf1feee"}, {"bytes": 120430, "name": "compression_counterfactual", "path": "/tmp/ur-cf1/acceptance-compression-counterfactual0/acceptance-report.json", "sha256": "8f7d7ee2a351c43430e42b3ea8f958bd459c27591c0ec1f407f51c820692eb8a"}]

=============================== warnings summary ===============================
../../../../../../home/erik/.local/lib/python3.10/site-packages/_pytest/config/__init__.py:885
  /home/erik/.local/lib/python3.10/site-packages/_pytest/config/__init__.py:885: PytestAssertRewriteWarning: Module already imported so cannot be rewritten; cpu_terminal_recovery_helpers
    self.import_plugin(import_spec)

../../../../../../home/erik/.local/lib/python3.10/site-packages/_pytest/config/__init__.py:885
  /home/erik/.local/lib/python3.10/site-packages/_pytest/config/__init__.py:885: PytestAssertRewriteWarning: Module already imported so cannot be rewritten; examples.holdout.testing
    self.import_plugin(import_spec)

-- Docs: https://docs.pytest.org/en/stable/how-to/capture-warnings.html
=========================== short test summary info ============================
SKIPPED [1] ../core/tests/test_sweeper.py:12: could not import 'orze_pro.engine.role_runner': orze-pro is not activated. Set ORZE_PRO_KEY environment variable. Get a license at orze.ai/pro
SKIPPED [1] ../core/tests/test_evolution.py:228: could not import 'orze_pro.agents.code_evolution': orze-pro is not activated. Set ORZE_PRO_KEY environment variable. Get a license at orze.ai/pro
SKIPPED [1] ../core/tests/test_evolution.py:239: could not import 'orze_pro.agents.code_evolution': orze-pro is not activated. Set ORZE_PRO_KEY environment variable. Get a license at orze.ai/pro
SKIPPED [1] ../core/tests/test_evolution.py:255: could not import 'orze_pro.agents.meta_research': orze-pro is not activated. Set ORZE_PRO_KEY environment variable. Get a license at orze.ai/pro
SKIPPED [1] ../core/tests/test_skill_registry.py:123: orze-pro not installed
SKIPPED [1] ../core/tests/test_skill_registry.py:135: orze-pro not installed
5278 passed, 6 skipped, 2 warnings in 1140.38s (0:19:00)
