........................................................................ [  1%]
........................................................................ [  2%]
........................................................................ [  4%]
........................................................................ [  5%]
........................................................................ [  7%]
........................................................................ [  8%]
........................................................................ [  9%]
........................................................................ [ 11%]
........................................................................ [ 12%]
........................................................................ [ 14%]
........................................................................ [ 15%]
........................................................................ [ 16%]
........................................................................ [ 18%]
........................................................................ [ 19%]
........................................................................ [ 21%]
........................................................................ [ 22%]
........................................................................ [ 24%]
........................................................................ [ 25%]
........................................................................ [ 26%]
........................................................................ [ 28%]
........................................................................ [ 29%]
........................................................................ [ 31%]
........................................................................ [ 32%]
........................................................................ [ 33%]
........................................................................ [ 35%]
........................................................................ [ 36%]
........................................................................ [ 38%]
........................................................................ [ 39%]
........................................................................ [ 41%]
................sss..................................................... [ 42%]
........................................................................ [ 43%]
........................................................................ [ 45%]
........................................................................ [ 46%]
.....................................................................s.. [ 48%]
........................................................................ [ 49%]
........................................................................ [ 50%]
........................................................................ [ 52%]
........................................................................ [ 53%]
........................................................................ [ 55%]
........................................................................ [ 56%]
........................................................................ [ 57%]
........................................................................ [ 59%]
........................................................................ [ 60%]
........................................................................ [ 62%]
........................................................................ [ 63%]
........................................................................ [ 65%]
........................................................................ [ 66%]
........................................................................ [ 67%]
........................................................................ [ 69%]
........................................................................ [ 70%]
........................................................................ [ 72%]
........................................................................ [ 73%]
........................................................................ [ 74%]
........................................................................ [ 76%]
........................................................................ [ 77%]
........................................................................ [ 79%]
........................................................................ [ 80%]
........................................................................ [ 82%]
........................................................................ [ 83%]
........................................................................ [ 84%]
........................................................................ [ 86%]
........................................................................ [ 87%]
........................................................................ [ 89%]
........................................................................ [ 90%]
........................................................................ [ 91%]
............................ss.......................................... [ 93%]
........................................................................ [ 94%]
........................................................................ [ 96%]
........................................................................ [ 97%]
........................................................................ [ 98%]
....................................................                     [100%]HOLDOUT_REPORTS=[{"bytes": 2510142, "name": "workflow", "path": "/tmp/mfm-cf2/holdout-workflow0/holdout-report.json", "sha256": "0f9e8d941d765a38757954ab83a8c17133d40df34f56072301ac634f328bf5ab"}, {"bytes": 143203, "name": "boundary", "path": "/tmp/mfm-cf2/holdout-boundary0/holdout-report.json", "sha256": "b7c42374414558832c4a2158ed38cfbcc60c6b89e9aa765368dd204d2fd0eb87"}, {"bytes": 143311, "name": "duplicate_id", "path": "/tmp/mfm-cf2/holdout-duplicate_id0/holdout-report.json", "sha256": "108e3cb0152707e8d8fc784d9ef884025cc66c07d3c72a2900bec24aad5afbbd"}, {"bytes": 144620, "name": "missing_prerequisite", "path": "/tmp/mfm-cf2/holdout-missing_prerequisite0/holdout-report.json", "sha256": "c356fb702865317df1cd63b91bc361d3356b70d49e19096d97cd98f1c18fff39"}, {"bytes": 142696, "name": "overload", "path": "/tmp/mfm-cf2/holdout-overload0/holdout-report.json", "sha256": "3d6420fa0689f7df4cb186353e1326ee798a1bcc87d17815621a51f24717016a"}, {"bytes": 141498, "name": "malformed", "path": "/tmp/mfm-cf2/holdout-malformed0/holdout-report.json", "sha256": "ad350de7736f3869755593b1b46297ffa2aa3bbcadca46c32fc739a3edb4d747"}]
CPU_RECOVERY_REPORTS=[{"bytes": 82784, "path": "/tmp/mfm-cf2/test_real_confirmed_terminal_r0/project-0/recovery-report.json", "sha256": "929497f215558d4b6ec17077fb6e3f20ff9af8c5fe27a3e6de282ad2d9bcd49c", "test": "tests/test_cpu_claim_reader_consolidation.py::TestPublicSnapshotRouting::test_real_confirmed_terminal_recovery_uses_required_8k_public_snapshot"}, {"bytes": 104518, "path": "/tmp/mfm-cf2/test_post_delete_fsync_uncerta0/project-0/recovery-report.json", "sha256": "ed77b03faec43fb2a0088f85debc5139e34bd81a67f333168f8166c723fd288f", "test": "tests/test_cpu_terminal_recovery_barrier.py::test_post_delete_fsync_uncertainty_blocks_fresh_restart_with_zero_bound[effect]"}, {"bytes": 104517, "path": "/tmp/mfm-cf2/test_post_delete_fsync_uncerta1/project-0/recovery-report.json", "sha256": "dfcbedfe86ad9cda4d20ae6b4baf1afc318833b3f4fe775b07dfd7de9a05ee51", "test": "tests/test_cpu_terminal_recovery_barrier.py::test_post_delete_fsync_uncertainty_blocks_fresh_restart_with_zero_bound[recovery]"}, {"bytes": 67356, "path": "/tmp/mfm-cf2/test_in_progress_denies_alread0/project-0/recovery-report.json", "sha256": "11c1e1578c1004cc5d2bd2ab0b65bb681d764222224568fde4157d09a4fc8049", "test": "tests/test_cpu_terminal_recovery_barrier.py::test_in_progress_denies_already_running_peer_admission[reserve]"}, {"bytes": 67355, "path": "/tmp/mfm-cf2/test_in_progress_denies_alread1/project-0/recovery-report.json", "sha256": "c80d4a630ac587a486586670c2ce8d5f5c34cce2cd499d869d2738d5ca5b5806", "test": "tests/test_cpu_terminal_recovery_barrier.py::test_in_progress_denies_already_running_peer_admission[require_permit]"}, {"bytes": 66228, "path": "/tmp/mfm-cf2/test_two_recovery_consumers_do0/project-0/recovery-report.json", "sha256": "027ee7ef01c4546214fd673d00e7628f8425c176213085b15c53be4ce9279e16", "test": "tests/test_cpu_terminal_recovery_barrier.py::test_two_recovery_consumers_do_not_repeat_settlement_or_poison_owner"}, {"bytes": 66629, "path": "/tmp/mfm-cf2/test_legal_peer_decision_after0/project-0/recovery-report.json", "sha256": "ab7db5965ca33860ec03efb1d42bc311dfa3851cffd6f15f068e93f40e36beba", "test": "tests/test_cpu_terminal_recovery_barrier.py::test_legal_peer_decision_after_complete_commit_preserves_exact_owner_result"}, {"bytes": 102325, "path": "/tmp/mfm-cf2/test_recovery_transaction_unkn0/project-0/recovery-report.json", "sha256": "ba5ae536c161e382fba497adf2af494dc728f55831a987f6923381d6b0fd401c", "test": "tests/test_cpu_terminal_recovery_barrier.py::test_recovery_transaction_unknown_is_not_an_ordinary_success[IN_PROGRESS-rollback]"}, {"bytes": 104439, "path": "/tmp/mfm-cf2/test_recovery_transaction_unkn1/project-0/recovery-report.json", "sha256": "93229280b331327cc414d1d78a262855c6521e5a4187dacc1215a021a69e50bd", "test": "tests/test_cpu_terminal_recovery_barrier.py::test_recovery_transaction_unknown_is_not_an_ordinary_success[COMPLETE-rollback]"}, {"bytes": 105831, "path": "/tmp/mfm-cf2/test_recovery_transaction_unkn2/project-0/recovery-report.json", "sha256": "08fe8b5a1ff4f2a7469897cf5fcd380be5d58af4d83669ba995dd7fc1b748389", "test": "tests/test_cpu_terminal_recovery_barrier.py::test_recovery_transaction_unknown_is_not_an_ordinary_success[COMPLETE-committed_raise]"}, {"bytes": 65307, "path": "/tmp/mfm-cf2/test_existing_unqualified_gate0/project-0/recovery-report.json", "sha256": "43d1e292421b0a9782a6d1bf94c1c305b1d1d2b35a841817c3eb9f7aaa8bf06c", "test": "tests/test_cpu_terminal_recovery_barrier.py::test_existing_unqualified_gate_owner_is_preserved"}, {"bytes": 65301, "path": "/tmp/mfm-cf2/test_recovery_refuses_caller_t0/project-0/recovery-report.json", "sha256": "c80d22de2676a309425f591bbbd942517a97c26703f41128b50c984a1d9fe50a", "test": "tests/test_cpu_terminal_recovery_barrier.py::test_recovery_refuses_caller_transaction_without_consuming_it"}, {"bytes": 66099, "path": "/tmp/mfm-cf2/test_actual_peer_nonce_replace0/project-0/recovery-report.json", "sha256": "1ada38ebd4f332a2c218d9b824cfae91534a28d39a0d3185ca9c37b48bc6616f", "test": "tests/test_cpu_terminal_recovery_barrier.py::test_actual_peer_nonce_replacement_cannot_be_completed_by_old_owner"}, {"bytes": 315071, "path": "/tmp/mfm-cf2/test_fresh_cli_resumes_confirm0/domain-project/recovery-report.json", "sha256": "d2d64d2254e5c041b4deaa70ff388f623110fd62b8a2afa3bd0ee30df6c92492", "test": "tests/test_cpu_terminal_recovery_domain.py::test_fresh_cli_resumes_confirmed_domain_without_reinterpretation[schedule-feasibility-v1-valid]"}, {"bytes": 314998, "path": "/tmp/mfm-cf2/test_fresh_cli_resumes_confirm1/domain-project/recovery-report.json", "sha256": "688d72b89340a919f5a8ab89eea4f53649efa62810fff907cbdf37b58d818400", "test": "tests/test_cpu_terminal_recovery_domain.py::test_fresh_cli_resumes_confirmed_domain_without_reinterpretation[schedule-feasibility-v2-invalid]"}, {"bytes": 147906, "path": "/tmp/mfm-cf2/test_recovery_refuses_changed_0/project-0/recovery-report.json", "sha256": "b503f5aebe29766fae836cfe1c42290eb6ca8b74d32123403d209806dc9dd174", "test": "tests/test_cpu_terminal_recovery_guards.py::test_recovery_refuses_changed_native_binding[origin]"}, {"bytes": 147889, "path": "/tmp/mfm-cf2/test_recovery_refuses_changed_1/project-0/recovery-report.json", "sha256": "37d5443f39f9d1a5c2f397f90a11697fcd75b738f0ba0afbc82c6c88a093ceed", "test": "tests/test_cpu_terminal_recovery_guards.py::test_recovery_refuses_changed_native_binding[kind]"}, {"bytes": 147929, "path": "/tmp/mfm-cf2/test_recovery_refuses_changed_2/project-0/recovery-report.json", "sha256": "3d5f6919837d9d8fb938f52553e5bfc5718048ab20d861f318e90ba7f1b02ff6", "test": "tests/test_cpu_terminal_recovery_guards.py::test_recovery_refuses_changed_native_binding[resource]"}, {"bytes": 147979, "path": "/tmp/mfm-cf2/test_recovery_refuses_changed_3/project-0/recovery-report.json", "sha256": "8c6ccec3ca590d3d2b7b7006966a0a26d9270ffea5f115e5d248be770af7ee05", "test": "tests/test_cpu_terminal_recovery_guards.py::test_recovery_refuses_changed_native_binding[attempt_ref]"}, {"bytes": 147963, "path": "/tmp/mfm-cf2/test_recovery_refuses_changed_4/project-0/recovery-report.json", "sha256": "b407568ebd49937edca2f23b9a8836fe263c66130abc64f9bf789f267a4429cc", "test": "tests/test_cpu_terminal_recovery_guards.py::test_recovery_refuses_changed_native_binding[process_pid]"}, {"bytes": 147979, "path": "/tmp/mfm-cf2/test_recovery_refuses_changed_5/project-0/recovery-report.json", "sha256": "3b91c50f2bdacc667b45b614b1c4d98541877ed80279f2186b2cf27a7575f18f", "test": "tests/test_cpu_terminal_recovery_guards.py::test_recovery_refuses_changed_native_binding[command_sha256]"}, {"bytes": 147987, "path": "/tmp/mfm-cf2/test_recovery_refuses_changed_6/project-0/recovery-report.json", "sha256": "780fceff14e3d409b53018bdfe5a310d00e4a052a536637ba8338b8f0316c337", "test": "tests/test_cpu_terminal_recovery_guards.py::test_recovery_refuses_changed_native_binding[timeout_seconds]"}, {"bytes": 147926, "path": "/tmp/mfm-cf2/test_recovery_refuses_changed_7/project-0/recovery-report.json", "sha256": "e71ee55b23c5c50a5cfbb3abaf02499290c391c397c420a175d951c76f655f69", "test": "tests/test_cpu_terminal_recovery_guards.py::test_recovery_refuses_changed_captured_source[database]"}, {"bytes": 147946, "path": "/tmp/mfm-cf2/test_recovery_refuses_changed_8/project-0/recovery-report.json", "sha256": "c5bfe352d19736701f390dac2f122873302919858010c8cf087778827f2e3dce", "test": "tests/test_cpu_terminal_recovery_guards.py::test_recovery_refuses_changed_captured_source[claim_sha256]"}, {"bytes": 147971, "path": "/tmp/mfm-cf2/test_recovery_refuses_changed_9/project-0/recovery-report.json", "sha256": "2ab587e8e79948a640d22fd911a5c1c0b933ab0120bcaa1d7cacaf34eb2c7df0", "test": "tests/test_cpu_terminal_recovery_guards.py::test_recovery_refuses_changed_captured_source[config_sha256]"}, {"bytes": 148143, "path": "/tmp/mfm-cf2/test_recovery_refuses_changed_10/project-0/recovery-report.json", "sha256": "8539fee428d040b816e8cba7de74e3dd15146267260597649f7b74b2a06bf83e", "test": "tests/test_cpu_terminal_recovery_guards.py::test_recovery_refuses_changed_current_lifecycle"}, {"bytes": 147994, "path": "/tmp/mfm-cf2/test_recovery_refuses_rehashed0/project-0/recovery-report.json", "sha256": "1392f057d95ccdd7deacafd4bbed8470a835997db4e9515839cf5ba3dc8ae8ee", "test": "tests/test_cpu_terminal_recovery_guards.py::test_recovery_refuses_rehashed_non_cpu_prepared_plan"}, {"bytes": 148122, "path": "/tmp/mfm-cf2/test_recovery_refuses_changed_11/project-0/recovery-report.json", "sha256": "6315555dd238dcd5688162c1bffe4c91dacbc88fc0184051a8cc29c8716321f3", "test": "tests/test_cpu_terminal_recovery_guards.py::test_recovery_refuses_changed_catalog_route"}, {"bytes": 148206, "path": "/tmp/mfm-cf2/test_recovery_refuses_changed_12/project-0/recovery-report.json", "sha256": "416842e9a898e59482805abb0a94a3f9869f6c36267497ff18e18b66b662d71e", "test": "tests/test_cpu_terminal_recovery_guards.py::test_recovery_refuses_changed_ready_member_identity"}, {"bytes": 190496, "path": "/tmp/mfm-cf2/test_recovery_rechecks_source_0/project-0/recovery-report.json", "sha256": "bebb81805ccbf0a89fd8a30d50318a5ff6ed00d0614a265947a8d38979d2eded", "test": "tests/test_cpu_terminal_recovery_guards.py::test_recovery_rechecks_source_after_enumeration_before_settlement"}, {"bytes": 149440, "path": "/tmp/mfm-cf2/test_preexisting_stop_never_au0/project-0/recovery-report.json", "sha256": "248e4611b77f6e0d9bb4ae0449251f6148d33c2951df2ffc0b85f92b73cd0a87", "test": "tests/test_cpu_terminal_recovery_guards.py::test_preexisting_stop_never_authorizes_automatic_settlement[ordinary_stop]"}, {"bytes": 149340, "path": "/tmp/mfm-cf2/test_preexisting_stop_never_au1/project-0/recovery-report.json", "sha256": "c59b7cccf94b87412a7f6fc0f51588cfc107b44504a56450e55b966352ef1c07", "test": "tests/test_cpu_terminal_recovery_guards.py::test_preexisting_stop_never_authorizes_automatic_settlement[storage_hold]"}, {"bytes": 149495, "path": "/tmp/mfm-cf2/test_preexisting_stop_never_au2/project-0/recovery-report.json", "sha256": "6f8daff1921f1056636150d63a2b1d8378657cccb2454216614e5e92a920f8f2", "test": "tests/test_cpu_terminal_recovery_guards.py::test_preexisting_stop_never_authorizes_automatic_settlement[masked_storage_hold]"}, {"bytes": 148123, "path": "/tmp/mfm-cf2/test_recovery_refuses_unbound_0/project-0/recovery-report.json", "sha256": "5e9fcfd06feacf0938ebd4d0afa9b1dd600ae29f966c5122ce19f64a474e49a8", "test": "tests/test_cpu_terminal_recovery_guards.py::test_recovery_refuses_unbound_replication_request_field"}, {"bytes": 148055, "path": "/tmp/mfm-cf2/test_recovery_refuses_artifact0/project-0/recovery-report.json", "sha256": "79693739da4dc3cbf2ad46bfa8e12c955a7fa993765e50fa8f4e3a092b93bc82", "test": "tests/test_cpu_terminal_recovery_guards.py::test_recovery_refuses_artifact_root_unrelated_to_published_records"}, {"bytes": 212008, "path": "/tmp/mfm-cf2/test_restart_settles_confirmed0/project-0/recovery-report.json", "sha256": "7911eb7824362586857b1dc69ad69ffb8a28bfaa6c7f5dac57a500dfeadd36bf", "test": "tests/test_cpu_terminal_settlement_recovery.py::test_restart_settles_confirmed_terminal_without_repeating_original_worker[0]"}, {"bytes": 200413, "path": "/tmp/mfm-cf2/test_restart_settles_confirmed1/project-0/recovery-report.json", "sha256": "2df820104d52a4ed4e31a019f31bc61e91c0ddcd078001695599cf23da4feace", "test": "tests/test_cpu_terminal_settlement_recovery.py::test_restart_settles_confirmed_terminal_without_repeating_original_worker[7]"}, {"bytes": 126813, "path": "/tmp/mfm-cf2/test_real_v2_confirmed_termina0/project-0/recovery-report.json", "sha256": "d87ae169404570b1a64a0daa1f147010aae6317ca6336d0c8f60107c9c5c8199", "test": "tests/test_runtime_lease_recovery.py::test_real_v2_confirmed_terminal_crash_recovers_metadata_only[0]"}, {"bytes": 118432, "path": "/tmp/mfm-cf2/test_real_v2_confirmed_termina1/project-0/recovery-report.json", "sha256": "24950f9fa208388a2b4f5cfc0ef3d6ce67796c0ba651710d34c5b91c97da7dea", "test": "tests/test_runtime_lease_recovery.py::test_real_v2_confirmed_terminal_crash_recovers_metadata_only[7]"}, {"bytes": 119636, "path": "/tmp/mfm-cf2/test_real_historical_v1_termin0/historical-project/recovery-report.json", "sha256": "55bedcfff86560c31d96bb689d59a5557200b2900d58320006dfbc14641bb498", "test": "tests/test_runtime_lease_recovery.py::test_real_historical_v1_terminal_recovers_without_upgrade_or_reexecution"}]
ACCEPTANCE_REPORTS=[{"bytes": 279993, "name": "sorting_default", "path": "/tmp/mfm-cf2/acceptance-sorting-default0/acceptance-report.json", "sha256": "797fb20745d85f7d0cdadbee780bb634fbd2d73e8dc2aad516cea60867f8b826"}, {"bytes": 120992, "name": "sorting_counterfactual", "path": "/tmp/mfm-cf2/acceptance-sorting-counterfactual0/acceptance-report.json", "sha256": "551f24024e1cb14a5edd21c2a8a979e20205712af3f95345cf940deaf4a5ae63"}, {"bytes": 274844, "name": "compression_default", "path": "/tmp/mfm-cf2/acceptance-compression-default0/acceptance-report.json", "sha256": "ea6711eb42e012e43fc3a348a6129d113ad6bade92819784b7a62bc8167fa181"}, {"bytes": 120581, "name": "compression_counterfactual", "path": "/tmp/mfm-cf2/acceptance-compression-counterfactual0/acceptance-report.json", "sha256": "259a79b0a486031b19f7497a7cf57565f028c6dd70790ea04865c98c8ceb83aa"}]

=============================== warnings summary ===============================
../../../../../../home/erik/.local/lib/python3.10/site-packages/_pytest/config/__init__.py:885
  /home/erik/.local/lib/python3.10/site-packages/_pytest/config/__init__.py:885: PytestAssertRewriteWarning: Module already imported so cannot be rewritten; cpu_terminal_recovery_helpers
    self.import_plugin(import_spec)

../../../../../../home/erik/.local/lib/python3.10/site-packages/_pytest/config/__init__.py:885
  /home/erik/.local/lib/python3.10/site-packages/_pytest/config/__init__.py:885: PytestAssertRewriteWarning: Module already imported so cannot be rewritten; examples.holdout.testing
    self.import_plugin(import_spec)

-- Docs: https://docs.pytest.org/en/stable/how-to/capture-warnings.html
=========================== short test summary info ============================
SKIPPED [1] ../core/tests/test_sweeper.py:12: could not import 'orze_pro.engine.role_runner': This is a stub package. Install the real orze-pro via: export ORZE_PRO_KEY='...' && orze run
SKIPPED [1] ../core/tests/test_evolution.py:228: could not import 'orze_pro.agents.code_evolution': This is a stub package. Install the real orze-pro via: export ORZE_PRO_KEY='...' && orze run
SKIPPED [1] ../core/tests/test_evolution.py:239: could not import 'orze_pro.agents.code_evolution': This is a stub package. Install the real orze-pro via: export ORZE_PRO_KEY='...' && orze run
SKIPPED [1] ../core/tests/test_evolution.py:255: could not import 'orze_pro.agents.meta_research': This is a stub package. Install the real orze-pro via: export ORZE_PRO_KEY='...' && orze run
SKIPPED [1] ../core/tests/test_fsm_runner_registry.py:13: could not import 'orze_pro': This is a stub package. Install the real orze-pro via: export ORZE_PRO_KEY='...' && orze run
SKIPPED [1] ../core/tests/test_skill_registry.py:123: orze-pro not installed
SKIPPED [1] ../core/tests/test_skill_registry.py:135: orze-pro not installed
5086 passed, 7 skipped, 2 warnings in 1077.84s (0:17:57)
