FFFFFFFFFFFFFFFFFFFFFFFFF.FF.........F                                   [100%]
=================================== FAILURES ===================================
__ test_runtime_rejection_precedes_process_inspection[missing_version-absent] __
tests/test_watchdog_runtime_admission.py:104: in test_runtime_rejection_precedes_process_inspection
    assert admission.events == [], value
E   AssertionError: {'events': ['read_pid', 'pgrep', 'restart_marker', 'pgrep'], 'error': 'runtime_contract_rejected', 'notifications': [], 'state': {'active': True, 'alert_count': 0, 'consecutive_count': 1, 'failure_code': 'runtime_contract_rejected', ...}}
E   assert ['read_pid', ...ker', 'pgrep'] == []
E     
E     Left contains 4 more items, first extra item: 'read_pid'
E     Use -v to get more diff
_ test_runtime_rejection_precedes_process_inspection[missing_version-healthy] __
tests/test_watchdog_runtime_admission.py:103: in test_runtime_rejection_precedes_process_inspection
    assert value['error'] == 'runtime_contract_rejected', value
E   AssertionError: {'events': ['read_pid', 'is_alive'], 'error': None, 'notifications': [], 'state': None}
E   assert None == 'runtime_contract_rejected'
__ test_runtime_rejection_precedes_process_inspection[missing_version-stale] ___
tests/test_watchdog_runtime_admission.py:104: in test_runtime_rejection_precedes_process_inspection
    assert admission.events == [], value
E   AssertionError: {'events': ['read_pid', 'is_alive', 'kill', 'restart_marker', 'pgrep'], 'error': 'runtime_contract_rejected', 'notific... 'state': {'active': True, 'alert_count': 0, 'consecutive_count': 1, 'failure_code': 'runtime_contract_rejected', ...}}
E   assert ['read_pid', ...ker', 'pgrep'] == []
E     
E     Left contains 5 more items, first extra item: 'read_pid'
E     Use -v to get more diff
__ test_runtime_rejection_precedes_process_inspection[unknown_version-absent] __
tests/test_watchdog_runtime_admission.py:104: in test_runtime_rejection_precedes_process_inspection
    assert admission.events == [], value
E   AssertionError: {'events': ['read_pid', 'pgrep', 'restart_marker', 'pgrep'], 'error': 'runtime_contract_rejected', 'notifications': [], 'state': {'active': True, 'alert_count': 0, 'consecutive_count': 1, 'failure_code': 'runtime_contract_rejected', ...}}
E   assert ['read_pid', ...ker', 'pgrep'] == []
E     
E     Left contains 4 more items, first extra item: 'read_pid'
E     Use -v to get more diff
_ test_runtime_rejection_precedes_process_inspection[unknown_version-healthy] __
tests/test_watchdog_runtime_admission.py:103: in test_runtime_rejection_precedes_process_inspection
    assert value['error'] == 'runtime_contract_rejected', value
E   AssertionError: {'events': ['read_pid', 'is_alive'], 'error': None, 'notifications': [], 'state': None}
E   assert None == 'runtime_contract_rejected'
__ test_runtime_rejection_precedes_process_inspection[unknown_version-stale] ___
tests/test_watchdog_runtime_admission.py:104: in test_runtime_rejection_precedes_process_inspection
    assert admission.events == [], value
E   AssertionError: {'events': ['read_pid', 'is_alive', 'kill', 'restart_marker', 'pgrep'], 'error': 'runtime_contract_rejected', 'notific... 'state': {'active': True, 'alert_count': 0, 'consecutive_count': 1, 'failure_code': 'runtime_contract_rejected', ...}}
E   assert ['read_pid', ...ker', 'pgrep'] == []
E     
E     Left contains 5 more items, first extra item: 'read_pid'
E     Use -v to get more diff
_ test_runtime_rejection_precedes_process_inspection[missing_packages-absent] __
tests/test_watchdog_runtime_admission.py:104: in test_runtime_rejection_precedes_process_inspection
    assert admission.events == [], value
E   AssertionError: {'events': ['read_pid', 'pgrep', 'restart_marker', 'pgrep'], 'error': 'runtime_contract_rejected', 'notifications': [], 'state': {'active': True, 'alert_count': 0, 'consecutive_count': 1, 'failure_code': 'runtime_contract_rejected', ...}}
E   assert ['read_pid', ...ker', 'pgrep'] == []
E     
E     Left contains 4 more items, first extra item: 'read_pid'
E     Use -v to get more diff
_ test_runtime_rejection_precedes_process_inspection[missing_packages-healthy] _
tests/test_watchdog_runtime_admission.py:103: in test_runtime_rejection_precedes_process_inspection
    assert value['error'] == 'runtime_contract_rejected', value
E   AssertionError: {'events': ['read_pid', 'is_alive'], 'error': None, 'notifications': [], 'state': None}
E   assert None == 'runtime_contract_rejected'
__ test_runtime_rejection_precedes_process_inspection[missing_packages-stale] __
tests/test_watchdog_runtime_admission.py:104: in test_runtime_rejection_precedes_process_inspection
    assert admission.events == [], value
E   AssertionError: {'events': ['read_pid', 'is_alive', 'kill', 'restart_marker', 'pgrep'], 'error': 'runtime_contract_rejected', 'notific... 'state': {'active': True, 'alert_count': 0, 'consecutive_count': 1, 'failure_code': 'runtime_contract_rejected', ...}}
E   assert ['read_pid', ...ker', 'pgrep'] == []
E     
E     Left contains 5 more items, first extra item: 'read_pid'
E     Use -v to get more diff
___ test_runtime_rejection_precedes_process_inspection[package_drift-absent] ___
tests/test_watchdog_runtime_admission.py:104: in test_runtime_rejection_precedes_process_inspection
    assert admission.events == [], value
E   AssertionError: {'events': ['read_pid', 'pgrep', 'restart_marker', 'pgrep'], 'error': 'runtime_contract_rejected', 'notifications': [], 'state': {'active': True, 'alert_count': 0, 'consecutive_count': 1, 'failure_code': 'runtime_contract_rejected', ...}}
E   assert ['read_pid', ...ker', 'pgrep'] == []
E     
E     Left contains 4 more items, first extra item: 'read_pid'
E     Use -v to get more diff
__ test_runtime_rejection_precedes_process_inspection[package_drift-healthy] ___
tests/test_watchdog_runtime_admission.py:103: in test_runtime_rejection_precedes_process_inspection
    assert value['error'] == 'runtime_contract_rejected', value
E   AssertionError: {'events': ['read_pid', 'is_alive'], 'error': None, 'notifications': [], 'state': None}
E   assert None == 'runtime_contract_rejected'
___ test_runtime_rejection_precedes_process_inspection[package_drift-stale] ____
tests/test_watchdog_runtime_admission.py:104: in test_runtime_rejection_precedes_process_inspection
    assert admission.events == [], value
E   AssertionError: {'events': ['read_pid', 'is_alive', 'kill', 'restart_marker', 'pgrep'], 'error': 'runtime_contract_rejected', 'notific... 'state': {'active': True, 'alert_count': 0, 'consecutive_count': 1, 'failure_code': 'runtime_contract_rejected', ...}}
E   assert ['read_pid', ...ker', 'pgrep'] == []
E     
E     Left contains 5 more items, first extra item: 'read_pid'
E     Use -v to get more diff
___ test_runtime_rejection_precedes_process_inspection[python_drift-absent] ____
tests/test_watchdog_runtime_admission.py:104: in test_runtime_rejection_precedes_process_inspection
    assert admission.events == [], value
E   AssertionError: {'events': ['read_pid', 'pgrep', 'restart_marker', 'pgrep'], 'error': 'runtime_contract_rejected', 'notifications': [], 'state': {'active': True, 'alert_count': 0, 'consecutive_count': 1, 'failure_code': 'runtime_contract_rejected', ...}}
E   assert ['read_pid', ...ker', 'pgrep'] == []
E     
E     Left contains 4 more items, first extra item: 'read_pid'
E     Use -v to get more diff
___ test_runtime_rejection_precedes_process_inspection[python_drift-healthy] ___
tests/test_watchdog_runtime_admission.py:103: in test_runtime_rejection_precedes_process_inspection
    assert value['error'] == 'runtime_contract_rejected', value
E   AssertionError: {'events': ['read_pid', 'is_alive'], 'error': None, 'notifications': [], 'state': None}
E   assert None == 'runtime_contract_rejected'
____ test_runtime_rejection_precedes_process_inspection[python_drift-stale] ____
tests/test_watchdog_runtime_admission.py:104: in test_runtime_rejection_precedes_process_inspection
    assert admission.events == [], value
E   AssertionError: {'events': ['read_pid', 'is_alive', 'kill', 'restart_marker', 'pgrep'], 'error': 'runtime_contract_rejected', 'notific... 'state': {'active': True, 'alert_count': 0, 'consecutive_count': 1, 'failure_code': 'runtime_contract_rejected', ...}}
E   assert ['read_pid', ...ker', 'pgrep'] == []
E     
E     Left contains 5 more items, first extra item: 'read_pid'
E     Use -v to get more diff
__ test_runtime_rejection_precedes_process_inspection[missing_config-absent] ___
tests/test_watchdog_runtime_admission.py:104: in test_runtime_rejection_precedes_process_inspection
    assert admission.events == [], value
E   AssertionError: {'events': ['read_pid', 'pgrep', 'restart_marker', 'pgrep'], 'error': 'runtime_contract_rejected', 'notifications': [], 'state': {'active': True, 'alert_count': 0, 'consecutive_count': 1, 'failure_code': 'runtime_contract_rejected', ...}}
E   assert ['read_pid', ...ker', 'pgrep'] == []
E     
E     Left contains 4 more items, first extra item: 'read_pid'
E     Use -v to get more diff
__ test_runtime_rejection_precedes_process_inspection[missing_config-healthy] __
tests/test_watchdog_runtime_admission.py:103: in test_runtime_rejection_precedes_process_inspection
    assert value['error'] == 'runtime_contract_rejected', value
E   AssertionError: {'events': ['read_pid', 'is_alive'], 'error': None, 'notifications': [], 'state': None}
E   assert None == 'runtime_contract_rejected'
___ test_runtime_rejection_precedes_process_inspection[missing_config-stale] ___
tests/test_watchdog_runtime_admission.py:104: in test_runtime_rejection_precedes_process_inspection
    assert admission.events == [], value
E   AssertionError: {'events': ['read_pid', 'is_alive', 'kill', 'restart_marker', 'pgrep'], 'error': 'runtime_contract_rejected', 'notific... 'state': {'active': True, 'alert_count': 0, 'consecutive_count': 1, 'failure_code': 'runtime_contract_rejected', ...}}
E   assert ['read_pid', ...ker', 'pgrep'] == []
E     
E     Left contains 5 more items, first extra item: 'read_pid'
E     Use -v to get more diff
__ test_runtime_rejection_precedes_process_inspection[missing_workdir-absent] __
tests/test_watchdog_runtime_admission.py:104: in test_runtime_rejection_precedes_process_inspection
    assert admission.events == [], value
E   AssertionError: {'events': ['read_pid', 'pgrep', 'restart_marker', 'pgrep'], 'error': 'runtime_contract_rejected', 'notifications': [], 'state': {'active': True, 'alert_count': 0, 'consecutive_count': 1, 'failure_code': 'runtime_contract_rejected', ...}}
E   assert ['read_pid', ...ker', 'pgrep'] == []
E     
E     Left contains 4 more items, first extra item: 'read_pid'
E     Use -v to get more diff
_ test_runtime_rejection_precedes_process_inspection[missing_workdir-healthy] __
tests/test_watchdog_runtime_admission.py:103: in test_runtime_rejection_precedes_process_inspection
    assert value['error'] == 'runtime_contract_rejected', value
E   AssertionError: {'events': ['read_pid', 'is_alive'], 'error': None, 'notifications': [], 'state': None}
E   assert None == 'runtime_contract_rejected'
__ test_runtime_rejection_precedes_process_inspection[missing_workdir-stale] ___
tests/test_watchdog_runtime_admission.py:104: in test_runtime_rejection_precedes_process_inspection
    assert admission.events == [], value
E   AssertionError: {'events': ['read_pid', 'is_alive', 'kill', 'restart_marker', 'pgrep'], 'error': 'runtime_contract_rejected', 'notific... 'state': {'active': True, 'alert_count': 0, 'consecutive_count': 1, 'failure_code': 'runtime_contract_rejected', ...}}
E   assert ['read_pid', ...ker', 'pgrep'] == []
E     
E     Left contains 5 more items, first extra item: 'read_pid'
E     Use -v to get more diff
____ test_runtime_rejection_precedes_process_inspection[unit_drift-absent] _____
tests/test_watchdog_runtime_admission.py:104: in test_runtime_rejection_precedes_process_inspection
    assert admission.events == [], value
E   AssertionError: {'events': ['read_pid', 'pgrep', 'restart_marker', 'pgrep'], 'error': 'runtime_contract_rejected', 'notifications': [], 'state': {'active': True, 'alert_count': 0, 'consecutive_count': 1, 'failure_code': 'runtime_contract_rejected', ...}}
E   assert ['read_pid', ...ker', 'pgrep'] == []
E     
E     Left contains 4 more items, first extra item: 'read_pid'
E     Use -v to get more diff
____ test_runtime_rejection_precedes_process_inspection[unit_drift-healthy] ____
tests/test_watchdog_runtime_admission.py:103: in test_runtime_rejection_precedes_process_inspection
    assert value['error'] == 'runtime_contract_rejected', value
E   AssertionError: {'events': ['read_pid', 'is_alive'], 'error': None, 'notifications': [], 'state': None}
E   assert None == 'runtime_contract_rejected'
_____ test_runtime_rejection_precedes_process_inspection[unit_drift-stale] _____
tests/test_watchdog_runtime_admission.py:104: in test_runtime_rejection_precedes_process_inspection
    assert admission.events == [], value
E   AssertionError: {'events': ['read_pid', 'is_alive', 'kill', 'restart_marker', 'pgrep'], 'error': 'runtime_contract_rejected', 'notific... 'state': {'active': True, 'alert_count': 0, 'consecutive_count': 1, 'failure_code': 'runtime_contract_rejected', ...}}
E   assert ['read_pid', ...ker', 'pgrep'] == []
E     
E     Left contains 5 more items, first extra item: 'read_pid'
E     Use -v to get more diff
__________ test_drift_during_heartbeat_is_rechecked_before_stale_kill __________
tests/test_watchdog_runtime_admission.py:118: in test_drift_during_heartbeat_is_rechecked_before_stale_kill
    assert 'kill' not in admission.events and 'restart_marker' not in admission.events, value
E   AssertionError: {'events': ['read_pid', 'is_alive', 'kill', 'restart_marker', 'pgrep'], 'error': 'runtime_contract_rejected', 'notific... 'state': {'active': True, 'alert_count': 0, 'consecutive_count': 1, 'failure_code': 'runtime_contract_rejected', ...}}
E   assert ('kill' not in ['read_pid', 'is_alive', 'kill', 'restart_marker', 'pgrep'])
E    +  where ['read_pid', 'is_alive', 'kill', 'restart_marker', 'pgrep'] = namespace(cfg={'method': 'systemd', 'python': '/usr/bin/python3', 'workdir': '/tmp/wa-o1/test_drift_during_heartbeat_i..._drift_during_heartbeat_is0/project/results'), project=PosixPath('/tmp/wa-o1/test_drift_during_heartbeat_is0/project')).events
_____ test_audit_unavailable_blocks_processes_without_raw_text[exception] ______
tests/test_watchdog_runtime_admission.py:145: in test_audit_unavailable_blocks_processes_without_raw_text
    assert value['error'] == 'runtime_contract_unavailable' and admission.events == [], value
E   AssertionError: {'events': ['read_pid', 'is_alive', 'kill', 'restart_marker', 'pgrep'], 'error': 'launch_exception', 'notifications': [], 'state': {'active': True, 'alert_count': 0, 'consecutive_count': 1, 'failure_code': 'launch_exception', ...}}
E   assert ('launch_exception' == 'runtime_contract_unavailable'
E     
E     - runtime_contract_unavailable
E     + launch_exception)
___ test_audit_unavailable_blocks_processes_without_raw_text[invalid_report] ___
tests/test_watchdog_runtime_admission.py:145: in test_audit_unavailable_blocks_processes_without_raw_text
    assert value['error'] == 'runtime_contract_unavailable' and admission.events == [], value
E   AssertionError: {'events': ['read_pid', 'is_alive', 'kill', 'restart_marker', 'pgrep'], 'error': 'launch_exception', 'notifications': [], 'state': {'active': True, 'alert_count': 0, 'consecutive_count': 1, 'failure_code': 'launch_exception', ...}}
E   assert ('launch_exception' == 'runtime_contract_unavailable'
E     
E     - runtime_contract_unavailable
E     + launch_exception)
_____________ test_repeated_admission_failure_preserves_escalation _____________
tests/test_watchdog_runtime_admission.py:206: in test_repeated_admission_failure_preserves_escalation
    assert admission.events == [], value
E   AssertionError: {'events': ['read_pid', 'pgrep', 'restart_marker', 'pgrep', 'read_pid', 'pgrep', ...], 'error': 'runtime_contract_reje... 'state': {'active': True, 'alert_count': 1, 'consecutive_count': 3, 'failure_code': 'runtime_contract_rejected', ...}}
E   assert ['read_pid', ... 'pgrep', ...] == []
E     
E     Left contains 12 more items, first extra item: 'read_pid'
E     Use -v to get more diff
28 failed, 10 passed in 0.67s
