........................................................................ [  1%]
........................................................................ [  2%]
........................................................................ [  4%]
........................................................................ [  5%]
........................................................................ [  7%]
........................................................................ [  8%]
........................................................................ [ 10%]
........................................................................ [ 11%]
........................................................................ [ 13%]
........................................................................ [ 14%]
........................................................................ [ 16%]
........................................................................ [ 17%]
........................................................................ [ 19%]
........................................................................ [ 20%]
........................................................................ [ 22%]
........................................................................ [ 23%]
........................................................................ [ 24%]
........................................................................ [ 26%]
........................................................................ [ 27%]
........................................................................ [ 29%]
........................................................................ [ 30%]
........................................................................ [ 32%]
........................................................................ [ 33%]
........................................................................ [ 35%]
........................................................................ [ 36%]
........................................................................ [ 38%]
........................................................................ [ 39%]
........................................................................ [ 41%]
................................................................sss..... [ 42%]
........................................................................ [ 44%]
........................................................................ [ 45%]
........................................................................ [ 47%]
........................................................................ [ 48%]
....s................................................................... [ 49%]
........................................................................ [ 51%]
........................................................................ [ 52%]
........................................................................ [ 54%]
........................................................................ [ 55%]
........................................................................ [ 57%]
........................................................................ [ 58%]
........................................................................ [ 60%]
........................................................................ [ 61%]
........................................................................ [ 63%]
........................................................................ [ 64%]
........................................................................ [ 66%]
........................................................................ [ 67%]
........................................................................ [ 69%]
........................................................................ [ 70%]
........................................................................ [ 72%]
........................................................................ [ 73%]
........................................................................ [ 74%]
........................................................................ [ 76%]
........................................................................ [ 77%]
........................................................................ [ 79%]
........................................................................ [ 80%]
........................................................................ [ 82%]
........................................................................ [ 83%]
........................................................................ [ 85%]
........................................................................ [ 86%]
........................................................................ [ 88%]
........................................................................ [ 89%]
........................................................................ [ 91%]
........................................................................ [ 92%]
ss...................................................................... [ 94%]
........................................................................ [ 95%]
........................................................................ [ 96%]
........................................................................ [ 98%]
........................................................................ [ 99%]
...                                                                      [100%]HOLDOUT_REPORTS=[{"bytes": 2507409, "name": "workflow", "path": "/tmp/ocs-c2/holdout-workflow0/holdout-report.json", "sha256": "011f608f22e143b409e5d72375330e68dc96039e0475eea4955318c13ebe77b9"}, {"bytes": 143025, "name": "boundary", "path": "/tmp/ocs-c2/holdout-boundary0/holdout-report.json", "sha256": "f7d728709b618f4d5b74c98ae662bf4c04aefa5bdcbb20200906d4ca0f19b9f7"}, {"bytes": 143144, "name": "duplicate_id", "path": "/tmp/ocs-c2/holdout-duplicate_id0/holdout-report.json", "sha256": "b5d32a7d76d95e4a63d6d922de9af322040e86b088182b2b71381ea4cfac55d7"}, {"bytes": 144460, "name": "missing_prerequisite", "path": "/tmp/ocs-c2/holdout-missing_prerequisite0/holdout-report.json", "sha256": "32d28c6556edc4bcd3c982ca7cf4e107d826aa9d636c29635d6f6fdd5e8d9f3e"}, {"bytes": 142527, "name": "overload", "path": "/tmp/ocs-c2/holdout-overload0/holdout-report.json", "sha256": "4e8f8657fbe289202a52881f374d6626522746135a69466a10b6c8d95e3ac2ae"}, {"bytes": 141326, "name": "malformed", "path": "/tmp/ocs-c2/holdout-malformed0/holdout-report.json", "sha256": "05c6fd9aeeee5c30d794a893312d2bacc5e2bec8b0cd120fb70c15088e96b86a"}]
CPU_RECOVERY_REPORTS=[{"bytes": 82681, "path": "/tmp/ocs-c2/test_real_confirmed_terminal_r0/project-0/recovery-report.json", "sha256": "98d97cf2719f3fe02b422eb318f25828a847de7eb7667944308d00c94bd36e30", "test": "tests/test_cpu_claim_reader_consolidation.py::TestPublicSnapshotRouting::test_real_confirmed_terminal_recovery_uses_required_8k_public_snapshot"}, {"bytes": 104393, "path": "/tmp/ocs-c2/test_post_delete_fsync_uncerta0/project-0/recovery-report.json", "sha256": "d8e90cfd12db59fbb8308acc5141f6d8fd6f55c3ab54304c7f6102edad65f4d9", "test": "tests/test_cpu_terminal_recovery_barrier.py::test_post_delete_fsync_uncertainty_blocks_fresh_restart_with_zero_bound[effect]"}, {"bytes": 104390, "path": "/tmp/ocs-c2/test_post_delete_fsync_uncerta1/project-0/recovery-report.json", "sha256": "4f4aece562a6a0553c8f9270e3bf3445838374ae53a6f30fe33d288c6a398c25", "test": "tests/test_cpu_terminal_recovery_barrier.py::test_post_delete_fsync_uncertainty_blocks_fresh_restart_with_zero_bound[recovery]"}, {"bytes": 67290, "path": "/tmp/ocs-c2/test_in_progress_denies_alread0/project-0/recovery-report.json", "sha256": "fd587658c4697867c5d2ccd60d7b4bc259ea89eecbcb3eedca3ebac46cab3d95", "test": "tests/test_cpu_terminal_recovery_barrier.py::test_in_progress_denies_already_running_peer_admission[reserve]"}, {"bytes": 67274, "path": "/tmp/ocs-c2/test_in_progress_denies_alread1/project-0/recovery-report.json", "sha256": "8e852b6acddc8732af8933cb99d859be0185c339afecf698f66e837d563998e2", "test": "tests/test_cpu_terminal_recovery_barrier.py::test_in_progress_denies_already_running_peer_admission[require_permit]"}, {"bytes": 66157, "path": "/tmp/ocs-c2/test_two_recovery_consumers_do0/project-0/recovery-report.json", "sha256": "8334321e825092c440d45770eb3c9c095fc4a8ad4cbf844ef7f195c8275fdc9a", "test": "tests/test_cpu_terminal_recovery_barrier.py::test_two_recovery_consumers_do_not_repeat_settlement_or_poison_owner"}, {"bytes": 66553, "path": "/tmp/ocs-c2/test_legal_peer_decision_after0/project-0/recovery-report.json", "sha256": "ded0a89746c71e74c80f3ac7dfbd152c768c9b831512167661684a34a1cca016", "test": "tests/test_cpu_terminal_recovery_barrier.py::test_legal_peer_decision_after_complete_commit_preserves_exact_owner_result"}, {"bytes": 102205, "path": "/tmp/ocs-c2/test_recovery_transaction_unkn0/project-0/recovery-report.json", "sha256": "3d437d5aeca87ea0735c862ea16b30c7910353035f15415032e16a717d5667e0", "test": "tests/test_cpu_terminal_recovery_barrier.py::test_recovery_transaction_unknown_is_not_an_ordinary_success[IN_PROGRESS-rollback]"}, {"bytes": 104316, "path": "/tmp/ocs-c2/test_recovery_transaction_unkn1/project-0/recovery-report.json", "sha256": "36366ecdbb39f5da3ec1001e991b046bed2182c942b07258a614efa9fb5b30ec", "test": "tests/test_cpu_terminal_recovery_barrier.py::test_recovery_transaction_unknown_is_not_an_ordinary_success[COMPLETE-rollback]"}, {"bytes": 105721, "path": "/tmp/ocs-c2/test_recovery_transaction_unkn2/project-0/recovery-report.json", "sha256": "a62dbfa9faa5386a8f2eedcc2f14ac9027521c351bc33e064d5622e346058256", "test": "tests/test_cpu_terminal_recovery_barrier.py::test_recovery_transaction_unknown_is_not_an_ordinary_success[COMPLETE-committed_raise]"}, {"bytes": 65238, "path": "/tmp/ocs-c2/test_existing_unqualified_gate0/project-0/recovery-report.json", "sha256": "09f0a05199e11f93d6feecbb2e6df80a27a17dd354562f024e8882767dd91173", "test": "tests/test_cpu_terminal_recovery_barrier.py::test_existing_unqualified_gate_owner_is_preserved"}, {"bytes": 65238, "path": "/tmp/ocs-c2/test_recovery_refuses_caller_t0/project-0/recovery-report.json", "sha256": "d6438c3def55dff8efab7312ca474caabfb0c563f1e15b9eb728f3933a0e4661", "test": "tests/test_cpu_terminal_recovery_barrier.py::test_recovery_refuses_caller_transaction_without_consuming_it"}, {"bytes": 66027, "path": "/tmp/ocs-c2/test_actual_peer_nonce_replace0/project-0/recovery-report.json", "sha256": "7785707dc138757200bf86b6799c6b48efca46fb3cbd23a74473d63aca536226", "test": "tests/test_cpu_terminal_recovery_barrier.py::test_actual_peer_nonce_replacement_cannot_be_completed_by_old_owner"}, {"bytes": 314650, "path": "/tmp/ocs-c2/test_fresh_cli_resumes_confirm0/domain-project/recovery-report.json", "sha256": "fa71384788b8dc60d4b0efa436a866bb337f2967b67d438583543998a4241d52", "test": "tests/test_cpu_terminal_recovery_domain.py::test_fresh_cli_resumes_confirmed_domain_without_reinterpretation[schedule-feasibility-v1-valid]"}, {"bytes": 314602, "path": "/tmp/ocs-c2/test_fresh_cli_resumes_confirm1/domain-project/recovery-report.json", "sha256": "7309cad10ada0196e855a6528c91836ab780fa7e118338b4775891c764af9571", "test": "tests/test_cpu_terminal_recovery_domain.py::test_fresh_cli_resumes_confirmed_domain_without_reinterpretation[schedule-feasibility-v2-invalid]"}, {"bytes": 147772, "path": "/tmp/ocs-c2/test_recovery_refuses_changed_0/project-0/recovery-report.json", "sha256": "9a668bcf8b1040b5b5df8e1f23067d5fec12af425c5b7d0ba6dd0b017b7d16cf", "test": "tests/test_cpu_terminal_recovery_guards.py::test_recovery_refuses_changed_native_binding[origin]"}, {"bytes": 147738, "path": "/tmp/ocs-c2/test_recovery_refuses_changed_1/project-0/recovery-report.json", "sha256": "223f4b7158237a96a0b5503c25b491e2041aa0184adfb5e6b11147f17f940def", "test": "tests/test_cpu_terminal_recovery_guards.py::test_recovery_refuses_changed_native_binding[kind]"}, {"bytes": 147800, "path": "/tmp/ocs-c2/test_recovery_refuses_changed_2/project-0/recovery-report.json", "sha256": "cc42570e135b4f777348e7caea946d8acdad1ed5e7af05bf7ef3cc82f38731db", "test": "tests/test_cpu_terminal_recovery_guards.py::test_recovery_refuses_changed_native_binding[resource]"}, {"bytes": 147808, "path": "/tmp/ocs-c2/test_recovery_refuses_changed_3/project-0/recovery-report.json", "sha256": "51cb7b5729d95fbecccad997830acb037e7525610f0c70856cc9ab28892a92c2", "test": "tests/test_cpu_terminal_recovery_guards.py::test_recovery_refuses_changed_native_binding[attempt_ref]"}, {"bytes": 147826, "path": "/tmp/ocs-c2/test_recovery_refuses_changed_4/project-0/recovery-report.json", "sha256": "a96c724bddc7e5d91a2d85ed7b82c723d2aac1ae9d97747d408e93d5ec4662e7", "test": "tests/test_cpu_terminal_recovery_guards.py::test_recovery_refuses_changed_native_binding[process_pid]"}, {"bytes": 147840, "path": "/tmp/ocs-c2/test_recovery_refuses_changed_5/project-0/recovery-report.json", "sha256": "6b9e77bc77bf98e0d425bc0dccc1edd297a6dfde2c7a8fea1fbbef16f269f4c6", "test": "tests/test_cpu_terminal_recovery_guards.py::test_recovery_refuses_changed_native_binding[command_sha256]"}, {"bytes": 147839, "path": "/tmp/ocs-c2/test_recovery_refuses_changed_6/project-0/recovery-report.json", "sha256": "c687d63e065aaa4b7affc4853efa2a062cf37f0339b923a3f3412007e2e01418", "test": "tests/test_cpu_terminal_recovery_guards.py::test_recovery_refuses_changed_native_binding[timeout_seconds]"}, {"bytes": 147790, "path": "/tmp/ocs-c2/test_recovery_refuses_changed_7/project-0/recovery-report.json", "sha256": "5cdcd18a9536d4a6884c500c647a36362b1644617950a0efcb1326fac0ee45c6", "test": "tests/test_cpu_terminal_recovery_guards.py::test_recovery_refuses_changed_captured_source[database]"}, {"bytes": 147798, "path": "/tmp/ocs-c2/test_recovery_refuses_changed_8/project-0/recovery-report.json", "sha256": "f61fa44c568a15579e5b136e55a6d775f2ddf3c9b2ce8644b4094c121fd532fb", "test": "tests/test_cpu_terminal_recovery_guards.py::test_recovery_refuses_changed_captured_source[claim_sha256]"}, {"bytes": 147819, "path": "/tmp/ocs-c2/test_recovery_refuses_changed_9/project-0/recovery-report.json", "sha256": "f024f91b7152c9da4f642216b122b324b9d027afa96c3416ee6540418e845d33", "test": "tests/test_cpu_terminal_recovery_guards.py::test_recovery_refuses_changed_captured_source[config_sha256]"}, {"bytes": 147995, "path": "/tmp/ocs-c2/test_recovery_refuses_changed_10/project-0/recovery-report.json", "sha256": "1ad79c47459d91175858ef05f38b30cec328ab6e739a043a3dfb97f3e045694f", "test": "tests/test_cpu_terminal_recovery_guards.py::test_recovery_refuses_changed_current_lifecycle"}, {"bytes": 147858, "path": "/tmp/ocs-c2/test_recovery_refuses_rehashed0/project-0/recovery-report.json", "sha256": "129c359cafb1ba806b227a0f3bb599e1cdb4b6206b8beac346b8fd752c6d0e8e", "test": "tests/test_cpu_terminal_recovery_guards.py::test_recovery_refuses_rehashed_non_cpu_prepared_plan"}, {"bytes": 147994, "path": "/tmp/ocs-c2/test_recovery_refuses_changed_11/project-0/recovery-report.json", "sha256": "7eb1fa0d39988415229563871dca221da6c396b5bb6b11757125072fd5d6e44b", "test": "tests/test_cpu_terminal_recovery_guards.py::test_recovery_refuses_changed_catalog_route"}, {"bytes": 148037, "path": "/tmp/ocs-c2/test_recovery_refuses_changed_12/project-0/recovery-report.json", "sha256": "64474909cd21383da6cc7bde89f85ea92b5b0f228f84711b50c87a0bbead8d79", "test": "tests/test_cpu_terminal_recovery_guards.py::test_recovery_refuses_changed_ready_member_identity"}, {"bytes": 190290, "path": "/tmp/ocs-c2/test_recovery_rechecks_source_0/project-0/recovery-report.json", "sha256": "bb171908051ae9c96a80223f5472c7971923f2309c0881af60a17efa1a1ccec0", "test": "tests/test_cpu_terminal_recovery_guards.py::test_recovery_rechecks_source_after_enumeration_before_settlement"}, {"bytes": 149306, "path": "/tmp/ocs-c2/test_preexisting_stop_never_au0/project-0/recovery-report.json", "sha256": "3882cbb4a9eeb00891a1b77ad7b578c401a7d8bad932ac03369d576775d7f62f", "test": "tests/test_cpu_terminal_recovery_guards.py::test_preexisting_stop_never_authorizes_automatic_settlement[ordinary_stop]"}, {"bytes": 149174, "path": "/tmp/ocs-c2/test_preexisting_stop_never_au1/project-0/recovery-report.json", "sha256": "a2b29976dee31bd65776ddf2b426d13ed8ee8a3836eed8ff9a95f0b878d938b0", "test": "tests/test_cpu_terminal_recovery_guards.py::test_preexisting_stop_never_authorizes_automatic_settlement[storage_hold]"}, {"bytes": 149334, "path": "/tmp/ocs-c2/test_preexisting_stop_never_au2/project-0/recovery-report.json", "sha256": "6df231a48be0b16c67baef9af3f4676ab486e727960208e080b209dad773480e", "test": "tests/test_cpu_terminal_recovery_guards.py::test_preexisting_stop_never_authorizes_automatic_settlement[masked_storage_hold]"}, {"bytes": 147951, "path": "/tmp/ocs-c2/test_recovery_refuses_unbound_0/project-0/recovery-report.json", "sha256": "beee2bba47616f02d0602cd1aa4a9b3dc36fb08d595b51de6b6a828fb779856e", "test": "tests/test_cpu_terminal_recovery_guards.py::test_recovery_refuses_unbound_replication_request_field"}, {"bytes": 147919, "path": "/tmp/ocs-c2/test_recovery_refuses_artifact0/project-0/recovery-report.json", "sha256": "8836cff2b537dc9bbdba3fdbedc0030a051298222f4c70460db7e91f6074fd8c", "test": "tests/test_cpu_terminal_recovery_guards.py::test_recovery_refuses_artifact_root_unrelated_to_published_records"}, {"bytes": 211760, "path": "/tmp/ocs-c2/test_restart_settles_confirmed0/project-0/recovery-report.json", "sha256": "ce24220fb95244fd90b9c5293942777978daeba63d7fd096aaad4ff7c62741cf", "test": "tests/test_cpu_terminal_settlement_recovery.py::test_restart_settles_confirmed_terminal_without_repeating_original_worker[0]"}, {"bytes": 200193, "path": "/tmp/ocs-c2/test_restart_settles_confirmed1/project-0/recovery-report.json", "sha256": "d95ebc54622daafa8fef3f0ab5247c01c1a3a5cfdb25d6a163cb3a15f33f2353", "test": "tests/test_cpu_terminal_settlement_recovery.py::test_restart_settles_confirmed_terminal_without_repeating_original_worker[7]"}, {"bytes": 126662, "path": "/tmp/ocs-c2/test_real_v2_confirmed_termina0/project-0/recovery-report.json", "sha256": "086f2ec268b9215edd52760b60ba4a09aa4d2d85d1310443bf842e99d8f488c0", "test": "tests/test_runtime_lease_recovery.py::test_real_v2_confirmed_terminal_crash_recovers_metadata_only[0]"}, {"bytes": 118279, "path": "/tmp/ocs-c2/test_real_v2_confirmed_termina1/project-0/recovery-report.json", "sha256": "b0297dc5fd44eeb4943a5d00f2d4a25fc26c63f265c86434b3a76e4a6fdab6c0", "test": "tests/test_runtime_lease_recovery.py::test_real_v2_confirmed_terminal_crash_recovers_metadata_only[7]"}, {"bytes": 119499, "path": "/tmp/ocs-c2/test_real_historical_v1_termin0/historical-project/recovery-report.json", "sha256": "77550b11894867187cefabeecb01801b5ff43e802def1923d5dd0dc829a64c31", "test": "tests/test_runtime_lease_recovery.py::test_real_historical_v1_terminal_recovers_without_upgrade_or_reexecution"}]
ACCEPTANCE_REPORTS=[{"bytes": 279700, "name": "sorting_default", "path": "/tmp/ocs-c2/acceptance-sorting-default0/acceptance-report.json", "sha256": "29fdac26c94ab0f936bae3b5e0bacecd2895f38844e8308badb1bcfb2c51eaac"}, {"bytes": 120865, "name": "sorting_counterfactual", "path": "/tmp/ocs-c2/acceptance-sorting-counterfactual0/acceptance-report.json", "sha256": "fd27263ef031541fdd0b581abb2c8097f8b89a89b309204057438021677480af"}, {"bytes": 274513, "name": "compression_default", "path": "/tmp/ocs-c2/acceptance-compression-default0/acceptance-report.json", "sha256": "e2dde6c3ebb83d377a1143091e9a41726b2a51c5817bb560a941edbbfb095135"}, {"bytes": 120397, "name": "compression_counterfactual", "path": "/tmp/ocs-c2/acceptance-compression-counterfactual0/acceptance-report.json", "sha256": "da6a2f0f1d5452e8c9973467da862dc0a6593bc7353bb33c7f09fbae4dfef55b"}]

=============================== warnings summary ===============================
../../../../../../home/erik/.local/lib/python3.10/site-packages/_pytest/config/__init__.py:885
  /home/erik/.local/lib/python3.10/site-packages/_pytest/config/__init__.py:885: PytestAssertRewriteWarning: Module already imported so cannot be rewritten; cpu_terminal_recovery_helpers
    self.import_plugin(import_spec)

../../../../../../home/erik/.local/lib/python3.10/site-packages/_pytest/config/__init__.py:885
  /home/erik/.local/lib/python3.10/site-packages/_pytest/config/__init__.py:885: PytestAssertRewriteWarning: Module already imported so cannot be rewritten; examples.holdout.testing
    self.import_plugin(import_spec)

-- Docs: https://docs.pytest.org/en/stable/how-to/capture-warnings.html
=========================== short test summary info ============================
SKIPPED [1] ../core/tests/test_sweeper.py:12: could not import 'orze_pro.engine.role_runner': This is a stub package. Install the real orze-pro via: export ORZE_PRO_KEY='...' && orze run
SKIPPED [1] ../core/tests/test_evolution.py:228: could not import 'orze_pro.agents.code_evolution': This is a stub package. Install the real orze-pro via: export ORZE_PRO_KEY='...' && orze run
SKIPPED [1] ../core/tests/test_evolution.py:239: could not import 'orze_pro.agents.code_evolution': This is a stub package. Install the real orze-pro via: export ORZE_PRO_KEY='...' && orze run
SKIPPED [1] ../core/tests/test_evolution.py:255: could not import 'orze_pro.agents.meta_research': This is a stub package. Install the real orze-pro via: export ORZE_PRO_KEY='...' && orze run
SKIPPED [1] ../core/tests/test_fsm_runner_registry.py:13: could not import 'orze_pro': This is a stub package. Install the real orze-pro via: export ORZE_PRO_KEY='...' && orze run
SKIPPED [1] ../core/tests/test_skill_registry.py:123: orze-pro not installed
SKIPPED [1] ../core/tests/test_skill_registry.py:135: orze-pro not installed
4893 passed, 7 skipped, 2 warnings in 953.23s (0:15:53)
