........................................................................ [  1%]
........................................................................ [  2%]
........................................................................ [  4%]
........................................................................ [  5%]
........................................................................ [  6%]
........................................................................ [  8%]
........................................................................ [  9%]
........................................................................ [ 11%]
........................................................................ [ 12%]
........................................................................ [ 13%]
........................................................................ [ 15%]
........................................................................ [ 16%]
........................................................................ [ 18%]
........................................................................ [ 19%]
........................................................................ [ 20%]
........................................................................ [ 22%]
........................................................................ [ 23%]
........................................................................ [ 25%]
........................................................................ [ 26%]
........................................................................ [ 27%]
........................................................................ [ 29%]
........................................................................ [ 30%]
........................................................................ [ 31%]
........................................................................ [ 33%]
........................................................................ [ 34%]
........................................................................ [ 36%]
........................................................................ [ 37%]
........................................................................ [ 38%]
........................................................................ [ 40%]
................sss..................................................... [ 41%]
........................................................................ [ 43%]
........................................................................ [ 44%]
........................................................................ [ 45%]
.....................................................................s.. [ 47%]
........................................................................ [ 48%]
........................................................................ [ 50%]
........................................................................ [ 51%]
........................................................................ [ 52%]
........................................................................ [ 54%]
........................................................................ [ 55%]
........................................................................ [ 57%]
........................................................................ [ 58%]
........................................................................ [ 59%]
........................................................................ [ 61%]
........................................................................ [ 62%]
........................................................................ [ 63%]
........................................................................ [ 65%]
........................................................................ [ 66%]
........................................................................ [ 68%]
........................................................................ [ 69%]
........................................................................ [ 70%]
........................................................................ [ 72%]
........................................................................ [ 73%]
........................................................................ [ 75%]
........................................................................ [ 76%]
........................................................................ [ 77%]
........................................................................ [ 79%]
........................................................................ [ 80%]
........................................................................ [ 82%]
........................................................................ [ 83%]
........................................................................ [ 84%]
........................................................................ [ 86%]
........................................................................ [ 87%]
........................................................................ [ 89%]
........................................................................ [ 90%]
........................................................................ [ 91%]
.........................................ss............................. [ 93%]
........................................................................ [ 94%]
........................................................................ [ 95%]
........................................................................ [ 97%]
........................................................................ [ 98%]
.................................................................        [100%]HOLDOUT_REPORTS=[{"bytes": 2507332, "name": "workflow", "path": "/tmp/mu-fc1/holdout-workflow0/holdout-report.json", "sha256": "116f9f4fde37d27097dfff782791be20b3c8be171fe7f75ae4e80d873844e69a"}, {"bytes": 143029, "name": "boundary", "path": "/tmp/mu-fc1/holdout-boundary0/holdout-report.json", "sha256": "da7213bd2cb4b9945c0a7a2382865cfb6db914638d6c3ebc7ef79c0071b0f60d"}, {"bytes": 143152, "name": "duplicate_id", "path": "/tmp/mu-fc1/holdout-duplicate_id0/holdout-report.json", "sha256": "af29c4a97a26326201a4552d7234607f094b6635152d5b236ea903e86df37f5d"}, {"bytes": 144454, "name": "missing_prerequisite", "path": "/tmp/mu-fc1/holdout-missing_prerequisite0/holdout-report.json", "sha256": "97c4694fd5d88512690a7a06ae01a1f6f1d66de1f81925ef665ee0a3eace56f8"}, {"bytes": 142519, "name": "overload", "path": "/tmp/mu-fc1/holdout-overload0/holdout-report.json", "sha256": "197a5b9ecd4748c78f392ae5696429ecf03a59ad603a6709854072cdc98fa4ca"}, {"bytes": 141331, "name": "malformed", "path": "/tmp/mu-fc1/holdout-malformed0/holdout-report.json", "sha256": "8e802d55e2eb828ca2036c570cfee02296c99958b9d746a1070875c98f1ddfb4"}]
CPU_RECOVERY_REPORTS=[{"bytes": 82691, "path": "/tmp/mu-fc1/test_real_confirmed_terminal_r0/project-0/recovery-report.json", "sha256": "011a2a6a3468887a8986feb6d90e736dc4d6d291176c8a963c2c87352fd3055e", "test": "tests/test_cpu_claim_reader_consolidation.py::TestPublicSnapshotRouting::test_real_confirmed_terminal_recovery_uses_required_8k_public_snapshot"}, {"bytes": 104379, "path": "/tmp/mu-fc1/test_post_delete_fsync_uncerta0/project-0/recovery-report.json", "sha256": "078222183825ea57159baa38435e041b47078583989fb38cb091f44656ae1b1a", "test": "tests/test_cpu_terminal_recovery_barrier.py::test_post_delete_fsync_uncertainty_blocks_fresh_restart_with_zero_bound[effect]"}, {"bytes": 104395, "path": "/tmp/mu-fc1/test_post_delete_fsync_uncerta1/project-0/recovery-report.json", "sha256": "6fb1dc2b6418a8efe1599d53642f497187a44ea89228e253d692e7b6c88ad6d3", "test": "tests/test_cpu_terminal_recovery_barrier.py::test_post_delete_fsync_uncertainty_blocks_fresh_restart_with_zero_bound[recovery]"}, {"bytes": 67279, "path": "/tmp/mu-fc1/test_in_progress_denies_alread0/project-0/recovery-report.json", "sha256": "42c727f92639dd2afb1539585158dc75e2edc2ea8e295093ae9493b9bf5dfad5", "test": "tests/test_cpu_terminal_recovery_barrier.py::test_in_progress_denies_already_running_peer_admission[reserve]"}, {"bytes": 67280, "path": "/tmp/mu-fc1/test_in_progress_denies_alread1/project-0/recovery-report.json", "sha256": "097c8afa52081a40a2c4f5815240f0a7c18e2fafefa4ffcba0b6f86ea7a41d3a", "test": "tests/test_cpu_terminal_recovery_barrier.py::test_in_progress_denies_already_running_peer_admission[require_permit]"}, {"bytes": 66157, "path": "/tmp/mu-fc1/test_two_recovery_consumers_do0/project-0/recovery-report.json", "sha256": "89859c674f51ad94fbb70a54d6346db5174ef0c86890cc59a2afe6875756939a", "test": "tests/test_cpu_terminal_recovery_barrier.py::test_two_recovery_consumers_do_not_repeat_settlement_or_poison_owner"}, {"bytes": 66564, "path": "/tmp/mu-fc1/test_legal_peer_decision_after0/project-0/recovery-report.json", "sha256": "bf9c769082ee006e55c71c13c36735f9a1b3c2dba26c8130493885ac4807c5d3", "test": "tests/test_cpu_terminal_recovery_barrier.py::test_legal_peer_decision_after_complete_commit_preserves_exact_owner_result"}, {"bytes": 102203, "path": "/tmp/mu-fc1/test_recovery_transaction_unkn0/project-0/recovery-report.json", "sha256": "31ff44d2ea4ef7256e6affb311410ea1c6f53d7acf03cb8d877c527c2e30e604", "test": "tests/test_cpu_terminal_recovery_barrier.py::test_recovery_transaction_unknown_is_not_an_ordinary_success[IN_PROGRESS-rollback]"}, {"bytes": 104332, "path": "/tmp/mu-fc1/test_recovery_transaction_unkn1/project-0/recovery-report.json", "sha256": "d235e33b7ecaaf41ddc5285b65794c8ca1c4fc5c92c8619dd6d79e14cd82ddcd", "test": "tests/test_cpu_terminal_recovery_barrier.py::test_recovery_transaction_unknown_is_not_an_ordinary_success[COMPLETE-rollback]"}, {"bytes": 105708, "path": "/tmp/mu-fc1/test_recovery_transaction_unkn2/project-0/recovery-report.json", "sha256": "d0b2204cafdc0e625fe0b7a96f123ae6bbaf0a0833ba60f22bb699d8934111d6", "test": "tests/test_cpu_terminal_recovery_barrier.py::test_recovery_transaction_unknown_is_not_an_ordinary_success[COMPLETE-committed_raise]"}, {"bytes": 65244, "path": "/tmp/mu-fc1/test_existing_unqualified_gate0/project-0/recovery-report.json", "sha256": "38b890a320f5117cbc005dda73e28fdcadc529f144b378b6922dfbb62c9127f1", "test": "tests/test_cpu_terminal_recovery_barrier.py::test_existing_unqualified_gate_owner_is_preserved"}, {"bytes": 65245, "path": "/tmp/mu-fc1/test_recovery_refuses_caller_t0/project-0/recovery-report.json", "sha256": "e5807a6f417959b8e4e2c748970814a95054a5ff721f050aa5f8f5d3f64749e4", "test": "tests/test_cpu_terminal_recovery_barrier.py::test_recovery_refuses_caller_transaction_without_consuming_it"}, {"bytes": 66018, "path": "/tmp/mu-fc1/test_actual_peer_nonce_replace0/project-0/recovery-report.json", "sha256": "7f010c38f2c936fe406b90cc9e6b7eb522648e93782016e83ae69d80653d6018", "test": "tests/test_cpu_terminal_recovery_barrier.py::test_actual_peer_nonce_replacement_cannot_be_completed_by_old_owner"}, {"bytes": 314689, "path": "/tmp/mu-fc1/test_fresh_cli_resumes_confirm0/domain-project/recovery-report.json", "sha256": "64a9c5bdff98a398fb95b5ecd110aae80910fb9968c5087b828dfcebf653586e", "test": "tests/test_cpu_terminal_recovery_domain.py::test_fresh_cli_resumes_confirmed_domain_without_reinterpretation[schedule-feasibility-v1-valid]"}, {"bytes": 314639, "path": "/tmp/mu-fc1/test_fresh_cli_resumes_confirm1/domain-project/recovery-report.json", "sha256": "c6abbe480180af9f580cd039285efa538c7b4522b3a95d021fac8f18b004a050", "test": "tests/test_cpu_terminal_recovery_domain.py::test_fresh_cli_resumes_confirmed_domain_without_reinterpretation[schedule-feasibility-v2-invalid]"}, {"bytes": 147753, "path": "/tmp/mu-fc1/test_recovery_refuses_changed_0/project-0/recovery-report.json", "sha256": "ed2dc7a4331ad5fe8f6193aec0f29b525ac12aeb7b034bf5d40e4e1c94716497", "test": "tests/test_cpu_terminal_recovery_guards.py::test_recovery_refuses_changed_native_binding[origin]"}, {"bytes": 147723, "path": "/tmp/mu-fc1/test_recovery_refuses_changed_1/project-0/recovery-report.json", "sha256": "88e56d99b9f1a67d38699605ae63d89b1e5504e874809f83e66e909aebe49b6f", "test": "tests/test_cpu_terminal_recovery_guards.py::test_recovery_refuses_changed_native_binding[kind]"}, {"bytes": 147784, "path": "/tmp/mu-fc1/test_recovery_refuses_changed_2/project-0/recovery-report.json", "sha256": "7044c8cb4212a6eb4a33cf5bd529e357002533f5383bf43a993e5d6d9346ff58", "test": "tests/test_cpu_terminal_recovery_guards.py::test_recovery_refuses_changed_native_binding[resource]"}, {"bytes": 147811, "path": "/tmp/mu-fc1/test_recovery_refuses_changed_3/project-0/recovery-report.json", "sha256": "3727eee0aaf3162af8e5a209020dfd80765076d1adddb3972eb4d7b6079bab30", "test": "tests/test_cpu_terminal_recovery_guards.py::test_recovery_refuses_changed_native_binding[attempt_ref]"}, {"bytes": 147793, "path": "/tmp/mu-fc1/test_recovery_refuses_changed_4/project-0/recovery-report.json", "sha256": "5eb6cbcbc2d90e5ba872180a828be950bfb45c92a0ae4274c4aede05c2d4c4aa", "test": "tests/test_cpu_terminal_recovery_guards.py::test_recovery_refuses_changed_native_binding[process_pid]"}, {"bytes": 147825, "path": "/tmp/mu-fc1/test_recovery_refuses_changed_5/project-0/recovery-report.json", "sha256": "ba2abea70ef4bdcec225024cde9614c2048ae287b5258c1fab3ebe4e7777a3e0", "test": "tests/test_cpu_terminal_recovery_guards.py::test_recovery_refuses_changed_native_binding[command_sha256]"}, {"bytes": 147839, "path": "/tmp/mu-fc1/test_recovery_refuses_changed_6/project-0/recovery-report.json", "sha256": "c04ac67c92edb2844d295c389b68433527ce03f4e4f9fc3fe7ca57ff249aaa7c", "test": "tests/test_cpu_terminal_recovery_guards.py::test_recovery_refuses_changed_native_binding[timeout_seconds]"}, {"bytes": 147777, "path": "/tmp/mu-fc1/test_recovery_refuses_changed_7/project-0/recovery-report.json", "sha256": "91df986e44b1b652f659a37bb60b3e70f71906db8580ad836d947e5df5d1d9ff", "test": "tests/test_cpu_terminal_recovery_guards.py::test_recovery_refuses_changed_captured_source[database]"}, {"bytes": 147793, "path": "/tmp/mu-fc1/test_recovery_refuses_changed_8/project-0/recovery-report.json", "sha256": "878329cc006ba92851265084513d35a3c40d9e50125823dcfa04cc22d22a8466", "test": "tests/test_cpu_terminal_recovery_guards.py::test_recovery_refuses_changed_captured_source[claim_sha256]"}, {"bytes": 147771, "path": "/tmp/mu-fc1/test_recovery_refuses_changed_9/project-0/recovery-report.json", "sha256": "8d8cd9e7396f8690fe269110c2b0bf433038cbd830071746130ca3280d8f4849", "test": "tests/test_cpu_terminal_recovery_guards.py::test_recovery_refuses_changed_captured_source[config_sha256]"}, {"bytes": 147996, "path": "/tmp/mu-fc1/test_recovery_refuses_changed_10/project-0/recovery-report.json", "sha256": "1f39c80170cf9cef8fb499338d9aadce45a57c9ec72195ec2609e356055a9e37", "test": "tests/test_cpu_terminal_recovery_guards.py::test_recovery_refuses_changed_current_lifecycle"}, {"bytes": 147856, "path": "/tmp/mu-fc1/test_recovery_refuses_rehashed0/project-0/recovery-report.json", "sha256": "b6d96bc17d65e5af202e8cd396b6de9f998f447ada5ff93d24269cc6a66f6c6b", "test": "tests/test_cpu_terminal_recovery_guards.py::test_recovery_refuses_rehashed_non_cpu_prepared_plan"}, {"bytes": 147978, "path": "/tmp/mu-fc1/test_recovery_refuses_changed_11/project-0/recovery-report.json", "sha256": "53fe5b88bafe7d829f70690e4fb86448b02bacc5c123b87af671a642aae62a71", "test": "tests/test_cpu_terminal_recovery_guards.py::test_recovery_refuses_changed_catalog_route"}, {"bytes": 148039, "path": "/tmp/mu-fc1/test_recovery_refuses_changed_12/project-0/recovery-report.json", "sha256": "c0ec54a3a2666dad8ce6b253cdf253d92bfe52d09e583b44c9be7fddbfea44ab", "test": "tests/test_cpu_terminal_recovery_guards.py::test_recovery_refuses_changed_ready_member_identity"}, {"bytes": 190292, "path": "/tmp/mu-fc1/test_recovery_rechecks_source_0/project-0/recovery-report.json", "sha256": "f3cb92b09a184f2cd9604a3793e0975237b68e174ea96be63e6a72cbafa4538e", "test": "tests/test_cpu_terminal_recovery_guards.py::test_recovery_rechecks_source_after_enumeration_before_settlement"}, {"bytes": 149298, "path": "/tmp/mu-fc1/test_preexisting_stop_never_au0/project-0/recovery-report.json", "sha256": "fbade5d16736737eea29ec0d5d3baa5460cbad5177de7824373398ccd38944f5", "test": "tests/test_cpu_terminal_recovery_guards.py::test_preexisting_stop_never_authorizes_automatic_settlement[ordinary_stop]"}, {"bytes": 149207, "path": "/tmp/mu-fc1/test_preexisting_stop_never_au1/project-0/recovery-report.json", "sha256": "2ea01705be7b4d9af180854308506358c08296c1089ae894307cdfebceb8ad6d", "test": "tests/test_cpu_terminal_recovery_guards.py::test_preexisting_stop_never_authorizes_automatic_settlement[storage_hold]"}, {"bytes": 149354, "path": "/tmp/mu-fc1/test_preexisting_stop_never_au2/project-0/recovery-report.json", "sha256": "3b7062526a2af255c5830298a9515bf8e926d23a78611bde23ba937b91ab1714", "test": "tests/test_cpu_terminal_recovery_guards.py::test_preexisting_stop_never_authorizes_automatic_settlement[masked_storage_hold]"}, {"bytes": 147970, "path": "/tmp/mu-fc1/test_recovery_refuses_unbound_0/project-0/recovery-report.json", "sha256": "a7e39f1377d6ff187e43a0b207ddc39648e109eaf4fceafb9c4662661e0418aa", "test": "tests/test_cpu_terminal_recovery_guards.py::test_recovery_refuses_unbound_replication_request_field"}, {"bytes": 147902, "path": "/tmp/mu-fc1/test_recovery_refuses_artifact0/project-0/recovery-report.json", "sha256": "efab6ecbb1ab7227f0e661359bdd7abb89dd1cbe9764cc38a40453b649536bee", "test": "tests/test_cpu_terminal_recovery_guards.py::test_recovery_refuses_artifact_root_unrelated_to_published_records"}, {"bytes": 211755, "path": "/tmp/mu-fc1/test_restart_settles_confirmed0/project-0/recovery-report.json", "sha256": "180461a3d1e780cebe6aede63080661006f9480d5f36b99a838518769abdab67", "test": "tests/test_cpu_terminal_settlement_recovery.py::test_restart_settles_confirmed_terminal_without_repeating_original_worker[0]"}, {"bytes": 200192, "path": "/tmp/mu-fc1/test_restart_settles_confirmed1/project-0/recovery-report.json", "sha256": "e3a1f0e87310d9d41ac950d4f5687bcfebd6e6b2bac6f1bc61a13f879fb549cc", "test": "tests/test_cpu_terminal_settlement_recovery.py::test_restart_settles_confirmed_terminal_without_repeating_original_worker[7]"}, {"bytes": 126661, "path": "/tmp/mu-fc1/test_real_v2_confirmed_termina0/project-0/recovery-report.json", "sha256": "b6418e97408f92b600e95389e21df3ddcf26d1c148fbf2ce9d16e19024a75e0a", "test": "tests/test_runtime_lease_recovery.py::test_real_v2_confirmed_terminal_crash_recovers_metadata_only[0]"}, {"bytes": 118295, "path": "/tmp/mu-fc1/test_real_v2_confirmed_termina1/project-0/recovery-report.json", "sha256": "5fcd9c950bd841ce3bc9a5b567375a1b6bebb7f0411c42692002faf357f15e3d", "test": "tests/test_runtime_lease_recovery.py::test_real_v2_confirmed_terminal_crash_recovers_metadata_only[7]"}, {"bytes": 119495, "path": "/tmp/mu-fc1/test_real_historical_v1_termin0/historical-project/recovery-report.json", "sha256": "86be54c1820cdbcf3ca39e0a79b5b2fbb16274fea4f0013304c64f45e8e6cdbd", "test": "tests/test_runtime_lease_recovery.py::test_real_historical_v1_terminal_recovers_without_upgrade_or_reexecution"}]
ACCEPTANCE_REPORTS=[{"bytes": 279664, "name": "sorting_default", "path": "/tmp/mu-fc1/acceptance-sorting-default0/acceptance-report.json", "sha256": "8b02e3c467c3c84d620c8ac29f3e32f453c0afd5cdd4d58a0e9976ddbb204e5a"}, {"bytes": 120850, "name": "sorting_counterfactual", "path": "/tmp/mu-fc1/acceptance-sorting-counterfactual0/acceptance-report.json", "sha256": "e1605bc982b0ec399a58320feb571e7528b0416aba014bd9f3df560ceb533647"}, {"bytes": 274520, "name": "compression_default", "path": "/tmp/mu-fc1/acceptance-compression-default0/acceptance-report.json", "sha256": "419260b581a8f498280615a2e02803aaf532185852ba725ebe12359472a1c9c0"}, {"bytes": 120445, "name": "compression_counterfactual", "path": "/tmp/mu-fc1/acceptance-compression-counterfactual0/acceptance-report.json", "sha256": "ee9581f77029bb4d073a9dd56053f85eb7f2abd38994d13ff47adcec96af14b5"}]

=============================== warnings summary ===============================
../../../../../../home/erik/.local/lib/python3.10/site-packages/_pytest/config/__init__.py:885
  /home/erik/.local/lib/python3.10/site-packages/_pytest/config/__init__.py:885: PytestAssertRewriteWarning: Module already imported so cannot be rewritten; cpu_terminal_recovery_helpers
    self.import_plugin(import_spec)

../../../../../../home/erik/.local/lib/python3.10/site-packages/_pytest/config/__init__.py:885
  /home/erik/.local/lib/python3.10/site-packages/_pytest/config/__init__.py:885: PytestAssertRewriteWarning: Module already imported so cannot be rewritten; examples.holdout.testing
    self.import_plugin(import_spec)

-- Docs: https://docs.pytest.org/en/stable/how-to/capture-warnings.html
=========================== short test summary info ============================
SKIPPED [1] ../core/tests/test_sweeper.py:12: could not import 'orze_pro.engine.role_runner': This is a stub package. Install the real orze-pro via: export ORZE_PRO_KEY='...' && orze run
SKIPPED [1] ../core/tests/test_evolution.py:228: could not import 'orze_pro.agents.code_evolution': This is a stub package. Install the real orze-pro via: export ORZE_PRO_KEY='...' && orze run
SKIPPED [1] ../core/tests/test_evolution.py:239: could not import 'orze_pro.agents.code_evolution': This is a stub package. Install the real orze-pro via: export ORZE_PRO_KEY='...' && orze run
SKIPPED [1] ../core/tests/test_evolution.py:255: could not import 'orze_pro.agents.meta_research': This is a stub package. Install the real orze-pro via: export ORZE_PRO_KEY='...' && orze run
SKIPPED [1] ../core/tests/test_fsm_runner_registry.py:13: could not import 'orze_pro': This is a stub package. Install the real orze-pro via: export ORZE_PRO_KEY='...' && orze run
SKIPPED [1] ../core/tests/test_skill_registry.py:123: orze-pro not installed
SKIPPED [1] ../core/tests/test_skill_registry.py:135: orze-pro not installed
5171 passed, 7 skipped, 2 warnings in 1127.81s (0:18:47)
