........................................................................ [  1%]
........................................................................ [  2%]
........................................................................ [  4%]
........................................................................ [  5%]
........................................................................ [  7%]
........................................................................ [  8%]
........................................................................ [ 10%]
........................................................................ [ 11%]
........................................................................ [ 13%]
........................................................................ [ 14%]
........................................................................ [ 16%]
........................................................................ [ 17%]
........................................................................ [ 19%]
........................................................................ [ 20%]
........................................................................ [ 21%]
........................................................................ [ 23%]
........................................................................ [ 24%]
........................................................................ [ 26%]
........................................................................ [ 27%]
........................................................................ [ 29%]
........................................................................ [ 30%]
........................................................................ [ 32%]
........................................................................ [ 33%]
........................................................................ [ 35%]
........................................................................ [ 36%]
........................................................................ [ 38%]
........................................................................ [ 39%]
........................................................................ [ 41%]
........................................................................ [ 42%]
....sss................................................................. [ 43%]
........................................................................ [ 45%]
........................................................................ [ 46%]
........................................................................ [ 48%]
................s....................................................... [ 49%]
........................................................................ [ 51%]
........................................................................ [ 52%]
........................................................................ [ 54%]
........................................................................ [ 55%]
........................................................................ [ 57%]
........................................................................ [ 58%]
........................................................................ [ 60%]
........................................................................ [ 61%]
........................................................................ [ 63%]
........................................................................ [ 64%]
........................................................................ [ 65%]
........................................................................ [ 67%]
........................................................................ [ 68%]
........................................................................ [ 70%]
........................................................................ [ 71%]
........................................................................ [ 73%]
........................................................................ [ 74%]
........................................................................ [ 76%]
........................................................................ [ 77%]
........................................................................ [ 79%]
........................................................................ [ 80%]
........................................................................ [ 82%]
........................................................................ [ 83%]
........................................................................ [ 85%]
........................................................................ [ 86%]
........................................................................ [ 87%]
........................................................................ [ 89%]
........................................................................ [ 90%]
........................................................................ [ 92%]
............ss.......................................................... [ 93%]
........................................................................ [ 95%]
........................................................................ [ 96%]
........................................................................ [ 98%]
........................................................................ [ 99%]
...............                                                          [100%]HOLDOUT_REPORTS=[{"bytes": 2510109, "name": "workflow", "path": "/tmp/ors-cf1/holdout-workflow0/holdout-report.json", "sha256": "e7b6f784117affa0ee03e53721821783b3fae2634ad283200b05464ecec94414"}, {"bytes": 143197, "name": "boundary", "path": "/tmp/ors-cf1/holdout-boundary0/holdout-report.json", "sha256": "0c80ffea9393d0e1d758b9c70f01fc40ffc53fd28eaa4e00201d0036e990940e"}, {"bytes": 143311, "name": "duplicate_id", "path": "/tmp/ors-cf1/holdout-duplicate_id0/holdout-report.json", "sha256": "0ae2d30bd8811a1b3aebbc6fc2ea44e0193dc3fc799876f2c1e33de37a9f3d5f"}, {"bytes": 144610, "name": "missing_prerequisite", "path": "/tmp/ors-cf1/holdout-missing_prerequisite0/holdout-report.json", "sha256": "aa7b81c3da7fc73fb074bf639436cd0a43b2d65b79454261bb654ba6e9a0514a"}, {"bytes": 142691, "name": "overload", "path": "/tmp/ors-cf1/holdout-overload0/holdout-report.json", "sha256": "7dc3ede8b9c89dd435f38d94a53863fc5a5b327a4f3bb9d9afbf8e0a3ccf91c5"}, {"bytes": 141496, "name": "malformed", "path": "/tmp/ors-cf1/holdout-malformed0/holdout-report.json", "sha256": "a12b7f7d7b34ce39fda696eb93ffda52ba91b8554ae423dbb6a089f55937411c"}]
CPU_RECOVERY_REPORTS=[{"bytes": 82789, "path": "/tmp/ors-cf1/test_real_confirmed_terminal_r0/project-0/recovery-report.json", "sha256": "aeed85956d3e3c8e6a46bb12ca136f2e9207d0b0998688e1c2b62b1c04177d20", "test": "tests/test_cpu_claim_reader_consolidation.py::TestPublicSnapshotRouting::test_real_confirmed_terminal_recovery_uses_required_8k_public_snapshot"}, {"bytes": 104523, "path": "/tmp/ors-cf1/test_post_delete_fsync_uncerta0/project-0/recovery-report.json", "sha256": "307e1843925b56ea0c6a1bfbbbe719ce168cd8edd5dc976d5ebec80ba9604ed8", "test": "tests/test_cpu_terminal_recovery_barrier.py::test_post_delete_fsync_uncertainty_blocks_fresh_restart_with_zero_bound[effect]"}, {"bytes": 104533, "path": "/tmp/ors-cf1/test_post_delete_fsync_uncerta1/project-0/recovery-report.json", "sha256": "63171203c3462a8d823f6a3ee0b48a6719ffb042640d7fa9ee5c9e8d497cffc9", "test": "tests/test_cpu_terminal_recovery_barrier.py::test_post_delete_fsync_uncertainty_blocks_fresh_restart_with_zero_bound[recovery]"}, {"bytes": 67369, "path": "/tmp/ors-cf1/test_in_progress_denies_alread0/project-0/recovery-report.json", "sha256": "81d1755762457e7a1e092288705a9a6cc85928689cf0f4d358fa72dda6ecb2c0", "test": "tests/test_cpu_terminal_recovery_barrier.py::test_in_progress_denies_already_running_peer_admission[reserve]"}, {"bytes": 67355, "path": "/tmp/ors-cf1/test_in_progress_denies_alread1/project-0/recovery-report.json", "sha256": "18c0e88c2a8e317d770e7737d776d22daa3d1eb2f60b15601ab3155bd003d3e8", "test": "tests/test_cpu_terminal_recovery_barrier.py::test_in_progress_denies_already_running_peer_admission[require_permit]"}, {"bytes": 66238, "path": "/tmp/ors-cf1/test_two_recovery_consumers_do0/project-0/recovery-report.json", "sha256": "eee211b8eebd3f79378ce887c01046bd0483f129d8c623023e9ed255041efce0", "test": "tests/test_cpu_terminal_recovery_barrier.py::test_two_recovery_consumers_do_not_repeat_settlement_or_poison_owner"}, {"bytes": 66643, "path": "/tmp/ors-cf1/test_legal_peer_decision_after0/project-0/recovery-report.json", "sha256": "04e3a6b727b6797d8667e6e53fef0d4cd9bb7441d65e01713917af77097418bd", "test": "tests/test_cpu_terminal_recovery_barrier.py::test_legal_peer_decision_after_complete_commit_preserves_exact_owner_result"}, {"bytes": 102336, "path": "/tmp/ors-cf1/test_recovery_transaction_unkn0/project-0/recovery-report.json", "sha256": "c7f70dcb1a42943889f904c07f55d0592a98d52264a63f153d2243f8e782882e", "test": "tests/test_cpu_terminal_recovery_barrier.py::test_recovery_transaction_unknown_is_not_an_ordinary_success[IN_PROGRESS-rollback]"}, {"bytes": 104456, "path": "/tmp/ors-cf1/test_recovery_transaction_unkn1/project-0/recovery-report.json", "sha256": "e05a663faf82444bf32e0a210e4a6d7381a88c59ff6c07231f4211ff41b27516", "test": "tests/test_cpu_terminal_recovery_barrier.py::test_recovery_transaction_unknown_is_not_an_ordinary_success[COMPLETE-rollback]"}, {"bytes": 105852, "path": "/tmp/ors-cf1/test_recovery_transaction_unkn2/project-0/recovery-report.json", "sha256": "7881f16be7198f64eb81b0cbdd39ecd2f31e50da23d8f1d49f72fc14c65d217b", "test": "tests/test_cpu_terminal_recovery_barrier.py::test_recovery_transaction_unknown_is_not_an_ordinary_success[COMPLETE-committed_raise]"}, {"bytes": 65311, "path": "/tmp/ors-cf1/test_existing_unqualified_gate0/project-0/recovery-report.json", "sha256": "16f9accc2ebb055bf04b96848074f41f4c25164f9c3ab8dd3d4857c6d75bdaee", "test": "tests/test_cpu_terminal_recovery_barrier.py::test_existing_unqualified_gate_owner_is_preserved"}, {"bytes": 65309, "path": "/tmp/ors-cf1/test_recovery_refuses_caller_t0/project-0/recovery-report.json", "sha256": "46c39460e6cc1df880326115dda1a400ffec4fc08bb87957870b7e6693e2ad6b", "test": "tests/test_cpu_terminal_recovery_barrier.py::test_recovery_refuses_caller_transaction_without_consuming_it"}, {"bytes": 66110, "path": "/tmp/ors-cf1/test_actual_peer_nonce_replace0/project-0/recovery-report.json", "sha256": "d032461fc36fb7ced73de43d72d10d525861f199e8bdf4c8a909c983d6674a86", "test": "tests/test_cpu_terminal_recovery_barrier.py::test_actual_peer_nonce_replacement_cannot_be_completed_by_old_owner"}, {"bytes": 315062, "path": "/tmp/ors-cf1/test_fresh_cli_resumes_confirm0/domain-project/recovery-report.json", "sha256": "51989d3f447b03fcf88bd734a11c966d6fa319b377a64d8d42bddd8cba431520", "test": "tests/test_cpu_terminal_recovery_domain.py::test_fresh_cli_resumes_confirmed_domain_without_reinterpretation[schedule-feasibility-v1-valid]"}, {"bytes": 314987, "path": "/tmp/ors-cf1/test_fresh_cli_resumes_confirm1/domain-project/recovery-report.json", "sha256": "3f6dd38ea77971cc87b568d9db1d6224dc2b20aa949cdb5d661f9a4299000fb6", "test": "tests/test_cpu_terminal_recovery_domain.py::test_fresh_cli_resumes_confirmed_domain_without_reinterpretation[schedule-feasibility-v2-invalid]"}, {"bytes": 147919, "path": "/tmp/ors-cf1/test_recovery_refuses_changed_0/project-0/recovery-report.json", "sha256": "9ddf05fa30f768b7327116d9af30299e8f4e0263444fe932e244d7cd746afa90", "test": "tests/test_cpu_terminal_recovery_guards.py::test_recovery_refuses_changed_native_binding[origin]"}, {"bytes": 147899, "path": "/tmp/ors-cf1/test_recovery_refuses_changed_1/project-0/recovery-report.json", "sha256": "c46980a20457ff5ca400081afb2b339f29bdae1a4c27bf391eaf93dbf064abb1", "test": "tests/test_cpu_terminal_recovery_guards.py::test_recovery_refuses_changed_native_binding[kind]"}, {"bytes": 147945, "path": "/tmp/ors-cf1/test_recovery_refuses_changed_2/project-0/recovery-report.json", "sha256": "44fa191bc0202b494e900198ea4becaae8f7ac3323fa50d5fc4cf1f94bc35d41", "test": "tests/test_cpu_terminal_recovery_guards.py::test_recovery_refuses_changed_native_binding[resource]"}, {"bytes": 147971, "path": "/tmp/ors-cf1/test_recovery_refuses_changed_3/project-0/recovery-report.json", "sha256": "e49cc7f75d795f21693832fd8ea369e62e3f0fb0915eb04456fff2b4cf97fbe5", "test": "tests/test_cpu_terminal_recovery_guards.py::test_recovery_refuses_changed_native_binding[attempt_ref]"}, {"bytes": 147984, "path": "/tmp/ors-cf1/test_recovery_refuses_changed_4/project-0/recovery-report.json", "sha256": "69bc7b56f84eac157fb436e2677807c6d9573120c64a7b028d361c107f6db92c", "test": "tests/test_cpu_terminal_recovery_guards.py::test_recovery_refuses_changed_native_binding[process_pid]"}, {"bytes": 148005, "path": "/tmp/ors-cf1/test_recovery_refuses_changed_5/project-0/recovery-report.json", "sha256": "e5d0ff72a8ad1189a4c258a20360bf295e30b02e11a87f83e6189c3648675dd4", "test": "tests/test_cpu_terminal_recovery_guards.py::test_recovery_refuses_changed_native_binding[command_sha256]"}, {"bytes": 147996, "path": "/tmp/ors-cf1/test_recovery_refuses_changed_6/project-0/recovery-report.json", "sha256": "de6b7ea5cfa8d8c118b011369e75c2f42d9c7d3fdc491ae148c8b6070ce72c08", "test": "tests/test_cpu_terminal_recovery_guards.py::test_recovery_refuses_changed_native_binding[timeout_seconds]"}, {"bytes": 147940, "path": "/tmp/ors-cf1/test_recovery_refuses_changed_7/project-0/recovery-report.json", "sha256": "b38872ce509c77bca7ea2416621a862994094b6e180e3c4fef323ce43c62e916", "test": "tests/test_cpu_terminal_recovery_guards.py::test_recovery_refuses_changed_captured_source[database]"}, {"bytes": 147977, "path": "/tmp/ors-cf1/test_recovery_refuses_changed_8/project-0/recovery-report.json", "sha256": "8e4ea0ef71166d46f15a4b96380218d3a5fcb24f8ec868a4b69699ed8d90fac4", "test": "tests/test_cpu_terminal_recovery_guards.py::test_recovery_refuses_changed_captured_source[claim_sha256]"}, {"bytes": 147964, "path": "/tmp/ors-cf1/test_recovery_refuses_changed_9/project-0/recovery-report.json", "sha256": "5e2001efa870d7a1b770ebedd3e27e5268ace386d3ad30de34fc0529518a61c6", "test": "tests/test_cpu_terminal_recovery_guards.py::test_recovery_refuses_changed_captured_source[config_sha256]"}, {"bytes": 148169, "path": "/tmp/ors-cf1/test_recovery_refuses_changed_10/project-0/recovery-report.json", "sha256": "ef3c6c0fea1c4d25154d7e44c528338fddf0d06ba4280e41c2cf0721edd19dfe", "test": "tests/test_cpu_terminal_recovery_guards.py::test_recovery_refuses_changed_current_lifecycle"}, {"bytes": 147969, "path": "/tmp/ors-cf1/test_recovery_refuses_rehashed0/project-0/recovery-report.json", "sha256": "59fdaac755bde55859925a74eb2393963b4c4d975449b3686930730de2d6b6e6", "test": "tests/test_cpu_terminal_recovery_guards.py::test_recovery_refuses_rehashed_non_cpu_prepared_plan"}, {"bytes": 148155, "path": "/tmp/ors-cf1/test_recovery_refuses_changed_11/project-0/recovery-report.json", "sha256": "3aafefbee20004d48c46177dcb2669c30a39bb92818f38a6079083c261f725d7", "test": "tests/test_cpu_terminal_recovery_guards.py::test_recovery_refuses_changed_catalog_route"}, {"bytes": 148216, "path": "/tmp/ors-cf1/test_recovery_refuses_changed_12/project-0/recovery-report.json", "sha256": "abc234eb1710106406f58e7aeb87dc1edb5d3b9855247e03ea652d5fdbd202ef", "test": "tests/test_cpu_terminal_recovery_guards.py::test_recovery_refuses_changed_ready_member_identity"}, {"bytes": 190531, "path": "/tmp/ors-cf1/test_recovery_rechecks_source_0/project-0/recovery-report.json", "sha256": "19d5d7ae8d8d88fe6d80426aefeaa225452930b9cc133dc8cd9cdeb2a2a123ca", "test": "tests/test_cpu_terminal_recovery_guards.py::test_recovery_rechecks_source_after_enumeration_before_settlement"}, {"bytes": 149471, "path": "/tmp/ors-cf1/test_preexisting_stop_never_au0/project-0/recovery-report.json", "sha256": "6cbf50f6b6f3e2272b1dd69ceca0411051995cb1575a7da8fe1ae38dae4ab4bf", "test": "tests/test_cpu_terminal_recovery_guards.py::test_preexisting_stop_never_authorizes_automatic_settlement[ordinary_stop]"}, {"bytes": 149352, "path": "/tmp/ors-cf1/test_preexisting_stop_never_au1/project-0/recovery-report.json", "sha256": "f36a1ecfbb8a6a5d82813f83d086dbae0d74d21a3bb96ec6b003d54ac962ef08", "test": "tests/test_cpu_terminal_recovery_guards.py::test_preexisting_stop_never_authorizes_automatic_settlement[storage_hold]"}, {"bytes": 149506, "path": "/tmp/ors-cf1/test_preexisting_stop_never_au2/project-0/recovery-report.json", "sha256": "f3d40354876ca29415d0f56040097cafa3d8010ed5c65b149c00f90accd2003e", "test": "tests/test_cpu_terminal_recovery_guards.py::test_preexisting_stop_never_authorizes_automatic_settlement[masked_storage_hold]"}, {"bytes": 148117, "path": "/tmp/ors-cf1/test_recovery_refuses_unbound_0/project-0/recovery-report.json", "sha256": "79c0fd51d5c820fd78030f76044cfe9cf7c871c426f0947f883234e156f9a138", "test": "tests/test_cpu_terminal_recovery_guards.py::test_recovery_refuses_unbound_replication_request_field"}, {"bytes": 148069, "path": "/tmp/ors-cf1/test_recovery_refuses_artifact0/project-0/recovery-report.json", "sha256": "0ea632d5c10cd22c71855558284d7a430b9d5360e74549d0595d1644bc34b9ea", "test": "tests/test_cpu_terminal_recovery_guards.py::test_recovery_refuses_artifact_root_unrelated_to_published_records"}, {"bytes": 212004, "path": "/tmp/ors-cf1/test_restart_settles_confirmed0/project-0/recovery-report.json", "sha256": "e9f1df2ba14c656ffb164673fa1a2531be620821cc2cfa66cd67e36f552668d3", "test": "tests/test_cpu_terminal_settlement_recovery.py::test_restart_settles_confirmed_terminal_without_repeating_original_worker[0]"}, {"bytes": 200414, "path": "/tmp/ors-cf1/test_restart_settles_confirmed1/project-0/recovery-report.json", "sha256": "9c7278ce60cc4f7289384469e572fc83e12dad57880b0efe881da0a87a5d3201", "test": "tests/test_cpu_terminal_settlement_recovery.py::test_restart_settles_confirmed_terminal_without_repeating_original_worker[7]"}, {"bytes": 126837, "path": "/tmp/ors-cf1/test_real_v2_confirmed_termina0/project-0/recovery-report.json", "sha256": "6e13ae2c795c0f4559d49b4bfc90bb170218eb2f36c076b20a288cff10255392", "test": "tests/test_runtime_lease_recovery.py::test_real_v2_confirmed_terminal_crash_recovers_metadata_only[0]"}, {"bytes": 118404, "path": "/tmp/ors-cf1/test_real_v2_confirmed_termina1/project-0/recovery-report.json", "sha256": "eef6262b349fe62b29917b85e4f7fd8d3f37bd8cfd90c4fe71e16775525d93db", "test": "tests/test_runtime_lease_recovery.py::test_real_v2_confirmed_terminal_crash_recovers_metadata_only[7]"}, {"bytes": 119654, "path": "/tmp/ors-cf1/test_real_historical_v1_termin0/historical-project/recovery-report.json", "sha256": "b50e7b6fbc7aa8e5e616694d5bffe7ef16ab7abd19f41c2a5b8563918430f198", "test": "tests/test_runtime_lease_recovery.py::test_real_historical_v1_terminal_recovers_without_upgrade_or_reexecution"}]
ACCEPTANCE_REPORTS=[{"bytes": 279979, "name": "sorting_default", "path": "/tmp/ors-cf1/acceptance-sorting-default0/acceptance-report.json", "sha256": "923759a0b44258938c5a8604591773b1f04ce78bd2f967da70b61a303de40592"}, {"bytes": 121000, "name": "sorting_counterfactual", "path": "/tmp/ors-cf1/acceptance-sorting-counterfactual0/acceptance-report.json", "sha256": "dfa4951882854bcab6b2c71172beda8c3ed85f92b760053495183c37bec655bf"}, {"bytes": 274815, "name": "compression_default", "path": "/tmp/ors-cf1/acceptance-compression-default0/acceptance-report.json", "sha256": "86914d1470b4b5db8544741f92016c2d718ff8b3b9abbef95ca785c25d15f0af"}, {"bytes": 120590, "name": "compression_counterfactual", "path": "/tmp/ors-cf1/acceptance-compression-counterfactual0/acceptance-report.json", "sha256": "418fb53d34f5db6dbbe6cb4465077302d4bab62a254bee5a0e406658af345fc6"}]

=============================== warnings summary ===============================
../../../../../../home/erik/.local/lib/python3.10/site-packages/_pytest/config/__init__.py:885
  /home/erik/.local/lib/python3.10/site-packages/_pytest/config/__init__.py:885: PytestAssertRewriteWarning: Module already imported so cannot be rewritten; cpu_terminal_recovery_helpers
    self.import_plugin(import_spec)

../../../../../../home/erik/.local/lib/python3.10/site-packages/_pytest/config/__init__.py:885
  /home/erik/.local/lib/python3.10/site-packages/_pytest/config/__init__.py:885: PytestAssertRewriteWarning: Module already imported so cannot be rewritten; examples.holdout.testing
    self.import_plugin(import_spec)

-- Docs: https://docs.pytest.org/en/stable/how-to/capture-warnings.html
=========================== short test summary info ============================
SKIPPED [1] ../core/tests/test_sweeper.py:12: could not import 'orze_pro.engine.role_runner': This is a stub package. Install the real orze-pro via: export ORZE_PRO_KEY='...' && orze run
SKIPPED [1] ../core/tests/test_evolution.py:228: could not import 'orze_pro.agents.code_evolution': This is a stub package. Install the real orze-pro via: export ORZE_PRO_KEY='...' && orze run
SKIPPED [1] ../core/tests/test_evolution.py:239: could not import 'orze_pro.agents.code_evolution': This is a stub package. Install the real orze-pro via: export ORZE_PRO_KEY='...' && orze run
SKIPPED [1] ../core/tests/test_evolution.py:255: could not import 'orze_pro.agents.meta_research': This is a stub package. Install the real orze-pro via: export ORZE_PRO_KEY='...' && orze run
SKIPPED [1] ../core/tests/test_fsm_runner_registry.py:13: could not import 'orze_pro': This is a stub package. Install the real orze-pro via: export ORZE_PRO_KEY='...' && orze run
SKIPPED [1] ../core/tests/test_skill_registry.py:123: orze-pro not installed
SKIPPED [1] ../core/tests/test_skill_registry.py:135: orze-pro not installed
4905 passed, 7 skipped, 2 warnings in 966.94s (0:16:06)
