........................................................................ [  1%]
........................................................................ [  2%]
........................................................................ [  4%]
........................................................................ [  5%]
........................................................................ [  7%]
........................................................................ [  8%]
........................................................................ [ 10%]
........................................................................ [ 11%]
........................................................................ [ 13%]
........................................................................ [ 14%]
........................................................................ [ 15%]
........................................................................ [ 17%]
........................................................................ [ 18%]
........................................................................ [ 20%]
........................................................................ [ 21%]
........................................................................ [ 23%]
........................................................................ [ 24%]
........................................................................ [ 26%]
........................................................................ [ 27%]
........................................................................ [ 29%]
........................................................................ [ 30%]
........................................................................ [ 31%]
........................................................................ [ 33%]
........................................................................ [ 34%]
........................................................................ [ 36%]
........................................................................ [ 37%]
........................................................................ [ 39%]
........................................................................ [ 40%]
........................................................................ [ 42%]
................sss..................................................... [ 43%]
........................................................................ [ 44%]
........................................................................ [ 46%]
........................................................................ [ 47%]
............................s........................................... [ 49%]
........................................................................ [ 50%]
........................................................................ [ 52%]
........................................................................ [ 53%]
........................................................................ [ 55%]
........................................................................ [ 56%]
........................................................................ [ 58%]
........................................................................ [ 59%]
........................................................................ [ 60%]
........................................................................ [ 62%]
........................................................................ [ 63%]
........................................................................ [ 65%]
........................................................................ [ 66%]
........................................................................ [ 68%]
........................................................................ [ 69%]
........................................................................ [ 71%]
........................................................................ [ 72%]
........................................................................ [ 74%]
........................................................................ [ 75%]
........................................................................ [ 76%]
........................................................................ [ 78%]
........................................................................ [ 79%]
........................................................................ [ 81%]
........................................................................ [ 82%]
........................................................................ [ 84%]
........................................................................ [ 85%]
........................................................................ [ 87%]
........................................................................ [ 88%]
........................................................................ [ 89%]
........................................................................ [ 91%]
..........................................ss............................ [ 92%]
........................................................................ [ 94%]
........................................................................ [ 95%]
........................................................................ [ 97%]
........................................................................ [ 98%]
..................................................................       [100%]HOLDOUT_REPORTS=[{"bytes": 2507376, "name": "workflow", "path": "/tmp/om-cf1/holdout-workflow0/holdout-report.json", "sha256": "a31d91b7b3817c25e2eeceb9163ab9e800d6d32cd21a8fa6a9151b50e10578b4"}, {"bytes": 143026, "name": "boundary", "path": "/tmp/om-cf1/holdout-boundary0/holdout-report.json", "sha256": "a5a416b5232fea0b7eb8c6510de7b4254ba29681b3ed5c60248cf0113a5d8932"}, {"bytes": 143140, "name": "duplicate_id", "path": "/tmp/om-cf1/holdout-duplicate_id0/holdout-report.json", "sha256": "186cb1344a7b477caec509f6ebe60ff0e0b07cb58344a2ea69cb248132da334d"}, {"bytes": 144464, "name": "missing_prerequisite", "path": "/tmp/om-cf1/holdout-missing_prerequisite0/holdout-report.json", "sha256": "ce53d6a058a682b80b24164d128d939ba076309a8df0f95d2582a5805701d84f"}, {"bytes": 142523, "name": "overload", "path": "/tmp/om-cf1/holdout-overload0/holdout-report.json", "sha256": "ed82f10cba47a370a1037643fc54f8c6863976e464554bfd98677d798213a130"}, {"bytes": 141325, "name": "malformed", "path": "/tmp/om-cf1/holdout-malformed0/holdout-report.json", "sha256": "c45cd1eb86cba80c3680473b69328addf34364268e1ee7c721696d4c5d9de7ed"}]
CPU_RECOVERY_REPORTS=[{"bytes": 82672, "path": "/tmp/om-cf1/test_real_confirmed_terminal_r0/project-0/recovery-report.json", "sha256": "731b3f085b9b333eff69c55aa2b4ae32eeb810105b61abfd615dffb5f56c2e05", "test": "tests/test_cpu_claim_reader_consolidation.py::TestPublicSnapshotRouting::test_real_confirmed_terminal_recovery_uses_required_8k_public_snapshot"}, {"bytes": 104384, "path": "/tmp/om-cf1/test_post_delete_fsync_uncerta0/project-0/recovery-report.json", "sha256": "b223500d05860a0fd9b5f2c4d3a5463b3b08e576d2e8d9a9ab07111454d9d44f", "test": "tests/test_cpu_terminal_recovery_barrier.py::test_post_delete_fsync_uncertainty_blocks_fresh_restart_with_zero_bound[effect]"}, {"bytes": 104392, "path": "/tmp/om-cf1/test_post_delete_fsync_uncerta1/project-0/recovery-report.json", "sha256": "6d168304af4dbbec289373f0dbc8b9d6c560d32a729909e634db79c3eaf93cb9", "test": "tests/test_cpu_terminal_recovery_barrier.py::test_post_delete_fsync_uncertainty_blocks_fresh_restart_with_zero_bound[recovery]"}, {"bytes": 67286, "path": "/tmp/om-cf1/test_in_progress_denies_alread0/project-0/recovery-report.json", "sha256": "f137bf888b077815ec882a34ed87920fcae38d51af586bac3cc6ca691b0a9951", "test": "tests/test_cpu_terminal_recovery_barrier.py::test_in_progress_denies_already_running_peer_admission[reserve]"}, {"bytes": 67286, "path": "/tmp/om-cf1/test_in_progress_denies_alread1/project-0/recovery-report.json", "sha256": "1ea9be0eed96f8a27b7cc78a711326d1e5895b8538a53895a9591fa04f9109ba", "test": "tests/test_cpu_terminal_recovery_barrier.py::test_in_progress_denies_already_running_peer_admission[require_permit]"}, {"bytes": 66149, "path": "/tmp/om-cf1/test_two_recovery_consumers_do0/project-0/recovery-report.json", "sha256": "f368a03874197f5ccd6acf2a360cfee7994ff04ce10e40104081987a953a85b8", "test": "tests/test_cpu_terminal_recovery_barrier.py::test_two_recovery_consumers_do_not_repeat_settlement_or_poison_owner"}, {"bytes": 66557, "path": "/tmp/om-cf1/test_legal_peer_decision_after0/project-0/recovery-report.json", "sha256": "b28a5d522c6444a1db6a794235f427b5b257c12d57c850e719d7a1573c5712e7", "test": "tests/test_cpu_terminal_recovery_barrier.py::test_legal_peer_decision_after_complete_commit_preserves_exact_owner_result"}, {"bytes": 102208, "path": "/tmp/om-cf1/test_recovery_transaction_unkn0/project-0/recovery-report.json", "sha256": "ae88f57b3dcfbe4df68245890d4e29888e4751c706746531420496b408b62ebb", "test": "tests/test_cpu_terminal_recovery_barrier.py::test_recovery_transaction_unknown_is_not_an_ordinary_success[IN_PROGRESS-rollback]"}, {"bytes": 104328, "path": "/tmp/om-cf1/test_recovery_transaction_unkn1/project-0/recovery-report.json", "sha256": "b33981fa6948fcdd1169d75cfd1dc6076fadf3e4d1b3c51a0388d3d20496224b", "test": "tests/test_cpu_terminal_recovery_barrier.py::test_recovery_transaction_unknown_is_not_an_ordinary_success[COMPLETE-rollback]"}, {"bytes": 105698, "path": "/tmp/om-cf1/test_recovery_transaction_unkn2/project-0/recovery-report.json", "sha256": "ab1ca649eed4cfab89baad403453c03f8cf8285527157cc6917f25f7f22e3fcd", "test": "tests/test_cpu_terminal_recovery_barrier.py::test_recovery_transaction_unknown_is_not_an_ordinary_success[COMPLETE-committed_raise]"}, {"bytes": 65232, "path": "/tmp/om-cf1/test_existing_unqualified_gate0/project-0/recovery-report.json", "sha256": "6825706867c801c3fac8d5d36cb55ef8eb27d2b2ff8f5a4aab3d03c5b40be05a", "test": "tests/test_cpu_terminal_recovery_barrier.py::test_existing_unqualified_gate_owner_is_preserved"}, {"bytes": 65232, "path": "/tmp/om-cf1/test_recovery_refuses_caller_t0/project-0/recovery-report.json", "sha256": "eb6aa0ac3dcde55977c2eeaac3818ea25e6599fe5266d9264af186eb7c206702", "test": "tests/test_cpu_terminal_recovery_barrier.py::test_recovery_refuses_caller_transaction_without_consuming_it"}, {"bytes": 66022, "path": "/tmp/om-cf1/test_actual_peer_nonce_replace0/project-0/recovery-report.json", "sha256": "424c5f957415feabf6d1c5b6f14fd1308b7fe57604b1dcfe153fcdc6e8b66bdc", "test": "tests/test_cpu_terminal_recovery_barrier.py::test_actual_peer_nonce_replacement_cannot_be_completed_by_old_owner"}, {"bytes": 314688, "path": "/tmp/om-cf1/test_fresh_cli_resumes_confirm0/domain-project/recovery-report.json", "sha256": "e665ddd25748b8e42bce3c467802a2b3d751aca94bc7d277420b77c8269b52d1", "test": "tests/test_cpu_terminal_recovery_domain.py::test_fresh_cli_resumes_confirmed_domain_without_reinterpretation[schedule-feasibility-v1-valid]"}, {"bytes": 314640, "path": "/tmp/om-cf1/test_fresh_cli_resumes_confirm1/domain-project/recovery-report.json", "sha256": "56ca68ec0cad174f271c51913ea4554409d52575c15d46e538c2325a130576f7", "test": "tests/test_cpu_terminal_recovery_domain.py::test_fresh_cli_resumes_confirmed_domain_without_reinterpretation[schedule-feasibility-v2-invalid]"}, {"bytes": 147739, "path": "/tmp/om-cf1/test_recovery_refuses_changed_0/project-0/recovery-report.json", "sha256": "f758b977cf6a27e1479dd3c26c1291f6daeefd58e46b6e3e64f2ab15f2423d46", "test": "tests/test_cpu_terminal_recovery_guards.py::test_recovery_refuses_changed_native_binding[origin]"}, {"bytes": 147711, "path": "/tmp/om-cf1/test_recovery_refuses_changed_1/project-0/recovery-report.json", "sha256": "23a97d817d4b5706e6babc8d6f41c96a77be46b05574a63de24ec8de9bfc7291", "test": "tests/test_cpu_terminal_recovery_guards.py::test_recovery_refuses_changed_native_binding[kind]"}, {"bytes": 147772, "path": "/tmp/om-cf1/test_recovery_refuses_changed_2/project-0/recovery-report.json", "sha256": "6341373f7fcb0896c311e6fa2016fc5ced7fcf4cebd8d52668bb8d60e3067f89", "test": "tests/test_cpu_terminal_recovery_guards.py::test_recovery_refuses_changed_native_binding[resource]"}, {"bytes": 147798, "path": "/tmp/om-cf1/test_recovery_refuses_changed_3/project-0/recovery-report.json", "sha256": "2dff2de54b92161fe95f9cf7eeee51d14bab995eec18a4d1e452b7d06bca07f2", "test": "tests/test_cpu_terminal_recovery_guards.py::test_recovery_refuses_changed_native_binding[attempt_ref]"}, {"bytes": 147817, "path": "/tmp/om-cf1/test_recovery_refuses_changed_4/project-0/recovery-report.json", "sha256": "85bf03c07b140400dc40a8f7834005cc2663bac06eb4324bcc111d9e9d756ff0", "test": "tests/test_cpu_terminal_recovery_guards.py::test_recovery_refuses_changed_native_binding[process_pid]"}, {"bytes": 147830, "path": "/tmp/om-cf1/test_recovery_refuses_changed_5/project-0/recovery-report.json", "sha256": "961f1cc159a96e8b8eefd0797bdbbf228fb82a9e207fc2f1deaa19348ca1bcf9", "test": "tests/test_cpu_terminal_recovery_guards.py::test_recovery_refuses_changed_native_binding[command_sha256]"}, {"bytes": 147828, "path": "/tmp/om-cf1/test_recovery_refuses_changed_6/project-0/recovery-report.json", "sha256": "5015ce8ff2cbf24aa61f4f96dff0d45669f5d2d9125fde4a63d84eb3c62515c5", "test": "tests/test_cpu_terminal_recovery_guards.py::test_recovery_refuses_changed_native_binding[timeout_seconds]"}, {"bytes": 147765, "path": "/tmp/om-cf1/test_recovery_refuses_changed_7/project-0/recovery-report.json", "sha256": "68b8b11355b55a167370d73f1e2879e61a79e4b255238ee79813a77c4d737b62", "test": "tests/test_cpu_terminal_recovery_guards.py::test_recovery_refuses_changed_captured_source[database]"}, {"bytes": 147802, "path": "/tmp/om-cf1/test_recovery_refuses_changed_8/project-0/recovery-report.json", "sha256": "9b56f6b4150ffed0983e56cb134f7931e712b8bbf6205bf874e397fa1a9ec0bd", "test": "tests/test_cpu_terminal_recovery_guards.py::test_recovery_refuses_changed_captured_source[claim_sha256]"}, {"bytes": 147793, "path": "/tmp/om-cf1/test_recovery_refuses_changed_9/project-0/recovery-report.json", "sha256": "972add32755c02042a0d339e950f5ca8a9aad6c669ac304057d72306112125ae", "test": "tests/test_cpu_terminal_recovery_guards.py::test_recovery_refuses_changed_captured_source[config_sha256]"}, {"bytes": 147983, "path": "/tmp/om-cf1/test_recovery_refuses_changed_10/project-0/recovery-report.json", "sha256": "7c3d3c1dd08fd7647d80079dd5e08dc0c36cd49d7fff3137bb9ab94e616f7544", "test": "tests/test_cpu_terminal_recovery_guards.py::test_recovery_refuses_changed_current_lifecycle"}, {"bytes": 147834, "path": "/tmp/om-cf1/test_recovery_refuses_rehashed0/project-0/recovery-report.json", "sha256": "1ac34b79ec0f0ae27c313ffaf915db5733bb350bfa9ff28f2a41ffa84d0eb899", "test": "tests/test_cpu_terminal_recovery_guards.py::test_recovery_refuses_rehashed_non_cpu_prepared_plan"}, {"bytes": 147982, "path": "/tmp/om-cf1/test_recovery_refuses_changed_11/project-0/recovery-report.json", "sha256": "d9744d798b21967eb5a40b3f7f97e62289b682359317b1a1bc4fc558716e431b", "test": "tests/test_cpu_terminal_recovery_guards.py::test_recovery_refuses_changed_catalog_route"}, {"bytes": 148026, "path": "/tmp/om-cf1/test_recovery_refuses_changed_12/project-0/recovery-report.json", "sha256": "095179e7f5d23af19cf70897af272b4e4d5da7036faa4393da514d9436d645c9", "test": "tests/test_cpu_terminal_recovery_guards.py::test_recovery_refuses_changed_ready_member_identity"}, {"bytes": 190272, "path": "/tmp/om-cf1/test_recovery_rechecks_source_0/project-0/recovery-report.json", "sha256": "ccab5ac76a1eb92dcad55d0cee64db1656c66d8540bca6c35790cf45d3315cc9", "test": "tests/test_cpu_terminal_recovery_guards.py::test_recovery_rechecks_source_after_enumeration_before_settlement"}, {"bytes": 149262, "path": "/tmp/om-cf1/test_preexisting_stop_never_au0/project-0/recovery-report.json", "sha256": "655245e39a90b2a87c1f4f31e2e32383a17016e4bff6439cc828024f502d8eeb", "test": "tests/test_cpu_terminal_recovery_guards.py::test_preexisting_stop_never_authorizes_automatic_settlement[ordinary_stop]"}, {"bytes": 149154, "path": "/tmp/om-cf1/test_preexisting_stop_never_au1/project-0/recovery-report.json", "sha256": "42d6abdb6c3ea7ead0e228197a008df5acf0641a9320d2e5893e5f607fd5035e", "test": "tests/test_cpu_terminal_recovery_guards.py::test_preexisting_stop_never_authorizes_automatic_settlement[storage_hold]"}, {"bytes": 149325, "path": "/tmp/om-cf1/test_preexisting_stop_never_au2/project-0/recovery-report.json", "sha256": "4c077844d37b34864f397d9d3074e25bd1889fefc73a1961a99ccd5ab2c0ede3", "test": "tests/test_cpu_terminal_recovery_guards.py::test_preexisting_stop_never_authorizes_automatic_settlement[masked_storage_hold]"}, {"bytes": 147940, "path": "/tmp/om-cf1/test_recovery_refuses_unbound_0/project-0/recovery-report.json", "sha256": "2a8231dc210dc448d4e26dcc2660decdcce059a7380a6c06dd74f43968691b4f", "test": "tests/test_cpu_terminal_recovery_guards.py::test_recovery_refuses_unbound_replication_request_field"}, {"bytes": 147896, "path": "/tmp/om-cf1/test_recovery_refuses_artifact0/project-0/recovery-report.json", "sha256": "78b6c6694237ed475d479e5088ae491fb14f016face7ab24ae7eb5c546c8c76d", "test": "tests/test_cpu_terminal_recovery_guards.py::test_recovery_refuses_artifact_root_unrelated_to_published_records"}, {"bytes": 211751, "path": "/tmp/om-cf1/test_restart_settles_confirmed0/project-0/recovery-report.json", "sha256": "fe71d90946f469f9ba88aca0e831c229ae23431e7fa26389d25baf37f25123f4", "test": "tests/test_cpu_terminal_settlement_recovery.py::test_restart_settles_confirmed_terminal_without_repeating_original_worker[0]"}, {"bytes": 200183, "path": "/tmp/om-cf1/test_restart_settles_confirmed1/project-0/recovery-report.json", "sha256": "d597a874ade7117337605fb3bfdb8a913a70e341a4a66ad92d830f24c0815fdd", "test": "tests/test_cpu_terminal_settlement_recovery.py::test_restart_settles_confirmed_terminal_without_repeating_original_worker[7]"}, {"bytes": 126672, "path": "/tmp/om-cf1/test_real_v2_confirmed_termina0/project-0/recovery-report.json", "sha256": "a90a434071ebd4cf6fc9b92ff48c9e116ac252004d87f8a71e35ad6c0a7d4199", "test": "tests/test_runtime_lease_recovery.py::test_real_v2_confirmed_terminal_crash_recovers_metadata_only[0]"}, {"bytes": 118257, "path": "/tmp/om-cf1/test_real_v2_confirmed_termina1/project-0/recovery-report.json", "sha256": "32fb124d069a204acbf70b81e56599051bb44ca3d1bb62f8f6d109db4f771e74", "test": "tests/test_runtime_lease_recovery.py::test_real_v2_confirmed_terminal_crash_recovers_metadata_only[7]"}, {"bytes": 119477, "path": "/tmp/om-cf1/test_real_historical_v1_termin0/historical-project/recovery-report.json", "sha256": "ab70012adca66c7cb2ef23ec477e8dbd9917cd9838c7712dd6773affdbb492cb", "test": "tests/test_runtime_lease_recovery.py::test_real_historical_v1_terminal_recovers_without_upgrade_or_reexecution"}]
ACCEPTANCE_REPORTS=[{"bytes": 279680, "name": "sorting_default", "path": "/tmp/om-cf1/acceptance-sorting-default0/acceptance-report.json", "sha256": "f70738955d0d1a953dc0ca282f74e462426c963a7a82867f6ee7eae18f6d9768"}, {"bytes": 120840, "name": "sorting_counterfactual", "path": "/tmp/om-cf1/acceptance-sorting-counterfactual0/acceptance-report.json", "sha256": "74d3655252a87705556bf5055a8264135b278cde6c496cd14759a95987e24fc7"}, {"bytes": 274478, "name": "compression_default", "path": "/tmp/om-cf1/acceptance-compression-default0/acceptance-report.json", "sha256": "e527c399798db87445e06a5c5c9a7280d7177650a7bb2d482751ce26c8f2281f"}, {"bytes": 120431, "name": "compression_counterfactual", "path": "/tmp/om-cf1/acceptance-compression-counterfactual0/acceptance-report.json", "sha256": "c4025362f02574219a787d12520272b7415b33cd7e41be9d0126a1bc44e475c5"}]

=============================== warnings summary ===============================
../../../../../../home/erik/.local/lib/python3.10/site-packages/_pytest/config/__init__.py:885
  /home/erik/.local/lib/python3.10/site-packages/_pytest/config/__init__.py:885: PytestAssertRewriteWarning: Module already imported so cannot be rewritten; cpu_terminal_recovery_helpers
    self.import_plugin(import_spec)

../../../../../../home/erik/.local/lib/python3.10/site-packages/_pytest/config/__init__.py:885
  /home/erik/.local/lib/python3.10/site-packages/_pytest/config/__init__.py:885: PytestAssertRewriteWarning: Module already imported so cannot be rewritten; examples.holdout.testing
    self.import_plugin(import_spec)

-- Docs: https://docs.pytest.org/en/stable/how-to/capture-warnings.html
=========================== short test summary info ============================
SKIPPED [1] ../core/tests/test_sweeper.py:12: could not import 'orze_pro.engine.role_runner': This is a stub package. Install the real orze-pro via: export ORZE_PRO_KEY='...' && orze run
SKIPPED [1] ../core/tests/test_evolution.py:228: could not import 'orze_pro.agents.code_evolution': This is a stub package. Install the real orze-pro via: export ORZE_PRO_KEY='...' && orze run
SKIPPED [1] ../core/tests/test_evolution.py:239: could not import 'orze_pro.agents.code_evolution': This is a stub package. Install the real orze-pro via: export ORZE_PRO_KEY='...' && orze run
SKIPPED [1] ../core/tests/test_evolution.py:255: could not import 'orze_pro.agents.meta_research': This is a stub package. Install the real orze-pro via: export ORZE_PRO_KEY='...' && orze run
SKIPPED [1] ../core/tests/test_fsm_runner_registry.py:13: could not import 'orze_pro': This is a stub package. Install the real orze-pro via: export ORZE_PRO_KEY='...' && orze run
SKIPPED [1] ../core/tests/test_skill_registry.py:123: orze-pro not installed
SKIPPED [1] ../core/tests/test_skill_registry.py:135: orze-pro not installed
4956 passed, 7 skipped, 2 warnings in 1017.33s (0:16:57)
