........................................................................ [  1%]
........................................................................ [  2%]
........................................................................ [  4%]
........................................................................ [  5%]
........................................................................ [  7%]
........................................................................ [  8%]
........................................................................ [ 10%]
........................................................................ [ 11%]
........................................................................ [ 13%]
........................................................................ [ 14%]
........................................................................ [ 16%]
........................................................................ [ 17%]
........................................................................ [ 19%]
........................................................................ [ 20%]
........................................................................ [ 22%]
........................................................................ [ 23%]
........................................................................ [ 25%]
........................................................................ [ 26%]
........................................................................ [ 28%]
........................................................................ [ 29%]
........................................................................ [ 31%]
........................................................................ [ 32%]
........................................................................ [ 34%]
........................................................................ [ 35%]
........................................................................ [ 37%]
........................................................................ [ 38%]
........................................................................ [ 40%]
........................................................................ [ 41%]
...........sss.......................................................... [ 43%]
........................................................................ [ 44%]
........................................................................ [ 46%]
........................................................................ [ 47%]
.......................s................................................ [ 49%]
........................................................................ [ 50%]
........................................................................ [ 52%]
........................................................................ [ 53%]
........................................................................ [ 54%]
........................................................................ [ 56%]
........................................................................ [ 57%]
........................................................................ [ 59%]
........................................................................ [ 60%]
........................................................................ [ 62%]
........................................................................ [ 63%]
........................................................................ [ 65%]
........................................................................ [ 66%]
........................................................................ [ 68%]
........................................................................ [ 69%]
........................................................................ [ 71%]
........................................................................ [ 72%]
........................................................................ [ 74%]
........................................................................ [ 75%]
........................................................................ [ 77%]
........................................................................ [ 78%]
........................................................................ [ 80%]
........................................................................ [ 81%]
........................................................................ [ 83%]
........................................................................ [ 84%]
........................................................................ [ 86%]
........................................................................ [ 87%]
........................................................................ [ 89%]
........................................................................ [ 90%]
........................................................................ [ 92%]
...................ss................................................... [ 93%]
........................................................................ [ 95%]
........................................................................ [ 96%]
........................................................................ [ 98%]
........................................................................ [ 99%]
......................                                                   [100%]HOLDOUT_REPORTS=[{"bytes": 2524384, "name": "workflow", "path": "/tmp/odcq-core-v2/holdout-workflow0/holdout-report.json", "sha256": "1a115ef09669b1ecb3d797666d42a6e650f6802822780f6bef20c3e9d5523632"}, {"bytes": 143978, "name": "boundary", "path": "/tmp/odcq-core-v2/holdout-boundary0/holdout-report.json", "sha256": "e2aa03fc9e53c6e1c9b56101bbf313fc0970557d9f5e662592152c0b3eab7412"}, {"bytes": 144075, "name": "duplicate_id", "path": "/tmp/odcq-core-v2/holdout-duplicate_id0/holdout-report.json", "sha256": "29477245c3cffab0c3da5f683eb237aab9f35d1cf9507053082510f317f86172"}, {"bytes": 145406, "name": "missing_prerequisite", "path": "/tmp/odcq-core-v2/holdout-missing_prerequisite0/holdout-report.json", "sha256": "a8a341be26012bd608afe9a0dcf9a484fd4934f06dba4a4f9bab700db6700381"}, {"bytes": 143468, "name": "overload", "path": "/tmp/odcq-core-v2/holdout-overload0/holdout-report.json", "sha256": "b551a3128d37bdecc68c92f905d53ee5b3456d0341d1fd47f7ba61d095f54c89"}, {"bytes": 142290, "name": "malformed", "path": "/tmp/odcq-core-v2/holdout-malformed0/holdout-report.json", "sha256": "fa032b7c7eb39b64878156cf5efe5541947ccff284d4147f884b128d0dfa2155"}]
CPU_RECOVERY_REPORTS=[{"bytes": 83252, "path": "/tmp/odcq-core-v2/test_real_confirmed_terminal_r0/project-0/recovery-report.json", "sha256": "dbadcc87a0e82823df244c46b16c6d5f7b90e9912962b21b87300e84bd61d85b", "test": "tests/test_cpu_claim_reader_consolidation.py::TestPublicSnapshotRouting::test_real_confirmed_terminal_recovery_uses_required_8k_public_snapshot"}, {"bytes": 105153, "path": "/tmp/odcq-core-v2/test_post_delete_fsync_uncerta0/project-0/recovery-report.json", "sha256": "5f2b06719bff47dd4fcb943998c941d04292f867925cb5e1075b321a792d80a5", "test": "tests/test_cpu_terminal_recovery_barrier.py::test_post_delete_fsync_uncertainty_blocks_fresh_restart_with_zero_bound[effect]"}, {"bytes": 105154, "path": "/tmp/odcq-core-v2/test_post_delete_fsync_uncerta1/project-0/recovery-report.json", "sha256": "7854bd801f2a22391b6236dea2fbbab696ceec4d78c1d6716eca5c3867f67d4a", "test": "tests/test_cpu_terminal_recovery_barrier.py::test_post_delete_fsync_uncertainty_blocks_fresh_restart_with_zero_bound[recovery]"}, {"bytes": 67740, "path": "/tmp/odcq-core-v2/test_in_progress_denies_alread0/project-0/recovery-report.json", "sha256": "a7983819bf20474355f964c5691226f43dc693893ad44b09ab067fa222ba5fe6", "test": "tests/test_cpu_terminal_recovery_barrier.py::test_in_progress_denies_already_running_peer_admission[reserve]"}, {"bytes": 67732, "path": "/tmp/odcq-core-v2/test_in_progress_denies_alread1/project-0/recovery-report.json", "sha256": "5984ca5f4e50743ae75e2f5d6b5c1cfe57bc36490d878e82605bcb29a9863aad", "test": "tests/test_cpu_terminal_recovery_barrier.py::test_in_progress_denies_already_running_peer_admission[require_permit]"}, {"bytes": 66614, "path": "/tmp/odcq-core-v2/test_two_recovery_consumers_do0/project-0/recovery-report.json", "sha256": "59670e0dd72b9b926f396253e5dfb0ba881fdde0599bd008d393f4e857e7e4a7", "test": "tests/test_cpu_terminal_recovery_barrier.py::test_two_recovery_consumers_do_not_repeat_settlement_or_poison_owner"}, {"bytes": 67019, "path": "/tmp/odcq-core-v2/test_legal_peer_decision_after0/project-0/recovery-report.json", "sha256": "4678aef0196194af19b0161ce4ef4c4e053a59962c9a4df27f71e75f856b12df", "test": "tests/test_cpu_terminal_recovery_barrier.py::test_legal_peer_decision_after_complete_commit_preserves_exact_owner_result"}, {"bytes": 102918, "path": "/tmp/odcq-core-v2/test_recovery_transaction_unkn0/project-0/recovery-report.json", "sha256": "09b95bc3dab046afa493a57975d8810a9c41990bb386ea0b42aecf8ed2947caa", "test": "tests/test_cpu_terminal_recovery_barrier.py::test_recovery_transaction_unknown_is_not_an_ordinary_success[IN_PROGRESS-rollback]"}, {"bytes": 105090, "path": "/tmp/odcq-core-v2/test_recovery_transaction_unkn1/project-0/recovery-report.json", "sha256": "b1a081e68d88e7fe0b1e9bda78627cce11ec3325111b371a112234ca8c7c8b40", "test": "tests/test_cpu_terminal_recovery_barrier.py::test_recovery_transaction_unknown_is_not_an_ordinary_success[COMPLETE-rollback]"}, {"bytes": 106480, "path": "/tmp/odcq-core-v2/test_recovery_transaction_unkn2/project-0/recovery-report.json", "sha256": "b92edad546e952472102349d9bbdc76b3211160525eca70bdf8e1f0cadb17364", "test": "tests/test_cpu_terminal_recovery_barrier.py::test_recovery_transaction_unknown_is_not_an_ordinary_success[COMPLETE-committed_raise]"}, {"bytes": 65663, "path": "/tmp/odcq-core-v2/test_existing_unqualified_gate0/project-0/recovery-report.json", "sha256": "ca6762b893ec88ac0d220120b179a6d363f1e1baaf55001f5947bc4bf9776b27", "test": "tests/test_cpu_terminal_recovery_barrier.py::test_existing_unqualified_gate_owner_is_preserved"}, {"bytes": 65667, "path": "/tmp/odcq-core-v2/test_recovery_refuses_caller_t0/project-0/recovery-report.json", "sha256": "c2d0659ca2445be3982c5f4833ccaa6e6a3d24dbf62ba97687cedd226c7d482d", "test": "tests/test_cpu_terminal_recovery_barrier.py::test_recovery_refuses_caller_transaction_without_consuming_it"}, {"bytes": 66476, "path": "/tmp/odcq-core-v2/test_actual_peer_nonce_replace0/project-0/recovery-report.json", "sha256": "22216a8bbe0849cf946dfb3b5be4a7825e80db09a9f74911eb1b37bcb0f7152a", "test": "tests/test_cpu_terminal_recovery_barrier.py::test_actual_peer_nonce_replacement_cannot_be_completed_by_old_owner"}, {"bytes": 316907, "path": "/tmp/odcq-core-v2/test_fresh_cli_resumes_confirm0/domain-project/recovery-report.json", "sha256": "a9f8ee60789d510b8a794ace1affd60787daa946c8e8df391e7be1cd080be91e", "test": "tests/test_cpu_terminal_recovery_domain.py::test_fresh_cli_resumes_confirmed_domain_without_reinterpretation[schedule-feasibility-v1-valid]"}, {"bytes": 316852, "path": "/tmp/odcq-core-v2/test_fresh_cli_resumes_confirm1/domain-project/recovery-report.json", "sha256": "58f276dd2f9d1a1b851e9b6e9cf689ca10a04496143e684a072cfe755a1948e3", "test": "tests/test_cpu_terminal_recovery_domain.py::test_fresh_cli_resumes_confirmed_domain_without_reinterpretation[schedule-feasibility-v2-invalid]"}, {"bytes": 148722, "path": "/tmp/odcq-core-v2/test_recovery_refuses_changed_0/project-0/recovery-report.json", "sha256": "e33e86e85afb8454997d034ff09985e4a53ed6532f45d3c5e44aee1acb413c81", "test": "tests/test_cpu_terminal_recovery_guards.py::test_recovery_refuses_changed_native_binding[origin]"}, {"bytes": 148694, "path": "/tmp/odcq-core-v2/test_recovery_refuses_changed_1/project-0/recovery-report.json", "sha256": "bc1b4db730bc1ef576bb9e07c57521bf33e4979f5b915afdbfa7bfab86373947", "test": "tests/test_cpu_terminal_recovery_guards.py::test_recovery_refuses_changed_native_binding[kind]"}, {"bytes": 148769, "path": "/tmp/odcq-core-v2/test_recovery_refuses_changed_2/project-0/recovery-report.json", "sha256": "858fc309214c6e62c6dd09b3b0771ce350b6b0ea9770fc4644176a76af648e64", "test": "tests/test_cpu_terminal_recovery_guards.py::test_recovery_refuses_changed_native_binding[resource]"}, {"bytes": 148783, "path": "/tmp/odcq-core-v2/test_recovery_refuses_changed_3/project-0/recovery-report.json", "sha256": "7c2cfe5c9525e8c1e2d4e42a4f28d1581aa269cfa23dad75a9ae28bde65e9e59", "test": "tests/test_cpu_terminal_recovery_guards.py::test_recovery_refuses_changed_native_binding[attempt_ref]"}, {"bytes": 148778, "path": "/tmp/odcq-core-v2/test_recovery_refuses_changed_4/project-0/recovery-report.json", "sha256": "a3605e214bf88975b464ea1fb14ff54479941c8d7ea40f2b94c0c2f5dc81e19d", "test": "tests/test_cpu_terminal_recovery_guards.py::test_recovery_refuses_changed_native_binding[process_pid]"}, {"bytes": 148795, "path": "/tmp/odcq-core-v2/test_recovery_refuses_changed_5/project-0/recovery-report.json", "sha256": "2e9fca1ab23da6e14e727c6cc79cc5153a590fa07fc0c8bf7473a17ba5dbe98b", "test": "tests/test_cpu_terminal_recovery_guards.py::test_recovery_refuses_changed_native_binding[command_sha256]"}, {"bytes": 148805, "path": "/tmp/odcq-core-v2/test_recovery_refuses_changed_6/project-0/recovery-report.json", "sha256": "6750355132080c8a6b43072cee1469faa89781f52a1d5cd3b6aba3c03f485038", "test": "tests/test_cpu_terminal_recovery_guards.py::test_recovery_refuses_changed_native_binding[timeout_seconds]"}, {"bytes": 148761, "path": "/tmp/odcq-core-v2/test_recovery_refuses_changed_7/project-0/recovery-report.json", "sha256": "3ff161d4694f666d85c0f15b2958ca4f000c4901df736fbb1343772656239f89", "test": "tests/test_cpu_terminal_recovery_guards.py::test_recovery_refuses_changed_captured_source[database]"}, {"bytes": 148767, "path": "/tmp/odcq-core-v2/test_recovery_refuses_changed_8/project-0/recovery-report.json", "sha256": "f699498fd81145647f9ef86c5a458997cc2578c07f15bb5ad280689caf27f126", "test": "tests/test_cpu_terminal_recovery_guards.py::test_recovery_refuses_changed_captured_source[claim_sha256]"}, {"bytes": 148790, "path": "/tmp/odcq-core-v2/test_recovery_refuses_changed_9/project-0/recovery-report.json", "sha256": "fe122ae06ed82d6edd5f305132200a5d2140f19de5aaea423ee4310ead5b5e71", "test": "tests/test_cpu_terminal_recovery_guards.py::test_recovery_refuses_changed_captured_source[config_sha256]"}, {"bytes": 148964, "path": "/tmp/odcq-core-v2/test_recovery_refuses_changed_10/project-0/recovery-report.json", "sha256": "1a1298c5e22b66650c045467be02f45be63cb73b4c9dce979d4c904ff90a7844", "test": "tests/test_cpu_terminal_recovery_guards.py::test_recovery_refuses_changed_current_lifecycle"}, {"bytes": 148812, "path": "/tmp/odcq-core-v2/test_recovery_refuses_rehashed0/project-0/recovery-report.json", "sha256": "4f30ece42824f60fe00d232dcb2dc54267e6fa61b7a5b493802e72945045cd30", "test": "tests/test_cpu_terminal_recovery_guards.py::test_recovery_refuses_rehashed_non_cpu_prepared_plan"}, {"bytes": 148947, "path": "/tmp/odcq-core-v2/test_recovery_refuses_changed_11/project-0/recovery-report.json", "sha256": "999e8511a8c9504a9299964f7130df3473b71ed938d7396abd1414e7af2b6bb0", "test": "tests/test_cpu_terminal_recovery_guards.py::test_recovery_refuses_changed_catalog_route"}, {"bytes": 149001, "path": "/tmp/odcq-core-v2/test_recovery_refuses_changed_12/project-0/recovery-report.json", "sha256": "676c2ebee61c5f42b87e88d2114f880aa795915a3296f76dd4d58ec72997debd", "test": "tests/test_cpu_terminal_recovery_guards.py::test_recovery_refuses_changed_ready_member_identity"}, {"bytes": 191600, "path": "/tmp/odcq-core-v2/test_recovery_rechecks_source_0/project-0/recovery-report.json", "sha256": "1aae77bcea57dbe93b316ff5dde2952a3672a7693d7793828323c10981e89628", "test": "tests/test_cpu_terminal_recovery_guards.py::test_recovery_rechecks_source_after_enumeration_before_settlement"}, {"bytes": 150283, "path": "/tmp/odcq-core-v2/test_preexisting_stop_never_au0/project-0/recovery-report.json", "sha256": "a96615b162f4bd716b2273463af0e8eb65f2ea2aaa5e26db37c74ab1d1a6fb6a", "test": "tests/test_cpu_terminal_recovery_guards.py::test_preexisting_stop_never_authorizes_automatic_settlement[ordinary_stop]"}, {"bytes": 150162, "path": "/tmp/odcq-core-v2/test_preexisting_stop_never_au1/project-0/recovery-report.json", "sha256": "81b7978c23343e377180e77a9889f76c1e305e8e25f61288174e137827d0b83d", "test": "tests/test_cpu_terminal_recovery_guards.py::test_preexisting_stop_never_authorizes_automatic_settlement[storage_hold]"}, {"bytes": 150342, "path": "/tmp/odcq-core-v2/test_preexisting_stop_never_au2/project-0/recovery-report.json", "sha256": "ebb633d646cef0d5319c6848ae8ec6edae21948863f0175b26218f85cfab7afe", "test": "tests/test_cpu_terminal_recovery_guards.py::test_preexisting_stop_never_authorizes_automatic_settlement[masked_storage_hold]"}, {"bytes": 148924, "path": "/tmp/odcq-core-v2/test_recovery_refuses_unbound_0/project-0/recovery-report.json", "sha256": "c404f8807e9e2f9190caca0937696079cc8ba252ab5424e7f4d27200f8f8b231", "test": "tests/test_cpu_terminal_recovery_guards.py::test_recovery_refuses_unbound_replication_request_field"}, {"bytes": 148873, "path": "/tmp/odcq-core-v2/test_recovery_refuses_artifact0/project-0/recovery-report.json", "sha256": "90e8ca35b788cde6a09265ace407158d891cd46330f1d6e3d84f10bda5751a1a", "test": "tests/test_cpu_terminal_recovery_guards.py::test_recovery_refuses_artifact_root_unrelated_to_published_records"}, {"bytes": 213252, "path": "/tmp/odcq-core-v2/test_restart_settles_confirmed0/project-0/recovery-report.json", "sha256": "46c0dd0ee8dc68331917e558c7ddc2d6ec22475f75cb3d056203755ab1b91192", "test": "tests/test_cpu_terminal_settlement_recovery.py::test_restart_settles_confirmed_terminal_without_repeating_original_worker[0]"}, {"bytes": 201554, "path": "/tmp/odcq-core-v2/test_restart_settles_confirmed1/project-0/recovery-report.json", "sha256": "f70bb97dd4a917e21ae538a245a338b95db5027be8f1446b3ffd69b3fe045ee5", "test": "tests/test_cpu_terminal_settlement_recovery.py::test_restart_settles_confirmed_terminal_without_repeating_original_worker[7]"}, {"bytes": 127603, "path": "/tmp/odcq-core-v2/test_real_v2_confirmed_termina0/project-0/recovery-report.json", "sha256": "f8290f42403fd31146cc3ba16d785acdc535869022d235b00ac1e4f92613366d", "test": "tests/test_runtime_lease_recovery.py::test_real_v2_confirmed_terminal_crash_recovers_metadata_only[0]"}, {"bytes": 119128, "path": "/tmp/odcq-core-v2/test_real_v2_confirmed_termina1/project-0/recovery-report.json", "sha256": "92345000d3153375338cebaa5b5d588d0e375a0e04422c5b645a31339f21e760", "test": "tests/test_runtime_lease_recovery.py::test_real_v2_confirmed_terminal_crash_recovers_metadata_only[7]"}, {"bytes": 120422, "path": "/tmp/odcq-core-v2/test_real_historical_v1_termin0/historical-project/recovery-report.json", "sha256": "f54a4472af91881653c2710a462fa902c0cee6a07b7c5ced06cffb3958bc1e55", "test": "tests/test_runtime_lease_recovery.py::test_real_historical_v1_terminal_recovers_without_upgrade_or_reexecution"}]
ACCEPTANCE_REPORTS=[{"bytes": 281590, "name": "sorting_default", "path": "/tmp/odcq-core-v2/acceptance-sorting-default0/acceptance-report.json", "sha256": "b433a15f69264c9c9d12c85bb5cbefcd99056cc08cf48026b71a30d14c82f5a8"}, {"bytes": 121756, "name": "sorting_counterfactual", "path": "/tmp/odcq-core-v2/acceptance-sorting-counterfactual0/acceptance-report.json", "sha256": "bcf743ede8635c498bb1abb3566c21564d23cefabda7fedcf442dd6560104485"}, {"bytes": 276438, "name": "compression_default", "path": "/tmp/odcq-core-v2/acceptance-compression-default0/acceptance-report.json", "sha256": "f1be06989f9678cfd5b77cfe3839aa75d6d9fbf15f671183c5a2d68ec8c41a34"}, {"bytes": 121327, "name": "compression_counterfactual", "path": "/tmp/odcq-core-v2/acceptance-compression-counterfactual0/acceptance-report.json", "sha256": "e20be1014062a8f6d721fee528f3daf4cda0d3428a696048416a285391ee941a"}]

=============================== warnings summary ===============================
../../../../../../home/erik/.local/lib/python3.10/site-packages/_pytest/config/__init__.py:885
  /home/erik/.local/lib/python3.10/site-packages/_pytest/config/__init__.py:885: PytestAssertRewriteWarning: Module already imported so cannot be rewritten; cpu_terminal_recovery_helpers
    self.import_plugin(import_spec)

../../../../../../home/erik/.local/lib/python3.10/site-packages/_pytest/config/__init__.py:885
  /home/erik/.local/lib/python3.10/site-packages/_pytest/config/__init__.py:885: PytestAssertRewriteWarning: Module already imported so cannot be rewritten; examples.holdout.testing
    self.import_plugin(import_spec)

-- Docs: https://docs.pytest.org/en/stable/how-to/capture-warnings.html
=========================== short test summary info ============================
SKIPPED [1] ../core/tests/test_sweeper.py:12: could not import 'orze_pro.engine.role_runner': This is a stub package. Install the real orze-pro via: export ORZE_PRO_KEY='...' && orze run
SKIPPED [1] ../core/tests/test_evolution.py:228: could not import 'orze_pro.agents.code_evolution': This is a stub package. Install the real orze-pro via: export ORZE_PRO_KEY='...' && orze run
SKIPPED [1] ../core/tests/test_evolution.py:239: could not import 'orze_pro.agents.code_evolution': This is a stub package. Install the real orze-pro via: export ORZE_PRO_KEY='...' && orze run
SKIPPED [1] ../core/tests/test_evolution.py:255: could not import 'orze_pro.agents.meta_research': This is a stub package. Install the real orze-pro via: export ORZE_PRO_KEY='...' && orze run
SKIPPED [1] ../core/tests/test_fsm_runner_registry.py:13: could not import 'orze_pro': This is a stub package. Install the real orze-pro via: export ORZE_PRO_KEY='...' && orze run
SKIPPED [1] ../core/tests/test_skill_registry.py:123: orze-pro not installed
SKIPPED [1] ../core/tests/test_skill_registry.py:135: orze-pro not installed
4840 passed, 7 skipped, 2 warnings in 1003.41s (0:16:43)
