........................................................................ [  1%]
........................................................................ [  2%]
........................................................................ [  4%]
........................................................................ [  5%]
........................................................................ [  7%]
........................................................................ [  8%]
........................................................................ [  9%]
........................................................................ [ 11%]
........................................................................ [ 12%]
........................................................................ [ 14%]
........................................................................ [ 15%]
........................................................................ [ 17%]
........................................................................ [ 18%]
........................................................................ [ 19%]
........................................................................ [ 21%]
........................................................................ [ 22%]
........................................................................ [ 24%]
........................................................................ [ 25%]
........................................................................ [ 27%]
........................................................................ [ 28%]
........................................................................ [ 29%]
........................................................................ [ 31%]
........................................................................ [ 32%]
........................................................................ [ 34%]
........................................................................ [ 35%]
........................................................................ [ 37%]
........................................................................ [ 38%]
........................................................................ [ 39%]
........................................................................ [ 41%]
................sss..................................................... [ 42%]
........................................................................ [ 44%]
........................................................................ [ 45%]
........................................................................ [ 47%]
.....................................................................s.. [ 48%]
........................................................................ [ 49%]
........................................................................ [ 51%]
........................................................................ [ 52%]
........................................................................ [ 54%]
........................................................................ [ 55%]
........................................................................ [ 57%]
........................................................................ [ 58%]
........................................................................ [ 59%]
........................................................................ [ 61%]
........................................................................ [ 62%]
........................................................................ [ 64%]
........................................................................ [ 65%]
........................................................................ [ 66%]
........................................................................ [ 68%]
........................................................................ [ 69%]
........................................................................ [ 71%]
........................................................................ [ 72%]
........................................................................ [ 74%]
........................................................................ [ 75%]
........................................................................ [ 76%]
........................................................................ [ 78%]
........................................................................ [ 79%]
........................................................................ [ 81%]
........................................................................ [ 82%]
........................................................................ [ 84%]
........................................................................ [ 85%]
........................................................................ [ 86%]
........................................................................ [ 88%]
........................................................................ [ 89%]
........................................................................ [ 91%]
............................................................ss.......... [ 92%]
........................................................................ [ 94%]
........................................................................ [ 95%]
........................................................................ [ 96%]
........................................................................ [ 98%]
........................................................................ [ 99%]
............                                                             [100%]HOLDOUT_REPORTS=[{"bytes": 2510208, "name": "workflow", "path": "/tmp/ofp-cf1/holdout-workflow0/holdout-report.json", "sha256": "339cc49f3ffd5758bccd79a70c904d7aa887c6385faab6f87a38757a987898f9"}, {"bytes": 143199, "name": "boundary", "path": "/tmp/ofp-cf1/holdout-boundary0/holdout-report.json", "sha256": "2ef73342dce150861df3a697d590a066f31a209af1bb867b4e902d4fb2259b34"}, {"bytes": 143304, "name": "duplicate_id", "path": "/tmp/ofp-cf1/holdout-duplicate_id0/holdout-report.json", "sha256": "da3dd791251277cc6647aa931791950ccb333140a535d9046ec5758a2a07854e"}, {"bytes": 144613, "name": "missing_prerequisite", "path": "/tmp/ofp-cf1/holdout-missing_prerequisite0/holdout-report.json", "sha256": "2063031c8d26446d0facb594763621ea865497a889d7f33fda7b67ebc897db41"}, {"bytes": 142667, "name": "overload", "path": "/tmp/ofp-cf1/holdout-overload0/holdout-report.json", "sha256": "74b929b31b90784e3cb6f55b38ed4bb802e13b1d6911cd0f803412e813ea0c17"}, {"bytes": 141498, "name": "malformed", "path": "/tmp/ofp-cf1/holdout-malformed0/holdout-report.json", "sha256": "12bac81f03609ce53f53ac3290ce1a52c7d4cb95b1179f6e59992011f0de8774"}]
CPU_RECOVERY_REPORTS=[{"bytes": 82772, "path": "/tmp/ofp-cf1/test_real_confirmed_terminal_r0/project-0/recovery-report.json", "sha256": "ef0947aace827be6cfb8c84d4efd415cfc189a1816727fb598f9a15e5e30cc6d", "test": "tests/test_cpu_claim_reader_consolidation.py::TestPublicSnapshotRouting::test_real_confirmed_terminal_recovery_uses_required_8k_public_snapshot"}, {"bytes": 104491, "path": "/tmp/ofp-cf1/test_post_delete_fsync_uncerta0/project-0/recovery-report.json", "sha256": "1a16f7c1d23d2fcd482f7034e5b7630039eb263e1836f7e63c3f7e0199830b95", "test": "tests/test_cpu_terminal_recovery_barrier.py::test_post_delete_fsync_uncertainty_blocks_fresh_restart_with_zero_bound[effect]"}, {"bytes": 104518, "path": "/tmp/ofp-cf1/test_post_delete_fsync_uncerta1/project-0/recovery-report.json", "sha256": "981072b0f726a1ab6f376975fd422829c8380e69a7e64b8f53764a9c91bf017e", "test": "tests/test_cpu_terminal_recovery_barrier.py::test_post_delete_fsync_uncertainty_blocks_fresh_restart_with_zero_bound[recovery]"}, {"bytes": 67356, "path": "/tmp/ofp-cf1/test_in_progress_denies_alread0/project-0/recovery-report.json", "sha256": "e87f05262092fb15a16bf98a6d4be3a3f9a2a30d85528ede787e40e316780bfb", "test": "tests/test_cpu_terminal_recovery_barrier.py::test_in_progress_denies_already_running_peer_admission[reserve]"}, {"bytes": 67357, "path": "/tmp/ofp-cf1/test_in_progress_denies_alread1/project-0/recovery-report.json", "sha256": "994d82131e33bf51e27b120143f8721cbf86ed6d2963b35808e821fb033fda46", "test": "tests/test_cpu_terminal_recovery_barrier.py::test_in_progress_denies_already_running_peer_admission[require_permit]"}, {"bytes": 66226, "path": "/tmp/ofp-cf1/test_two_recovery_consumers_do0/project-0/recovery-report.json", "sha256": "da5261001ebaff9f1a6aad54b29723346ff058fddd86732943c474b68979559c", "test": "tests/test_cpu_terminal_recovery_barrier.py::test_two_recovery_consumers_do_not_repeat_settlement_or_poison_owner"}, {"bytes": 66643, "path": "/tmp/ofp-cf1/test_legal_peer_decision_after0/project-0/recovery-report.json", "sha256": "88b13b539ae2eae8c02195a626daf93b9df48d415abc57f3009f799490e8d1f7", "test": "tests/test_cpu_terminal_recovery_barrier.py::test_legal_peer_decision_after_complete_commit_preserves_exact_owner_result"}, {"bytes": 102317, "path": "/tmp/ofp-cf1/test_recovery_transaction_unkn0/project-0/recovery-report.json", "sha256": "8c4e6d1e6f3c6e456feade18a355a9c592912a9fbf824f5b9f6ee626c99ea47e", "test": "tests/test_cpu_terminal_recovery_barrier.py::test_recovery_transaction_unknown_is_not_an_ordinary_success[IN_PROGRESS-rollback]"}, {"bytes": 104438, "path": "/tmp/ofp-cf1/test_recovery_transaction_unkn1/project-0/recovery-report.json", "sha256": "6e4bfd835490c3c53a97454893ea34d033513f46f41fb447b0b01bc9f1cf4104", "test": "tests/test_cpu_terminal_recovery_barrier.py::test_recovery_transaction_unknown_is_not_an_ordinary_success[COMPLETE-rollback]"}, {"bytes": 105834, "path": "/tmp/ofp-cf1/test_recovery_transaction_unkn2/project-0/recovery-report.json", "sha256": "ae3af27371ce6c1a34f0a15158486d613393481bf21f4312f1f23561cd2c9dbe", "test": "tests/test_cpu_terminal_recovery_barrier.py::test_recovery_transaction_unknown_is_not_an_ordinary_success[COMPLETE-committed_raise]"}, {"bytes": 65305, "path": "/tmp/ofp-cf1/test_existing_unqualified_gate0/project-0/recovery-report.json", "sha256": "24d7ae69c51b48977920c369abb930d36da82bb55cae0350112fc12346ceb8cd", "test": "tests/test_cpu_terminal_recovery_barrier.py::test_existing_unqualified_gate_owner_is_preserved"}, {"bytes": 65302, "path": "/tmp/ofp-cf1/test_recovery_refuses_caller_t0/project-0/recovery-report.json", "sha256": "0d876b9e5668abac523aac8ecf60b9db193e92bc0dfdf573479b121b9c306269", "test": "tests/test_cpu_terminal_recovery_barrier.py::test_recovery_refuses_caller_transaction_without_consuming_it"}, {"bytes": 66104, "path": "/tmp/ofp-cf1/test_actual_peer_nonce_replace0/project-0/recovery-report.json", "sha256": "b667b5a9f15176622479b2b876225bcb73b1cbd11ad911f9d8b19a73d4222ba8", "test": "tests/test_cpu_terminal_recovery_barrier.py::test_actual_peer_nonce_replacement_cannot_be_completed_by_old_owner"}, {"bytes": 315057, "path": "/tmp/ofp-cf1/test_fresh_cli_resumes_confirm0/domain-project/recovery-report.json", "sha256": "40169abf268b4d42f92ddb304d3531201b6bbd24f6777958bd30a0161d9a1555", "test": "tests/test_cpu_terminal_recovery_domain.py::test_fresh_cli_resumes_confirmed_domain_without_reinterpretation[schedule-feasibility-v1-valid]"}, {"bytes": 314978, "path": "/tmp/ofp-cf1/test_fresh_cli_resumes_confirm1/domain-project/recovery-report.json", "sha256": "bf97c9c7ccb55e4b8ff3ded8d77b8d1206d8f843361c60e162431bc36e1e378d", "test": "tests/test_cpu_terminal_recovery_domain.py::test_fresh_cli_resumes_confirmed_domain_without_reinterpretation[schedule-feasibility-v2-invalid]"}, {"bytes": 147903, "path": "/tmp/ofp-cf1/test_recovery_refuses_changed_0/project-0/recovery-report.json", "sha256": "f85b28d0d99f7441af4ec8af4295d9bbeb1e0c1d4fb1217718a607a03d9df1e2", "test": "tests/test_cpu_terminal_recovery_guards.py::test_recovery_refuses_changed_native_binding[origin]"}, {"bytes": 147889, "path": "/tmp/ofp-cf1/test_recovery_refuses_changed_1/project-0/recovery-report.json", "sha256": "964ecfb4c9cf028a7fd582a59632e28c74a23000b2dbdd71b8d3215f5b7e0af7", "test": "tests/test_cpu_terminal_recovery_guards.py::test_recovery_refuses_changed_native_binding[kind]"}, {"bytes": 147929, "path": "/tmp/ofp-cf1/test_recovery_refuses_changed_2/project-0/recovery-report.json", "sha256": "84e3008cd51601e3bb107391531bca2c4c175fbdcd6e19a0e3bf9862c037be0c", "test": "tests/test_cpu_terminal_recovery_guards.py::test_recovery_refuses_changed_native_binding[resource]"}, {"bytes": 147981, "path": "/tmp/ofp-cf1/test_recovery_refuses_changed_3/project-0/recovery-report.json", "sha256": "153d002fc2a91729a3000cb10a184b2573e7136441bb7d0fc89f2ab606c63300", "test": "tests/test_cpu_terminal_recovery_guards.py::test_recovery_refuses_changed_native_binding[attempt_ref]"}, {"bytes": 147959, "path": "/tmp/ofp-cf1/test_recovery_refuses_changed_4/project-0/recovery-report.json", "sha256": "80dae39ba6b010f4d2cc34f768928c76f3b5238be64c35d9e80dbf9d5a038d48", "test": "tests/test_cpu_terminal_recovery_guards.py::test_recovery_refuses_changed_native_binding[process_pid]"}, {"bytes": 147962, "path": "/tmp/ofp-cf1/test_recovery_refuses_changed_5/project-0/recovery-report.json", "sha256": "f5751d5559a004969f2d77fe7fa8f9d50b037a41fee285e7fa1c1b0f69b6c42c", "test": "tests/test_cpu_terminal_recovery_guards.py::test_recovery_refuses_changed_native_binding[command_sha256]"}, {"bytes": 148007, "path": "/tmp/ofp-cf1/test_recovery_refuses_changed_6/project-0/recovery-report.json", "sha256": "9621b4f27faf775e9a0833fcabf7d829e8f213be2be2bde0a1f96e880c3ac821", "test": "tests/test_cpu_terminal_recovery_guards.py::test_recovery_refuses_changed_native_binding[timeout_seconds]"}, {"bytes": 147928, "path": "/tmp/ofp-cf1/test_recovery_refuses_changed_7/project-0/recovery-report.json", "sha256": "87417dba2850d93036f899e57bcb4325694eceb592e1fc741369f4b3bb416c34", "test": "tests/test_cpu_terminal_recovery_guards.py::test_recovery_refuses_changed_captured_source[database]"}, {"bytes": 147949, "path": "/tmp/ofp-cf1/test_recovery_refuses_changed_8/project-0/recovery-report.json", "sha256": "b5aff15983790c304172564fab51189abc1e0248464e0642012647a9e4302bcd", "test": "tests/test_cpu_terminal_recovery_guards.py::test_recovery_refuses_changed_captured_source[claim_sha256]"}, {"bytes": 147969, "path": "/tmp/ofp-cf1/test_recovery_refuses_changed_9/project-0/recovery-report.json", "sha256": "bb08ced3c710beebc47a415b8aa264fad0621177dc3c3141c6f7252758484825", "test": "tests/test_cpu_terminal_recovery_guards.py::test_recovery_refuses_changed_captured_source[config_sha256]"}, {"bytes": 148162, "path": "/tmp/ofp-cf1/test_recovery_refuses_changed_10/project-0/recovery-report.json", "sha256": "46f7748f6262af99a1243d5b0d75b10a2bb82d3f0f0a719072e8be21eb86dafa", "test": "tests/test_cpu_terminal_recovery_guards.py::test_recovery_refuses_changed_current_lifecycle"}, {"bytes": 147991, "path": "/tmp/ofp-cf1/test_recovery_refuses_rehashed0/project-0/recovery-report.json", "sha256": "6f91a7e453a963739548826fc50073ba84ee230ed4c2ee46a429d8d621c98788", "test": "tests/test_cpu_terminal_recovery_guards.py::test_recovery_refuses_rehashed_non_cpu_prepared_plan"}, {"bytes": 148128, "path": "/tmp/ofp-cf1/test_recovery_refuses_changed_11/project-0/recovery-report.json", "sha256": "2aa8c6404b94e9a544a1a76a1fc39b7a7f4ce00b5636f87b4fdcc19b5aaa593c", "test": "tests/test_cpu_terminal_recovery_guards.py::test_recovery_refuses_changed_catalog_route"}, {"bytes": 148173, "path": "/tmp/ofp-cf1/test_recovery_refuses_changed_12/project-0/recovery-report.json", "sha256": "660884f77d92b11f068878e9feb454a15dbfe0279d643be79f90635181b82c33", "test": "tests/test_cpu_terminal_recovery_guards.py::test_recovery_refuses_changed_ready_member_identity"}, {"bytes": 190475, "path": "/tmp/ofp-cf1/test_recovery_rechecks_source_0/project-0/recovery-report.json", "sha256": "108550f3cea77e694fb2de6f5b6f525660a65c80e4250e3ed17a3013b4b62a08", "test": "tests/test_cpu_terminal_recovery_guards.py::test_recovery_rechecks_source_after_enumeration_before_settlement"}, {"bytes": 149459, "path": "/tmp/ofp-cf1/test_preexisting_stop_never_au0/project-0/recovery-report.json", "sha256": "f53dda0339b0cedfbed63bbda6d3f338455ed69d088514503904777b37aa5840", "test": "tests/test_cpu_terminal_recovery_guards.py::test_preexisting_stop_never_authorizes_automatic_settlement[ordinary_stop]"}, {"bytes": 149345, "path": "/tmp/ofp-cf1/test_preexisting_stop_never_au1/project-0/recovery-report.json", "sha256": "ce965675f8a973b57c0b297b497c100a33b71564057d1dfa3eb58a19b4f35000", "test": "tests/test_cpu_terminal_recovery_guards.py::test_preexisting_stop_never_authorizes_automatic_settlement[storage_hold]"}, {"bytes": 149493, "path": "/tmp/ofp-cf1/test_preexisting_stop_never_au2/project-0/recovery-report.json", "sha256": "fa7daf3aecfdf33a833364c5827101623766fa9a63018c9321f8402a030dec41", "test": "tests/test_cpu_terminal_recovery_guards.py::test_preexisting_stop_never_authorizes_automatic_settlement[masked_storage_hold]"}, {"bytes": 148102, "path": "/tmp/ofp-cf1/test_recovery_refuses_unbound_0/project-0/recovery-report.json", "sha256": "2549d8821a405a856021d2418d7f6b2e60ceb70ff824cc1b3926cfce3fba3695", "test": "tests/test_cpu_terminal_recovery_guards.py::test_recovery_refuses_unbound_replication_request_field"}, {"bytes": 148049, "path": "/tmp/ofp-cf1/test_recovery_refuses_artifact0/project-0/recovery-report.json", "sha256": "5c06013c4f53d7944282b90918949ee9584a48dcbaac1949b9e1c3f8132e348b", "test": "tests/test_cpu_terminal_recovery_guards.py::test_recovery_refuses_artifact_root_unrelated_to_published_records"}, {"bytes": 212008, "path": "/tmp/ofp-cf1/test_restart_settles_confirmed0/project-0/recovery-report.json", "sha256": "4a615097720d8b2a309324c7d97b77a55a83a5b08714acb9fd6b9c40924ad144", "test": "tests/test_cpu_terminal_settlement_recovery.py::test_restart_settles_confirmed_terminal_without_repeating_original_worker[0]"}, {"bytes": 200434, "path": "/tmp/ofp-cf1/test_restart_settles_confirmed1/project-0/recovery-report.json", "sha256": "6fa59e38e8237672d48f5f026c826f2de0901dc25cc4a2abeb5d19c2c82227f3", "test": "tests/test_cpu_terminal_settlement_recovery.py::test_restart_settles_confirmed_terminal_without_repeating_original_worker[7]"}, {"bytes": 126818, "path": "/tmp/ofp-cf1/test_real_v2_confirmed_termina0/project-0/recovery-report.json", "sha256": "221406af9dc86d06ffa11c05bfb5e253a68c5ba410732feacd1003694848b89c", "test": "tests/test_runtime_lease_recovery.py::test_real_v2_confirmed_terminal_crash_recovers_metadata_only[0]"}, {"bytes": 118430, "path": "/tmp/ofp-cf1/test_real_v2_confirmed_termina1/project-0/recovery-report.json", "sha256": "264519337bcef9804089549dca7fd07cda30956f7abd64a8e99a75888f494111", "test": "tests/test_runtime_lease_recovery.py::test_real_v2_confirmed_terminal_crash_recovers_metadata_only[7]"}, {"bytes": 119637, "path": "/tmp/ofp-cf1/test_real_historical_v1_termin0/historical-project/recovery-report.json", "sha256": "fffdfc094dac5fb92803bc43da40d5a9a4787a7580d6469efbe33a881fea87bf", "test": "tests/test_runtime_lease_recovery.py::test_real_historical_v1_terminal_recovers_without_upgrade_or_reexecution"}]
ACCEPTANCE_REPORTS=[{"bytes": 279990, "name": "sorting_default", "path": "/tmp/ofp-cf1/acceptance-sorting-default0/acceptance-report.json", "sha256": "9b20b1aa6984d2cb85af01b9d49ef8be4d3e33e885d260c434f930597f56b9e9"}, {"bytes": 120991, "name": "sorting_counterfactual", "path": "/tmp/ofp-cf1/acceptance-sorting-counterfactual0/acceptance-report.json", "sha256": "a8da771cebc71d1d10c9525258f35df049deeaadd783569096102c051fb3c2ba"}, {"bytes": 274849, "name": "compression_default", "path": "/tmp/ofp-cf1/acceptance-compression-default0/acceptance-report.json", "sha256": "bfe1b94ce7ab91cf8d4d2b78a08aff4d99c2445f61b0fd1700f430c9d0d2747f"}, {"bytes": 120576, "name": "compression_counterfactual", "path": "/tmp/ofp-cf1/acceptance-compression-counterfactual0/acceptance-report.json", "sha256": "4784e37bfe153f6a15f15b6614e37806588a12400a46602f1b65fb0fd419a2f2"}]

=============================== warnings summary ===============================
../../../../../../home/erik/.local/lib/python3.10/site-packages/_pytest/config/__init__.py:885
  /home/erik/.local/lib/python3.10/site-packages/_pytest/config/__init__.py:885: PytestAssertRewriteWarning: Module already imported so cannot be rewritten; cpu_terminal_recovery_helpers
    self.import_plugin(import_spec)

../../../../../../home/erik/.local/lib/python3.10/site-packages/_pytest/config/__init__.py:885
  /home/erik/.local/lib/python3.10/site-packages/_pytest/config/__init__.py:885: PytestAssertRewriteWarning: Module already imported so cannot be rewritten; examples.holdout.testing
    self.import_plugin(import_spec)

-- Docs: https://docs.pytest.org/en/stable/how-to/capture-warnings.html
=========================== short test summary info ============================
SKIPPED [1] ../core/tests/test_sweeper.py:12: could not import 'orze_pro.engine.role_runner': This is a stub package. Install the real orze-pro via: export ORZE_PRO_KEY='...' && orze run
SKIPPED [1] ../core/tests/test_evolution.py:228: could not import 'orze_pro.agents.code_evolution': This is a stub package. Install the real orze-pro via: export ORZE_PRO_KEY='...' && orze run
SKIPPED [1] ../core/tests/test_evolution.py:239: could not import 'orze_pro.agents.code_evolution': This is a stub package. Install the real orze-pro via: export ORZE_PRO_KEY='...' && orze run
SKIPPED [1] ../core/tests/test_evolution.py:255: could not import 'orze_pro.agents.meta_research': This is a stub package. Install the real orze-pro via: export ORZE_PRO_KEY='...' && orze run
SKIPPED [1] ../core/tests/test_fsm_runner_registry.py:13: could not import 'orze_pro': This is a stub package. Install the real orze-pro via: export ORZE_PRO_KEY='...' && orze run
SKIPPED [1] ../core/tests/test_skill_registry.py:123: orze-pro not installed
SKIPPED [1] ../core/tests/test_skill_registry.py:135: orze-pro not installed
5046 passed, 7 skipped, 2 warnings in 1064.05s (0:17:44)
