........................................................................ [  1%]
........................................................................ [  2%]
........................................................................ [  4%]
........................................................................ [  5%]
........................................................................ [  6%]
........................................................................ [  8%]
........................................................................ [  9%]
........................................................................ [ 11%]
........................................................................ [ 12%]
........................................................................ [ 13%]
........................................................................ [ 15%]
........................................................................ [ 16%]
........................................................................ [ 18%]
........................................................................ [ 19%]
........................................................................ [ 20%]
........................................................................ [ 22%]
........................................................................ [ 23%]
........................................................................ [ 25%]
........................................................................ [ 26%]
........................................................................ [ 27%]
........................................................................ [ 29%]
........................................................................ [ 30%]
........................................................................ [ 32%]
........................................................................ [ 33%]
........................................................................ [ 34%]
........................................................................ [ 36%]
........................................................................ [ 37%]
........................................................................ [ 39%]
........................................................................ [ 40%]
................sss..................................................... [ 41%]
........................................................................ [ 43%]
........................................................................ [ 44%]
........................................................................ [ 46%]
.....................................................................s.. [ 47%]
........................................................................ [ 48%]
........................................................................ [ 50%]
........................................................................ [ 51%]
........................................................................ [ 53%]
........................................................................ [ 54%]
........................................................................ [ 55%]
........................................................................ [ 57%]
........................................................................ [ 58%]
........................................................................ [ 60%]
........................................................................ [ 61%]
........................................................................ [ 62%]
........................................................................ [ 64%]
........................................................................ [ 65%]
........................................................................ [ 67%]
........................................................................ [ 68%]
........................................................................ [ 69%]
........................................................................ [ 71%]
........................................................................ [ 72%]
........................................................................ [ 74%]
........................................................................ [ 75%]
........................................................................ [ 76%]
........................................................................ [ 78%]
........................................................................ [ 79%]
........................................................................ [ 81%]
........................................................................ [ 82%]
........................................................................ [ 83%]
........................................................................ [ 85%]
........................................................................ [ 86%]
........................................................................ [ 88%]
........................................................................ [ 89%]
........................................................................ [ 90%]
........................................................................ [ 92%]
..................ss.................................................... [ 93%]
........................................................................ [ 94%]
........................................................................ [ 96%]
........................................................................ [ 97%]
........................................................................ [ 99%]
..........................................                               [100%]HOLDOUT_REPORTS=[{"bytes": 2507397, "name": "workflow", "path": "/tmp/sms-c1/holdout-workflow0/holdout-report.json", "sha256": "f21e9e717b224a94ff34fca94bd274f23af5b0a1dae04fc805e6dbaa7dcedfbf"}, {"bytes": 143022, "name": "boundary", "path": "/tmp/sms-c1/holdout-boundary0/holdout-report.json", "sha256": "8bf0c22abfeaefd70f2dda9f42396298b2454fada124fb2eb36185b03770c296"}, {"bytes": 143136, "name": "duplicate_id", "path": "/tmp/sms-c1/holdout-duplicate_id0/holdout-report.json", "sha256": "fc3f9527e497064ac353130cd752e356a88c76c149b166d284de05d428b16237"}, {"bytes": 144456, "name": "missing_prerequisite", "path": "/tmp/sms-c1/holdout-missing_prerequisite0/holdout-report.json", "sha256": "25835dea301c00a5ac62077879b0747b434d213864558eb9346bfcd95fe7ac47"}, {"bytes": 142520, "name": "overload", "path": "/tmp/sms-c1/holdout-overload0/holdout-report.json", "sha256": "4694fb82f6b8128d693b852f66f177e2cc2afa6be80d37e81f7f1b022a035748"}, {"bytes": 141329, "name": "malformed", "path": "/tmp/sms-c1/holdout-malformed0/holdout-report.json", "sha256": "4892ca852126cac299698cf8ae40d1d6308eb08ec6404b8ff96413cc61d586b9"}]
CPU_RECOVERY_REPORTS=[{"bytes": 82666, "path": "/tmp/sms-c1/test_real_confirmed_terminal_r0/project-0/recovery-report.json", "sha256": "c6fa009e59e3e0508dc4549203bb77ed32930de2081d005a29b2f92b0fcf1908", "test": "tests/test_cpu_claim_reader_consolidation.py::TestPublicSnapshotRouting::test_real_confirmed_terminal_recovery_uses_required_8k_public_snapshot"}, {"bytes": 104378, "path": "/tmp/sms-c1/test_post_delete_fsync_uncerta0/project-0/recovery-report.json", "sha256": "1411d90321d1350e0c938404a20f49c9a3e33b6ab63b6960d41c1f49f00dd9c1", "test": "tests/test_cpu_terminal_recovery_barrier.py::test_post_delete_fsync_uncertainty_blocks_fresh_restart_with_zero_bound[effect]"}, {"bytes": 104375, "path": "/tmp/sms-c1/test_post_delete_fsync_uncerta1/project-0/recovery-report.json", "sha256": "bc8494f420d2caee67200cd0bccc4cf420b5829972cd9127906b943bc64d9da1", "test": "tests/test_cpu_terminal_recovery_barrier.py::test_post_delete_fsync_uncertainty_blocks_fresh_restart_with_zero_bound[recovery]"}, {"bytes": 67269, "path": "/tmp/sms-c1/test_in_progress_denies_alread0/project-0/recovery-report.json", "sha256": "39f23095897768b21864bf7f7953c2363750722d50fe8449c18d0d3f8c3830e2", "test": "tests/test_cpu_terminal_recovery_barrier.py::test_in_progress_denies_already_running_peer_admission[reserve]"}, {"bytes": 67270, "path": "/tmp/sms-c1/test_in_progress_denies_alread1/project-0/recovery-report.json", "sha256": "f0f3287b4189564b26d3a768249e91da55b4c93368590dd12148bfc22eb9389e", "test": "tests/test_cpu_terminal_recovery_barrier.py::test_in_progress_denies_already_running_peer_admission[require_permit]"}, {"bytes": 66145, "path": "/tmp/sms-c1/test_two_recovery_consumers_do0/project-0/recovery-report.json", "sha256": "48788e119ddffeb9d6f4778570258718e2aebcc61542339cc7327f892a66f770", "test": "tests/test_cpu_terminal_recovery_barrier.py::test_two_recovery_consumers_do_not_repeat_settlement_or_poison_owner"}, {"bytes": 66550, "path": "/tmp/sms-c1/test_legal_peer_decision_after0/project-0/recovery-report.json", "sha256": "ef54e8d06c317fac5242251b52e60adcbb494fd6886df182c35cb54cd261f01b", "test": "tests/test_cpu_terminal_recovery_barrier.py::test_legal_peer_decision_after_complete_commit_preserves_exact_owner_result"}, {"bytes": 102188, "path": "/tmp/sms-c1/test_recovery_transaction_unkn0/project-0/recovery-report.json", "sha256": "2ebefdaa9042510d423b35b140123c9b5ec0d8788d3cceae2d325486c9b4735d", "test": "tests/test_cpu_terminal_recovery_barrier.py::test_recovery_transaction_unknown_is_not_an_ordinary_success[IN_PROGRESS-rollback]"}, {"bytes": 104303, "path": "/tmp/sms-c1/test_recovery_transaction_unkn1/project-0/recovery-report.json", "sha256": "1e3bf201fef0a5b7651f86a436e6bd2785156125b6d8d39537125332adfe1cc8", "test": "tests/test_cpu_terminal_recovery_barrier.py::test_recovery_transaction_unknown_is_not_an_ordinary_success[COMPLETE-rollback]"}, {"bytes": 105690, "path": "/tmp/sms-c1/test_recovery_transaction_unkn2/project-0/recovery-report.json", "sha256": "a5417c1dd6f045cedeee0964023ad361adcdf35d6832d8c70e8864d106d04b0f", "test": "tests/test_cpu_terminal_recovery_barrier.py::test_recovery_transaction_unknown_is_not_an_ordinary_success[COMPLETE-committed_raise]"}, {"bytes": 65233, "path": "/tmp/sms-c1/test_existing_unqualified_gate0/project-0/recovery-report.json", "sha256": "3942932ae63bd6673527ccda0789dad62b44161575e94fdd75540c7b989e4538", "test": "tests/test_cpu_terminal_recovery_barrier.py::test_existing_unqualified_gate_owner_is_preserved"}, {"bytes": 65226, "path": "/tmp/sms-c1/test_recovery_refuses_caller_t0/project-0/recovery-report.json", "sha256": "e09668e70794e533034b0f316f17bffccec2f911f2e3ec68ea8ae5d535f8321d", "test": "tests/test_cpu_terminal_recovery_barrier.py::test_recovery_refuses_caller_transaction_without_consuming_it"}, {"bytes": 66015, "path": "/tmp/sms-c1/test_actual_peer_nonce_replace0/project-0/recovery-report.json", "sha256": "974ba0e9bf163da7658c980d20d1ff843c6c92a4ec1d1a4f523f42c7d8135630", "test": "tests/test_cpu_terminal_recovery_barrier.py::test_actual_peer_nonce_replacement_cannot_be_completed_by_old_owner"}, {"bytes": 314681, "path": "/tmp/sms-c1/test_fresh_cli_resumes_confirm0/domain-project/recovery-report.json", "sha256": "37a8bbd49a5cd2ca3eab061c88a99179d3f4dffb77bd29a8b4dc8c738d8386ac", "test": "tests/test_cpu_terminal_recovery_domain.py::test_fresh_cli_resumes_confirmed_domain_without_reinterpretation[schedule-feasibility-v1-valid]"}, {"bytes": 314630, "path": "/tmp/sms-c1/test_fresh_cli_resumes_confirm1/domain-project/recovery-report.json", "sha256": "07fbbf57165dd9e3b7c12cd24bcdc706f78d57bdf6e6c7420c748acdfd1e1702", "test": "tests/test_cpu_terminal_recovery_domain.py::test_fresh_cli_resumes_confirmed_domain_without_reinterpretation[schedule-feasibility-v2-invalid]"}, {"bytes": 147731, "path": "/tmp/sms-c1/test_recovery_refuses_changed_0/project-0/recovery-report.json", "sha256": "0ed52f855efb2370f14599deb3de447a08446d82808bd6549b461049c2818ba3", "test": "tests/test_cpu_terminal_recovery_guards.py::test_recovery_refuses_changed_native_binding[origin]"}, {"bytes": 147701, "path": "/tmp/sms-c1/test_recovery_refuses_changed_1/project-0/recovery-report.json", "sha256": "7dd07843ba4d11626acb46b4bd9195e10a4c9be152bfb329420513e56a3b5a67", "test": "tests/test_cpu_terminal_recovery_guards.py::test_recovery_refuses_changed_native_binding[kind]"}, {"bytes": 147754, "path": "/tmp/sms-c1/test_recovery_refuses_changed_2/project-0/recovery-report.json", "sha256": "ab31eb122d6b545270d7e87f957ed26da512fc06da42d793e79e2837b9d53e04", "test": "tests/test_cpu_terminal_recovery_guards.py::test_recovery_refuses_changed_native_binding[resource]"}, {"bytes": 147786, "path": "/tmp/sms-c1/test_recovery_refuses_changed_3/project-0/recovery-report.json", "sha256": "e6ae658574fe6fc65f4e6637c44ca29fa6e98728e8d136a6f382af615471527d", "test": "tests/test_cpu_terminal_recovery_guards.py::test_recovery_refuses_changed_native_binding[attempt_ref]"}, {"bytes": 147782, "path": "/tmp/sms-c1/test_recovery_refuses_changed_4/project-0/recovery-report.json", "sha256": "08893b24430c7f564a39ba0820d1970f574969ac54c1efc89f02190aadc54a97", "test": "tests/test_cpu_terminal_recovery_guards.py::test_recovery_refuses_changed_native_binding[process_pid]"}, {"bytes": 147801, "path": "/tmp/sms-c1/test_recovery_refuses_changed_5/project-0/recovery-report.json", "sha256": "48745d870f72f8ed481ad4b6518cafa3930e4aea0b773124c155a6dad299a807", "test": "tests/test_cpu_terminal_recovery_guards.py::test_recovery_refuses_changed_native_binding[command_sha256]"}, {"bytes": 147813, "path": "/tmp/sms-c1/test_recovery_refuses_changed_6/project-0/recovery-report.json", "sha256": "c249484b74adc695f47c926d649402fdd9322ab4b757fcd8e1ed7ad302d59bd6", "test": "tests/test_cpu_terminal_recovery_guards.py::test_recovery_refuses_changed_native_binding[timeout_seconds]"}, {"bytes": 147749, "path": "/tmp/sms-c1/test_recovery_refuses_changed_7/project-0/recovery-report.json", "sha256": "d2a316842d854e4c288da2373b315f361ce20e11b7aaf74750d68e5b12a95c4e", "test": "tests/test_cpu_terminal_recovery_guards.py::test_recovery_refuses_changed_captured_source[database]"}, {"bytes": 147787, "path": "/tmp/sms-c1/test_recovery_refuses_changed_8/project-0/recovery-report.json", "sha256": "8b36457eb85125e16845de1c85164e56fba1261747937da76af2ccf5522ca2ef", "test": "tests/test_cpu_terminal_recovery_guards.py::test_recovery_refuses_changed_captured_source[claim_sha256]"}, {"bytes": 147779, "path": "/tmp/sms-c1/test_recovery_refuses_changed_9/project-0/recovery-report.json", "sha256": "b0b4793eaa8b6d0344f6d2a1209cc8f419726360b86429a0e83c55aaafdb2667", "test": "tests/test_cpu_terminal_recovery_guards.py::test_recovery_refuses_changed_captured_source[config_sha256]"}, {"bytes": 147969, "path": "/tmp/sms-c1/test_recovery_refuses_changed_10/project-0/recovery-report.json", "sha256": "d948ae8b6e981320604b6b84ec1aa12ae860f5ca6e6e70f7521d6644b2e0e78f", "test": "tests/test_cpu_terminal_recovery_guards.py::test_recovery_refuses_changed_current_lifecycle"}, {"bytes": 147838, "path": "/tmp/sms-c1/test_recovery_refuses_rehashed0/project-0/recovery-report.json", "sha256": "7febbe9fe7ebc7930fc00404416a19532da0a72ed80ea3d50a6d8a6acd9bd42c", "test": "tests/test_cpu_terminal_recovery_guards.py::test_recovery_refuses_rehashed_non_cpu_prepared_plan"}, {"bytes": 147966, "path": "/tmp/sms-c1/test_recovery_refuses_changed_11/project-0/recovery-report.json", "sha256": "013160ff1fed0686f7bc034f23bfcffd4a3c41b75b5afd7bd674e0f5a7d14b78", "test": "tests/test_cpu_terminal_recovery_guards.py::test_recovery_refuses_changed_catalog_route"}, {"bytes": 148013, "path": "/tmp/sms-c1/test_recovery_refuses_changed_12/project-0/recovery-report.json", "sha256": "acacbdf097654313b0730bd2eee2cf961b6eff89fd63d1a04dc9f2176aa122aa", "test": "tests/test_cpu_terminal_recovery_guards.py::test_recovery_refuses_changed_ready_member_identity"}, {"bytes": 190276, "path": "/tmp/sms-c1/test_recovery_rechecks_source_0/project-0/recovery-report.json", "sha256": "fb7eef7f10830b06659c9050ac60e8b5cb18e74521b3ded864ebb6b52f281bc4", "test": "tests/test_cpu_terminal_recovery_guards.py::test_recovery_rechecks_source_after_enumeration_before_settlement"}, {"bytes": 149277, "path": "/tmp/sms-c1/test_preexisting_stop_never_au0/project-0/recovery-report.json", "sha256": "1314ff817cefc84d6f2869911072000b166c3d2c284548edd9f1ce31c01d28ff", "test": "tests/test_cpu_terminal_recovery_guards.py::test_preexisting_stop_never_authorizes_automatic_settlement[ordinary_stop]"}, {"bytes": 149164, "path": "/tmp/sms-c1/test_preexisting_stop_never_au1/project-0/recovery-report.json", "sha256": "01ff2e443eb72bba99c3af10bc62abeb7c946c70a2d867e2ef6fc894257998b8", "test": "tests/test_cpu_terminal_recovery_guards.py::test_preexisting_stop_never_authorizes_automatic_settlement[storage_hold]"}, {"bytes": 149322, "path": "/tmp/sms-c1/test_preexisting_stop_never_au2/project-0/recovery-report.json", "sha256": "4eacc4eefbbb96caeee411a6a41d8a63a5c1fc0785b886fc7ed883c2cb64c12f", "test": "tests/test_cpu_terminal_recovery_guards.py::test_preexisting_stop_never_authorizes_automatic_settlement[masked_storage_hold]"}, {"bytes": 147912, "path": "/tmp/sms-c1/test_recovery_refuses_unbound_0/project-0/recovery-report.json", "sha256": "daabdef442f2a8c74f66c198eb22cefd366ce6a48d5d9a7571175ab902ef56e8", "test": "tests/test_cpu_terminal_recovery_guards.py::test_recovery_refuses_unbound_replication_request_field"}, {"bytes": 147881, "path": "/tmp/sms-c1/test_recovery_refuses_artifact0/project-0/recovery-report.json", "sha256": "9a63dc4a378e9eae63c500733f2fd1a04e147e598d27e35ea5bea9c4f79f1b9f", "test": "tests/test_cpu_terminal_recovery_guards.py::test_recovery_refuses_artifact_root_unrelated_to_published_records"}, {"bytes": 211725, "path": "/tmp/sms-c1/test_restart_settles_confirmed0/project-0/recovery-report.json", "sha256": "6abcc464340f528106a8def8fe330246a93241472ab6e3d672bdf2e96a27422b", "test": "tests/test_cpu_terminal_settlement_recovery.py::test_restart_settles_confirmed_terminal_without_repeating_original_worker[0]"}, {"bytes": 200174, "path": "/tmp/sms-c1/test_restart_settles_confirmed1/project-0/recovery-report.json", "sha256": "0b9c9ae45e14e3bc77b2f61d1360da8a2f72452b965873113e39a70fec381a2d", "test": "tests/test_cpu_terminal_settlement_recovery.py::test_restart_settles_confirmed_terminal_without_repeating_original_worker[7]"}, {"bytes": 126634, "path": "/tmp/sms-c1/test_real_v2_confirmed_termina0/project-0/recovery-report.json", "sha256": "51f3d35dd1cd0d2e70d0ca27851f2311c927d95826c66406da8581becd968b0a", "test": "tests/test_runtime_lease_recovery.py::test_real_v2_confirmed_terminal_crash_recovers_metadata_only[0]"}, {"bytes": 118258, "path": "/tmp/sms-c1/test_real_v2_confirmed_termina1/project-0/recovery-report.json", "sha256": "af67f56db0a9701764868753b8dd930722b887060c78bfbcc67c4b22ff226bf4", "test": "tests/test_runtime_lease_recovery.py::test_real_v2_confirmed_terminal_crash_recovers_metadata_only[7]"}, {"bytes": 119464, "path": "/tmp/sms-c1/test_real_historical_v1_termin0/historical-project/recovery-report.json", "sha256": "48b7af1d567bf197c1255ee93ab6c7e0fdf628204780dd01a53ac403bdb98c1f", "test": "tests/test_runtime_lease_recovery.py::test_real_historical_v1_terminal_recovers_without_upgrade_or_reexecution"}]
ACCEPTANCE_REPORTS=[{"bytes": 279678, "name": "sorting_default", "path": "/tmp/sms-c1/acceptance-sorting-default0/acceptance-report.json", "sha256": "e37b3497747ed2d9abb906a1d13703526edc7aa80a9a37fd3cb00255ca1ea894"}, {"bytes": 120836, "name": "sorting_counterfactual", "path": "/tmp/sms-c1/acceptance-sorting-counterfactual0/acceptance-report.json", "sha256": "1997f5741149503cb00dcc087a270485597efe48a2158d474df3864b33be33eb"}, {"bytes": 274575, "name": "compression_default", "path": "/tmp/sms-c1/acceptance-compression-default0/acceptance-report.json", "sha256": "23b45be392d525d855c95e19823a14692c04529df79b809c4e11a177b698ac69"}, {"bytes": 120457, "name": "compression_counterfactual", "path": "/tmp/sms-c1/acceptance-compression-counterfactual0/acceptance-report.json", "sha256": "680c6698c612a28ab8ff1c0622c1b2eaac56aeac24522f82592a5b1c2d8d2384"}]

=============================== warnings summary ===============================
../../../../../../home/erik/.local/lib/python3.10/site-packages/_pytest/config/__init__.py:885
  /home/erik/.local/lib/python3.10/site-packages/_pytest/config/__init__.py:885: PytestAssertRewriteWarning: Module already imported so cannot be rewritten; cpu_terminal_recovery_helpers
    self.import_plugin(import_spec)

../../../../../../home/erik/.local/lib/python3.10/site-packages/_pytest/config/__init__.py:885
  /home/erik/.local/lib/python3.10/site-packages/_pytest/config/__init__.py:885: PytestAssertRewriteWarning: Module already imported so cannot be rewritten; examples.holdout.testing
    self.import_plugin(import_spec)

-- Docs: https://docs.pytest.org/en/stable/how-to/capture-warnings.html
5148 passed, 7 skipped, 2 warnings in 1100.38s (0:18:20)
