FFFFFFFFFFF                                                              [100%]
=================================== FAILURES ===================================
_ test_effective_related_units_cannot_escape_selected_project[watchdog_config] _
tests/test_service_scoped.py:92: in test_effective_related_units_cannot_escape_selected_project
    assert not report['startup_allowed'], report
E   AssertionError: {'schema_version': 1, 'contract_ok': True, 'startup_allowed': True, 'errors': [], ...}
E   assert not True
__ test_effective_related_units_cannot_escape_selected_project[watchdog_pre] ___
tests/test_service_scoped.py:92: in test_effective_related_units_cannot_escape_selected_project
    assert not report['startup_allowed'], report
E   AssertionError: {'schema_version': 1, 'contract_ok': True, 'startup_allowed': True, 'errors': [], ...}
E   assert not True
_ test_effective_related_units_cannot_escape_selected_project[watchdog_pythonpath] _
tests/test_service_scoped.py:92: in test_effective_related_units_cannot_escape_selected_project
    assert not report['startup_allowed'], report
E   AssertionError: {'schema_version': 1, 'contract_ok': True, 'startup_allowed': True, 'errors': [], ...}
E   assert not True
__ test_effective_related_units_cannot_escape_selected_project[timer_target] ___
tests/test_service_scoped.py:92: in test_effective_related_units_cannot_escape_selected_project
    assert not report['startup_allowed'], report
E   AssertionError: {'schema_version': 1, 'contract_ok': True, 'startup_allowed': True, 'errors': [], ...}
E   assert not True
____ test_effective_related_units_cannot_escape_selected_project[host_stop] ____
tests/test_service_scoped.py:92: in test_effective_related_units_cannot_escape_selected_project
    assert not report['startup_allowed'], report
E   AssertionError: {'schema_version': 1, 'contract_ok': True, 'startup_allowed': True, 'errors': [], ...}
E   assert not True
__ test_effective_related_units_cannot_escape_selected_project[watchdog_stop] __
tests/test_service_scoped.py:92: in test_effective_related_units_cannot_escape_selected_project
    assert not report['startup_allowed'], report
E   AssertionError: {'schema_version': 1, 'contract_ok': True, 'startup_allowed': True, 'errors': [], ...}
E   assert not True
____ test_effective_related_units_cannot_escape_selected_project[host_post] ____
tests/test_service_scoped.py:92: in test_effective_related_units_cannot_escape_selected_project
    assert not report['startup_allowed'], report
E   AssertionError: {'schema_version': 1, 'contract_ok': True, 'startup_allowed': True, 'errors': [], ...}
E   assert not True
_ test_effective_related_units_cannot_escape_selected_project[missing_watchdog] _
tests/test_service_scoped.py:92: in test_effective_related_units_cannot_escape_selected_project
    assert not report['startup_allowed'], report
E   AssertionError: {'schema_version': 1, 'contract_ok': True, 'startup_allowed': True, 'errors': [], ...}
E   assert not True
__ test_effective_related_units_cannot_escape_selected_project[missing_timer] __
tests/test_service_scoped.py:92: in test_effective_related_units_cannot_escape_selected_project
    assert not report['startup_allowed'], report
E   AssertionError: {'schema_version': 1, 'contract_ok': True, 'startup_allowed': True, 'errors': [], ...}
E   assert not True
________ test_effective_drift_blocks_uninstall_manager_mutations[entry] ________
tests/test_service_scoped.py:123: in test_effective_drift_blocks_uninstall_manager_mutations
    assert error is not None and not any(row[0] == 'manager' for row in events)
E   assert (None is not None)
_____ test_effective_drift_blocks_uninstall_manager_mutations[after_stop] ______
tests/test_service_scoped.py:123: in test_effective_drift_blocks_uninstall_manager_mutations
    assert error is not None and not any(row[0] == 'manager' for row in events)
E   assert (None is not None)
=========================== short test summary info ============================
FAILED tests/test_service_scoped.py::test_effective_related_units_cannot_escape_selected_project[watchdog_config]
FAILED tests/test_service_scoped.py::test_effective_related_units_cannot_escape_selected_project[watchdog_pre]
FAILED tests/test_service_scoped.py::test_effective_related_units_cannot_escape_selected_project[watchdog_pythonpath]
FAILED tests/test_service_scoped.py::test_effective_related_units_cannot_escape_selected_project[timer_target]
FAILED tests/test_service_scoped.py::test_effective_related_units_cannot_escape_selected_project[host_stop]
FAILED tests/test_service_scoped.py::test_effective_related_units_cannot_escape_selected_project[watchdog_stop]
FAILED tests/test_service_scoped.py::test_effective_related_units_cannot_escape_selected_project[host_post]
FAILED tests/test_service_scoped.py::test_effective_related_units_cannot_escape_selected_project[missing_watchdog]
FAILED tests/test_service_scoped.py::test_effective_related_units_cannot_escape_selected_project[missing_timer]
FAILED tests/test_service_scoped.py::test_effective_drift_blocks_uninstall_manager_mutations[entry]
FAILED tests/test_service_scoped.py::test_effective_drift_blocks_uninstall_manager_mutations[after_stop]
11 failed, 11 deselected in 0.40s
