........................................................................ [  1%]
........................................................................ [  2%]
........................................................................ [  4%]
........................................................................ [  5%]
........................................................................ [  6%]
........................................................................ [  8%]
........................................................................ [  9%]
........................................................................ [ 10%]
........................................................................ [ 12%]
........................................................................ [ 13%]
........................................................................ [ 14%]
........................................................................ [ 16%]
........................................................................ [ 17%]
........................................................................ [ 19%]
........................................................................ [ 20%]
........................................................................ [ 21%]
........................................................................ [ 23%]
........................................................................ [ 24%]
........................................................................ [ 25%]
........................................................................ [ 27%]
........................................................................ [ 28%]
........................................................................ [ 29%]
........................................................................ [ 31%]
........................................................................ [ 32%]
........................................................................ [ 34%]
........................................................................ [ 35%]
........................................................................ [ 36%]
........................................................................ [ 38%]
........................................................................ [ 39%]
................sss..................................................... [ 40%]
........................................................................ [ 42%]
........................................................................ [ 43%]
........................................................................ [ 44%]
.....................................................................s.. [ 46%]
........................................................................ [ 47%]
........................................................................ [ 49%]
........................................................................ [ 50%]
........................................................................ [ 51%]
........................................................................ [ 53%]
........................................................................ [ 54%]
........................................................................ [ 55%]
........................................................................ [ 57%]
........................................................................ [ 58%]
........................................................................ [ 59%]
........................................................................ [ 61%]
........................................................................ [ 62%]
........................................................................ [ 64%]
........................................................................ [ 65%]
........................................................................ [ 66%]
........................................................................ [ 68%]
........................................................................ [ 69%]
........................................................................ [ 70%]
........................................................................ [ 72%]
........................................................................ [ 73%]
........................................................................ [ 74%]
........................................................................ [ 76%]
........................................................................ [ 77%]
........................................................................ [ 79%]
........................................................................ [ 80%]
........................................................................ [ 81%]
........................................................................ [ 83%]
........................................................................ [ 84%]
........................................................................ [ 85%]
........................................................................ [ 87%]
........................................................................ [ 88%]
........................................................................ [ 89%]
........................................................................ [ 91%]
.....................................ss................................. [ 92%]
........................................................................ [ 94%]
........................................................................ [ 95%]
........................................................................ [ 96%]
........................................................................ [ 98%]
........................................................................ [ 99%]
...........................                                              [100%]HOLDOUT_REPORTS=[{"bytes": 2502286, "name": "workflow", "path": "/tmp/rc-c1/holdout-workflow0/holdout-report.json", "sha256": "0a88d613ded2cece3bc044990f22cb8bd27ef919e26c212b0b1562cb6085c8ef"}, {"bytes": 142739, "name": "boundary", "path": "/tmp/rc-c1/holdout-boundary0/holdout-report.json", "sha256": "d088aeb0f040c13b14df735451fa2e75c70899cbafc35e69d6814fae0b2cea90"}, {"bytes": 142857, "name": "duplicate_id", "path": "/tmp/rc-c1/holdout-duplicate_id0/holdout-report.json", "sha256": "9ae51433d28dd5ed9f32765e8dbf5a2cbc5b03989bdf23f95367900478695b79"}, {"bytes": 144173, "name": "missing_prerequisite", "path": "/tmp/rc-c1/holdout-missing_prerequisite0/holdout-report.json", "sha256": "72a2726e62cb01019bc91d1577c3de0e030dba9d3f33dfa001852affe0c911df"}, {"bytes": 142234, "name": "overload", "path": "/tmp/rc-c1/holdout-overload0/holdout-report.json", "sha256": "85639afaa649e9aa1b09092f7b8190ccb006364a85202b92cd339b5dd8e96855"}, {"bytes": 141043, "name": "malformed", "path": "/tmp/rc-c1/holdout-malformed0/holdout-report.json", "sha256": "cf2c84ee5fe008fa7935c10b075468659bcb42bc4d6f46366201d61426326f4b"}]
CPU_RECOVERY_REPORTS=[{"bytes": 82513, "path": "/tmp/rc-c1/test_real_confirmed_terminal_r0/project-0/recovery-report.json", "sha256": "77d4eb730e1b97079fe43ad53caaab38325be101c78199f335b0a40f6d35e54f", "test": "tests/test_cpu_claim_reader_consolidation.py::TestPublicSnapshotRouting::test_real_confirmed_terminal_recovery_uses_required_8k_public_snapshot"}, {"bytes": 104155, "path": "/tmp/rc-c1/test_post_delete_fsync_uncerta0/project-0/recovery-report.json", "sha256": "35d37f6ae80d88b3807a5ba1734cdaa3d99bfed44ee4d58ec1730b10a243e831", "test": "tests/test_cpu_terminal_recovery_barrier.py::test_post_delete_fsync_uncertainty_blocks_fresh_restart_with_zero_bound[effect]"}, {"bytes": 104173, "path": "/tmp/rc-c1/test_post_delete_fsync_uncerta1/project-0/recovery-report.json", "sha256": "dd844de19c06623d067d1b975bea0b7ddefd72b410448aab818f5b1fad144a6c", "test": "tests/test_cpu_terminal_recovery_barrier.py::test_post_delete_fsync_uncertainty_blocks_fresh_restart_with_zero_bound[recovery]"}, {"bytes": 67136, "path": "/tmp/rc-c1/test_in_progress_denies_alread0/project-0/recovery-report.json", "sha256": "fea4b6016b9b35a12c3b86dc1abfa0141e2b8d5699cd60157aa30c8656ca48bb", "test": "tests/test_cpu_terminal_recovery_barrier.py::test_in_progress_denies_already_running_peer_admission[reserve]"}, {"bytes": 67151, "path": "/tmp/rc-c1/test_in_progress_denies_alread1/project-0/recovery-report.json", "sha256": "12a9189677e0ae7a2528b4ba130544ff3c865c6b9946c42c4b2fb840c8597f34", "test": "tests/test_cpu_terminal_recovery_barrier.py::test_in_progress_denies_already_running_peer_admission[require_permit]"}, {"bytes": 66023, "path": "/tmp/rc-c1/test_two_recovery_consumers_do0/project-0/recovery-report.json", "sha256": "7777f8ded67589f74dfc822515f8cf4a4086641757c6cb7b0a23c6c7b2f4697a", "test": "tests/test_cpu_terminal_recovery_barrier.py::test_two_recovery_consumers_do_not_repeat_settlement_or_poison_owner"}, {"bytes": 66417, "path": "/tmp/rc-c1/test_legal_peer_decision_after0/project-0/recovery-report.json", "sha256": "4c1353ab0839ff006e9da4536375e7cb5227947ea180e1e31ec884cc4a035b04", "test": "tests/test_cpu_terminal_recovery_barrier.py::test_legal_peer_decision_after_complete_commit_preserves_exact_owner_result"}, {"bytes": 101986, "path": "/tmp/rc-c1/test_recovery_transaction_unkn0/project-0/recovery-report.json", "sha256": "0aed1b9858bf15908c33f838197ae2aa537c9528ae18c767143f91438ded7e5d", "test": "tests/test_cpu_terminal_recovery_barrier.py::test_recovery_transaction_unknown_is_not_an_ordinary_success[IN_PROGRESS-rollback]"}, {"bytes": 104097, "path": "/tmp/rc-c1/test_recovery_transaction_unkn1/project-0/recovery-report.json", "sha256": "c2de0b4e2e12614a816ef8575a229e328e94a728c4dd2a14ae74fd1fb2c11636", "test": "tests/test_cpu_terminal_recovery_barrier.py::test_recovery_transaction_unknown_is_not_an_ordinary_success[COMPLETE-rollback]"}, {"bytes": 105476, "path": "/tmp/rc-c1/test_recovery_transaction_unkn2/project-0/recovery-report.json", "sha256": "b5f0a7e4edddb0bcfba8f3bdb08a179f207a7571ba44927347ae398640c495f7", "test": "tests/test_cpu_terminal_recovery_barrier.py::test_recovery_transaction_unknown_is_not_an_ordinary_success[COMPLETE-committed_raise]"}, {"bytes": 65103, "path": "/tmp/rc-c1/test_existing_unqualified_gate0/project-0/recovery-report.json", "sha256": "1053a2f563e77206504c7866238114b88246bc6dfb644fcfbb7ef0060f90bab0", "test": "tests/test_cpu_terminal_recovery_barrier.py::test_existing_unqualified_gate_owner_is_preserved"}, {"bytes": 65113, "path": "/tmp/rc-c1/test_recovery_refuses_caller_t0/project-0/recovery-report.json", "sha256": "6fc59276780234a69943dea12f5d7c38a97d5e56f7d22b70c55b6865269c87be", "test": "tests/test_cpu_terminal_recovery_barrier.py::test_recovery_refuses_caller_transaction_without_consuming_it"}, {"bytes": 65899, "path": "/tmp/rc-c1/test_actual_peer_nonce_replace0/project-0/recovery-report.json", "sha256": "635dea76bd042e0aa733465b5a0100f94b3a2dbd7a6777669ccee2e982f47f65", "test": "tests/test_cpu_terminal_recovery_barrier.py::test_actual_peer_nonce_replacement_cannot_be_completed_by_old_owner"}, {"bytes": 314073, "path": "/tmp/rc-c1/test_fresh_cli_resumes_confirm0/domain-project/recovery-report.json", "sha256": "9baf1aca9a6516b523b77bdb0dc4799e474a9113922ea9aff34bb0f9738e8d09", "test": "tests/test_cpu_terminal_recovery_domain.py::test_fresh_cli_resumes_confirmed_domain_without_reinterpretation[schedule-feasibility-v1-valid]"}, {"bytes": 314001, "path": "/tmp/rc-c1/test_fresh_cli_resumes_confirm1/domain-project/recovery-report.json", "sha256": "519316ea5dc7007e34e333b75401e68b2c0e8ce8a073151f224a9460e72e6e21", "test": "tests/test_cpu_terminal_recovery_domain.py::test_fresh_cli_resumes_confirmed_domain_without_reinterpretation[schedule-feasibility-v2-invalid]"}, {"bytes": 147448, "path": "/tmp/rc-c1/test_recovery_refuses_changed_0/project-0/recovery-report.json", "sha256": "7899222fd313be276b450f1c8e4e50611b4948edf40abecfc5bfb6a9d7a684b1", "test": "tests/test_cpu_terminal_recovery_guards.py::test_recovery_refuses_changed_native_binding[origin]"}, {"bytes": 147423, "path": "/tmp/rc-c1/test_recovery_refuses_changed_1/project-0/recovery-report.json", "sha256": "0c98eb4156a0562594219403fe08b5877168caa08087b0cf31b4b9cc489b62f3", "test": "tests/test_cpu_terminal_recovery_guards.py::test_recovery_refuses_changed_native_binding[kind]"}, {"bytes": 147480, "path": "/tmp/rc-c1/test_recovery_refuses_changed_2/project-0/recovery-report.json", "sha256": "d30f52949505265b1d82d9a6c7b482b03c1137fd0b724aca573fbd8c6fb81b3b", "test": "tests/test_cpu_terminal_recovery_guards.py::test_recovery_refuses_changed_native_binding[resource]"}, {"bytes": 147505, "path": "/tmp/rc-c1/test_recovery_refuses_changed_3/project-0/recovery-report.json", "sha256": "f921ed8ce7b21d7efb903f68c1d99b78f359657e9abd5589c31afbdfc4cddb12", "test": "tests/test_cpu_terminal_recovery_guards.py::test_recovery_refuses_changed_native_binding[attempt_ref]"}, {"bytes": 147507, "path": "/tmp/rc-c1/test_recovery_refuses_changed_4/project-0/recovery-report.json", "sha256": "8e83c043e628f8a8cb482e5f00238d5dac04e0b44b86bb3ec5925fca482f613b", "test": "tests/test_cpu_terminal_recovery_guards.py::test_recovery_refuses_changed_native_binding[process_pid]"}, {"bytes": 147525, "path": "/tmp/rc-c1/test_recovery_refuses_changed_5/project-0/recovery-report.json", "sha256": "abfd0def41f5d40e1c88573e9d243441c94b4b70615fb4770a88772cfcbf77fd", "test": "tests/test_cpu_terminal_recovery_guards.py::test_recovery_refuses_changed_native_binding[command_sha256]"}, {"bytes": 147534, "path": "/tmp/rc-c1/test_recovery_refuses_changed_6/project-0/recovery-report.json", "sha256": "5794e34c44dd4845feab029011fd427b3d4a92f6d4348be9d111d137d6454f40", "test": "tests/test_cpu_terminal_recovery_guards.py::test_recovery_refuses_changed_native_binding[timeout_seconds]"}, {"bytes": 147472, "path": "/tmp/rc-c1/test_recovery_refuses_changed_7/project-0/recovery-report.json", "sha256": "120d26351006f7503b857723b1a8beeb0b0ccf1cc004b390c88580b2eff99b18", "test": "tests/test_cpu_terminal_recovery_guards.py::test_recovery_refuses_changed_captured_source[database]"}, {"bytes": 147515, "path": "/tmp/rc-c1/test_recovery_refuses_changed_8/project-0/recovery-report.json", "sha256": "1750ad0129fea2db54e4b139c7c462e45fba2c5fafd66bb8b6d43ba84ff592ea", "test": "tests/test_cpu_terminal_recovery_guards.py::test_recovery_refuses_changed_captured_source[claim_sha256]"}, {"bytes": 147501, "path": "/tmp/rc-c1/test_recovery_refuses_changed_9/project-0/recovery-report.json", "sha256": "ec1577a93c94e47354e6ebf39ba569449f3d504a2e135418940f63c472ccfc0a", "test": "tests/test_cpu_terminal_recovery_guards.py::test_recovery_refuses_changed_captured_source[config_sha256]"}, {"bytes": 147689, "path": "/tmp/rc-c1/test_recovery_refuses_changed_10/project-0/recovery-report.json", "sha256": "87faf8c68b5a00db7dc17747c957dd27d1d15c136edf289d58af3a38f6d07471", "test": "tests/test_cpu_terminal_recovery_guards.py::test_recovery_refuses_changed_current_lifecycle"}, {"bytes": 147541, "path": "/tmp/rc-c1/test_recovery_refuses_rehashed0/project-0/recovery-report.json", "sha256": "c947267cf9436de9d8839df4ba03bb5eca59c083300d84315d869f8c182651a3", "test": "tests/test_cpu_terminal_recovery_guards.py::test_recovery_refuses_rehashed_non_cpu_prepared_plan"}, {"bytes": 147692, "path": "/tmp/rc-c1/test_recovery_refuses_changed_11/project-0/recovery-report.json", "sha256": "937ae978f85097a41bad8c8ec626d5581a3f040d6c6c32d95c060e4848bb9429", "test": "tests/test_cpu_terminal_recovery_guards.py::test_recovery_refuses_changed_catalog_route"}, {"bytes": 147738, "path": "/tmp/rc-c1/test_recovery_refuses_changed_12/project-0/recovery-report.json", "sha256": "5ca03334474370e1b132e52ec549a00830a63b0bf8e1cbfcf8c3f4cd068d250f", "test": "tests/test_cpu_terminal_recovery_guards.py::test_recovery_refuses_changed_ready_member_identity"}, {"bytes": 189899, "path": "/tmp/rc-c1/test_recovery_rechecks_source_0/project-0/recovery-report.json", "sha256": "45ad565a112e7c73b4f4b7131788d1105b97342bf86d4ee146ebdd4e105364a8", "test": "tests/test_cpu_terminal_recovery_guards.py::test_recovery_rechecks_source_after_enumeration_before_settlement"}, {"bytes": 148980, "path": "/tmp/rc-c1/test_preexisting_stop_never_au0/project-0/recovery-report.json", "sha256": "5870ba3592314c03346c38173089a6b045ff760fe41883b5ef5c316ba54a7990", "test": "tests/test_cpu_terminal_recovery_guards.py::test_preexisting_stop_never_authorizes_automatic_settlement[ordinary_stop]"}, {"bytes": 148889, "path": "/tmp/rc-c1/test_preexisting_stop_never_au1/project-0/recovery-report.json", "sha256": "584c53b7e7577455c80074fbfdeb502812768a257b61deefbb57462b4f9cb480", "test": "tests/test_cpu_terminal_recovery_guards.py::test_preexisting_stop_never_authorizes_automatic_settlement[storage_hold]"}, {"bytes": 149026, "path": "/tmp/rc-c1/test_preexisting_stop_never_au2/project-0/recovery-report.json", "sha256": "552f718e9c21c8b066f9322140b63f6a2dd727b79991631fbafab790336ad933", "test": "tests/test_cpu_terminal_recovery_guards.py::test_preexisting_stop_never_authorizes_automatic_settlement[masked_storage_hold]"}, {"bytes": 147654, "path": "/tmp/rc-c1/test_recovery_refuses_unbound_0/project-0/recovery-report.json", "sha256": "44ea7fadf31d322d83588cc303214a34acbc6fbc2502c5e8a7684cc3f1b2af95", "test": "tests/test_cpu_terminal_recovery_guards.py::test_recovery_refuses_unbound_replication_request_field"}, {"bytes": 147606, "path": "/tmp/rc-c1/test_recovery_refuses_artifact0/project-0/recovery-report.json", "sha256": "4736e6b2c54a943487f56cedbc76cc7d1559582e306720a218700df721f2dbf3", "test": "tests/test_cpu_terminal_recovery_guards.py::test_recovery_refuses_artifact_root_unrelated_to_published_records"}, {"bytes": 211300, "path": "/tmp/rc-c1/test_restart_settles_confirmed0/project-0/recovery-report.json", "sha256": "b284ed0be35c894313dbfe9e21a685bc52598e8f0a72a197b4e9e5b7c635561e", "test": "tests/test_cpu_terminal_settlement_recovery.py::test_restart_settles_confirmed_terminal_without_repeating_original_worker[0]"}, {"bytes": 199783, "path": "/tmp/rc-c1/test_restart_settles_confirmed1/project-0/recovery-report.json", "sha256": "efce00baa4e002d9bf35db673ba86386d24681d1a3e5272c47160b235f5b4cb3", "test": "tests/test_cpu_terminal_settlement_recovery.py::test_restart_settles_confirmed_terminal_without_repeating_original_worker[7]"}, {"bytes": 126404, "path": "/tmp/rc-c1/test_real_v2_confirmed_termina0/project-0/recovery-report.json", "sha256": "73a5831b5dcf222e11785be9c4896814eab88c3c864eb78453dbb6bcfc7cfbd5", "test": "tests/test_runtime_lease_recovery.py::test_real_v2_confirmed_terminal_crash_recovers_metadata_only[0]"}, {"bytes": 118015, "path": "/tmp/rc-c1/test_real_v2_confirmed_termina1/project-0/recovery-report.json", "sha256": "e280f394601096f7c541547c4eb0ae3b355e39a7b8269791f2060a0df531552b", "test": "tests/test_runtime_lease_recovery.py::test_real_v2_confirmed_terminal_crash_recovers_metadata_only[7]"}, {"bytes": 119197, "path": "/tmp/rc-c1/test_real_historical_v1_termin0/historical-project/recovery-report.json", "sha256": "6ae97dd1701a16b3d31c35577a10151d2e3f780bda3dda4a3317dad2b61bbf37", "test": "tests/test_runtime_lease_recovery.py::test_real_historical_v1_terminal_recovers_without_upgrade_or_reexecution"}]
ACCEPTANCE_REPORTS=[{"bytes": 279330, "name": "sorting_default", "path": "/tmp/rc-c1/acceptance-sorting-default0/acceptance-report.json", "sha256": "d267854d8339f2212c9869de98a08316aa190194a0b8a7fbee820492a2913c9f"}, {"bytes": 120702, "name": "sorting_counterfactual", "path": "/tmp/rc-c1/acceptance-sorting-counterfactual0/acceptance-report.json", "sha256": "8da92dca202a6c299920eb66c7ef2d2957b4661ecabb66f0a4f919a2b3a15b11"}, {"bytes": 273982, "name": "compression_default", "path": "/tmp/rc-c1/acceptance-compression-default0/acceptance-report.json", "sha256": "a870f14a0529ccca72fa07cb296b60a673ff8154398f2f8ced21dd998d8ef81a"}, {"bytes": 120269, "name": "compression_counterfactual", "path": "/tmp/rc-c1/acceptance-compression-counterfactual0/acceptance-report.json", "sha256": "c072190aa564e31be429f2a33fdc56ef53e65ad81769122bcd0de3d9db4374c3"}]

=============================== warnings summary ===============================
../../../../../../home/erik/.local/lib/python3.10/site-packages/_pytest/config/__init__.py:885
  /home/erik/.local/lib/python3.10/site-packages/_pytest/config/__init__.py:885: PytestAssertRewriteWarning: Module already imported so cannot be rewritten; cpu_terminal_recovery_helpers
    self.import_plugin(import_spec)

../../../../../../home/erik/.local/lib/python3.10/site-packages/_pytest/config/__init__.py:885
  /home/erik/.local/lib/python3.10/site-packages/_pytest/config/__init__.py:885: PytestAssertRewriteWarning: Module already imported so cannot be rewritten; examples.holdout.testing
    self.import_plugin(import_spec)

-- Docs: https://docs.pytest.org/en/stable/how-to/capture-warnings.html
=========================== short test summary info ============================
SKIPPED [1] ../core/tests/test_sweeper.py:12: could not import 'orze_pro.engine.role_runner': This is a stub package. Install the real orze-pro via: export ORZE_PRO_KEY='...' && orze run
SKIPPED [1] ../core/tests/test_evolution.py:228: could not import 'orze_pro.agents.code_evolution': This is a stub package. Install the real orze-pro via: export ORZE_PRO_KEY='...' && orze run
SKIPPED [1] ../core/tests/test_evolution.py:239: could not import 'orze_pro.agents.code_evolution': This is a stub package. Install the real orze-pro via: export ORZE_PRO_KEY='...' && orze run
SKIPPED [1] ../core/tests/test_evolution.py:255: could not import 'orze_pro.agents.meta_research': This is a stub package. Install the real orze-pro via: export ORZE_PRO_KEY='...' && orze run
SKIPPED [1] ../core/tests/test_fsm_runner_registry.py:13: could not import 'orze_pro': This is a stub package. Install the real orze-pro via: export ORZE_PRO_KEY='...' && orze run
SKIPPED [1] ../core/tests/test_skill_registry.py:123: orze-pro not installed
SKIPPED [1] ../core/tests/test_skill_registry.py:135: orze-pro not installed
5277 passed, 7 skipped, 2 warnings in 1130.49s (0:18:50)
