orze-pro extension 'role_runner' import failed: No module named 'orze_pro.engine'; 'orze_pro' is not a package
Traceback (most recent call last):
  File "/hot-data/fsx/workspace/erik/orze-p1-continuation-20260914/orze/src/orze/extensions.py", line 62, in get_extension
    mod = importlib.import_module(pro_path)
  File "/usr/lib/python3.10/importlib/__init__.py", line 126, in import_module
    return _bootstrap._gcd_import(name[level:], package, level)
  File "<frozen importlib._bootstrap>", line 1050, in _gcd_import
  File "<frozen importlib._bootstrap>", line 1027, in _find_and_load
  File "<frozen importlib._bootstrap>", line 992, in _find_and_load_unlocked
  File "<frozen importlib._bootstrap>", line 241, in _call_with_frames_removed
  File "<frozen importlib._bootstrap>", line 1050, in _gcd_import
  File "<frozen importlib._bootstrap>", line 1027, in _find_and_load
  File "<frozen importlib._bootstrap>", line 1001, in _find_and_load_unlocked
ModuleNotFoundError: No module named 'orze_pro.engine'; 'orze_pro' is not a package

{"history": 1, "mode": "exact", "ms": {"old": 111.68560944497585, "new": 94.17388774454594}, "counters": {"old": {"yaml_loads": 384, "begin_immediate": 128, "rollbacks": 128}, "new": {"yaml_loads": 256, "begin_immediate": 128, "rollbacks": 128}}}
{"history": 100, "mode": "exact", "ms": {"old": 118.99526044726372, "new": 99.76583160459995}, "counters": {"old": {"yaml_loads": 384, "begin_immediate": 128, "rollbacks": 128}, "new": {"yaml_loads": 256, "begin_immediate": 128, "rollbacks": 128}}}
{"history": 1000, "mode": "exact", "ms": {"old": 173.075370490551, "new": 154.46971729397774}, "counters": {"old": {"yaml_loads": 384, "begin_immediate": 128, "rollbacks": 128}, "new": {"yaml_loads": 256, "begin_immediate": 128, "rollbacks": 128}}}
{"history": 5000, "mode": "exact", "ms": {"old": 427.00054682791233, "new": 406.7600201815367}, "counters": {"old": {"yaml_loads": 384, "begin_immediate": 128, "rollbacks": 128}, "new": {"yaml_loads": 256, "begin_immediate": 128, "rollbacks": 128}}}
{"history": 1, "mode": "semantic", "ms": {"old": 113.70358802378178, "new": 113.77556808292866}, "counters": {"old": {"yaml_loads": 384, "begin_immediate": 128, "rollbacks": 128}, "new": {"yaml_loads": 384, "begin_immediate": 128, "rollbacks": 128}}}
{"history": 5000, "mode": "semantic", "ms": {"old": 428.5253193229437, "new": 428.79971116781235}, "counters": {"old": {"yaml_loads": 384, "begin_immediate": 128, "rollbacks": 128}, "new": {"yaml_loads": 384, "begin_immediate": 128, "rollbacks": 128}}}
