orze-pro extension 'role_runner' import failed: No module named 'orze_pro.engine'; 'orze_pro' is not a package
Traceback (most recent call last):
  File "/hot-data/fsx/workspace/erik/orze-p1-continuation-20260914/orze/src/orze/extensions.py", line 62, in get_extension
    mod = importlib.import_module(pro_path)
  File "/usr/lib/python3.10/importlib/__init__.py", line 126, in import_module
    return _bootstrap._gcd_import(name[level:], package, level)
  File "<frozen importlib._bootstrap>", line 1050, in _gcd_import
  File "<frozen importlib._bootstrap>", line 1027, in _find_and_load
  File "<frozen importlib._bootstrap>", line 992, in _find_and_load_unlocked
  File "<frozen importlib._bootstrap>", line 241, in _call_with_frames_removed
  File "<frozen importlib._bootstrap>", line 1050, in _gcd_import
  File "<frozen importlib._bootstrap>", line 1027, in _find_and_load
  File "<frozen importlib._bootstrap>", line 1001, in _find_and_load_unlocked
ModuleNotFoundError: No module named 'orze_pro.engine'; 'orze_pro' is not a package

{"history": 1, "mode": "exact", "ms": {"old": 136.91093772649765, "new": 118.79651993513107}, "counters": {"old": {"yaml_loads": 384, "begin_immediate": 128, "rollbacks": 128}, "new": {"yaml_loads": 256, "begin_immediate": 128, "rollbacks": 128}}}
{"history": 100, "mode": "exact", "ms": {"old": 142.07415096461773, "new": 123.99107962846756}, "counters": {"old": {"yaml_loads": 384, "begin_immediate": 128, "rollbacks": 128}, "new": {"yaml_loads": 256, "begin_immediate": 128, "rollbacks": 128}}}
{"history": 1000, "mode": "exact", "ms": {"old": 196.27101346850395, "new": 177.58102901279926}, "counters": {"old": {"yaml_loads": 384, "begin_immediate": 128, "rollbacks": 128}, "new": {"yaml_loads": 256, "begin_immediate": 128, "rollbacks": 128}}}
{"history": 5000, "mode": "exact", "ms": {"old": 446.8229804188013, "new": 431.35473318398}, "counters": {"old": {"yaml_loads": 384, "begin_immediate": 128, "rollbacks": 128}, "new": {"yaml_loads": 256, "begin_immediate": 128, "rollbacks": 128}}}
{"history": 1, "mode": "semantic", "ms": {"old": 136.20669767260551, "new": 135.59618405997753}, "counters": {"old": {"yaml_loads": 384, "begin_immediate": 128, "rollbacks": 128}, "new": {"yaml_loads": 384, "begin_immediate": 128, "rollbacks": 128}}}
{"history": 5000, "mode": "semantic", "ms": {"old": 445.87030820548534, "new": 446.1035970598459}, "counters": {"old": {"yaml_loads": 384, "begin_immediate": 128, "rollbacks": 128}, "new": {"yaml_loads": 384, "begin_immediate": 128, "rollbacks": 128}}}
