........................................................................ [  1%]
........................................................................ [  2%]
........................................................................ [  4%]
........................................................................ [  5%]
........................................................................ [  6%]
........................................................................ [  8%]
........................................................................ [  9%]
........................................................................ [ 10%]
........................................................................ [ 12%]
........................................................................ [ 13%]
........................................................................ [ 14%]
........................................................................ [ 16%]
........................................................................ [ 17%]
........................................................................ [ 18%]
........................................................................ [ 20%]
........................................................................ [ 21%]
........................................................................ [ 22%]
........................................................................ [ 24%]
........................................................................ [ 25%]
........................................................................ [ 26%]
........................................................................ [ 28%]
........................................................................ [ 29%]
........................................................................ [ 30%]
........................................................................ [ 32%]
........................................................................ [ 33%]
........................................................................ [ 34%]
........................................................................ [ 36%]
........................................................................ [ 37%]
........................................................................ [ 38%]
............................................sss......................... [ 40%]
........................................................................ [ 41%]
........................................................................ [ 42%]
........................................................................ [ 44%]
........................................................................ [ 45%]
........................................................................ [ 46%]
........................................................................ [ 48%]
........................................................................ [ 49%]
........................................................................ [ 50%]
........................................................................ [ 52%]
........................................................................ [ 53%]
........................................................................ [ 54%]
........................................................................ [ 56%]
........................................................................ [ 57%]
........................................................................ [ 58%]
........................................................................ [ 60%]
........................................................................ [ 61%]
........................................................................ [ 63%]
........................................................................ [ 64%]
........................................................................ [ 65%]
........................................................................ [ 67%]
........................................................................ [ 68%]
........................................................................ [ 69%]
........................................................................ [ 71%]
........................................................................ [ 72%]
........................................................................ [ 73%]
........................................................................ [ 75%]
........................................................................ [ 76%]
........................................................................ [ 77%]
........................................................................ [ 79%]
........................................................................ [ 80%]
........................................................................ [ 81%]
........................................................................ [ 83%]
........................................................................ [ 84%]
........................................................................ [ 85%]
........................................................................ [ 87%]
........................................................................ [ 88%]
........................................................................ [ 89%]
........................................................................ [ 91%]
.....................................................ss................. [ 92%]
........................................................................ [ 93%]
........................................................................ [ 95%]
........................................................................ [ 96%]
........................................................................ [ 97%]
........................................................................ [ 99%]
...........................................                              [100%]HOLDOUT_REPORTS=[{"bytes": 2502320, "name": "workflow", "path": "/tmp/ch-c1/holdout-workflow0/holdout-report.json", "sha256": "48fd04604ee2ec345f980685d8d5d156c7ca0be4c27e81a1d4c10359d4f0bd68"}, {"bytes": 142747, "name": "boundary", "path": "/tmp/ch-c1/holdout-boundary0/holdout-report.json", "sha256": "179de977df1c0f91e2b65a1275c40347d92cbb20818d73af4235d217e5a84bed"}, {"bytes": 142866, "name": "duplicate_id", "path": "/tmp/ch-c1/holdout-duplicate_id0/holdout-report.json", "sha256": "c77cfafcb92f8f3326ce5b2196f7c8d86227b7064e319ae5d204e7b83d420717"}, {"bytes": 144188, "name": "missing_prerequisite", "path": "/tmp/ch-c1/holdout-missing_prerequisite0/holdout-report.json", "sha256": "f1860f8d938d72a745c2d73a2b1420c4e0fb9eb0c4e6d5f9b20ae393b3bcd674"}, {"bytes": 142251, "name": "overload", "path": "/tmp/ch-c1/holdout-overload0/holdout-report.json", "sha256": "23085962740d5156041532ed0eabaa19c93dc8ce3b519e67c5e38d4fd93522c3"}, {"bytes": 141055, "name": "malformed", "path": "/tmp/ch-c1/holdout-malformed0/holdout-report.json", "sha256": "14199e7ba9d0542adfc0327e25396e285bf89e9130eac51c97452f3923fd3e3a"}]
CPU_RECOVERY_REPORTS=[{"bytes": 82507, "path": "/tmp/ch-c1/test_real_confirmed_terminal_r0/project-0/recovery-report.json", "sha256": "248495630841076410ab87d3871a24812e638072bbf7b092e3e065dea03cf15d", "test": "tests/test_cpu_claim_reader_consolidation.py::TestPublicSnapshotRouting::test_real_confirmed_terminal_recovery_uses_required_8k_public_snapshot"}, {"bytes": 104167, "path": "/tmp/ch-c1/test_post_delete_fsync_uncerta0/project-0/recovery-report.json", "sha256": "8bb51a2e4c27d983a878dc4c4587d9c4f5ca071214d4ce2d45ecdfc96caab234", "test": "tests/test_cpu_terminal_recovery_barrier.py::test_post_delete_fsync_uncertainty_blocks_fresh_restart_with_zero_bound[effect]"}, {"bytes": 104166, "path": "/tmp/ch-c1/test_post_delete_fsync_uncerta1/project-0/recovery-report.json", "sha256": "7039b6ce91c03387f8625ddcfabc4bc537417af7fa57271baa95f0f1d77d04d6", "test": "tests/test_cpu_terminal_recovery_barrier.py::test_post_delete_fsync_uncertainty_blocks_fresh_restart_with_zero_bound[recovery]"}, {"bytes": 67140, "path": "/tmp/ch-c1/test_in_progress_denies_alread0/project-0/recovery-report.json", "sha256": "e72dcf8bccaf56545b3e35b609c6f2bf928ec9141363da5b72cc464ecacc833d", "test": "tests/test_cpu_terminal_recovery_barrier.py::test_in_progress_denies_already_running_peer_admission[reserve]"}, {"bytes": 67148, "path": "/tmp/ch-c1/test_in_progress_denies_alread1/project-0/recovery-report.json", "sha256": "15a124446b88325b24bffaecf0c2ceb7db4f1444e459de28ef6670ef1187b8c8", "test": "tests/test_cpu_terminal_recovery_barrier.py::test_in_progress_denies_already_running_peer_admission[require_permit]"}, {"bytes": 66019, "path": "/tmp/ch-c1/test_two_recovery_consumers_do0/project-0/recovery-report.json", "sha256": "cbbc1cf0a143ba70cd564d7764d82c989117ff3004319d659bab6613426421ac", "test": "tests/test_cpu_terminal_recovery_barrier.py::test_two_recovery_consumers_do_not_repeat_settlement_or_poison_owner"}, {"bytes": 66423, "path": "/tmp/ch-c1/test_legal_peer_decision_after0/project-0/recovery-report.json", "sha256": "66b8045689322102e6e3fcf0a54abc9235804302274a3eb54b94992e299efe3e", "test": "tests/test_cpu_terminal_recovery_barrier.py::test_legal_peer_decision_after_complete_commit_preserves_exact_owner_result"}, {"bytes": 101996, "path": "/tmp/ch-c1/test_recovery_transaction_unkn0/project-0/recovery-report.json", "sha256": "6f4a2c6a1f2e49c4eb8f1b30132c64b7981e1156296a3e6f7b4c8405f4a7769c", "test": "tests/test_cpu_terminal_recovery_barrier.py::test_recovery_transaction_unknown_is_not_an_ordinary_success[IN_PROGRESS-rollback]"}, {"bytes": 104101, "path": "/tmp/ch-c1/test_recovery_transaction_unkn1/project-0/recovery-report.json", "sha256": "373e5336b7c3c88d5d565983558fc3ef4788921bd703c51164d5be436cafc5cc", "test": "tests/test_cpu_terminal_recovery_barrier.py::test_recovery_transaction_unknown_is_not_an_ordinary_success[COMPLETE-rollback]"}, {"bytes": 105470, "path": "/tmp/ch-c1/test_recovery_transaction_unkn2/project-0/recovery-report.json", "sha256": "58b4a37150693ed5e52b016fa339c93744eabe929fe08d3beedf39208a4f85de", "test": "tests/test_cpu_terminal_recovery_barrier.py::test_recovery_transaction_unknown_is_not_an_ordinary_success[COMPLETE-committed_raise]"}, {"bytes": 65102, "path": "/tmp/ch-c1/test_existing_unqualified_gate0/project-0/recovery-report.json", "sha256": "4561ab52888b39f2c74384af2d96fdd30d6d012ad08d3f0132295ab865a437a1", "test": "tests/test_cpu_terminal_recovery_barrier.py::test_existing_unqualified_gate_owner_is_preserved"}, {"bytes": 65110, "path": "/tmp/ch-c1/test_recovery_refuses_caller_t0/project-0/recovery-report.json", "sha256": "b395795eab23d5abbb17f489e1a607a6584fa8c1a4dc620a0a1099a021c49cc8", "test": "tests/test_cpu_terminal_recovery_barrier.py::test_recovery_refuses_caller_transaction_without_consuming_it"}, {"bytes": 65887, "path": "/tmp/ch-c1/test_actual_peer_nonce_replace0/project-0/recovery-report.json", "sha256": "ca3ccdd150dc706ad796a4703e5015963c410a0387647b6deb75649bc5fa304c", "test": "tests/test_cpu_terminal_recovery_barrier.py::test_actual_peer_nonce_replacement_cannot_be_completed_by_old_owner"}, {"bytes": 314047, "path": "/tmp/ch-c1/test_fresh_cli_resumes_confirm0/domain-project/recovery-report.json", "sha256": "6894a4b9c997234490bed0ded0548a03ff664d8979c973ad0dd3c4815a8f8fda", "test": "tests/test_cpu_terminal_recovery_domain.py::test_fresh_cli_resumes_confirmed_domain_without_reinterpretation[schedule-feasibility-v1-valid]"}, {"bytes": 313956, "path": "/tmp/ch-c1/test_fresh_cli_resumes_confirm1/domain-project/recovery-report.json", "sha256": "46f4dd573ec8d4daaaef0fe827d2820871d5e73e6033792411e9fb2512f5c8fe", "test": "tests/test_cpu_terminal_recovery_domain.py::test_fresh_cli_resumes_confirmed_domain_without_reinterpretation[schedule-feasibility-v2-invalid]"}, {"bytes": 147443, "path": "/tmp/ch-c1/test_recovery_refuses_changed_0/project-0/recovery-report.json", "sha256": "17d1ca1f2804b7e4ea68100e70c9770441a2b3ae8748dd46540d90dc4b250d49", "test": "tests/test_cpu_terminal_recovery_guards.py::test_recovery_refuses_changed_native_binding[origin]"}, {"bytes": 147412, "path": "/tmp/ch-c1/test_recovery_refuses_changed_1/project-0/recovery-report.json", "sha256": "a0fe76dcead4fa23c48b1421f352099dcd5bebcb687dfcb77389121aff3858a5", "test": "tests/test_cpu_terminal_recovery_guards.py::test_recovery_refuses_changed_native_binding[kind]"}, {"bytes": 147475, "path": "/tmp/ch-c1/test_recovery_refuses_changed_2/project-0/recovery-report.json", "sha256": "92a13e9c4106f09b5479de5fe783b382371ede8237f99ee747086c575f332518", "test": "tests/test_cpu_terminal_recovery_guards.py::test_recovery_refuses_changed_native_binding[resource]"}, {"bytes": 147521, "path": "/tmp/ch-c1/test_recovery_refuses_changed_3/project-0/recovery-report.json", "sha256": "91d21261f7b4d95b0f25444d78359b84203cd38b7c2eba4980146a647b41228a", "test": "tests/test_cpu_terminal_recovery_guards.py::test_recovery_refuses_changed_native_binding[attempt_ref]"}, {"bytes": 147517, "path": "/tmp/ch-c1/test_recovery_refuses_changed_4/project-0/recovery-report.json", "sha256": "ed0905a1380888c43b959928c40007460634a0ab2172ba84e4477b00a8fda0f6", "test": "tests/test_cpu_terminal_recovery_guards.py::test_recovery_refuses_changed_native_binding[process_pid]"}, {"bytes": 147517, "path": "/tmp/ch-c1/test_recovery_refuses_changed_5/project-0/recovery-report.json", "sha256": "589a4a927be62c888e014d51f91a6418cdf13d692509caa89a8646619fda93ed", "test": "tests/test_cpu_terminal_recovery_guards.py::test_recovery_refuses_changed_native_binding[command_sha256]"}, {"bytes": 147523, "path": "/tmp/ch-c1/test_recovery_refuses_changed_6/project-0/recovery-report.json", "sha256": "00f8c125832965347a6c5218af49538b171122801ab94ae284e8a4718059fadf", "test": "tests/test_cpu_terminal_recovery_guards.py::test_recovery_refuses_changed_native_binding[timeout_seconds]"}, {"bytes": 147466, "path": "/tmp/ch-c1/test_recovery_refuses_changed_7/project-0/recovery-report.json", "sha256": "941acd390109da464654e5d4f6325e4e99b32259587951c93917a0466d3973aa", "test": "tests/test_cpu_terminal_recovery_guards.py::test_recovery_refuses_changed_captured_source[database]"}, {"bytes": 147487, "path": "/tmp/ch-c1/test_recovery_refuses_changed_8/project-0/recovery-report.json", "sha256": "e68b6fd3c3c91293a63d5666a6c9d640254c80577d7c35213ab5723c86508ec0", "test": "tests/test_cpu_terminal_recovery_guards.py::test_recovery_refuses_changed_captured_source[claim_sha256]"}, {"bytes": 147510, "path": "/tmp/ch-c1/test_recovery_refuses_changed_9/project-0/recovery-report.json", "sha256": "a58342aaf54211defc3e4d3f81ee98958e86838b8f33504b1d53abfadf4b9355", "test": "tests/test_cpu_terminal_recovery_guards.py::test_recovery_refuses_changed_captured_source[config_sha256]"}, {"bytes": 147701, "path": "/tmp/ch-c1/test_recovery_refuses_changed_10/project-0/recovery-report.json", "sha256": "8d6893fcc29947109d0e412810daaf219265032f7d80a5213ef6734c84d87fd7", "test": "tests/test_cpu_terminal_recovery_guards.py::test_recovery_refuses_changed_current_lifecycle"}, {"bytes": 147546, "path": "/tmp/ch-c1/test_recovery_refuses_rehashed0/project-0/recovery-report.json", "sha256": "7b1c6adc00a6e2b2967ce1fe746bbfcdf8614795f4d7730c6b7e9e8df3d7f8b3", "test": "tests/test_cpu_terminal_recovery_guards.py::test_recovery_refuses_rehashed_non_cpu_prepared_plan"}, {"bytes": 147669, "path": "/tmp/ch-c1/test_recovery_refuses_changed_11/project-0/recovery-report.json", "sha256": "050eb422915b4cf5368fb3fc6233d1c1c48950c1fcc1f4ecb0b8c667f19f6b0e", "test": "tests/test_cpu_terminal_recovery_guards.py::test_recovery_refuses_changed_catalog_route"}, {"bytes": 147744, "path": "/tmp/ch-c1/test_recovery_refuses_changed_12/project-0/recovery-report.json", "sha256": "5a1262858d7ec74e56aaf59d3a9c2d2f98dae41310e4527b97f958278cc7a273", "test": "tests/test_cpu_terminal_recovery_guards.py::test_recovery_refuses_changed_ready_member_identity"}, {"bytes": 189886, "path": "/tmp/ch-c1/test_recovery_rechecks_source_0/project-0/recovery-report.json", "sha256": "fc5e6f6f01c216371abbd1ebfd16a647c4be131f83f9f51df075f09807f898ff", "test": "tests/test_cpu_terminal_recovery_guards.py::test_recovery_rechecks_source_after_enumeration_before_settlement"}, {"bytes": 148977, "path": "/tmp/ch-c1/test_preexisting_stop_never_au0/project-0/recovery-report.json", "sha256": "c267b9a754251e8be8ea7816478a43d51ac8949abc38abc81f43afaef51c94c1", "test": "tests/test_cpu_terminal_recovery_guards.py::test_preexisting_stop_never_authorizes_automatic_settlement[ordinary_stop]"}, {"bytes": 148892, "path": "/tmp/ch-c1/test_preexisting_stop_never_au1/project-0/recovery-report.json", "sha256": "ca7d01a810e400422a1dbf722231d9017e831961055867d42149ad24e78163e9", "test": "tests/test_cpu_terminal_recovery_guards.py::test_preexisting_stop_never_authorizes_automatic_settlement[storage_hold]"}, {"bytes": 149018, "path": "/tmp/ch-c1/test_preexisting_stop_never_au2/project-0/recovery-report.json", "sha256": "70b4ca6ad1cb114fd865276b5053da5dfb2c02138a65f0aca6c366dfb10d5d38", "test": "tests/test_cpu_terminal_recovery_guards.py::test_preexisting_stop_never_authorizes_automatic_settlement[masked_storage_hold]"}, {"bytes": 147647, "path": "/tmp/ch-c1/test_recovery_refuses_unbound_0/project-0/recovery-report.json", "sha256": "e84af60667480baea78d93d5f0198a5daebf6412ccafbcc0dcf5dcea90ba14b4", "test": "tests/test_cpu_terminal_recovery_guards.py::test_recovery_refuses_unbound_replication_request_field"}, {"bytes": 147580, "path": "/tmp/ch-c1/test_recovery_refuses_artifact0/project-0/recovery-report.json", "sha256": "be4284c23848f69d834ee1758712645d5593ad487a799d076727abf302b56470", "test": "tests/test_cpu_terminal_recovery_guards.py::test_recovery_refuses_artifact_root_unrelated_to_published_records"}, {"bytes": 211289, "path": "/tmp/ch-c1/test_restart_settles_confirmed0/project-0/recovery-report.json", "sha256": "ac229d2d83f4b17c8040a867684f9e97150d050ca356279df09e93f754ce2152", "test": "tests/test_cpu_terminal_settlement_recovery.py::test_restart_settles_confirmed_terminal_without_repeating_original_worker[0]"}, {"bytes": 199771, "path": "/tmp/ch-c1/test_restart_settles_confirmed1/project-0/recovery-report.json", "sha256": "f0ae994e55f1a05231093c145bf48b113d7f5d43cfdb5926f393358def67003c", "test": "tests/test_cpu_terminal_settlement_recovery.py::test_restart_settles_confirmed_terminal_without_repeating_original_worker[7]"}, {"bytes": 126376, "path": "/tmp/ch-c1/test_real_v2_confirmed_termina0/project-0/recovery-report.json", "sha256": "b565eb49527ce4bc2da84ddb0791912ba6dcad1dc7ca35a447bc8fdd3a1842f5", "test": "tests/test_runtime_lease_recovery.py::test_real_v2_confirmed_terminal_crash_recovers_metadata_only[0]"}, {"bytes": 118020, "path": "/tmp/ch-c1/test_real_v2_confirmed_termina1/project-0/recovery-report.json", "sha256": "42280968121eb9cc459fa95eedabba8b4b3249c2098354e312f93fd728986374", "test": "tests/test_runtime_lease_recovery.py::test_real_v2_confirmed_terminal_crash_recovers_metadata_only[7]"}, {"bytes": 119192, "path": "/tmp/ch-c1/test_real_historical_v1_termin0/historical-project/recovery-report.json", "sha256": "addd2e4644a20a049677b2e44811cbf9fc302e11f97789ce95101e1fdfc31eca", "test": "tests/test_runtime_lease_recovery.py::test_real_historical_v1_terminal_recovers_without_upgrade_or_reexecution"}]
ACCEPTANCE_REPORTS=[{"bytes": 279362, "name": "sorting_default", "path": "/tmp/ch-c1/acceptance-sorting-default0/acceptance-report.json", "sha256": "f6a4dd8bc6cfcf60e591a1c993bd885e0fdf30edd9362092eb44bad38e54ab7e"}, {"bytes": 120694, "name": "sorting_counterfactual", "path": "/tmp/ch-c1/acceptance-sorting-counterfactual0/acceptance-report.json", "sha256": "b63f7a0c17b8a751df6f04827f7c9edd048f783824e7e88466fbbc827858f679"}, {"bytes": 274160, "name": "compression_default", "path": "/tmp/ch-c1/acceptance-compression-default0/acceptance-report.json", "sha256": "c55656e2227694135d27b7b03782d262a5f31986bc0533d285468fec14983f4f"}, {"bytes": 120250, "name": "compression_counterfactual", "path": "/tmp/ch-c1/acceptance-compression-counterfactual0/acceptance-report.json", "sha256": "badf0bd61d8f47963c94e504b62d7684713c363c384e9932782397362f0e6768"}]

=============================== warnings summary ===============================
../../../../../../home/erik/.local/lib/python3.10/site-packages/_pytest/config/__init__.py:885
  /home/erik/.local/lib/python3.10/site-packages/_pytest/config/__init__.py:885: PytestAssertRewriteWarning: Module already imported so cannot be rewritten; cpu_terminal_recovery_helpers
    self.import_plugin(import_spec)

../../../../../../home/erik/.local/lib/python3.10/site-packages/_pytest/config/__init__.py:885
  /home/erik/.local/lib/python3.10/site-packages/_pytest/config/__init__.py:885: PytestAssertRewriteWarning: Module already imported so cannot be rewritten; examples.holdout.testing
    self.import_plugin(import_spec)

-- Docs: https://docs.pytest.org/en/stable/how-to/capture-warnings.html
=========================== short test summary info ============================
SKIPPED [1] ../core/tests/test_sweeper.py:12: could not import 'orze_pro.engine.role_runner': orze-pro is not activated. Set ORZE_PRO_KEY environment variable. Get a license at orze.ai/pro
SKIPPED [1] ../core/tests/test_evolution.py:228: could not import 'orze_pro.agents.code_evolution': orze-pro is not activated. Set ORZE_PRO_KEY environment variable. Get a license at orze.ai/pro
SKIPPED [1] ../core/tests/test_evolution.py:239: could not import 'orze_pro.agents.code_evolution': orze-pro is not activated. Set ORZE_PRO_KEY environment variable. Get a license at orze.ai/pro
SKIPPED [1] ../core/tests/test_evolution.py:255: could not import 'orze_pro.agents.meta_research': orze-pro is not activated. Set ORZE_PRO_KEY environment variable. Get a license at orze.ai/pro
SKIPPED [1] ../core/tests/test_skill_registry.py:123: orze-pro not installed
SKIPPED [1] ../core/tests/test_skill_registry.py:135: orze-pro not installed
5366 passed, 6 skipped, 2 warnings in 1171.11s (0:19:31)
