........................................................................ [  1%]
........................................................................ [  2%]
........................................................................ [  4%]
........................................................................ [  5%]
........................................................................ [  7%]
........................................................................ [  8%]
........................................................................ [ 10%]
........................................................................ [ 11%]
........................................................................ [ 12%]
........................................................................ [ 14%]
........................................................................ [ 15%]
........................................................................ [ 17%]
........................................................................ [ 18%]
........................................................................ [ 20%]
........................................................................ [ 21%]
........................................................................ [ 22%]
........................................................................ [ 24%]
........................................................................ [ 25%]
........................................................................ [ 27%]
........................................................................ [ 28%]
........................................................................ [ 30%]
........................................................................ [ 31%]
........................................................................ [ 33%]
........................................................................ [ 34%]
........................................................................ [ 35%]
........................................................................ [ 37%]
........................................................................ [ 38%]
........................................................................ [ 40%]
........................................................................ [ 41%]
................sss..................................................... [ 43%]
........................................................................ [ 44%]
........................................................................ [ 45%]
........................................................................ [ 47%]
............................s........................................... [ 48%]
........................................................................ [ 50%]
........................................................................ [ 51%]
........................................................................ [ 53%]
........................................................................ [ 54%]
........................................................................ [ 56%]
........................................................................ [ 57%]
........................................................................ [ 58%]
........................................................................ [ 60%]
........................................................................ [ 61%]
........................................................................ [ 63%]
........................................................................ [ 64%]
........................................................................ [ 66%]
........................................................................ [ 67%]
........................................................................ [ 68%]
........................................................................ [ 70%]
........................................................................ [ 71%]
........................................................................ [ 73%]
........................................................................ [ 74%]
........................................................................ [ 76%]
........................................................................ [ 77%]
........................................................................ [ 79%]
........................................................................ [ 80%]
........................................................................ [ 81%]
........................................................................ [ 83%]
........................................................................ [ 84%]
........................................................................ [ 86%]
........................................................................ [ 87%]
........................................................................ [ 89%]
........................................................................ [ 90%]
........................................................................ [ 91%]
...................ss................................................... [ 93%]
........................................................................ [ 94%]
........................................................................ [ 96%]
........................................................................ [ 97%]
........................................................................ [ 99%]
...........................................                              [100%]HOLDOUT_REPORTS=[{"bytes": 2513154, "name": "workflow", "path": "/tmp/ospp-cf1/holdout-workflow0/holdout-report.json", "sha256": "7fbdac5960c95f74f31806fb8a6d5a15d3cb387fb6da7107617987f9de7aeeb7"}, {"bytes": 143348, "name": "boundary", "path": "/tmp/ospp-cf1/holdout-boundary0/holdout-report.json", "sha256": "94c1912227809e029a39e50c326bbd38a76d20c3eae033d9127890ed84c00fa3"}, {"bytes": 143469, "name": "duplicate_id", "path": "/tmp/ospp-cf1/holdout-duplicate_id0/holdout-report.json", "sha256": "438665f3b6157bf00e8c5f1aecdb5f1d9c37ba9b27a9b7c6694bb2355e9a8b6f"}, {"bytes": 144782, "name": "missing_prerequisite", "path": "/tmp/ospp-cf1/holdout-missing_prerequisite0/holdout-report.json", "sha256": "6dd470190a05e906833d419e67e5fc8d3cb35df5e63ec384fa26d2b70b4b3898"}, {"bytes": 142836, "name": "overload", "path": "/tmp/ospp-cf1/holdout-overload0/holdout-report.json", "sha256": "f211f13f8920b1110a29d5852b28fad93385d7010ae6dee9138cb287ac4a9ec9"}, {"bytes": 141645, "name": "malformed", "path": "/tmp/ospp-cf1/holdout-malformed0/holdout-report.json", "sha256": "06089334f8990a93b9fa9f1df097dd8127a68e6cadead6290604f797f8e1a0cb"}]
CPU_RECOVERY_REPORTS=[{"bytes": 82874, "path": "/tmp/ospp-cf1/test_real_confirmed_terminal_r0/project-0/recovery-report.json", "sha256": "4d93fe7f7dea63f3003d5be770dbb1efa1bcb08dff0a3e72a722d8721014f56c", "test": "tests/test_cpu_claim_reader_consolidation.py::TestPublicSnapshotRouting::test_real_confirmed_terminal_recovery_uses_required_8k_public_snapshot"}, {"bytes": 104650, "path": "/tmp/ospp-cf1/test_post_delete_fsync_uncerta0/project-0/recovery-report.json", "sha256": "4c3e2a066b19be9a5d6cfd09ef41da23e3e3f236af858b1dae98da06198cfd0e", "test": "tests/test_cpu_terminal_recovery_barrier.py::test_post_delete_fsync_uncertainty_blocks_fresh_restart_with_zero_bound[effect]"}, {"bytes": 104648, "path": "/tmp/ospp-cf1/test_post_delete_fsync_uncerta1/project-0/recovery-report.json", "sha256": "f97f7898b4f6dbf8a5c78541e61811eba875117094ad1834773c9d26ed6e9c25", "test": "tests/test_cpu_terminal_recovery_barrier.py::test_post_delete_fsync_uncertainty_blocks_fresh_restart_with_zero_bound[recovery]"}, {"bytes": 67448, "path": "/tmp/ospp-cf1/test_in_progress_denies_alread0/project-0/recovery-report.json", "sha256": "76bf3e4f1ba2d532a0ef09a7855cbb5fe5f7ca93cc9494f8daba7f1e19bec025", "test": "tests/test_cpu_terminal_recovery_barrier.py::test_in_progress_denies_already_running_peer_admission[reserve]"}, {"bytes": 67448, "path": "/tmp/ospp-cf1/test_in_progress_denies_alread1/project-0/recovery-report.json", "sha256": "8cbc520ca2cb9d7513ba4f5850f580a072a874d52486c4ab19ddffdd50bb2584", "test": "tests/test_cpu_terminal_recovery_barrier.py::test_in_progress_denies_already_running_peer_admission[require_permit]"}, {"bytes": 66315, "path": "/tmp/ospp-cf1/test_two_recovery_consumers_do0/project-0/recovery-report.json", "sha256": "58c9a8df383e1d601c42570cca46434f638e8da5ba1978e3beaa47bcea30254c", "test": "tests/test_cpu_terminal_recovery_barrier.py::test_two_recovery_consumers_do_not_repeat_settlement_or_poison_owner"}, {"bytes": 66722, "path": "/tmp/ospp-cf1/test_legal_peer_decision_after0/project-0/recovery-report.json", "sha256": "80c1909ccd7008c061362855151ff242712c3a3c8eba72354436713a8df50b41", "test": "tests/test_cpu_terminal_recovery_barrier.py::test_legal_peer_decision_after_complete_commit_preserves_exact_owner_result"}, {"bytes": 102443, "path": "/tmp/ospp-cf1/test_recovery_transaction_unkn0/project-0/recovery-report.json", "sha256": "e7d0db4133e747138fdc16c67844e6c29dbba10c7d7df12397ab5adb3207cd80", "test": "tests/test_cpu_terminal_recovery_barrier.py::test_recovery_transaction_unknown_is_not_an_ordinary_success[IN_PROGRESS-rollback]"}, {"bytes": 104571, "path": "/tmp/ospp-cf1/test_recovery_transaction_unkn1/project-0/recovery-report.json", "sha256": "92f07d11e4b57c20c10c0c80ad0b55ba7b982280f729451c271366776e3f895f", "test": "tests/test_cpu_terminal_recovery_barrier.py::test_recovery_transaction_unknown_is_not_an_ordinary_success[COMPLETE-rollback]"}, {"bytes": 105968, "path": "/tmp/ospp-cf1/test_recovery_transaction_unkn2/project-0/recovery-report.json", "sha256": "8d9d3af7fcfbae30ff0e140f6a20e866228f27b062a069a0e95b3a8215757be1", "test": "tests/test_cpu_terminal_recovery_barrier.py::test_recovery_transaction_unknown_is_not_an_ordinary_success[COMPLETE-committed_raise]"}, {"bytes": 65390, "path": "/tmp/ospp-cf1/test_existing_unqualified_gate0/project-0/recovery-report.json", "sha256": "0f436e0bf88dc54c8ca6690490133b51c8380107bfd8068f01ceb42df0c7f21f", "test": "tests/test_cpu_terminal_recovery_barrier.py::test_existing_unqualified_gate_owner_is_preserved"}, {"bytes": 65383, "path": "/tmp/ospp-cf1/test_recovery_refuses_caller_t0/project-0/recovery-report.json", "sha256": "fb33d9cb8b3b9a45779cece42c379208cb9f11ee082535a78856377fad71fa64", "test": "tests/test_cpu_terminal_recovery_barrier.py::test_recovery_refuses_caller_transaction_without_consuming_it"}, {"bytes": 66187, "path": "/tmp/ospp-cf1/test_actual_peer_nonce_replace0/project-0/recovery-report.json", "sha256": "5ed04f069ab2cc479fe3a0af168926e3b41620889a062a656a490e4cd46302b9", "test": "tests/test_cpu_terminal_recovery_barrier.py::test_actual_peer_nonce_replacement_cannot_be_completed_by_old_owner"}, {"bytes": 315444, "path": "/tmp/ospp-cf1/test_fresh_cli_resumes_confirm0/domain-project/recovery-report.json", "sha256": "8e042a9b0ec93d8335d77aefa50db0f63280ec0a05fb53d06a8739ea34d2c155", "test": "tests/test_cpu_terminal_recovery_domain.py::test_fresh_cli_resumes_confirmed_domain_without_reinterpretation[schedule-feasibility-v1-valid]"}, {"bytes": 315364, "path": "/tmp/ospp-cf1/test_fresh_cli_resumes_confirm1/domain-project/recovery-report.json", "sha256": "a20b7a11d344f4c4ed0aebaee6905eed75072742da6c4521084e10da58cb8f0a", "test": "tests/test_cpu_terminal_recovery_domain.py::test_fresh_cli_resumes_confirmed_domain_without_reinterpretation[schedule-feasibility-v2-invalid]"}, {"bytes": 148069, "path": "/tmp/ospp-cf1/test_recovery_refuses_changed_0/project-0/recovery-report.json", "sha256": "a4cf83411d1b252f5b206f47baa6b6cfaa479c155f113739f06021ef558ac068", "test": "tests/test_cpu_terminal_recovery_guards.py::test_recovery_refuses_changed_native_binding[origin]"}, {"bytes": 148041, "path": "/tmp/ospp-cf1/test_recovery_refuses_changed_1/project-0/recovery-report.json", "sha256": "847270e115b9ec33330355058e4eee354bb4405616457cca37d85900dc2555e9", "test": "tests/test_cpu_terminal_recovery_guards.py::test_recovery_refuses_changed_native_binding[kind]"}, {"bytes": 148100, "path": "/tmp/ospp-cf1/test_recovery_refuses_changed_2/project-0/recovery-report.json", "sha256": "13e4b4a50a6c66c5953fde1c520b8479212c2cdbc21afe1099240bc36aa93f90", "test": "tests/test_cpu_terminal_recovery_guards.py::test_recovery_refuses_changed_native_binding[resource]"}, {"bytes": 148146, "path": "/tmp/ospp-cf1/test_recovery_refuses_changed_3/project-0/recovery-report.json", "sha256": "4201a24a7664b4a8abbd77078363b6696dc145ee0c34ed58224f1fc7226aea73", "test": "tests/test_cpu_terminal_recovery_guards.py::test_recovery_refuses_changed_native_binding[attempt_ref]"}, {"bytes": 148132, "path": "/tmp/ospp-cf1/test_recovery_refuses_changed_4/project-0/recovery-report.json", "sha256": "b4b2669bcf69a0c55c726e1b95245117938d8eb9bc49172cbc74680d8ebf9d48", "test": "tests/test_cpu_terminal_recovery_guards.py::test_recovery_refuses_changed_native_binding[process_pid]"}, {"bytes": 148147, "path": "/tmp/ospp-cf1/test_recovery_refuses_changed_5/project-0/recovery-report.json", "sha256": "42a6bbf8737815fb027efc41075e13821d89db1fe8e1986e140a6ff6f7cd086c", "test": "tests/test_cpu_terminal_recovery_guards.py::test_recovery_refuses_changed_native_binding[command_sha256]"}, {"bytes": 148153, "path": "/tmp/ospp-cf1/test_recovery_refuses_changed_6/project-0/recovery-report.json", "sha256": "3a8ae274939744cf1f8f51ee8c024d2e4fa7c959d5bee24ab910be64f34bf1ef", "test": "tests/test_cpu_terminal_recovery_guards.py::test_recovery_refuses_changed_native_binding[timeout_seconds]"}, {"bytes": 148111, "path": "/tmp/ospp-cf1/test_recovery_refuses_changed_7/project-0/recovery-report.json", "sha256": "92ad470ae40d873ec42d79585279b1a4fab2eaa52c80e293711137cce48855eb", "test": "tests/test_cpu_terminal_recovery_guards.py::test_recovery_refuses_changed_captured_source[database]"}, {"bytes": 148114, "path": "/tmp/ospp-cf1/test_recovery_refuses_changed_8/project-0/recovery-report.json", "sha256": "93591d7baa004dc84fbdb1fe25ec71f7efaaa2a913bbb25e8385b8ca1f6d87cb", "test": "tests/test_cpu_terminal_recovery_guards.py::test_recovery_refuses_changed_captured_source[claim_sha256]"}, {"bytes": 148108, "path": "/tmp/ospp-cf1/test_recovery_refuses_changed_9/project-0/recovery-report.json", "sha256": "29d73a0f193412843da3043ff8d70a04f5f84e92e5d872c7c796482e51bd4ed4", "test": "tests/test_cpu_terminal_recovery_guards.py::test_recovery_refuses_changed_captured_source[config_sha256]"}, {"bytes": 148312, "path": "/tmp/ospp-cf1/test_recovery_refuses_changed_10/project-0/recovery-report.json", "sha256": "36b9cad95ac1027444bddf171298ba37c4be950be88aeac0f141139e6bad47e7", "test": "tests/test_cpu_terminal_recovery_guards.py::test_recovery_refuses_changed_current_lifecycle"}, {"bytes": 148156, "path": "/tmp/ospp-cf1/test_recovery_refuses_rehashed0/project-0/recovery-report.json", "sha256": "db5f29646e9d79f012a64b7a19d9f900dff68757f4add93e031654a431ca5ae7", "test": "tests/test_cpu_terminal_recovery_guards.py::test_recovery_refuses_rehashed_non_cpu_prepared_plan"}, {"bytes": 148295, "path": "/tmp/ospp-cf1/test_recovery_refuses_changed_11/project-0/recovery-report.json", "sha256": "b4e9a41f987afaaabf8f6e2b980072796982fb215105c8c6049758d967187827", "test": "tests/test_cpu_terminal_recovery_guards.py::test_recovery_refuses_changed_catalog_route"}, {"bytes": 148369, "path": "/tmp/ospp-cf1/test_recovery_refuses_changed_12/project-0/recovery-report.json", "sha256": "06a47ee1a87f498f2fd2c8f2ccbac2272e9069aef62a34229896d2627afc2485", "test": "tests/test_cpu_terminal_recovery_guards.py::test_recovery_refuses_changed_ready_member_identity"}, {"bytes": 190717, "path": "/tmp/ospp-cf1/test_recovery_rechecks_source_0/project-0/recovery-report.json", "sha256": "a01b9c6560529d78b32f084126e31feec39f6c6762240f32c25484669aca8cab", "test": "tests/test_cpu_terminal_recovery_guards.py::test_recovery_rechecks_source_after_enumeration_before_settlement"}, {"bytes": 149625, "path": "/tmp/ospp-cf1/test_preexisting_stop_never_au0/project-0/recovery-report.json", "sha256": "64965b5213017a74e37036d874d0326c63bc333a8abff78e7a18916efe25555d", "test": "tests/test_cpu_terminal_recovery_guards.py::test_preexisting_stop_never_authorizes_automatic_settlement[ordinary_stop]"}, {"bytes": 149529, "path": "/tmp/ospp-cf1/test_preexisting_stop_never_au1/project-0/recovery-report.json", "sha256": "1695e7e64a946d35d438afcfe4f043e07eb928e581f85c495ec0f41a3156e38e", "test": "tests/test_cpu_terminal_recovery_guards.py::test_preexisting_stop_never_authorizes_automatic_settlement[storage_hold]"}, {"bytes": 149662, "path": "/tmp/ospp-cf1/test_preexisting_stop_never_au2/project-0/recovery-report.json", "sha256": "0a5a34fb9819d88a93d49b86a79b0d9eb88175576a16627a16b12bc9647ceed5", "test": "tests/test_cpu_terminal_recovery_guards.py::test_preexisting_stop_never_authorizes_automatic_settlement[masked_storage_hold]"}, {"bytes": 148254, "path": "/tmp/ospp-cf1/test_recovery_refuses_unbound_0/project-0/recovery-report.json", "sha256": "d005aabef1233aeda312feb7ea8d803a10d644bc4307b0f7502cda2b5759727f", "test": "tests/test_cpu_terminal_recovery_guards.py::test_recovery_refuses_unbound_replication_request_field"}, {"bytes": 148225, "path": "/tmp/ospp-cf1/test_recovery_refuses_artifact0/project-0/recovery-report.json", "sha256": "27cc6f6d8f0181a4736bc0501f8a676cc2f5f6611e6ba8f0021b6f03dbc1cded", "test": "tests/test_cpu_terminal_recovery_guards.py::test_recovery_refuses_artifact_root_unrelated_to_published_records"}, {"bytes": 212245, "path": "/tmp/ospp-cf1/test_restart_settles_confirmed0/project-0/recovery-report.json", "sha256": "8074bc74b3b955f7570ddb8a3074c383ec90c0307cc1d70e65b47b38fdf80d04", "test": "tests/test_cpu_terminal_settlement_recovery.py::test_restart_settles_confirmed_terminal_without_repeating_original_worker[0]"}, {"bytes": 200640, "path": "/tmp/ospp-cf1/test_restart_settles_confirmed1/project-0/recovery-report.json", "sha256": "5a0c0b90901f782b60527c1db7aa264d38eb898e4f5c4126f47c3744785d2b14", "test": "tests/test_cpu_terminal_settlement_recovery.py::test_restart_settles_confirmed_terminal_without_repeating_original_worker[7]"}, {"bytes": 126975, "path": "/tmp/ospp-cf1/test_real_v2_confirmed_termina0/project-0/recovery-report.json", "sha256": "ed3a48c0c0b7f37a4c479af1e8e3d5a7e426852e8935c47ae25168e28a43a0a4", "test": "tests/test_runtime_lease_recovery.py::test_real_v2_confirmed_terminal_crash_recovers_metadata_only[0]"}, {"bytes": 118582, "path": "/tmp/ospp-cf1/test_real_v2_confirmed_termina1/project-0/recovery-report.json", "sha256": "84f346fe6d85e7e251d01811f5a5e1d3b4842bab28db9d4c0776434426aa40a3", "test": "tests/test_runtime_lease_recovery.py::test_real_v2_confirmed_terminal_crash_recovers_metadata_only[7]"}, {"bytes": 119796, "path": "/tmp/ospp-cf1/test_real_historical_v1_termin0/historical-project/recovery-report.json", "sha256": "778586fc1af794a4cacb11a91d187996907809ff57ec63a00d5d8305035f5d1c", "test": "tests/test_runtime_lease_recovery.py::test_real_historical_v1_terminal_recovers_without_upgrade_or_reexecution"}]
ACCEPTANCE_REPORTS=[{"bytes": 280293, "name": "sorting_default", "path": "/tmp/ospp-cf1/acceptance-sorting-default0/acceptance-report.json", "sha256": "55705d427018dbe3dd30efe3f19078db42d7a361151b2c79cffe924712aa9d66"}, {"bytes": 121168, "name": "sorting_counterfactual", "path": "/tmp/ospp-cf1/acceptance-sorting-counterfactual0/acceptance-report.json", "sha256": "b03bef24bd7f167ceaec05199ec5b8f908ca2f08f85b1bfaecab6b99d0fbb703"}, {"bytes": 275191, "name": "compression_default", "path": "/tmp/ospp-cf1/acceptance-compression-default0/acceptance-report.json", "sha256": "ee9d25da2d0516bb3d052aba83d7180946786ab358ff9f24102e24d6b97df23a"}, {"bytes": 120740, "name": "compression_counterfactual", "path": "/tmp/ospp-cf1/acceptance-compression-counterfactual0/acceptance-report.json", "sha256": "3bef36969e1546954e65b5bd606f9a01a48a90132c94f40353a66d1b93dcf9ca"}]

=============================== warnings summary ===============================
../../../../../../home/erik/.local/lib/python3.10/site-packages/_pytest/config/__init__.py:885
  /home/erik/.local/lib/python3.10/site-packages/_pytest/config/__init__.py:885: PytestAssertRewriteWarning: Module already imported so cannot be rewritten; cpu_terminal_recovery_helpers
    self.import_plugin(import_spec)

../../../../../../home/erik/.local/lib/python3.10/site-packages/_pytest/config/__init__.py:885
  /home/erik/.local/lib/python3.10/site-packages/_pytest/config/__init__.py:885: PytestAssertRewriteWarning: Module already imported so cannot be rewritten; examples.holdout.testing
    self.import_plugin(import_spec)

-- Docs: https://docs.pytest.org/en/stable/how-to/capture-warnings.html
=========================== short test summary info ============================
SKIPPED [1] ../core/tests/test_sweeper.py:12: could not import 'orze_pro.engine.role_runner': This is a stub package. Install the real orze-pro via: export ORZE_PRO_KEY='...' && orze run
SKIPPED [1] ../core/tests/test_evolution.py:228: could not import 'orze_pro.agents.code_evolution': This is a stub package. Install the real orze-pro via: export ORZE_PRO_KEY='...' && orze run
SKIPPED [1] ../core/tests/test_evolution.py:239: could not import 'orze_pro.agents.code_evolution': This is a stub package. Install the real orze-pro via: export ORZE_PRO_KEY='...' && orze run
SKIPPED [1] ../core/tests/test_evolution.py:255: could not import 'orze_pro.agents.meta_research': This is a stub package. Install the real orze-pro via: export ORZE_PRO_KEY='...' && orze run
SKIPPED [1] ../core/tests/test_fsm_runner_registry.py:13: could not import 'orze_pro': This is a stub package. Install the real orze-pro via: export ORZE_PRO_KEY='...' && orze run
SKIPPED [1] ../core/tests/test_skill_registry.py:123: orze-pro not installed
SKIPPED [1] ../core/tests/test_skill_registry.py:135: orze-pro not installed
5005 passed, 7 skipped, 2 warnings in 1081.52s (0:18:01)
