FFF..................                                                    [100%]
=================================== FAILURES ===================================
_____ test_first_source_batch_does_not_require_sorting_whole_dense_history _____
tests/test_status_merge_queries.py:59: in test_first_source_batch_does_not_require_sorting_whole_dense_history
    assert lake._repair_admitted_config_hashes() == 5000
src/orze/idea_lake.py:1534: in _repair_admitted_config_hashes
    return repair_admitted_identities(
src/orze/core/config_identity_repair.py:112: in repair_admitted_identities
    retry(lambda: _copy_snapshot(lake.conn, stage))
src/orze/idea_lake.py:350: in _retry_on_busy
    return func()
src/orze/core/config_identity_repair.py:112: in <lambda>
    retry(lambda: _copy_snapshot(lake.conn, stage))
src/orze/core/config_identity_repair.py:46: in _copy_snapshot
    rows = cursor.fetchmany(BATCH_ROWS)
tests/test_status_merge_queries.py:39: in fetchmany
    assert steps[0] < 20000, "first_source_batch_sorts_dense_history"
E   AssertionError: first_source_batch_sorts_dense_history
E   assert 40600 < 20000
_ test_capacity_probe_can_produce_first_row_without_sorting_all_candidates[matching] _
tests/test_status_merge_queries.py:111: in test_capacity_probe_can_produce_first_row_without_sorting_all_candidates
    result = admit_proposal(lake, prepared)
src/orze/core/proposal_admission.py:279: in admit_proposal
    result = _admit_rows(lake, prepared)
src/orze/core/proposal_admission.py:208: in _admit_rows
    owner = _dedup_owner(connection, prepared)
src/orze/core/proposal_admission.py:87: in _dedup_owner
    rows = connection.execute(
tests/test_status_merge_queries.py:100: in execute
    assert steps[0] < 20000, "candidate_first_row_sorts_dense_history"
E   AssertionError: candidate_first_row_sorts_dense_history
E   assert 50400 < 20000
_ test_capacity_probe_can_produce_first_row_without_sorting_all_candidates[missing] _
tests/test_status_merge_queries.py:111: in test_capacity_probe_can_produce_first_row_without_sorting_all_candidates
    result = admit_proposal(lake, prepared)
src/orze/core/proposal_admission.py:279: in admit_proposal
    result = _admit_rows(lake, prepared)
src/orze/core/proposal_admission.py:208: in _admit_rows
    owner = _dedup_owner(connection, prepared)
src/orze/core/proposal_admission.py:93: in _dedup_owner
    missing = connection.execute(
tests/test_status_merge_queries.py:100: in execute
    assert steps[0] < 20000, "candidate_first_row_sorts_dense_history"
E   AssertionError: candidate_first_row_sorts_dense_history
E   assert 54700 < 20000
=========================== short test summary info ============================
FAILED tests/test_status_merge_queries.py::test_first_source_batch_does_not_require_sorting_whole_dense_history
FAILED tests/test_status_merge_queries.py::test_capacity_probe_can_produce_first_row_without_sorting_all_candidates[matching]
FAILED tests/test_status_merge_queries.py::test_capacity_probe_can_produce_first_row_without_sorting_all_candidates[missing]
3 failed, 18 passed in 3.31s
