........................................................................ [ 34%]
........................................................................ [ 69%]
......................................................F........          [100%]
=================================== FAILURES ===================================
__________ test_service_status_surfaces_only_safe_active_loop_summary __________
tests/test_watchdog_failure_loop.py:267: in test_service_status_surfaces_only_safe_active_loop_summary
    service_status.show_status()
src/orze/service/status.py:116: in show_status
    svc_active = _is_systemd_active(main_unit)
E   TypeError: test_service_status_surfaces_only_safe_active_loop_summary.<locals>.<lambda>() takes 0 positional arguments but 1 was given
----------------------------- Captured stdout call -----------------------------

[1mOrze — Service Status[0m (status-host)
==================================================

  [1mConfig:[0m
    Method      : systemd
    Installed   : ?
    Config file : ?
    Results dir : /tmp/sh-t4/test_service_status_surfaces_o0/results
    Stall thresh: 60s
    Log file    : ?

  [1mRuntime contract:[0m
    [31m[ ][0m Runtime drift: runtime_drift

  [1mWatchdog:[0m
=========================== short test summary info ============================
FAILED tests/test_watchdog_failure_loop.py::test_service_status_surfaces_only_safe_active_loop_summary
1 failed, 206 passed in 34.03s
