FFFFFFFFFFFFFFFFF.                                                       [100%]
=================================== FAILURES ===================================
______________ test_current_route_change_rejects_startup[config] _______________
tests/test_service_route_audit.py:72: in test_current_route_change_rejects_startup
    assert not result['startup_allowed'], result
E   AssertionError: {'schema_version': 1, 'contract_ok': True, 'startup_allowed': True, 'errors': [], ...}
E   assert not True
______________ test_current_route_change_rejects_startup[dotenv] _______________
tests/test_service_route_audit.py:72: in test_current_route_change_rejects_startup
    assert not result['startup_allowed'], result
E   AssertionError: {'schema_version': 1, 'contract_ok': True, 'startup_allowed': True, 'errors': [], ...}
E   assert not True
___________ test_current_route_change_rejects_startup[inherited_env] ___________
tests/test_service_route_audit.py:72: in test_current_route_change_rejects_startup
    assert not result['startup_allowed'], result
E   AssertionError: {'schema_version': 1, 'contract_ok': True, 'startup_allowed': True, 'errors': [], ...}
E   assert not True
____________ test_current_route_change_rejects_startup[config_link] ____________
tests/test_service_route_audit.py:72: in test_current_route_change_rejects_startup
    assert not result['startup_allowed'], result
E   AssertionError: {'schema_version': 1, 'contract_ok': True, 'startup_allowed': True, 'errors': [], ...}
E   assert not True
___________ test_current_route_change_rejects_startup[results_link] ____________
tests/test_service_route_audit.py:72: in test_current_route_change_rejects_startup
    assert not result['startup_allowed'], result
E   AssertionError: {'schema_version': 1, 'contract_ok': True, 'startup_allowed': True, 'errors': [], ...}
E   assert not True
__________ test_unreadable_route_is_not_accepted[results_dir: [a]\n] ___________
tests/test_service_route_audit.py:81: in test_unreadable_route_is_not_accepted
    assert not result['startup_allowed'], result
E   AssertionError: {'schema_version': 1, 'contract_ok': True, 'startup_allowed': True, 'errors': [], ...}
E   assert not True
__________ test_unreadable_route_is_not_accepted[results_dir: null\n] __________
tests/test_service_route_audit.py:81: in test_unreadable_route_is_not_accepted
    assert not result['startup_allowed'], result
E   AssertionError: {'schema_version': 1, 'contract_ok': True, 'startup_allowed': True, 'errors': [], ...}
E   assert not True
___________ test_unreadable_route_is_not_accepted[results_dir: 3\n] ____________
tests/test_service_route_audit.py:81: in test_unreadable_route_is_not_accepted
    assert not result['startup_allowed'], result
E   AssertionError: {'schema_version': 1, 'contract_ok': True, 'startup_allowed': True, 'errors': [], ...}
E   assert not True
_______________ test_unreadable_route_is_not_accepted[[a, b]\n] ________________
tests/test_service_route_audit.py:81: in test_unreadable_route_is_not_accepted
    assert not result['startup_allowed'], result
E   AssertionError: {'schema_version': 1, 'contract_ok': True, 'startup_allowed': True, 'errors': [], ...}
E   assert not True
___________ test_unreadable_route_is_not_accepted[results_dir: [\n] ____________
tests/test_service_route_audit.py:81: in test_unreadable_route_is_not_accepted
    assert not result['startup_allowed'], result
E   AssertionError: {'schema_version': 1, 'contract_ok': True, 'startup_allowed': True, 'errors': [], ...}
E   assert not True
___________ test_route_drift_blocks_watchdog_process_actions[entry] ____________
tests/test_service_route_audit.py:115: in test_route_drift_blocks_watchdog_process_actions
    watchdog.check_and_restart(svc)
src/orze/service/watchdog.py:477: in check_and_restart
    _check_runtime_and_process()
src/orze/service/watchdog.py:472: in _check_runtime_and_process
    new_pid = _launch_orze(svc_cfg)
src/orze/service/watchdog.py:236: in _launch_orze
    proc = subprocess.Popen(
tests/test_service_route_audit.py:104: in forbidden
    pytest.fail('route drift reached a process mutation')
E   Failed: route drift reached a process mutation
___________ test_route_drift_blocks_watchdog_process_actions[stale] ____________
tests/test_service_route_audit.py:115: in test_route_drift_blocks_watchdog_process_actions
    watchdog.check_and_restart(svc)
src/orze/service/watchdog.py:477: in check_and_restart
    _check_runtime_and_process()
src/orze/service/watchdog.py:441: in _check_runtime_and_process
    _kill_stale(pid)
tests/test_service_route_audit.py:104: in forbidden
    pytest.fail('route drift reached a process mutation')
E   Failed: route drift reached a process mutation
___________ test_route_drift_blocks_watchdog_process_actions[launch] ___________
tests/test_service_route_audit.py:115: in test_route_drift_blocks_watchdog_process_actions
    watchdog.check_and_restart(svc)
src/orze/service/watchdog.py:477: in check_and_restart
    _check_runtime_and_process()
src/orze/service/watchdog.py:472: in _check_runtime_and_process
    new_pid = _launch_orze(svc_cfg)
src/orze/service/watchdog.py:236: in _launch_orze
    proc = subprocess.Popen(
tests/test_service_route_audit.py:104: in forbidden
    pytest.fail('route drift reached a process mutation')
E   Failed: route drift reached a process mutation
_________ test_route_inputs_changed_during_audit_are_rejected[config] __________
tests/test_service_route_audit.py:140: in test_route_inputs_changed_during_audit_are_rejected
    assert not result['startup_allowed'], result
E   AssertionError: {'schema_version': 1, 'contract_ok': True, 'startup_allowed': True, 'errors': [], ...}
E   assert not True
_________ test_route_inputs_changed_during_audit_are_rejected[dotenv] __________
tests/test_service_route_audit.py:140: in test_route_inputs_changed_during_audit_are_rejected
    assert not result['startup_allowed'], result
E   AssertionError: {'schema_version': 1, 'contract_ok': True, 'startup_allowed': True, 'errors': [], ...}
E   assert not True
_________ test_route_inputs_changed_during_audit_are_rejected[parent] __________
tests/test_service_route_audit.py:140: in test_route_inputs_changed_during_audit_are_rejected
    assert not result['startup_allowed'], result
E   AssertionError: {'schema_version': 1, 'contract_ok': True, 'startup_allowed': True, 'errors': [], ...}
E   assert not True
_______ test_route_inputs_changed_during_audit_are_rejected[environment] _______
tests/test_service_route_audit.py:140: in test_route_inputs_changed_during_audit_are_rejected
    assert not result['startup_allowed'], result
E   AssertionError: {'schema_version': 1, 'contract_ok': True, 'startup_allowed': True, 'errors': [], ...}
E   assert not True
=========================== short test summary info ============================
FAILED tests/test_service_route_audit.py::test_current_route_change_rejects_startup[config]
FAILED tests/test_service_route_audit.py::test_current_route_change_rejects_startup[dotenv]
FAILED tests/test_service_route_audit.py::test_current_route_change_rejects_startup[inherited_env]
FAILED tests/test_service_route_audit.py::test_current_route_change_rejects_startup[config_link]
FAILED tests/test_service_route_audit.py::test_current_route_change_rejects_startup[results_link]
FAILED tests/test_service_route_audit.py::test_unreadable_route_is_not_accepted[results_dir: [a]\n]
FAILED tests/test_service_route_audit.py::test_unreadable_route_is_not_accepted[results_dir: null\n]
FAILED tests/test_service_route_audit.py::test_unreadable_route_is_not_accepted[results_dir: 3\n]
FAILED tests/test_service_route_audit.py::test_unreadable_route_is_not_accepted[[a, b]\n]
FAILED tests/test_service_route_audit.py::test_unreadable_route_is_not_accepted[results_dir: [\n]
FAILED tests/test_service_route_audit.py::test_route_drift_blocks_watchdog_process_actions[entry]
FAILED tests/test_service_route_audit.py::test_route_drift_blocks_watchdog_process_actions[stale]
FAILED tests/test_service_route_audit.py::test_route_drift_blocks_watchdog_process_actions[launch]
FAILED tests/test_service_route_audit.py::test_route_inputs_changed_during_audit_are_rejected[config]
FAILED tests/test_service_route_audit.py::test_route_inputs_changed_during_audit_are_rejected[dotenv]
FAILED tests/test_service_route_audit.py::test_route_inputs_changed_during_audit_are_rejected[parent]
FAILED tests/test_service_route_audit.py::test_route_inputs_changed_during_audit_are_rejected[environment]
17 failed, 1 passed, 10 deselected in 0.35s
