{
  "alias": {
    "new": {
      "accepted": false,
      "exception": "CpuBudgetHOLD",
      "reason": "cpu_budget_permit_changed"
    },
    "old": {
      "accepted": true,
      "value": {
        "active_reservations": 0,
        "free_slots": 1,
        "remaining_wall_seconds": 4.0,
        "reserved_wall_seconds": 6.0,
        "schema": 1,
        "scope": "/tmp/orze-budget-public-alias.8UkWCd/project/results",
        "stop": null,
        "stopped": false
      }
    }
  },
  "alias_reads_unchanged": true,
  "alias_rows": [
    {
      "permit_json": "{\"budget_scope\":{\"database\":\"/tmp/orze-budget-public-alias.8UkWCd/project/lake.db\",\"database_identity\":[66306,41978347],\"declaration\":{\"resource\":\"cpu\",\"slots\":1,\"version\":1,\"wall_budget_seconds\":10},\"directory_identity\":[66306,41978346],\"policy_sha256\":\"49b9142b143634c5012b049062a8e6ef2fd542193a0f87b608ee259161e15023\",\"results_dir\":\"/tmp/orze-budget-public-alias.8UkWCd/project/results\",\"schema\":1},\"reservation_id\":\"73ea27dc57e1f6c54fc970bee443aec75e38fde599232767\",\"reserved_nanoseconds\":\"3000000000\",\"schema\":1,\"slot\":0,\"task_id\":\"metadata-row-b\",\"wall_limit_seconds\":3}",
      "ref_json": "{\"attempt_id\":\"metadata-attempt-a\",\"generation\":1,\"phase\":\"action\",\"task_id\":\"metadata-row-a\"}",
      "reservation_id": "4d5f68db541f7761f83a705db5d60415b629f8cb5b79acac",
      "scope": "/tmp/orze-budget-public-alias.8UkWCd/project/results",
      "slot": 0,
      "state": "SETTLED",
      "task_id": "metadata-row-a",
      "terminal_sha256": "b5708c2e8dba5cb3e2c5cd789db121e71152768b4961df290a62d095da3c477d"
    },
    {
      "permit_json": "{\"budget_scope\":{\"database\":\"/tmp/orze-budget-public-alias.8UkWCd/project/lake.db\",\"database_identity\":[66306,41978347],\"declaration\":{\"resource\":\"cpu\",\"slots\":1,\"version\":1,\"wall_budget_seconds\":10},\"directory_identity\":[66306,41978346],\"policy_sha256\":\"49b9142b143634c5012b049062a8e6ef2fd542193a0f87b608ee259161e15023\",\"results_dir\":\"/tmp/orze-budget-public-alias.8UkWCd/project/results\",\"schema\":1},\"reservation_id\":\"73ea27dc57e1f6c54fc970bee443aec75e38fde599232767\",\"reserved_nanoseconds\":\"3000000000\",\"schema\":1,\"slot\":0,\"task_id\":\"metadata-row-b\",\"wall_limit_seconds\":3}",
      "ref_json": "{\"attempt_id\":\"metadata-attempt-b\",\"generation\":1,\"phase\":\"action\",\"task_id\":\"metadata-row-b\"}",
      "reservation_id": "73ea27dc57e1f6c54fc970bee443aec75e38fde599232767",
      "scope": "/tmp/orze-budget-public-alias.8UkWCd/project/results",
      "slot": 0,
      "state": "SETTLED",
      "task_id": "metadata-row-b",
      "terminal_sha256": "cf891a1346d92edafb6f0e60b0e7b30ea1888711b6f01817531afa381ff908e1"
    }
  ],
  "baseline_commit": "e606ba6688b4e1972e26a08617821a427668dd24",
  "baseline_sha256": "71bc89977cb582aa86a218003398431bb975ce11410f1df0d43b385ae4667169",
  "baseline_still_exact": true,
  "check_enforcement": {
    "exception": "IntegrityError",
    "reason": "CHECK constraint failed: state IN ('RESERVED','BOUND','SETTLED')"
  },
  "classification": "public snapshot metadata-only SQL-ID alias differential",
  "fixed_current_commit": "df446ab35e745daf02cc7c4a19cadffd57518103",
  "foreign_key_check": [],
  "ignore_check_constraints": 0,
  "integrity_check": [
    "ok"
  ],
  "limits": [
    "Two SETTLED rows are deliberately synthetic metadata, not actual workers, attempts, settlement or TREE proof.",
    "This tests actual public snapshot including schema/route checks; it does not demonstrate a public writer can generate the corrupted alias.",
    "No PRAGMA ignore_check_constraints write, index removal, product-function replacement, provider, GPU or native worker.",
    "The complete old budget module uses the otherwise current shared dependencies; only that whole module differs."
  ],
  "normal": {
    "new": {
      "accepted": true,
      "value": {
        "active_reservations": 0,
        "free_slots": 1,
        "remaining_wall_seconds": 5.0,
        "reserved_wall_seconds": 5.0,
        "schema": 1,
        "scope": "/tmp/orze-budget-public-alias.8UkWCd/project/results",
        "stop": null,
        "stopped": false
      }
    },
    "old": {
      "accepted": true,
      "value": {
        "active_reservations": 0,
        "free_slots": 1,
        "remaining_wall_seconds": 5.0,
        "reserved_wall_seconds": 5.0,
        "schema": 1,
        "scope": "/tmp/orze-budget-public-alias.8UkWCd/project/results",
        "stop": null,
        "stopped": false
      }
    }
  },
  "normal_reads_unchanged": true,
  "normal_rows": [
    {
      "permit_json": "{\"budget_scope\":{\"database\":\"/tmp/orze-budget-public-alias.8UkWCd/project/lake.db\",\"database_identity\":[66306,41978347],\"declaration\":{\"resource\":\"cpu\",\"slots\":1,\"version\":1,\"wall_budget_seconds\":10},\"directory_identity\":[66306,41978346],\"policy_sha256\":\"49b9142b143634c5012b049062a8e6ef2fd542193a0f87b608ee259161e15023\",\"results_dir\":\"/tmp/orze-budget-public-alias.8UkWCd/project/results\",\"schema\":1},\"reservation_id\":\"4d5f68db541f7761f83a705db5d60415b629f8cb5b79acac\",\"reserved_nanoseconds\":\"2000000000\",\"schema\":1,\"slot\":0,\"task_id\":\"metadata-row-a\",\"wall_limit_seconds\":2}",
      "ref_json": "{\"attempt_id\":\"metadata-attempt-a\",\"generation\":1,\"phase\":\"action\",\"task_id\":\"metadata-row-a\"}",
      "reservation_id": "4d5f68db541f7761f83a705db5d60415b629f8cb5b79acac",
      "scope": "/tmp/orze-budget-public-alias.8UkWCd/project/results",
      "slot": 0,
      "state": "SETTLED",
      "task_id": "metadata-row-a",
      "terminal_sha256": "b5708c2e8dba5cb3e2c5cd789db121e71152768b4961df290a62d095da3c477d"
    },
    {
      "permit_json": "{\"budget_scope\":{\"database\":\"/tmp/orze-budget-public-alias.8UkWCd/project/lake.db\",\"database_identity\":[66306,41978347],\"declaration\":{\"resource\":\"cpu\",\"slots\":1,\"version\":1,\"wall_budget_seconds\":10},\"directory_identity\":[66306,41978346],\"policy_sha256\":\"49b9142b143634c5012b049062a8e6ef2fd542193a0f87b608ee259161e15023\",\"results_dir\":\"/tmp/orze-budget-public-alias.8UkWCd/project/results\",\"schema\":1},\"reservation_id\":\"73ea27dc57e1f6c54fc970bee443aec75e38fde599232767\",\"reserved_nanoseconds\":\"3000000000\",\"schema\":1,\"slot\":0,\"task_id\":\"metadata-row-b\",\"wall_limit_seconds\":3}",
      "ref_json": "{\"attempt_id\":\"metadata-attempt-b\",\"generation\":1,\"phase\":\"action\",\"task_id\":\"metadata-row-b\"}",
      "reservation_id": "73ea27dc57e1f6c54fc970bee443aec75e38fde599232767",
      "scope": "/tmp/orze-budget-public-alias.8UkWCd/project/results",
      "slot": 0,
      "state": "SETTLED",
      "task_id": "metadata-row-b",
      "terminal_sha256": "cf891a1346d92edafb6f0e60b0e7b30ea1888711b6f01817531afa381ff908e1"
    }
  ],
  "observed_old_accepts_current_refuses": true,
  "probe_sha256": "a9bd807f08f0fc15040bd75c146c74febaf23f570c4c349e9f07af8c7986745a",
  "schema": 1,
  "schema_rows": [
    {
      "name": "cpu_action_bound_attempt",
      "sql": "CREATE UNIQUE INDEX cpu_action_bound_attempt ON cpu_action_reservations(ref_json) WHERE ref_json IS NOT NULL",
      "tbl_name": "cpu_action_reservations",
      "type": "index"
    },
    {
      "name": "cpu_action_live_slot",
      "sql": "CREATE UNIQUE INDEX cpu_action_live_slot ON cpu_action_reservations(scope,slot) WHERE state != 'SETTLED'",
      "tbl_name": "cpu_action_reservations",
      "type": "index"
    },
    {
      "name": "cpu_action_live_task",
      "sql": "CREATE UNIQUE INDEX cpu_action_live_task ON cpu_action_reservations(scope,task_id) WHERE state != 'SETTLED'",
      "tbl_name": "cpu_action_reservations",
      "type": "index"
    },
    {
      "name": "cpu_action_decisions",
      "sql": "CREATE TABLE cpu_action_decisions (\n        decision_id TEXT NOT NULL COLLATE BINARY PRIMARY KEY,\n        scope TEXT NOT NULL COLLATE BINARY,\n        record_json TEXT NOT NULL\n    )",
      "tbl_name": "cpu_action_decisions",
      "type": "table"
    },
    {
      "name": "cpu_action_recovery",
      "sql": "CREATE TABLE cpu_action_recovery (\n        scope TEXT NOT NULL COLLATE BINARY PRIMARY KEY,\n        binding_json TEXT NOT NULL,\n        nonce TEXT NOT NULL COLLATE BINARY,\n        state TEXT NOT NULL CHECK (state IN ('IN_PROGRESS','COMPLETE')),\n        summary_json TEXT\n    )",
      "tbl_name": "cpu_action_recovery",
      "type": "table"
    },
    {
      "name": "cpu_action_reservations",
      "sql": "CREATE TABLE cpu_action_reservations (\n        reservation_id TEXT NOT NULL COLLATE BINARY PRIMARY KEY,\n        scope TEXT NOT NULL COLLATE BINARY,\n        task_id TEXT NOT NULL COLLATE BINARY,\n        slot INTEGER NOT NULL CHECK (slot >= 0),\n        permit_json TEXT NOT NULL,\n        ref_json TEXT,\n        state TEXT NOT NULL CHECK (state IN ('RESERVED','BOUND','SETTLED')),\n        terminal_sha256 TEXT\n    )",
      "tbl_name": "cpu_action_reservations",
      "type": "table"
    },
    {
      "name": "cpu_action_scopes",
      "sql": "CREATE TABLE cpu_action_scopes (\n        scope TEXT NOT NULL COLLATE BINARY PRIMARY KEY,\n        binding_json TEXT NOT NULL,\n        stop_json TEXT\n    )",
      "tbl_name": "cpu_action_scopes",
      "type": "table"
    }
  ],
  "schema_unchanged": true,
  "scope": {
    "database": "/tmp/orze-budget-public-alias.8UkWCd/project/lake.db",
    "database_identity": [
      66306,
      41978347
    ],
    "declaration": {
      "resource": "cpu",
      "slots": 1,
      "version": 1,
      "wall_budget_seconds": 10
    },
    "directory_identity": [
      66306,
      41978346
    ],
    "policy_sha256": "49b9142b143634c5012b049062a8e6ef2fd542193a0f87b608ee259161e15023",
    "results_dir": "/tmp/orze-budget-public-alias.8UkWCd/project/results",
    "schema": 1
  },
  "source_test_after": {
    "src/orze/core/cpu_action_budget.py": "5101beae489135f1162035da8483232a186faac4af5555012f7edb5acc21b23c",
    "src/orze/core/execution_attempts.py": "c79adf919eec430bd20836a1b959c9cc51454ea4651ae61f7e4c54145eb12c69",
    "src/orze/engine/idea_ingress.py": "ab39d54b430af773564bc8a34a9da85cb093da07bbbba6b59a0d743c177e433e",
    "src/orze/idea_lake.py": "0854930a23eddcea2400711bc6641e348681e76360c3c326241ccf2231e35847",
    "tests/test_cpu_budget_scan.py": "3a58a866ae41d4d0e537de6975e8322970d9609c1d2ea5f03f1135fd576c86ed",
    "tests/test_cpu_budget_scan_review.py": "4ea8191ceeebbf1d7f5dac373f0e7ec5b2cebe0c6e895e672e7489d1aefb410d",
    "tests/test_idea_ingress_contract.py": "650963b6ed45cf8c37cad1f4f2430dafac0d729d0c3aadb8d9d3d27792e6476e",
    "tests/test_idea_ingress_cost.py": "c3181dbe2fcddefa43de906840bfcee9d06135f57112ffbf7b8df30e3fd4db16"
  },
  "source_test_before": {
    "src/orze/core/cpu_action_budget.py": "5101beae489135f1162035da8483232a186faac4af5555012f7edb5acc21b23c",
    "src/orze/core/execution_attempts.py": "c79adf919eec430bd20836a1b959c9cc51454ea4651ae61f7e4c54145eb12c69",
    "src/orze/engine/idea_ingress.py": "ab39d54b430af773564bc8a34a9da85cb093da07bbbba6b59a0d743c177e433e",
    "src/orze/idea_lake.py": "0854930a23eddcea2400711bc6641e348681e76360c3c326241ccf2231e35847",
    "tests/test_cpu_budget_scan.py": "3a58a866ae41d4d0e537de6975e8322970d9609c1d2ea5f03f1135fd576c86ed",
    "tests/test_cpu_budget_scan_review.py": "4ea8191ceeebbf1d7f5dac373f0e7ec5b2cebe0c6e895e672e7489d1aefb410d",
    "tests/test_idea_ingress_contract.py": "650963b6ed45cf8c37cad1f4f2430dafac0d729d0c3aadb8d9d3d27792e6476e",
    "tests/test_idea_ingress_cost.py": "c3181dbe2fcddefa43de906840bfcee9d06135f57112ffbf7b8df30e3fd4db16"
  },
  "source_tests_exact": true,
  "sqlite_version": "3.37.2"
}
PUBLIC_ALIAS_REPORT={"path":"/tmp/orze-budget-public-alias.8UkWCd/project/report.json","sha256":"e70afd0395642fcf2ddd208ceae4ab4a181ef85e625026252f3b9f96c3a8932e"}
