FFFF                                                                     [100%]
=================================== FAILURES ===================================
_______ test_watchdog_handoff_keeps_host_and_successor_after_client_exit _______
/hot-data/fsx/workspace/erik/orze-p1-continuation-20260914/orze/tests/test_service_host_product.py:181: in test_watchdog_handoff_keeps_host_and_successor_after_client_exit
    host = start()
/hot-data/fsx/workspace/erik/orze-p1-continuation-20260914/orze/tests/test_service_host_product.py:114: in start
    wait(lambda: (root / 'results/_service_host.lock/ready.json').exists())
/hot-data/fsx/workspace/erik/orze-p1-continuation-20260914/orze/tests/test_service_host_product.py:107: in wait
    pytest.fail((root / 'host.log').read_text() + (root / 'controllers.log').read_text())
E   Failed: HOLD: service_host_initial_start_unconfirmed
E   2026-09-16 11:40:18 [INFO] Loaded config from /tmp/sh-t1/test_watchdog_handoff_keeps_ho0/orze.yaml
E   2026-09-16 11:40:18 [INFO] Applying v4.5 FSM genericization migration...
E   2026-09-16 11:40:18 [INFO]   Added updated_by_host column to idea_state
E   2026-09-16 11:40:18 [INFO]   Added updated_by_pid column to idea_state
E   2026-09-16 11:40:18 [INFO]   Added sop_type column to idea_state
E   2026-09-16 11:40:18 [INFO] v4.5 FSM genericization migration completed successfully
E   HOLD: CPU action execution unconfirmed: controller_prior_scope_requires_recovery
________ test_host_refuses_changed_inputs_without_another_child[source] ________
/hot-data/fsx/workspace/erik/orze-p1-continuation-20260914/orze/tests/test_service_host_product.py:211: in test_host_refuses_changed_inputs_without_another_child
    host = start()
/hot-data/fsx/workspace/erik/orze-p1-continuation-20260914/orze/tests/test_service_host_product.py:114: in start
    wait(lambda: (root / 'results/_service_host.lock/ready.json').exists())
/hot-data/fsx/workspace/erik/orze-p1-continuation-20260914/orze/tests/test_service_host_product.py:107: in wait
    pytest.fail((root / 'host.log').read_text() + (root / 'controllers.log').read_text())
E   Failed: HOLD: service_host_initial_start_unconfirmed
E   2026-09-16 11:40:19 [INFO] Loaded config from /tmp/sh-t1/test_host_refuses_changed_inpu0/orze.yaml
E   2026-09-16 11:40:19 [INFO] Applying v4.5 FSM genericization migration...
E   2026-09-16 11:40:19 [INFO]   Added updated_by_host column to idea_state
E   2026-09-16 11:40:19 [INFO]   Added updated_by_pid column to idea_state
E   2026-09-16 11:40:19 [INFO]   Added sop_type column to idea_state
E   2026-09-16 11:40:19 [INFO] v4.5 FSM genericization migration completed successfully
E   HOLD: CPU action execution unconfirmed: controller_prior_scope_requires_recovery
_______ test_host_refuses_changed_inputs_without_another_child[service] ________
/hot-data/fsx/workspace/erik/orze-p1-continuation-20260914/orze/tests/test_service_host_product.py:211: in test_host_refuses_changed_inputs_without_another_child
    host = start()
/hot-data/fsx/workspace/erik/orze-p1-continuation-20260914/orze/tests/test_service_host_product.py:114: in start
    wait(lambda: (root / 'results/_service_host.lock/ready.json').exists())
/hot-data/fsx/workspace/erik/orze-p1-continuation-20260914/orze/tests/test_service_host_product.py:107: in wait
    pytest.fail((root / 'host.log').read_text() + (root / 'controllers.log').read_text())
E   Failed: HOLD: service_host_initial_start_unconfirmed
E   2026-09-16 11:40:20 [INFO] Loaded config from /tmp/sh-t1/test_host_refuses_changed_inpu1/orze.yaml
E   2026-09-16 11:40:20 [INFO] Applying v4.5 FSM genericization migration...
E   2026-09-16 11:40:20 [INFO]   Added updated_by_host column to idea_state
E   2026-09-16 11:40:20 [INFO]   Added updated_by_pid column to idea_state
E   2026-09-16 11:40:20 [INFO]   Added sop_type column to idea_state
E   2026-09-16 11:40:20 [INFO] v4.5 FSM genericization migration completed successfully
E   HOLD: CPU action execution unconfirmed: controller_prior_scope_requires_recovery
_____ test_host_refuses_changed_inputs_without_another_child[wrong_source] _____
/hot-data/fsx/workspace/erik/orze-p1-continuation-20260914/orze/tests/test_service_host_product.py:211: in test_host_refuses_changed_inputs_without_another_child
    host = start()
/hot-data/fsx/workspace/erik/orze-p1-continuation-20260914/orze/tests/test_service_host_product.py:114: in start
    wait(lambda: (root / 'results/_service_host.lock/ready.json').exists())
/hot-data/fsx/workspace/erik/orze-p1-continuation-20260914/orze/tests/test_service_host_product.py:107: in wait
    pytest.fail((root / 'host.log').read_text() + (root / 'controllers.log').read_text())
E   Failed: HOLD: service_host_initial_start_unconfirmed
E   2026-09-16 11:40:20 [INFO] Loaded config from /tmp/sh-t1/test_host_refuses_changed_inpu2/orze.yaml
E   2026-09-16 11:40:21 [INFO] Applying v4.5 FSM genericization migration...
E   2026-09-16 11:40:21 [INFO]   Added updated_by_host column to idea_state
E   2026-09-16 11:40:21 [INFO]   Added updated_by_pid column to idea_state
E   2026-09-16 11:40:21 [INFO]   Added sop_type column to idea_state
E   2026-09-16 11:40:21 [INFO] v4.5 FSM genericization migration completed successfully
E   HOLD: CPU action execution unconfirmed: controller_prior_scope_requires_recovery
=========================== short test summary info ============================
FAILED tests/test_service_host_product.py::test_watchdog_handoff_keeps_host_and_successor_after_client_exit
FAILED tests/test_service_host_product.py::test_host_refuses_changed_inputs_without_another_child[source]
FAILED tests/test_service_host_product.py::test_host_refuses_changed_inputs_without_another_child[service]
FAILED tests/test_service_host_product.py::test_host_refuses_changed_inputs_without_another_child[wrong_source]
4 failed in 3.64s
