........................................................................ [  1%]
........................................................................ [  2%]
........................................................................ [  4%]
........................................................................ [  5%]
........................................................................ [  7%]
........................................................................ [  8%]
........................................................................ [ 10%]
........................................................................ [ 11%]
........................................................................ [ 13%]
........................................................................ [ 14%]
........................................................................ [ 15%]
........................................................................ [ 17%]
........................................................................ [ 18%]
........................................................................ [ 20%]
........................................................................ [ 21%]
........................................................................ [ 23%]
........................................................................ [ 24%]
........................................................................ [ 26%]
........................................................................ [ 27%]
........................................................................ [ 28%]
........................................................................ [ 30%]
........................................................................ [ 31%]
........................................................................ [ 33%]
........................................................................ [ 34%]
........................................................................ [ 36%]
........................................................................ [ 37%]
........................................................................ [ 39%]
........................................................................ [ 40%]
........................................................................ [ 41%]
................sss..................................................... [ 43%]
........................................................................ [ 44%]
........................................................................ [ 46%]
........................................................................ [ 47%]
............................s........................................... [ 49%]
........................................................................ [ 50%]
........................................................................ [ 52%]
........................................................................ [ 53%]
........................................................................ [ 54%]
........................................................................ [ 56%]
........................................................................ [ 57%]
........................................................................ [ 59%]
........................................................................ [ 60%]
........................................................................ [ 62%]
........................................................................ [ 63%]
........................................................................ [ 65%]
........................................................................ [ 66%]
........................................................................ [ 67%]
........................................................................ [ 69%]
........................................................................ [ 70%]
........................................................................ [ 72%]
........................................................................ [ 73%]
........................................................................ [ 75%]
........................................................................ [ 76%]
........................................................................ [ 78%]
........................................................................ [ 79%]
........................................................................ [ 81%]
........................................................................ [ 82%]
........................................................................ [ 83%]
........................................................................ [ 85%]
........................................................................ [ 86%]
........................................................................ [ 88%]
........................................................................ [ 89%]
........................................................................ [ 91%]
.........................................................ss............. [ 92%]
........................................................................ [ 94%]
........................................................................ [ 95%]
........................................................................ [ 96%]
........................................................................ [ 98%]
........................................................................ [ 99%]
.........                                                                [100%]HOLDOUT_REPORTS=[{"bytes": 2510192, "name": "workflow", "path": "/tmp/oip-cf1/holdout-workflow0/holdout-report.json", "sha256": "e6525535889086fa96d5179a86ffbb34a26bd260260700083265b45893681151"}, {"bytes": 143201, "name": "boundary", "path": "/tmp/oip-cf1/holdout-boundary0/holdout-report.json", "sha256": "56a9cd728c494a86fadc3e5cb69a7d377e40364b4d5124a8a1741a372044c0e3"}, {"bytes": 143308, "name": "duplicate_id", "path": "/tmp/oip-cf1/holdout-duplicate_id0/holdout-report.json", "sha256": "4581491239127878a290fccb92c84291fb123012fe67a8b89a818c025c142e05"}, {"bytes": 144628, "name": "missing_prerequisite", "path": "/tmp/oip-cf1/holdout-missing_prerequisite0/holdout-report.json", "sha256": "3f3a21b264b2667820e686a1790a1cab0cdd4c79373400814c09f73353d0334d"}, {"bytes": 142683, "name": "overload", "path": "/tmp/oip-cf1/holdout-overload0/holdout-report.json", "sha256": "11072b27cd9f1297bd8ba1669463e00538e4096dca17434e02546e2ee059f560"}, {"bytes": 141504, "name": "malformed", "path": "/tmp/oip-cf1/holdout-malformed0/holdout-report.json", "sha256": "a05852dc9d54f70025ddedda9147139ff658726f001d31edb3bc6e4701ccd9fd"}]
CPU_RECOVERY_REPORTS=[{"bytes": 82772, "path": "/tmp/oip-cf1/test_real_confirmed_terminal_r0/project-0/recovery-report.json", "sha256": "e039ff77f99a08ce2f1afeb112f70a8f09511226aaafdcc65d12c51d5dbfd801", "test": "tests/test_cpu_claim_reader_consolidation.py::TestPublicSnapshotRouting::test_real_confirmed_terminal_recovery_uses_required_8k_public_snapshot"}, {"bytes": 104505, "path": "/tmp/oip-cf1/test_post_delete_fsync_uncerta0/project-0/recovery-report.json", "sha256": "24a134f9a3781227fe81da477110865b7bb11681c5d12504333a35668945e21f", "test": "tests/test_cpu_terminal_recovery_barrier.py::test_post_delete_fsync_uncertainty_blocks_fresh_restart_with_zero_bound[effect]"}, {"bytes": 104517, "path": "/tmp/oip-cf1/test_post_delete_fsync_uncerta1/project-0/recovery-report.json", "sha256": "b114376e42a6e4edef3c1444d1d759e2f241637913d5af768cfa64d4a12ae87a", "test": "tests/test_cpu_terminal_recovery_barrier.py::test_post_delete_fsync_uncertainty_blocks_fresh_restart_with_zero_bound[recovery]"}, {"bytes": 67363, "path": "/tmp/oip-cf1/test_in_progress_denies_alread0/project-0/recovery-report.json", "sha256": "ba471c96d74b061aca70c8e353e6f34135eb553b54a419a6b0a4f005f2016ff4", "test": "tests/test_cpu_terminal_recovery_barrier.py::test_in_progress_denies_already_running_peer_admission[reserve]"}, {"bytes": 67351, "path": "/tmp/oip-cf1/test_in_progress_denies_alread1/project-0/recovery-report.json", "sha256": "b3a668e0e28c902a26b73c9ee3b1909c40071d20185241cfa0db0a77ff107c2e", "test": "tests/test_cpu_terminal_recovery_barrier.py::test_in_progress_denies_already_running_peer_admission[require_permit]"}, {"bytes": 66235, "path": "/tmp/oip-cf1/test_two_recovery_consumers_do0/project-0/recovery-report.json", "sha256": "33bafc1c9f3d5f65eb8b743b70aa747cc69c33f0eb823c424d1eb2bdeaa5058b", "test": "tests/test_cpu_terminal_recovery_barrier.py::test_two_recovery_consumers_do_not_repeat_settlement_or_poison_owner"}, {"bytes": 66629, "path": "/tmp/oip-cf1/test_legal_peer_decision_after0/project-0/recovery-report.json", "sha256": "d0aa74047e27df12827917aaeae24bd745e35fd9b7e63609c6ea0fb5b91e7c23", "test": "tests/test_cpu_terminal_recovery_barrier.py::test_legal_peer_decision_after_complete_commit_preserves_exact_owner_result"}, {"bytes": 102331, "path": "/tmp/oip-cf1/test_recovery_transaction_unkn0/project-0/recovery-report.json", "sha256": "c8a582e30f6d65d4eb1d47c572ff8cb5a2465aa35aba449b45ba7bafacc305ce", "test": "tests/test_cpu_terminal_recovery_barrier.py::test_recovery_transaction_unknown_is_not_an_ordinary_success[IN_PROGRESS-rollback]"}, {"bytes": 104421, "path": "/tmp/oip-cf1/test_recovery_transaction_unkn1/project-0/recovery-report.json", "sha256": "adc0af68e358aae12cb9f87ea66a77d5f44915482bf079f91e9b93e1b59a4107", "test": "tests/test_cpu_terminal_recovery_barrier.py::test_recovery_transaction_unknown_is_not_an_ordinary_success[COMPLETE-rollback]"}, {"bytes": 105836, "path": "/tmp/oip-cf1/test_recovery_transaction_unkn2/project-0/recovery-report.json", "sha256": "ed14a530e482f40610947ef565bded497de3704537598c5d8262706123ca1c17", "test": "tests/test_cpu_terminal_recovery_barrier.py::test_recovery_transaction_unknown_is_not_an_ordinary_success[COMPLETE-committed_raise]"}, {"bytes": 65313, "path": "/tmp/oip-cf1/test_existing_unqualified_gate0/project-0/recovery-report.json", "sha256": "aabdff345774cabd4a6eb038c7b12389e609bd34ea40aaa5a67f674f51b46293", "test": "tests/test_cpu_terminal_recovery_barrier.py::test_existing_unqualified_gate_owner_is_preserved"}, {"bytes": 65300, "path": "/tmp/oip-cf1/test_recovery_refuses_caller_t0/project-0/recovery-report.json", "sha256": "c29fff767bbf8bd2693059982d872183efc79050ca9ccb9fcbffe4fea0f20e6c", "test": "tests/test_cpu_terminal_recovery_barrier.py::test_recovery_refuses_caller_transaction_without_consuming_it"}, {"bytes": 66098, "path": "/tmp/oip-cf1/test_actual_peer_nonce_replace0/project-0/recovery-report.json", "sha256": "6d84bc4079554ca2d0026ead8ec59665bdf05066c4695baf4f153666b81e8266", "test": "tests/test_cpu_terminal_recovery_barrier.py::test_actual_peer_nonce_replacement_cannot_be_completed_by_old_owner"}, {"bytes": 315045, "path": "/tmp/oip-cf1/test_fresh_cli_resumes_confirm0/domain-project/recovery-report.json", "sha256": "4e67d211e3232440ffed04b5f17fbdeb949d053f937b1eb6fd147f7525266879", "test": "tests/test_cpu_terminal_recovery_domain.py::test_fresh_cli_resumes_confirmed_domain_without_reinterpretation[schedule-feasibility-v1-valid]"}, {"bytes": 314997, "path": "/tmp/oip-cf1/test_fresh_cli_resumes_confirm1/domain-project/recovery-report.json", "sha256": "8698af7ade2d9a8a81e9c37026f126f3ee5c218f135c69aeb9349f131e34f682", "test": "tests/test_cpu_terminal_recovery_domain.py::test_fresh_cli_resumes_confirmed_domain_without_reinterpretation[schedule-feasibility-v2-invalid]"}, {"bytes": 147904, "path": "/tmp/oip-cf1/test_recovery_refuses_changed_0/project-0/recovery-report.json", "sha256": "587729fac3cc57a0f597a0f5d12477bc3f6efae7f88ffd3262f8515cd6696cc3", "test": "tests/test_cpu_terminal_recovery_guards.py::test_recovery_refuses_changed_native_binding[origin]"}, {"bytes": 147879, "path": "/tmp/oip-cf1/test_recovery_refuses_changed_1/project-0/recovery-report.json", "sha256": "4b5a0f6ae7815cf5b11a5a6eeffa5b5a406bdf981289b68832ab0f2f9363852e", "test": "tests/test_cpu_terminal_recovery_guards.py::test_recovery_refuses_changed_native_binding[kind]"}, {"bytes": 147940, "path": "/tmp/oip-cf1/test_recovery_refuses_changed_2/project-0/recovery-report.json", "sha256": "1e82b904d8e15bf661db51de78f6c68eb1ad2447bb62ee433933ce26ce275c33", "test": "tests/test_cpu_terminal_recovery_guards.py::test_recovery_refuses_changed_native_binding[resource]"}, {"bytes": 147964, "path": "/tmp/oip-cf1/test_recovery_refuses_changed_3/project-0/recovery-report.json", "sha256": "e781cee56d83baa2ad73bd68934666166b9b22629fcab7791347a33b50005ec5", "test": "tests/test_cpu_terminal_recovery_guards.py::test_recovery_refuses_changed_native_binding[attempt_ref]"}, {"bytes": 147967, "path": "/tmp/oip-cf1/test_recovery_refuses_changed_4/project-0/recovery-report.json", "sha256": "6d6571554fb4b9715d2b7c1ae7c6fa8084f6f039aa8b6d4d7fa399f8f6fc53bd", "test": "tests/test_cpu_terminal_recovery_guards.py::test_recovery_refuses_changed_native_binding[process_pid]"}, {"bytes": 147999, "path": "/tmp/oip-cf1/test_recovery_refuses_changed_5/project-0/recovery-report.json", "sha256": "192c18f6bf80862800f5204d624d0094382334d71df884f2a1bfa1049ff8713c", "test": "tests/test_cpu_terminal_recovery_guards.py::test_recovery_refuses_changed_native_binding[command_sha256]"}, {"bytes": 147994, "path": "/tmp/oip-cf1/test_recovery_refuses_changed_6/project-0/recovery-report.json", "sha256": "7a3ce143c6b82e9e03122e5ea041f4d8378ec4ab6f87582ac0d677ca35385b29", "test": "tests/test_cpu_terminal_recovery_guards.py::test_recovery_refuses_changed_native_binding[timeout_seconds]"}, {"bytes": 147914, "path": "/tmp/oip-cf1/test_recovery_refuses_changed_7/project-0/recovery-report.json", "sha256": "c809e53836f1997fbccfe54d6a5eb0a1d3cf2aaf8964d5c0411cfeeb19d90f9d", "test": "tests/test_cpu_terminal_recovery_guards.py::test_recovery_refuses_changed_captured_source[database]"}, {"bytes": 147950, "path": "/tmp/oip-cf1/test_recovery_refuses_changed_8/project-0/recovery-report.json", "sha256": "45f1056d6509d46da54df4dab4acd0ddd0807735af303fe4a8367dcead9ef818", "test": "tests/test_cpu_terminal_recovery_guards.py::test_recovery_refuses_changed_captured_source[claim_sha256]"}, {"bytes": 147975, "path": "/tmp/oip-cf1/test_recovery_refuses_changed_9/project-0/recovery-report.json", "sha256": "c0faa081d12cb6359d87af0baac60c4a58684933ea9834d6a4edbd030044867b", "test": "tests/test_cpu_terminal_recovery_guards.py::test_recovery_refuses_changed_captured_source[config_sha256]"}, {"bytes": 148148, "path": "/tmp/oip-cf1/test_recovery_refuses_changed_10/project-0/recovery-report.json", "sha256": "5a55172afba4fd96444771f3533ebe0b244b9d0cf3a0c77de6f5baac3aa929da", "test": "tests/test_cpu_terminal_recovery_guards.py::test_recovery_refuses_changed_current_lifecycle"}, {"bytes": 147996, "path": "/tmp/oip-cf1/test_recovery_refuses_rehashed0/project-0/recovery-report.json", "sha256": "5f1561fa01e03000bca6d303fb40a2b4d76a25cdc3b9adc3877e99b85aba6916", "test": "tests/test_cpu_terminal_recovery_guards.py::test_recovery_refuses_rehashed_non_cpu_prepared_plan"}, {"bytes": 148117, "path": "/tmp/oip-cf1/test_recovery_refuses_changed_11/project-0/recovery-report.json", "sha256": "cf27bd622a9f3de7722568fa9a43ee2072341685e5d8f3656e9194338b45cbc8", "test": "tests/test_cpu_terminal_recovery_guards.py::test_recovery_refuses_changed_catalog_route"}, {"bytes": 148193, "path": "/tmp/oip-cf1/test_recovery_refuses_changed_12/project-0/recovery-report.json", "sha256": "3c6e8b7b8fdca0230794caa0babd2c803c29eb461503a8d95fe6bdf07f19a699", "test": "tests/test_cpu_terminal_recovery_guards.py::test_recovery_refuses_changed_ready_member_identity"}, {"bytes": 190518, "path": "/tmp/oip-cf1/test_recovery_rechecks_source_0/project-0/recovery-report.json", "sha256": "9e5459f9ff8845e6007790a79552fac5bcd83c17155aa30a370ba9cf5fcab353", "test": "tests/test_cpu_terminal_recovery_guards.py::test_recovery_rechecks_source_after_enumeration_before_settlement"}, {"bytes": 149442, "path": "/tmp/oip-cf1/test_preexisting_stop_never_au0/project-0/recovery-report.json", "sha256": "2c922d1bcbbb139435ba59ce8d03956b9416b8e4db59b3aab2d3a931b860967f", "test": "tests/test_cpu_terminal_recovery_guards.py::test_preexisting_stop_never_authorizes_automatic_settlement[ordinary_stop]"}, {"bytes": 149346, "path": "/tmp/oip-cf1/test_preexisting_stop_never_au1/project-0/recovery-report.json", "sha256": "9a698e758003d4a27313ad0bc6f05b3c52773cda4857dccd7667fed6992aee40", "test": "tests/test_cpu_terminal_recovery_guards.py::test_preexisting_stop_never_authorizes_automatic_settlement[storage_hold]"}, {"bytes": 149508, "path": "/tmp/oip-cf1/test_preexisting_stop_never_au2/project-0/recovery-report.json", "sha256": "4ce03c0f6f342edb8ff19750f4a99c2d064f16a422eba596f8b4438f9f90fd04", "test": "tests/test_cpu_terminal_recovery_guards.py::test_preexisting_stop_never_authorizes_automatic_settlement[masked_storage_hold]"}, {"bytes": 148112, "path": "/tmp/oip-cf1/test_recovery_refuses_unbound_0/project-0/recovery-report.json", "sha256": "0fb0c33a1dd1ab1c82bd50212ad5d39d194be8ebe705fd607b20257c42b6d738", "test": "tests/test_cpu_terminal_recovery_guards.py::test_recovery_refuses_unbound_replication_request_field"}, {"bytes": 148071, "path": "/tmp/oip-cf1/test_recovery_refuses_artifact0/project-0/recovery-report.json", "sha256": "6c8c595217f3f63a9d593dfde6b56269dd200e69d78dcd20e234573c9cf4850d", "test": "tests/test_cpu_terminal_recovery_guards.py::test_recovery_refuses_artifact_root_unrelated_to_published_records"}, {"bytes": 211997, "path": "/tmp/oip-cf1/test_restart_settles_confirmed0/project-0/recovery-report.json", "sha256": "f55074a7b7eb6b4869a3e4d6440bf7e87e0d21ccddc60b21116382a9b4382725", "test": "tests/test_cpu_terminal_settlement_recovery.py::test_restart_settles_confirmed_terminal_without_repeating_original_worker[0]"}, {"bytes": 200431, "path": "/tmp/oip-cf1/test_restart_settles_confirmed1/project-0/recovery-report.json", "sha256": "3d12a013e16769f30df2d44652f7e7dabacbeb8c91b9cad4b1f13d5254b7162a", "test": "tests/test_cpu_terminal_settlement_recovery.py::test_restart_settles_confirmed_terminal_without_repeating_original_worker[7]"}, {"bytes": 126829, "path": "/tmp/oip-cf1/test_real_v2_confirmed_termina0/project-0/recovery-report.json", "sha256": "615c22ccc45326d60eccc8e7f5342e9dc71e2d14a35dbdb597c7226c36dc306d", "test": "tests/test_runtime_lease_recovery.py::test_real_v2_confirmed_terminal_crash_recovers_metadata_only[0]"}, {"bytes": 118418, "path": "/tmp/oip-cf1/test_real_v2_confirmed_termina1/project-0/recovery-report.json", "sha256": "fd22caba4942973b47836c6ce101fed31c4846f872b859af2a6b9c9fc3fc47f2", "test": "tests/test_runtime_lease_recovery.py::test_real_v2_confirmed_terminal_crash_recovers_metadata_only[7]"}, {"bytes": 119651, "path": "/tmp/oip-cf1/test_real_historical_v1_termin0/historical-project/recovery-report.json", "sha256": "7d426483ef74f5eb083baebcd61362a57c087dcf7faf2e8a4b646004bf016a7f", "test": "tests/test_runtime_lease_recovery.py::test_real_historical_v1_terminal_recovers_without_upgrade_or_reexecution"}]
ACCEPTANCE_REPORTS=[{"bytes": 279983, "name": "sorting_default", "path": "/tmp/oip-cf1/acceptance-sorting-default0/acceptance-report.json", "sha256": "b5c714dca981a0bb4296f23faaa6d5b3cf67e905ef4a83ede22fe01f82b99b24"}, {"bytes": 120985, "name": "sorting_counterfactual", "path": "/tmp/oip-cf1/acceptance-sorting-counterfactual0/acceptance-report.json", "sha256": "58948364f15d9d6fcfaf6087c7cde2cb4dd5cfd3250248aed44a60e7fadcef18"}, {"bytes": 274874, "name": "compression_default", "path": "/tmp/oip-cf1/acceptance-compression-default0/acceptance-report.json", "sha256": "e8dd5babdeadbcacace8acf4cf058f6de946cc90edeb3fdd2d83d88a6a244194"}, {"bytes": 120594, "name": "compression_counterfactual", "path": "/tmp/oip-cf1/acceptance-compression-counterfactual0/acceptance-report.json", "sha256": "56ba8f949633eea322ffcfce22c0c36d238593799b750f3c759a626b1be85655"}]

=============================== warnings summary ===============================
../../../../../../home/erik/.local/lib/python3.10/site-packages/_pytest/config/__init__.py:885
  /home/erik/.local/lib/python3.10/site-packages/_pytest/config/__init__.py:885: PytestAssertRewriteWarning: Module already imported so cannot be rewritten; cpu_terminal_recovery_helpers
    self.import_plugin(import_spec)

../../../../../../home/erik/.local/lib/python3.10/site-packages/_pytest/config/__init__.py:885
  /home/erik/.local/lib/python3.10/site-packages/_pytest/config/__init__.py:885: PytestAssertRewriteWarning: Module already imported so cannot be rewritten; examples.holdout.testing
    self.import_plugin(import_spec)

-- Docs: https://docs.pytest.org/en/stable/how-to/capture-warnings.html
=========================== short test summary info ============================
SKIPPED [1] ../core/tests/test_sweeper.py:12: could not import 'orze_pro.engine.role_runner': This is a stub package. Install the real orze-pro via: export ORZE_PRO_KEY='...' && orze run
SKIPPED [1] ../core/tests/test_evolution.py:228: could not import 'orze_pro.agents.code_evolution': This is a stub package. Install the real orze-pro via: export ORZE_PRO_KEY='...' && orze run
SKIPPED [1] ../core/tests/test_evolution.py:239: could not import 'orze_pro.agents.code_evolution': This is a stub package. Install the real orze-pro via: export ORZE_PRO_KEY='...' && orze run
SKIPPED [1] ../core/tests/test_evolution.py:255: could not import 'orze_pro.agents.meta_research': This is a stub package. Install the real orze-pro via: export ORZE_PRO_KEY='...' && orze run
SKIPPED [1] ../core/tests/test_fsm_runner_registry.py:13: could not import 'orze_pro': This is a stub package. Install the real orze-pro via: export ORZE_PRO_KEY='...' && orze run
SKIPPED [1] ../core/tests/test_skill_registry.py:123: orze-pro not installed
SKIPPED [1] ../core/tests/test_skill_registry.py:135: orze-pro not installed
4971 passed, 7 skipped, 2 warnings in 1048.38s (0:17:28)
