........................................................................ [  1%]
........................................................................ [  2%]
........................................................................ [  4%]
........................................................................ [  5%]
........................................................................ [  6%]
........................................................................ [  8%]
........................................................................ [  9%]
........................................................................ [ 11%]
........................................................................ [ 12%]
........................................................................ [ 13%]
........................................................................ [ 15%]
........................................................................ [ 16%]
........................................................................ [ 18%]
........................................................................ [ 19%]
........................................................................ [ 20%]
........................................................................ [ 22%]
........................................................................ [ 23%]
........................................................................ [ 25%]
........................................................................ [ 26%]
........................................................................ [ 27%]
........................................................................ [ 29%]
........................................................................ [ 30%]
........................................................................ [ 31%]
........................................................................ [ 33%]
........................................................................ [ 34%]
........................................................................ [ 36%]
........................................................................ [ 37%]
........................................................................ [ 38%]
........................................................................ [ 40%]
................sss..................................................... [ 41%]
........................................................................ [ 43%]
........................................................................ [ 44%]
........................................................................ [ 45%]
.....................................................................s.. [ 47%]
........................................................................ [ 48%]
........................................................................ [ 50%]
........................................................................ [ 51%]
........................................................................ [ 52%]
........................................................................ [ 54%]
........................................................................ [ 55%]
........................................................................ [ 57%]
........................................................................ [ 58%]
........................................................................ [ 59%]
........................................................................ [ 61%]
........................................................................ [ 62%]
........................................................................ [ 63%]
........................................................................ [ 65%]
........................................................................ [ 66%]
........................................................................ [ 68%]
........................................................................ [ 69%]
........................................................................ [ 70%]
........................................................................ [ 72%]
........................................................................ [ 73%]
........................................................................ [ 75%]
........................................................................ [ 76%]
........................................................................ [ 77%]
........................................................................ [ 79%]
........................................................................ [ 80%]
........................................................................ [ 82%]
........................................................................ [ 83%]
........................................................................ [ 84%]
........................................................................ [ 86%]
........................................................................ [ 87%]
........................................................................ [ 89%]
........................................................................ [ 90%]
........................................................................ [ 91%]
.........................................ss............................. [ 93%]
........................................................................ [ 94%]
........................................................................ [ 95%]
........................................................................ [ 97%]
........................................................................ [ 98%]
.................................................................        [100%]HOLDOUT_REPORTS=[{"bytes": 2507334, "name": "workflow", "path": "/tmp/th-fc1/holdout-workflow0/holdout-report.json", "sha256": "be26613d98c21bc2ff308e9b509746a04696356eb33351ed9908c75dec808214"}, {"bytes": 143045, "name": "boundary", "path": "/tmp/th-fc1/holdout-boundary0/holdout-report.json", "sha256": "c16c22dd288c7181c277556c78b73f3809e2b6a0b83f7ac554ee3fc13097d0a1"}, {"bytes": 143157, "name": "duplicate_id", "path": "/tmp/th-fc1/holdout-duplicate_id0/holdout-report.json", "sha256": "51f464abbfd005d82724c657aec02df0c952c6f979815e709a8f1bda0ccdee6a"}, {"bytes": 144469, "name": "missing_prerequisite", "path": "/tmp/th-fc1/holdout-missing_prerequisite0/holdout-report.json", "sha256": "2f32529951ae36f69d1323087fe5ab7ec45ca6d43627f52eee82a81ef8bf891f"}, {"bytes": 142534, "name": "overload", "path": "/tmp/th-fc1/holdout-overload0/holdout-report.json", "sha256": "f4f40befac9c2fe2047bf8fab15267a6a0c7b3e8f2cad5514830b0e893236afe"}, {"bytes": 141339, "name": "malformed", "path": "/tmp/th-fc1/holdout-malformed0/holdout-report.json", "sha256": "75cacafd955221485b5710574767855868051f57bc8128133ae20352016eff00"}]
CPU_RECOVERY_REPORTS=[{"bytes": 82691, "path": "/tmp/th-fc1/test_real_confirmed_terminal_r0/project-0/recovery-report.json", "sha256": "d878442439c5fa35eaa7c2b6e8e32e0efeeae06c0c91c12c4f3fc47d0f58ea78", "test": "tests/test_cpu_claim_reader_consolidation.py::TestPublicSnapshotRouting::test_real_confirmed_terminal_recovery_uses_required_8k_public_snapshot"}, {"bytes": 104376, "path": "/tmp/th-fc1/test_post_delete_fsync_uncerta0/project-0/recovery-report.json", "sha256": "0b4ff912ab2926b22dc41f44abebd8fee6062bf1cb56445f6a49ffe2b5608c93", "test": "tests/test_cpu_terminal_recovery_barrier.py::test_post_delete_fsync_uncertainty_blocks_fresh_restart_with_zero_bound[effect]"}, {"bytes": 104394, "path": "/tmp/th-fc1/test_post_delete_fsync_uncerta1/project-0/recovery-report.json", "sha256": "fcf49ac1c34b4a4f1604bb0492d869c672f4bad800440d656df21013e7c47f23", "test": "tests/test_cpu_terminal_recovery_barrier.py::test_post_delete_fsync_uncertainty_blocks_fresh_restart_with_zero_bound[recovery]"}, {"bytes": 67282, "path": "/tmp/th-fc1/test_in_progress_denies_alread0/project-0/recovery-report.json", "sha256": "b70773194cdb3d3ecfb54bcf8beebf38db125bd0a971859551f6d6a2b4d98c98", "test": "tests/test_cpu_terminal_recovery_barrier.py::test_in_progress_denies_already_running_peer_admission[reserve]"}, {"bytes": 67282, "path": "/tmp/th-fc1/test_in_progress_denies_alread1/project-0/recovery-report.json", "sha256": "9641984c08efeccc0cc7dee8e0196671fceb98cc34d66dbc742b0443c5cd707f", "test": "tests/test_cpu_terminal_recovery_barrier.py::test_in_progress_denies_already_running_peer_admission[require_permit]"}, {"bytes": 66155, "path": "/tmp/th-fc1/test_two_recovery_consumers_do0/project-0/recovery-report.json", "sha256": "3d9a74e973171d3b03a165fc3f98c1fcd0b2efa9dc2cd6a73ff779ff9f357877", "test": "tests/test_cpu_terminal_recovery_barrier.py::test_two_recovery_consumers_do_not_repeat_settlement_or_poison_owner"}, {"bytes": 66562, "path": "/tmp/th-fc1/test_legal_peer_decision_after0/project-0/recovery-report.json", "sha256": "1c7235bf152471141699eb06eeb772a0682ac997d07c71edc472e30a04337ba3", "test": "tests/test_cpu_terminal_recovery_barrier.py::test_legal_peer_decision_after_complete_commit_preserves_exact_owner_result"}, {"bytes": 102207, "path": "/tmp/th-fc1/test_recovery_transaction_unkn0/project-0/recovery-report.json", "sha256": "c990d02d3a6846ba220a777753e45d2b880e0587fdfed31b9711fabad8bfbccf", "test": "tests/test_cpu_terminal_recovery_barrier.py::test_recovery_transaction_unknown_is_not_an_ordinary_success[IN_PROGRESS-rollback]"}, {"bytes": 104319, "path": "/tmp/th-fc1/test_recovery_transaction_unkn1/project-0/recovery-report.json", "sha256": "60206c62ffac7e6e33b5f5085fed31542dc586ce629a9ebe6c520fc213fd8769", "test": "tests/test_cpu_terminal_recovery_barrier.py::test_recovery_transaction_unknown_is_not_an_ordinary_success[COMPLETE-rollback]"}, {"bytes": 105707, "path": "/tmp/th-fc1/test_recovery_transaction_unkn2/project-0/recovery-report.json", "sha256": "b8536270d6c8c9183beadc9b31af7f40141e936aff4a64e5752580ca7be216a7", "test": "tests/test_cpu_terminal_recovery_barrier.py::test_recovery_transaction_unknown_is_not_an_ordinary_success[COMPLETE-committed_raise]"}, {"bytes": 65237, "path": "/tmp/th-fc1/test_existing_unqualified_gate0/project-0/recovery-report.json", "sha256": "4a4ee787c7655fd3a5d2a01f43c5a8d1ce9014c9aec29f901a71d71fa0c97c98", "test": "tests/test_cpu_terminal_recovery_barrier.py::test_existing_unqualified_gate_owner_is_preserved"}, {"bytes": 65235, "path": "/tmp/th-fc1/test_recovery_refuses_caller_t0/project-0/recovery-report.json", "sha256": "7e993defe9941eb66653e2b3fc2be53a0b649c1ae0c398fc7f93c8530198d033", "test": "tests/test_cpu_terminal_recovery_barrier.py::test_recovery_refuses_caller_transaction_without_consuming_it"}, {"bytes": 66026, "path": "/tmp/th-fc1/test_actual_peer_nonce_replace0/project-0/recovery-report.json", "sha256": "f9a75071668c26d9d3f6c8161c9ac94b605aaae6753e1828ecc9c4b27b8cf3dd", "test": "tests/test_cpu_terminal_recovery_barrier.py::test_actual_peer_nonce_replacement_cannot_be_completed_by_old_owner"}, {"bytes": 314689, "path": "/tmp/th-fc1/test_fresh_cli_resumes_confirm0/domain-project/recovery-report.json", "sha256": "038f4c44fa5ab255931999455ac37b194cb828cdd263e8699a43223e61ad94d2", "test": "tests/test_cpu_terminal_recovery_domain.py::test_fresh_cli_resumes_confirmed_domain_without_reinterpretation[schedule-feasibility-v1-valid]"}, {"bytes": 314625, "path": "/tmp/th-fc1/test_fresh_cli_resumes_confirm1/domain-project/recovery-report.json", "sha256": "eaf7380d52ef0fe102768ab0c985e31965bc7cc6be4c333dfe0f13d2f843aca3", "test": "tests/test_cpu_terminal_recovery_domain.py::test_fresh_cli_resumes_confirmed_domain_without_reinterpretation[schedule-feasibility-v2-invalid]"}, {"bytes": 147753, "path": "/tmp/th-fc1/test_recovery_refuses_changed_0/project-0/recovery-report.json", "sha256": "3ec1b94e3396db3e61ff0d6c0cb77c7813f82417fe8b15e93a73d9f95577b16b", "test": "tests/test_cpu_terminal_recovery_guards.py::test_recovery_refuses_changed_native_binding[origin]"}, {"bytes": 147732, "path": "/tmp/th-fc1/test_recovery_refuses_changed_1/project-0/recovery-report.json", "sha256": "828b259d5aa446953ef2b9b22005d2631ae5171483b4ad132a2aad4a9d0dbc7d", "test": "tests/test_cpu_terminal_recovery_guards.py::test_recovery_refuses_changed_native_binding[kind]"}, {"bytes": 147794, "path": "/tmp/th-fc1/test_recovery_refuses_changed_2/project-0/recovery-report.json", "sha256": "11cf46f7fef024d7eb17b474924702b5005864783ec3d1a8737db81330f7d625", "test": "tests/test_cpu_terminal_recovery_guards.py::test_recovery_refuses_changed_native_binding[resource]"}, {"bytes": 147807, "path": "/tmp/th-fc1/test_recovery_refuses_changed_3/project-0/recovery-report.json", "sha256": "fe361d11266666b70a19ef720ce0ef5760f27926828b56c61dc5a40c75217a6e", "test": "tests/test_cpu_terminal_recovery_guards.py::test_recovery_refuses_changed_native_binding[attempt_ref]"}, {"bytes": 147807, "path": "/tmp/th-fc1/test_recovery_refuses_changed_4/project-0/recovery-report.json", "sha256": "281d04615d98eca1ca7b2133a4c1406a6b38a056edb4d4717063f6af4960df97", "test": "tests/test_cpu_terminal_recovery_guards.py::test_recovery_refuses_changed_native_binding[process_pid]"}, {"bytes": 147825, "path": "/tmp/th-fc1/test_recovery_refuses_changed_5/project-0/recovery-report.json", "sha256": "f896350cea2816a09395b6e835cdc698f35f20d95cf8f4a0bc4436b9a0370206", "test": "tests/test_cpu_terminal_recovery_guards.py::test_recovery_refuses_changed_native_binding[command_sha256]"}, {"bytes": 147837, "path": "/tmp/th-fc1/test_recovery_refuses_changed_6/project-0/recovery-report.json", "sha256": "a8f1354798751b7278c31484dac37bcc7b0e9f51d850601e04cf0241f2152431", "test": "tests/test_cpu_terminal_recovery_guards.py::test_recovery_refuses_changed_native_binding[timeout_seconds]"}, {"bytes": 147767, "path": "/tmp/th-fc1/test_recovery_refuses_changed_7/project-0/recovery-report.json", "sha256": "b0d8ba7b479f90cec0ed0bbc3f60cd89ca293f4c49ab0ecd2bb79c3ee7300dc0", "test": "tests/test_cpu_terminal_recovery_guards.py::test_recovery_refuses_changed_captured_source[database]"}, {"bytes": 147792, "path": "/tmp/th-fc1/test_recovery_refuses_changed_8/project-0/recovery-report.json", "sha256": "bb70856704aa9ced55042fb7f08a4423368354a8a4b73d9da8c47ccfe68d81ef", "test": "tests/test_cpu_terminal_recovery_guards.py::test_recovery_refuses_changed_captured_source[claim_sha256]"}, {"bytes": 147801, "path": "/tmp/th-fc1/test_recovery_refuses_changed_9/project-0/recovery-report.json", "sha256": "5af24851cdd24ff0d159f1036126fd76a7f411079dc123fb2de8704db8564cc8", "test": "tests/test_cpu_terminal_recovery_guards.py::test_recovery_refuses_changed_captured_source[config_sha256]"}, {"bytes": 147993, "path": "/tmp/th-fc1/test_recovery_refuses_changed_10/project-0/recovery-report.json", "sha256": "e30e74d5b81208c9223fa09fd56701d363ad980bccdc89bc33de00b7685f0cf5", "test": "tests/test_cpu_terminal_recovery_guards.py::test_recovery_refuses_changed_current_lifecycle"}, {"bytes": 147823, "path": "/tmp/th-fc1/test_recovery_refuses_rehashed0/project-0/recovery-report.json", "sha256": "02fb11131755fa239d788e353c6a98ff42c2bf359f362f15354ee01c607fc156", "test": "tests/test_cpu_terminal_recovery_guards.py::test_recovery_refuses_rehashed_non_cpu_prepared_plan"}, {"bytes": 147968, "path": "/tmp/th-fc1/test_recovery_refuses_changed_11/project-0/recovery-report.json", "sha256": "bf8fea54fc970637f3a4e935a22c424afe6064ce20efcf2db94c44699da5bc37", "test": "tests/test_cpu_terminal_recovery_guards.py::test_recovery_refuses_changed_catalog_route"}, {"bytes": 148033, "path": "/tmp/th-fc1/test_recovery_refuses_changed_12/project-0/recovery-report.json", "sha256": "422026d5b9aef32c782a97891e7469a51d6b209b7e5db88d76f3183c2418af26", "test": "tests/test_cpu_terminal_recovery_guards.py::test_recovery_refuses_changed_ready_member_identity"}, {"bytes": 190288, "path": "/tmp/th-fc1/test_recovery_rechecks_source_0/project-0/recovery-report.json", "sha256": "8eb26cef93004fdb93524d47cedf02cca443442d1417d79728b809dcbed2d4f9", "test": "tests/test_cpu_terminal_recovery_guards.py::test_recovery_rechecks_source_after_enumeration_before_settlement"}, {"bytes": 149286, "path": "/tmp/th-fc1/test_preexisting_stop_never_au0/project-0/recovery-report.json", "sha256": "52755088f1a07f68358c2594240117903f8f2997a2a6393bf3363f77a8091664", "test": "tests/test_cpu_terminal_recovery_guards.py::test_preexisting_stop_never_authorizes_automatic_settlement[ordinary_stop]"}, {"bytes": 149187, "path": "/tmp/th-fc1/test_preexisting_stop_never_au1/project-0/recovery-report.json", "sha256": "4a3574a6213e9e277c839f2b490decff0c6fbb65409f1803ef0cbc1e97700d25", "test": "tests/test_cpu_terminal_recovery_guards.py::test_preexisting_stop_never_authorizes_automatic_settlement[storage_hold]"}, {"bytes": 149328, "path": "/tmp/th-fc1/test_preexisting_stop_never_au2/project-0/recovery-report.json", "sha256": "4f450a64010af8aaa82c28702d33a94c2bbf8c8f047f65218109c1ddda0bb89d", "test": "tests/test_cpu_terminal_recovery_guards.py::test_preexisting_stop_never_authorizes_automatic_settlement[masked_storage_hold]"}, {"bytes": 147950, "path": "/tmp/th-fc1/test_recovery_refuses_unbound_0/project-0/recovery-report.json", "sha256": "8eb8da9a7a1a03946fb346f376f535bedec80208b5d79ff00f358a099ea14b9f", "test": "tests/test_cpu_terminal_recovery_guards.py::test_recovery_refuses_unbound_replication_request_field"}, {"bytes": 147916, "path": "/tmp/th-fc1/test_recovery_refuses_artifact0/project-0/recovery-report.json", "sha256": "c80069f09b7d23b679e86974be37efca8b6c40ff7d45635d871bb839459c79e6", "test": "tests/test_cpu_terminal_recovery_guards.py::test_recovery_refuses_artifact_root_unrelated_to_published_records"}, {"bytes": 211765, "path": "/tmp/th-fc1/test_restart_settles_confirmed0/project-0/recovery-report.json", "sha256": "4738a549f6e1d92664c19996c926fdd56e9cfd697905f2953680b75b694891ed", "test": "tests/test_cpu_terminal_settlement_recovery.py::test_restart_settles_confirmed_terminal_without_repeating_original_worker[0]"}, {"bytes": 200210, "path": "/tmp/th-fc1/test_restart_settles_confirmed1/project-0/recovery-report.json", "sha256": "c761c3ba75aafc1a7e70904d9bbf0f65cfc4616192df3f7ae57de00a18a82c52", "test": "tests/test_cpu_terminal_settlement_recovery.py::test_restart_settles_confirmed_terminal_without_repeating_original_worker[7]"}, {"bytes": 126664, "path": "/tmp/th-fc1/test_real_v2_confirmed_termina0/project-0/recovery-report.json", "sha256": "28e3c6a00e37cad54982e88c6d6f63ae6fdd87de09311a0f6734ec718521e340", "test": "tests/test_runtime_lease_recovery.py::test_real_v2_confirmed_terminal_crash_recovers_metadata_only[0]"}, {"bytes": 118279, "path": "/tmp/th-fc1/test_real_v2_confirmed_termina1/project-0/recovery-report.json", "sha256": "6f627a8b47dd886151f82cd77e9dd263b9c870634768ce8443554acfbb7930e0", "test": "tests/test_runtime_lease_recovery.py::test_real_v2_confirmed_terminal_crash_recovers_metadata_only[7]"}, {"bytes": 119484, "path": "/tmp/th-fc1/test_real_historical_v1_termin0/historical-project/recovery-report.json", "sha256": "a36ee0fe80d770a435bc34dedaffd53ffcc03c6e769bbf7a4ea52dac9f5a9b83", "test": "tests/test_runtime_lease_recovery.py::test_real_historical_v1_terminal_recovers_without_upgrade_or_reexecution"}]
ACCEPTANCE_REPORTS=[{"bytes": 279648, "name": "sorting_default", "path": "/tmp/th-fc1/acceptance-sorting-default0/acceptance-report.json", "sha256": "dad217e7e10e30b7add9e7f4e5df9b4fff154b564b0557c63983b4e9360837b8"}, {"bytes": 120875, "name": "sorting_counterfactual", "path": "/tmp/th-fc1/acceptance-sorting-counterfactual0/acceptance-report.json", "sha256": "cd0d3a15cca01ded1895ea5e7e2efd8e19ea4baa285d61aea4c03460655a3c3a"}, {"bytes": 274531, "name": "compression_default", "path": "/tmp/th-fc1/acceptance-compression-default0/acceptance-report.json", "sha256": "fbbdaf6326f4d01fb5d975052cc9bd07c6b3c748b1222df865cbcf80b36a8067"}, {"bytes": 120436, "name": "compression_counterfactual", "path": "/tmp/th-fc1/acceptance-compression-counterfactual0/acceptance-report.json", "sha256": "4adcb54bbe6aa90f67e779b5f5aa1a0a61aac1e9116cd17932837a250e96bd5f"}]

=============================== warnings summary ===============================
../../../../../../home/erik/.local/lib/python3.10/site-packages/_pytest/config/__init__.py:885
  /home/erik/.local/lib/python3.10/site-packages/_pytest/config/__init__.py:885: PytestAssertRewriteWarning: Module already imported so cannot be rewritten; cpu_terminal_recovery_helpers
    self.import_plugin(import_spec)

../../../../../../home/erik/.local/lib/python3.10/site-packages/_pytest/config/__init__.py:885
  /home/erik/.local/lib/python3.10/site-packages/_pytest/config/__init__.py:885: PytestAssertRewriteWarning: Module already imported so cannot be rewritten; examples.holdout.testing
    self.import_plugin(import_spec)

-- Docs: https://docs.pytest.org/en/stable/how-to/capture-warnings.html
=========================== short test summary info ============================
SKIPPED [1] ../core/tests/test_sweeper.py:12: could not import 'orze_pro.engine.role_runner': This is a stub package. Install the real orze-pro via: export ORZE_PRO_KEY='...' && orze run
SKIPPED [1] ../core/tests/test_evolution.py:228: could not import 'orze_pro.agents.code_evolution': This is a stub package. Install the real orze-pro via: export ORZE_PRO_KEY='...' && orze run
SKIPPED [1] ../core/tests/test_evolution.py:239: could not import 'orze_pro.agents.code_evolution': This is a stub package. Install the real orze-pro via: export ORZE_PRO_KEY='...' && orze run
SKIPPED [1] ../core/tests/test_evolution.py:255: could not import 'orze_pro.agents.meta_research': This is a stub package. Install the real orze-pro via: export ORZE_PRO_KEY='...' && orze run
SKIPPED [1] ../core/tests/test_fsm_runner_registry.py:13: could not import 'orze_pro': This is a stub package. Install the real orze-pro via: export ORZE_PRO_KEY='...' && orze run
SKIPPED [1] ../core/tests/test_skill_registry.py:123: orze-pro not installed
SKIPPED [1] ../core/tests/test_skill_registry.py:135: orze-pro not installed
5171 passed, 7 skipped, 2 warnings in 1133.77s (0:18:53)
