........................................................................ [  1%]
........................................................................ [  2%]
........................................................................ [  4%]
........................................................................ [  5%]
........................................................................ [  7%]
........................................................................ [  8%]
........................................................................ [  9%]
........................................................................ [ 11%]
........................................................................ [ 12%]
........................................................................ [ 14%]
........................................................................ [ 15%]
........................................................................ [ 17%]
........................................................................ [ 18%]
........................................................................ [ 19%]
........................................................................ [ 21%]
........................................................................ [ 22%]
........................................................................ [ 24%]
........................................................................ [ 25%]
........................................................................ [ 27%]
........................................................................ [ 28%]
........................................................................ [ 29%]
........................................................................ [ 31%]
........................................................................ [ 32%]
........................................................................ [ 34%]
........................................................................ [ 35%]
........................................................................ [ 37%]
........................................................................ [ 38%]
........................................................................ [ 39%]
........................................................................ [ 41%]
................sss..................................................... [ 42%]
........................................................................ [ 44%]
........................................................................ [ 45%]
........................................................................ [ 47%]
.....................................................................s.. [ 48%]
........................................................................ [ 49%]
........................................................................ [ 51%]
........................................................................ [ 52%]
........................................................................ [ 54%]
........................................................................ [ 55%]
........................................................................ [ 56%]
........................................................................ [ 58%]
........................................................................ [ 59%]
........................................................................ [ 61%]
........................................................................ [ 62%]
........................................................................ [ 64%]
........................................................................ [ 65%]
........................................................................ [ 66%]
........................................................................ [ 68%]
........................................................................ [ 69%]
........................................................................ [ 71%]
........................................................................ [ 72%]
........................................................................ [ 74%]
........................................................................ [ 75%]
........................................................................ [ 76%]
........................................................................ [ 78%]
........................................................................ [ 79%]
........................................................................ [ 81%]
........................................................................ [ 82%]
........................................................................ [ 84%]
........................................................................ [ 85%]
........................................................................ [ 86%]
........................................................................ [ 88%]
........................................................................ [ 89%]
........................................................................ [ 91%]
.............................................................ss......... [ 92%]
........................................................................ [ 94%]
........................................................................ [ 95%]
........................................................................ [ 96%]
........................................................................ [ 98%]
........................................................................ [ 99%]
.............                                                            [100%]HOLDOUT_REPORTS=[{"bytes": 2510193, "name": "workflow", "path": "/tmp/ihw-cf1/holdout-workflow0/holdout-report.json", "sha256": "c6610ab0435b620a62442e5a1c5b98b3e00f8a10c925bed802ad75aa1bf07d35"}, {"bytes": 143184, "name": "boundary", "path": "/tmp/ihw-cf1/holdout-boundary0/holdout-report.json", "sha256": "3a199d31ad75247bede4c7bcbe2e481ba0c21952228cd3be2c1c787b121463ed"}, {"bytes": 143292, "name": "duplicate_id", "path": "/tmp/ihw-cf1/holdout-duplicate_id0/holdout-report.json", "sha256": "764af3c296f6dd6612cc9f3f9b6df16816926772f22169dd8712d05e42b85f21"}, {"bytes": 144621, "name": "missing_prerequisite", "path": "/tmp/ihw-cf1/holdout-missing_prerequisite0/holdout-report.json", "sha256": "37cf5cb40948942402a0105aa2cddcbaa677fa2a83a012bf5629f2aa571dbfef"}, {"bytes": 142680, "name": "overload", "path": "/tmp/ihw-cf1/holdout-overload0/holdout-report.json", "sha256": "dc5de7ac05c570efd7ddbbeafa355eac8e52e6ef2c4a4d19f80d3f4f6d8a9da9"}, {"bytes": 141490, "name": "malformed", "path": "/tmp/ihw-cf1/holdout-malformed0/holdout-report.json", "sha256": "62d7538c7820f9948248738a0b028e89b78fc8978c8794b60d4a2e02175c8b99"}]
CPU_RECOVERY_REPORTS=[{"bytes": 82783, "path": "/tmp/ihw-cf1/test_real_confirmed_terminal_r0/project-0/recovery-report.json", "sha256": "e9d8a8c945776ff8c09ce3107b0ae876ec18d2921689a390b3e1dedfd9c517ab", "test": "tests/test_cpu_claim_reader_consolidation.py::TestPublicSnapshotRouting::test_real_confirmed_terminal_recovery_uses_required_8k_public_snapshot"}, {"bytes": 104506, "path": "/tmp/ihw-cf1/test_post_delete_fsync_uncerta0/project-0/recovery-report.json", "sha256": "fabc3e21f488df2615a55b75a743b52a976dece596d0b8de495b0d762644907c", "test": "tests/test_cpu_terminal_recovery_barrier.py::test_post_delete_fsync_uncertainty_blocks_fresh_restart_with_zero_bound[effect]"}, {"bytes": 104515, "path": "/tmp/ihw-cf1/test_post_delete_fsync_uncerta1/project-0/recovery-report.json", "sha256": "d6b342938847079ca89b198fb96cf0524e904037a79715e22d2fc724e75b17ad", "test": "tests/test_cpu_terminal_recovery_barrier.py::test_post_delete_fsync_uncertainty_blocks_fresh_restart_with_zero_bound[recovery]"}, {"bytes": 67356, "path": "/tmp/ihw-cf1/test_in_progress_denies_alread0/project-0/recovery-report.json", "sha256": "0043a78e7decb368dc8332ac614ee6d80f1f8adbe8eabe24f94e12567b7d53b7", "test": "tests/test_cpu_terminal_recovery_barrier.py::test_in_progress_denies_already_running_peer_admission[reserve]"}, {"bytes": 67353, "path": "/tmp/ihw-cf1/test_in_progress_denies_alread1/project-0/recovery-report.json", "sha256": "9efb28043f888a0c287b17c7f69342e8e24810b78077b8c2864e67525243301b", "test": "tests/test_cpu_terminal_recovery_barrier.py::test_in_progress_denies_already_running_peer_admission[require_permit]"}, {"bytes": 66228, "path": "/tmp/ihw-cf1/test_two_recovery_consumers_do0/project-0/recovery-report.json", "sha256": "b2938721bc84a74ffe7addafeede9ee3aad512ce96981720b17ec574a72f71dd", "test": "tests/test_cpu_terminal_recovery_barrier.py::test_two_recovery_consumers_do_not_repeat_settlement_or_poison_owner"}, {"bytes": 66633, "path": "/tmp/ihw-cf1/test_legal_peer_decision_after0/project-0/recovery-report.json", "sha256": "68b5a9cfe10909ea0df7e3d1ea83f65d35283edb32b7ce6c8f6005c316e9e5c1", "test": "tests/test_cpu_terminal_recovery_barrier.py::test_legal_peer_decision_after_complete_commit_preserves_exact_owner_result"}, {"bytes": 102315, "path": "/tmp/ihw-cf1/test_recovery_transaction_unkn0/project-0/recovery-report.json", "sha256": "0f19a6a908839ab1bde008a971035eaddec15e040290820cd3ed2cb75248306a", "test": "tests/test_cpu_terminal_recovery_barrier.py::test_recovery_transaction_unknown_is_not_an_ordinary_success[IN_PROGRESS-rollback]"}, {"bytes": 104441, "path": "/tmp/ihw-cf1/test_recovery_transaction_unkn1/project-0/recovery-report.json", "sha256": "eebd6ee4e216f4367badd69a02c6572167d44f7aebbb843bb92d65d6856a0597", "test": "tests/test_cpu_terminal_recovery_barrier.py::test_recovery_transaction_unknown_is_not_an_ordinary_success[COMPLETE-rollback]"}, {"bytes": 105842, "path": "/tmp/ihw-cf1/test_recovery_transaction_unkn2/project-0/recovery-report.json", "sha256": "06391e48d3bae86b5b4bf2af2f7952d979f604d5381e29fd4b9d3cb366d631a6", "test": "tests/test_cpu_terminal_recovery_barrier.py::test_recovery_transaction_unknown_is_not_an_ordinary_success[COMPLETE-committed_raise]"}, {"bytes": 65307, "path": "/tmp/ihw-cf1/test_existing_unqualified_gate0/project-0/recovery-report.json", "sha256": "bfb0c54945a0ff1ee0ccb48dca311fb448decda98e3f1c8ee965f8c6e3eba417", "test": "tests/test_cpu_terminal_recovery_barrier.py::test_existing_unqualified_gate_owner_is_preserved"}, {"bytes": 65304, "path": "/tmp/ihw-cf1/test_recovery_refuses_caller_t0/project-0/recovery-report.json", "sha256": "de752c1171fac85b8aed822835d642d785415c892a2345f241ef206c868f7c8a", "test": "tests/test_cpu_terminal_recovery_barrier.py::test_recovery_refuses_caller_transaction_without_consuming_it"}, {"bytes": 66099, "path": "/tmp/ihw-cf1/test_actual_peer_nonce_replace0/project-0/recovery-report.json", "sha256": "130ceaf0044d8a9363a366ed68b169b23d88ff0af006035cd4c0c46585ebfeb2", "test": "tests/test_cpu_terminal_recovery_barrier.py::test_actual_peer_nonce_replacement_cannot_be_completed_by_old_owner"}, {"bytes": 315032, "path": "/tmp/ihw-cf1/test_fresh_cli_resumes_confirm0/domain-project/recovery-report.json", "sha256": "801767911bac8eb4acbf2538646d9d7923da51e538ced1bb1b0b7c1dc7987460", "test": "tests/test_cpu_terminal_recovery_domain.py::test_fresh_cli_resumes_confirmed_domain_without_reinterpretation[schedule-feasibility-v1-valid]"}, {"bytes": 314985, "path": "/tmp/ihw-cf1/test_fresh_cli_resumes_confirm1/domain-project/recovery-report.json", "sha256": "6c0122f51e23533fc56cd389a4b59cbc1713d9e56f9772f30d4dc3a2a87ff852", "test": "tests/test_cpu_terminal_recovery_domain.py::test_fresh_cli_resumes_confirmed_domain_without_reinterpretation[schedule-feasibility-v2-invalid]"}, {"bytes": 147905, "path": "/tmp/ihw-cf1/test_recovery_refuses_changed_0/project-0/recovery-report.json", "sha256": "3479a7c8cd23eab04d8ad4f6059433e0218c902c2ccd9c77784748504fa5a1c6", "test": "tests/test_cpu_terminal_recovery_guards.py::test_recovery_refuses_changed_native_binding[origin]"}, {"bytes": 147858, "path": "/tmp/ihw-cf1/test_recovery_refuses_changed_1/project-0/recovery-report.json", "sha256": "5e89c9d19e8b99a117dea0440dee67f041d580f1830ba30c7886a71cb9ee0f72", "test": "tests/test_cpu_terminal_recovery_guards.py::test_recovery_refuses_changed_native_binding[kind]"}, {"bytes": 147934, "path": "/tmp/ihw-cf1/test_recovery_refuses_changed_2/project-0/recovery-report.json", "sha256": "bf33219823e0f275ef03e287743443e3802c8edd803419e1f49c384fc3fbb517", "test": "tests/test_cpu_terminal_recovery_guards.py::test_recovery_refuses_changed_native_binding[resource]"}, {"bytes": 147966, "path": "/tmp/ihw-cf1/test_recovery_refuses_changed_3/project-0/recovery-report.json", "sha256": "7e02eb9e15be7827c72cf29f0523f19348404c862dc44f5a26bd9767100380b2", "test": "tests/test_cpu_terminal_recovery_guards.py::test_recovery_refuses_changed_native_binding[attempt_ref]"}, {"bytes": 147962, "path": "/tmp/ihw-cf1/test_recovery_refuses_changed_4/project-0/recovery-report.json", "sha256": "a608c2ee6ea8a02f6690d2d4e8b1f8a6aaebb022071b56f5184d0ed4c6c81592", "test": "tests/test_cpu_terminal_recovery_guards.py::test_recovery_refuses_changed_native_binding[process_pid]"}, {"bytes": 147992, "path": "/tmp/ihw-cf1/test_recovery_refuses_changed_5/project-0/recovery-report.json", "sha256": "1e897eb8b6b5953ba7eeb888107d52c477103579e35cfac4a591aa11ea25a564", "test": "tests/test_cpu_terminal_recovery_guards.py::test_recovery_refuses_changed_native_binding[command_sha256]"}, {"bytes": 147991, "path": "/tmp/ihw-cf1/test_recovery_refuses_changed_6/project-0/recovery-report.json", "sha256": "223e5f2746591bc8cce2eccabf1c3bae21e987c41e953428cd8f6c098a2639eb", "test": "tests/test_cpu_terminal_recovery_guards.py::test_recovery_refuses_changed_native_binding[timeout_seconds]"}, {"bytes": 147926, "path": "/tmp/ihw-cf1/test_recovery_refuses_changed_7/project-0/recovery-report.json", "sha256": "d9e027896618d0b8c4e273c4706f311a1bec59bcf229a83efa69607be3fdc246", "test": "tests/test_cpu_terminal_recovery_guards.py::test_recovery_refuses_changed_captured_source[database]"}, {"bytes": 147948, "path": "/tmp/ihw-cf1/test_recovery_refuses_changed_8/project-0/recovery-report.json", "sha256": "c7573d089faedc40f2ca00ba9a273ae19691b916d96c21d8399b3a74d3f0f6e4", "test": "tests/test_cpu_terminal_recovery_guards.py::test_recovery_refuses_changed_captured_source[claim_sha256]"}, {"bytes": 147970, "path": "/tmp/ihw-cf1/test_recovery_refuses_changed_9/project-0/recovery-report.json", "sha256": "7c9631ef2ee23e3a397554f89abe90c86ec43a3fbf29df5e2e03c7d144c97a31", "test": "tests/test_cpu_terminal_recovery_guards.py::test_recovery_refuses_changed_captured_source[config_sha256]"}, {"bytes": 148146, "path": "/tmp/ihw-cf1/test_recovery_refuses_changed_10/project-0/recovery-report.json", "sha256": "1876573146a48f4dc24e6c211afbf0286268e5e61aea6b10f7e2d7bd8eeef260", "test": "tests/test_cpu_terminal_recovery_guards.py::test_recovery_refuses_changed_current_lifecycle"}, {"bytes": 147997, "path": "/tmp/ihw-cf1/test_recovery_refuses_rehashed0/project-0/recovery-report.json", "sha256": "e7bc4aaaa1d5d8843ae9332421198c26467531da1f99243c035032379058881c", "test": "tests/test_cpu_terminal_recovery_guards.py::test_recovery_refuses_rehashed_non_cpu_prepared_plan"}, {"bytes": 148146, "path": "/tmp/ihw-cf1/test_recovery_refuses_changed_11/project-0/recovery-report.json", "sha256": "0498960665ea5fd078c11c391db0f871a88f1bcc50a809e451d348c6f593c6f1", "test": "tests/test_cpu_terminal_recovery_guards.py::test_recovery_refuses_changed_catalog_route"}, {"bytes": 148205, "path": "/tmp/ihw-cf1/test_recovery_refuses_changed_12/project-0/recovery-report.json", "sha256": "de54d4367752b6a4c42bae51f6d7d38f63480f54fc8ff8538b27cc91bc4f4b75", "test": "tests/test_cpu_terminal_recovery_guards.py::test_recovery_refuses_changed_ready_member_identity"}, {"bytes": 190516, "path": "/tmp/ihw-cf1/test_recovery_rechecks_source_0/project-0/recovery-report.json", "sha256": "4f7fdf1e25ff737a8b19222838e8861a855007276a2efcfeae84f6376328c07d", "test": "tests/test_cpu_terminal_recovery_guards.py::test_recovery_rechecks_source_after_enumeration_before_settlement"}, {"bytes": 149439, "path": "/tmp/ihw-cf1/test_preexisting_stop_never_au0/project-0/recovery-report.json", "sha256": "fe71194366c86b0064c36c46321f245e43d85ac656c0218c644c974dae2652f3", "test": "tests/test_cpu_terminal_recovery_guards.py::test_preexisting_stop_never_authorizes_automatic_settlement[ordinary_stop]"}, {"bytes": 149337, "path": "/tmp/ihw-cf1/test_preexisting_stop_never_au1/project-0/recovery-report.json", "sha256": "4d53a1ce52f0f55af30a72ac99be7c583f93949093beab0a95b1345ec29c3bc9", "test": "tests/test_cpu_terminal_recovery_guards.py::test_preexisting_stop_never_authorizes_automatic_settlement[storage_hold]"}, {"bytes": 149506, "path": "/tmp/ihw-cf1/test_preexisting_stop_never_au2/project-0/recovery-report.json", "sha256": "5df6893bfdb882840cb72cab23a036d394d9f6357f5e745ae1fc8f6e1b1640d1", "test": "tests/test_cpu_terminal_recovery_guards.py::test_preexisting_stop_never_authorizes_automatic_settlement[masked_storage_hold]"}, {"bytes": 148107, "path": "/tmp/ihw-cf1/test_recovery_refuses_unbound_0/project-0/recovery-report.json", "sha256": "47992c123b947e47df14286b6ba24970df501b6f76f184a8d5b1e209ef3b31a1", "test": "tests/test_cpu_terminal_recovery_guards.py::test_recovery_refuses_unbound_replication_request_field"}, {"bytes": 148055, "path": "/tmp/ihw-cf1/test_recovery_refuses_artifact0/project-0/recovery-report.json", "sha256": "e8e8ad12cce56d074934853eb0bd04cff56f91ede86c4f6ff24fbec5130e33b4", "test": "tests/test_cpu_terminal_recovery_guards.py::test_recovery_refuses_artifact_root_unrelated_to_published_records"}, {"bytes": 211980, "path": "/tmp/ihw-cf1/test_restart_settles_confirmed0/project-0/recovery-report.json", "sha256": "0f90fb4108ae9d35030aac1b242fa1e0f41558c7228f92a89b8d5b43eb173882", "test": "tests/test_cpu_terminal_settlement_recovery.py::test_restart_settles_confirmed_terminal_without_repeating_original_worker[0]"}, {"bytes": 200408, "path": "/tmp/ihw-cf1/test_restart_settles_confirmed1/project-0/recovery-report.json", "sha256": "a1954f783b501e9649134db4d56b3762a9ce688105aab83f8574ac15ba91e720", "test": "tests/test_cpu_terminal_settlement_recovery.py::test_restart_settles_confirmed_terminal_without_repeating_original_worker[7]"}, {"bytes": 126810, "path": "/tmp/ihw-cf1/test_real_v2_confirmed_termina0/project-0/recovery-report.json", "sha256": "09b078ec9425791be2af6df4e36fe5e351311d218166f6a71bcab50f72e5ea9f", "test": "tests/test_runtime_lease_recovery.py::test_real_v2_confirmed_terminal_crash_recovers_metadata_only[0]"}, {"bytes": 118414, "path": "/tmp/ihw-cf1/test_real_v2_confirmed_termina1/project-0/recovery-report.json", "sha256": "0281d4a8947cc2364e52171c4e610d7c050820ad2bbcb665287bb94d4156e96f", "test": "tests/test_runtime_lease_recovery.py::test_real_v2_confirmed_terminal_crash_recovers_metadata_only[7]"}, {"bytes": 119650, "path": "/tmp/ihw-cf1/test_real_historical_v1_termin0/historical-project/recovery-report.json", "sha256": "d5560189f224d6339590f25ed2bf49b2e17b802f4faff376aa45f207ac3662bf", "test": "tests/test_runtime_lease_recovery.py::test_real_historical_v1_terminal_recovers_without_upgrade_or_reexecution"}]
ACCEPTANCE_REPORTS=[{"bytes": 279993, "name": "sorting_default", "path": "/tmp/ihw-cf1/acceptance-sorting-default0/acceptance-report.json", "sha256": "cc3b92be534bf1f01a5b01ef50bfb9b00a68bddf1e79ae38be5cac3fd1dda1bd"}, {"bytes": 121005, "name": "sorting_counterfactual", "path": "/tmp/ihw-cf1/acceptance-sorting-counterfactual0/acceptance-report.json", "sha256": "c0bc70de9646ae61bfad9339e8eb4d0ff03ee54c107662e50eedde92219eaac9"}, {"bytes": 274868, "name": "compression_default", "path": "/tmp/ihw-cf1/acceptance-compression-default0/acceptance-report.json", "sha256": "72c4725c67ddd3601cb36dc91acb26599414aa9652aa83cb329e23f5c28a7ec2"}, {"bytes": 120600, "name": "compression_counterfactual", "path": "/tmp/ihw-cf1/acceptance-compression-counterfactual0/acceptance-report.json", "sha256": "c9a7dff6f555e601fad7eecae135b89d73eaa76e451a2aaa6821d56fcea91f91"}]

=============================== warnings summary ===============================
../../../../../../home/erik/.local/lib/python3.10/site-packages/_pytest/config/__init__.py:885
  /home/erik/.local/lib/python3.10/site-packages/_pytest/config/__init__.py:885: PytestAssertRewriteWarning: Module already imported so cannot be rewritten; cpu_terminal_recovery_helpers
    self.import_plugin(import_spec)

../../../../../../home/erik/.local/lib/python3.10/site-packages/_pytest/config/__init__.py:885
  /home/erik/.local/lib/python3.10/site-packages/_pytest/config/__init__.py:885: PytestAssertRewriteWarning: Module already imported so cannot be rewritten; examples.holdout.testing
    self.import_plugin(import_spec)

-- Docs: https://docs.pytest.org/en/stable/how-to/capture-warnings.html
=========================== short test summary info ============================
SKIPPED [1] ../core/tests/test_sweeper.py:12: could not import 'orze_pro.engine.role_runner': This is a stub package. Install the real orze-pro via: export ORZE_PRO_KEY='...' && orze run
SKIPPED [1] ../core/tests/test_evolution.py:228: could not import 'orze_pro.agents.code_evolution': This is a stub package. Install the real orze-pro via: export ORZE_PRO_KEY='...' && orze run
SKIPPED [1] ../core/tests/test_evolution.py:239: could not import 'orze_pro.agents.code_evolution': This is a stub package. Install the real orze-pro via: export ORZE_PRO_KEY='...' && orze run
SKIPPED [1] ../core/tests/test_evolution.py:255: could not import 'orze_pro.agents.meta_research': This is a stub package. Install the real orze-pro via: export ORZE_PRO_KEY='...' && orze run
SKIPPED [1] ../core/tests/test_fsm_runner_registry.py:13: could not import 'orze_pro': This is a stub package. Install the real orze-pro via: export ORZE_PRO_KEY='...' && orze run
SKIPPED [1] ../core/tests/test_skill_registry.py:123: orze-pro not installed
SKIPPED [1] ../core/tests/test_skill_registry.py:135: orze-pro not installed
5047 passed, 7 skipped, 2 warnings in 1072.74s (0:17:52)
