...F...F                                                                 [100%]
=================================== FAILURES ===================================
______ test_model_command_must_match_the_observed_process_binding[valid] _______
tests/test_research_campaign.py:181: in test_model_command_must_match_the_observed_process_binding
    assert check.returncode == 0, check.stderr
E   AssertionError: Traceback (most recent call last):
E       File "<string>", line 11, in <module>
E     AssertionError: changed model command was accepted as the frozen model
E     
E   assert 1 == 0
E    +  where 1 = CompletedProcess(args=['/usr/bin/python3', '-c', "import json,sys\nfrom pathlib import Path\nfrom examples.research_co...):\n  File "<string>", line 11, in <module>\nAssertionError: changed model command was accepted as the frozen model\n').returncode
_____ test_model_command_must_match_the_observed_process_binding[invalid] ______
tests/test_research_campaign.py:181: in test_model_command_must_match_the_observed_process_binding
    assert check.returncode == 0, check.stderr
E   AssertionError: Traceback (most recent call last):
E       File "<string>", line 11, in <module>
E     AssertionError: changed model command was accepted as the frozen model
E     
E   assert 1 == 0
E    +  where 1 = CompletedProcess(args=['/usr/bin/python3', '-c', "import json,sys\nfrom pathlib import Path\nfrom examples.research_co...):\n  File "<string>", line 11, in <module>\nAssertionError: changed model command was accepted as the frozen model\n').returncode
=========================== short test summary info ============================
FAILED tests/test_research_campaign.py::test_model_command_must_match_the_observed_process_binding[valid]
FAILED tests/test_research_campaign.py::test_model_command_must_match_the_observed_process_binding[invalid]
2 failed, 6 passed in 14.94s
