........................................................................ [  1%]
........................................................................ [  2%]
........................................................................ [  4%]
........................................................................ [  5%]
........................................................................ [  7%]
........................................................................ [  8%]
........................................................................ [ 10%]
........................................................................ [ 11%]
........................................................................ [ 12%]
........................................................................ [ 14%]
........................................................................ [ 15%]
........................................................................ [ 17%]
........................................................................ [ 18%]
........................................................................ [ 20%]
........................................................................ [ 21%]
........................................................................ [ 23%]
........................................................................ [ 24%]
........................................................................ [ 25%]
........................................................................ [ 27%]
........................................................................ [ 28%]
........................................................................ [ 30%]
........................................................................ [ 31%]
........................................................................ [ 33%]
........................................................................ [ 34%]
........................................................................ [ 36%]
........................................................................ [ 37%]
........................................................................ [ 38%]
........................................................................ [ 40%]
........................................................................ [ 41%]
................sss..................................................... [ 43%]
........................................................................ [ 44%]
........................................................................ [ 46%]
........................................................................ [ 47%]
............................s........................................... [ 49%]
........................................................................ [ 50%]
........................................................................ [ 51%]
........................................................................ [ 53%]
........................................................................ [ 54%]
........................................................................ [ 56%]
........................................................................ [ 57%]
........................................................................ [ 59%]
........................................................................ [ 60%]
........................................................................ [ 62%]
........................................................................ [ 63%]
........................................................................ [ 64%]
........................................................................ [ 66%]
........................................................................ [ 67%]
........................................................................ [ 69%]
........................................................................ [ 70%]
........................................................................ [ 72%]
........................................................................ [ 73%]
........................................................................ [ 75%]
........................................................................ [ 76%]
........................................................................ [ 77%]
........................................................................ [ 79%]
........................................................................ [ 80%]
........................................................................ [ 82%]
........................................................................ [ 83%]
........................................................................ [ 85%]
........................................................................ [ 86%]
........................................................................ [ 88%]
........................................................................ [ 89%]
........................................................................ [ 90%]
.....................................................................ss. [ 92%]
........................................................................ [ 93%]
........................................................................ [ 95%]
........................................................................ [ 96%]
........................................................................ [ 98%]
........................................................................ [ 99%]
.....................                                                    [100%]HOLDOUT_REPORTS=[{"bytes": 2510238, "name": "workflow", "path": "/tmp/osw-cf1/holdout-workflow0/holdout-report.json", "sha256": "9f7daccb9fac7d09b4ed9aa473b497fda941079b4fd2a4d61b4c62220b6507ce"}, {"bytes": 143180, "name": "boundary", "path": "/tmp/osw-cf1/holdout-boundary0/holdout-report.json", "sha256": "bbe10660269198266f1413be666bbab61c5e7cf0cfbcba01e777d47277af72b5"}, {"bytes": 143309, "name": "duplicate_id", "path": "/tmp/osw-cf1/holdout-duplicate_id0/holdout-report.json", "sha256": "6b15bfc81f23ce52df1e8162e274ebf6b06335d8cb6c5c58950491dd67997afe"}, {"bytes": 144619, "name": "missing_prerequisite", "path": "/tmp/osw-cf1/holdout-missing_prerequisite0/holdout-report.json", "sha256": "9b2df65ee02c947a7cb8d9f6e74516cf4e33b931e3079440a1410f0dbe3e6fd5"}, {"bytes": 142698, "name": "overload", "path": "/tmp/osw-cf1/holdout-overload0/holdout-report.json", "sha256": "dc66a740459c646c01b5dcce500aba4e28c4b6a56b9b5f0b7d83fc1d3b482f8b"}, {"bytes": 141499, "name": "malformed", "path": "/tmp/osw-cf1/holdout-malformed0/holdout-report.json", "sha256": "0e382261916d90018334a1720d9bb6b3fb2802c6175229ea40674f2804baabab"}]
CPU_RECOVERY_REPORTS=[{"bytes": 82778, "path": "/tmp/osw-cf1/test_real_confirmed_terminal_r0/project-0/recovery-report.json", "sha256": "4958c1f508602bed97d55711eea15910ff23624011fc068e4cd4aa6a22e0b8b8", "test": "tests/test_cpu_claim_reader_consolidation.py::TestPublicSnapshotRouting::test_real_confirmed_terminal_recovery_uses_required_8k_public_snapshot"}, {"bytes": 104524, "path": "/tmp/osw-cf1/test_post_delete_fsync_uncerta0/project-0/recovery-report.json", "sha256": "6e35e1e3c6ee8b59057b32fce9a6dd7ee255b16d24f5e93fd6680d941baa3ccf", "test": "tests/test_cpu_terminal_recovery_barrier.py::test_post_delete_fsync_uncertainty_blocks_fresh_restart_with_zero_bound[effect]"}, {"bytes": 104537, "path": "/tmp/osw-cf1/test_post_delete_fsync_uncerta1/project-0/recovery-report.json", "sha256": "5fd8e4fcdcf6dace99bdf4c2b4f0690841dfe1a1186593bb1c9445b4765a2321", "test": "tests/test_cpu_terminal_recovery_barrier.py::test_post_delete_fsync_uncertainty_blocks_fresh_restart_with_zero_bound[recovery]"}, {"bytes": 67368, "path": "/tmp/osw-cf1/test_in_progress_denies_alread0/project-0/recovery-report.json", "sha256": "e1ac6d37681c4186d42ba506e4c704e70cb08e1654b828c47863071260cb5f88", "test": "tests/test_cpu_terminal_recovery_barrier.py::test_in_progress_denies_already_running_peer_admission[reserve]"}, {"bytes": 67361, "path": "/tmp/osw-cf1/test_in_progress_denies_alread1/project-0/recovery-report.json", "sha256": "72c70b63be606e57faa84ecd391d97c742dc2f384e6d82dc0bd54b2f1e2fc989", "test": "tests/test_cpu_terminal_recovery_barrier.py::test_in_progress_denies_already_running_peer_admission[require_permit]"}, {"bytes": 66231, "path": "/tmp/osw-cf1/test_two_recovery_consumers_do0/project-0/recovery-report.json", "sha256": "d5ad58dce2ac645f056417fe08c91648a5de9e8958e631d0ea10d721bbfc7f0b", "test": "tests/test_cpu_terminal_recovery_barrier.py::test_two_recovery_consumers_do_not_repeat_settlement_or_poison_owner"}, {"bytes": 66649, "path": "/tmp/osw-cf1/test_legal_peer_decision_after0/project-0/recovery-report.json", "sha256": "9a3c82aa274af1171e7d034d4ce009707e98066a0d65ca45973cc983c051bda5", "test": "tests/test_cpu_terminal_recovery_barrier.py::test_legal_peer_decision_after_complete_commit_preserves_exact_owner_result"}, {"bytes": 102323, "path": "/tmp/osw-cf1/test_recovery_transaction_unkn0/project-0/recovery-report.json", "sha256": "0cf431a9804cf4a71c37770a55d0397bfd2dcb5f761fed3090f617c0bb49f826", "test": "tests/test_cpu_terminal_recovery_barrier.py::test_recovery_transaction_unknown_is_not_an_ordinary_success[IN_PROGRESS-rollback]"}, {"bytes": 104459, "path": "/tmp/osw-cf1/test_recovery_transaction_unkn1/project-0/recovery-report.json", "sha256": "925788f4f4ed67c9adb6b99678d91a9cb121dab0b2b3e285eaa0bd5d474dbdcf", "test": "tests/test_cpu_terminal_recovery_barrier.py::test_recovery_transaction_unknown_is_not_an_ordinary_success[COMPLETE-rollback]"}, {"bytes": 105843, "path": "/tmp/osw-cf1/test_recovery_transaction_unkn2/project-0/recovery-report.json", "sha256": "eefe75defaf581536a00d4ed95015555a82eac8c3d69c423e768f22adab1de04", "test": "tests/test_cpu_terminal_recovery_barrier.py::test_recovery_transaction_unknown_is_not_an_ordinary_success[COMPLETE-committed_raise]"}, {"bytes": 65318, "path": "/tmp/osw-cf1/test_existing_unqualified_gate0/project-0/recovery-report.json", "sha256": "699c40c0623e993e3b14eac6991a9c4f1b5974e09960bf61d787ddaf3f8d4f23", "test": "tests/test_cpu_terminal_recovery_barrier.py::test_existing_unqualified_gate_owner_is_preserved"}, {"bytes": 65301, "path": "/tmp/osw-cf1/test_recovery_refuses_caller_t0/project-0/recovery-report.json", "sha256": "c388968fb022726f85d243e56f379502230fb85a7a9bf49a31eaa93330a50758", "test": "tests/test_cpu_terminal_recovery_barrier.py::test_recovery_refuses_caller_transaction_without_consuming_it"}, {"bytes": 66111, "path": "/tmp/osw-cf1/test_actual_peer_nonce_replace0/project-0/recovery-report.json", "sha256": "e69fa6054e2b5bf3cdfda8f36701627b0c6285ee91b02152d9315ac841da6f16", "test": "tests/test_cpu_terminal_recovery_barrier.py::test_actual_peer_nonce_replacement_cannot_be_completed_by_old_owner"}, {"bytes": 315059, "path": "/tmp/osw-cf1/test_fresh_cli_resumes_confirm0/domain-project/recovery-report.json", "sha256": "df1f4c66c279f82571fdcc21faed9baa6e446d1bc8ee8a906a4ff2d81f2b22ce", "test": "tests/test_cpu_terminal_recovery_domain.py::test_fresh_cli_resumes_confirmed_domain_without_reinterpretation[schedule-feasibility-v1-valid]"}, {"bytes": 314969, "path": "/tmp/osw-cf1/test_fresh_cli_resumes_confirm1/domain-project/recovery-report.json", "sha256": "833a63376a0fa9b0077b30dd6e776eb336bd4fe0733df49b96eb37bbebdc53dc", "test": "tests/test_cpu_terminal_recovery_domain.py::test_fresh_cli_resumes_confirmed_domain_without_reinterpretation[schedule-feasibility-v2-invalid]"}, {"bytes": 147919, "path": "/tmp/osw-cf1/test_recovery_refuses_changed_0/project-0/recovery-report.json", "sha256": "3f004e8be51e7ec35b2cc07f64115c13c7a1bfd75dcda1ce331bb33b27623db9", "test": "tests/test_cpu_terminal_recovery_guards.py::test_recovery_refuses_changed_native_binding[origin]"}, {"bytes": 147887, "path": "/tmp/osw-cf1/test_recovery_refuses_changed_1/project-0/recovery-report.json", "sha256": "677a3d62752172c74eaef9052d2c90d4e2d8352f232ce0131a4cacbc11c663fa", "test": "tests/test_cpu_terminal_recovery_guards.py::test_recovery_refuses_changed_native_binding[kind]"}, {"bytes": 147930, "path": "/tmp/osw-cf1/test_recovery_refuses_changed_2/project-0/recovery-report.json", "sha256": "74f0a512625ff1478283c7f1d31b5f253ed7d39c1cc9744a3361f268fc1f2fd5", "test": "tests/test_cpu_terminal_recovery_guards.py::test_recovery_refuses_changed_native_binding[resource]"}, {"bytes": 147977, "path": "/tmp/osw-cf1/test_recovery_refuses_changed_3/project-0/recovery-report.json", "sha256": "fa78833e76ec87c39383070d41f05e37d713daf61f50161c337c0c406bfdcd79", "test": "tests/test_cpu_terminal_recovery_guards.py::test_recovery_refuses_changed_native_binding[attempt_ref]"}, {"bytes": 147974, "path": "/tmp/osw-cf1/test_recovery_refuses_changed_4/project-0/recovery-report.json", "sha256": "be5e6aca20da3743cf788f7078f2f709f77c014d5a0fbe2df3b5e909a1c14f7c", "test": "tests/test_cpu_terminal_recovery_guards.py::test_recovery_refuses_changed_native_binding[process_pid]"}, {"bytes": 147988, "path": "/tmp/osw-cf1/test_recovery_refuses_changed_5/project-0/recovery-report.json", "sha256": "07d611b19eaacb9ff068ab036cb58c64bdd1719f2c978d76474f1ad0528174eb", "test": "tests/test_cpu_terminal_recovery_guards.py::test_recovery_refuses_changed_native_binding[command_sha256]"}, {"bytes": 148017, "path": "/tmp/osw-cf1/test_recovery_refuses_changed_6/project-0/recovery-report.json", "sha256": "c7c689fb4798e8785bb2a9c8f9d7ddc6cd4deb77e171f7a373761e92a2778a2d", "test": "tests/test_cpu_terminal_recovery_guards.py::test_recovery_refuses_changed_native_binding[timeout_seconds]"}, {"bytes": 147947, "path": "/tmp/osw-cf1/test_recovery_refuses_changed_7/project-0/recovery-report.json", "sha256": "57f9c623b548d2945a6ad541fc43eb744e80d3cb17b39f0435750940f90a1f4b", "test": "tests/test_cpu_terminal_recovery_guards.py::test_recovery_refuses_changed_captured_source[database]"}, {"bytes": 147975, "path": "/tmp/osw-cf1/test_recovery_refuses_changed_8/project-0/recovery-report.json", "sha256": "21bd707af155aa0ecae5c98c43e5b864eadab512a6cdd9a49c2fee2a4780a5dc", "test": "tests/test_cpu_terminal_recovery_guards.py::test_recovery_refuses_changed_captured_source[claim_sha256]"}, {"bytes": 147962, "path": "/tmp/osw-cf1/test_recovery_refuses_changed_9/project-0/recovery-report.json", "sha256": "8f7cb9b98843cc53cca4cb0165db9364d52cd1f0ed1cda0d0e4254e30b1ff85a", "test": "tests/test_cpu_terminal_recovery_guards.py::test_recovery_refuses_changed_captured_source[config_sha256]"}, {"bytes": 148144, "path": "/tmp/osw-cf1/test_recovery_refuses_changed_10/project-0/recovery-report.json", "sha256": "8afb6af6c12da8e5fa7efdfa71e67bc297a4900d513381e13ee2cb3014da13b4", "test": "tests/test_cpu_terminal_recovery_guards.py::test_recovery_refuses_changed_current_lifecycle"}, {"bytes": 148008, "path": "/tmp/osw-cf1/test_recovery_refuses_rehashed0/project-0/recovery-report.json", "sha256": "3ca062a21a46362844d3f9b5697f122490b34e235bbf4b1ab68b82631ba665c8", "test": "tests/test_cpu_terminal_recovery_guards.py::test_recovery_refuses_rehashed_non_cpu_prepared_plan"}, {"bytes": 148156, "path": "/tmp/osw-cf1/test_recovery_refuses_changed_11/project-0/recovery-report.json", "sha256": "25e622e35d830a02fd95e81c449ec2b70778c2f797dd2a1f31ce35ca4bf8fd71", "test": "tests/test_cpu_terminal_recovery_guards.py::test_recovery_refuses_changed_catalog_route"}, {"bytes": 148203, "path": "/tmp/osw-cf1/test_recovery_refuses_changed_12/project-0/recovery-report.json", "sha256": "a282b33811a36c2e28b3777d3520c33bbf76371e00c7b9e2a011d118537bd974", "test": "tests/test_cpu_terminal_recovery_guards.py::test_recovery_refuses_changed_ready_member_identity"}, {"bytes": 190514, "path": "/tmp/osw-cf1/test_recovery_rechecks_source_0/project-0/recovery-report.json", "sha256": "5e37c6c11421a383b5670daa23530cfa1a3ed3dd06d1a19a2a372a0fed1a504f", "test": "tests/test_cpu_terminal_recovery_guards.py::test_recovery_rechecks_source_after_enumeration_before_settlement"}, {"bytes": 149456, "path": "/tmp/osw-cf1/test_preexisting_stop_never_au0/project-0/recovery-report.json", "sha256": "7b5f5d27e8dffb210dead6c16ef4d0778fd042e873fad01c9e2237b91ff03453", "test": "tests/test_cpu_terminal_recovery_guards.py::test_preexisting_stop_never_authorizes_automatic_settlement[ordinary_stop]"}, {"bytes": 149356, "path": "/tmp/osw-cf1/test_preexisting_stop_never_au1/project-0/recovery-report.json", "sha256": "0e2eea5734540add7d70c8386c10a9f61e1690b62f8eead3009bb97a1cb72fe4", "test": "tests/test_cpu_terminal_recovery_guards.py::test_preexisting_stop_never_authorizes_automatic_settlement[storage_hold]"}, {"bytes": 149495, "path": "/tmp/osw-cf1/test_preexisting_stop_never_au2/project-0/recovery-report.json", "sha256": "6dddabc25124055d769227e387671831cb4f34fcdadd8ff47d0e1e18e8054845", "test": "tests/test_cpu_terminal_recovery_guards.py::test_preexisting_stop_never_authorizes_automatic_settlement[masked_storage_hold]"}, {"bytes": 148130, "path": "/tmp/osw-cf1/test_recovery_refuses_unbound_0/project-0/recovery-report.json", "sha256": "d6a9c0262c44e927a8979f3b1bbc9f5b0e9dcdea13158192bb67cc70eebb9222", "test": "tests/test_cpu_terminal_recovery_guards.py::test_recovery_refuses_unbound_replication_request_field"}, {"bytes": 148081, "path": "/tmp/osw-cf1/test_recovery_refuses_artifact0/project-0/recovery-report.json", "sha256": "2c802dbf9359e7c8b9214da9de6bddbdfaba559defdc2433fb8ee3c95595ad7d", "test": "tests/test_cpu_terminal_recovery_guards.py::test_recovery_refuses_artifact_root_unrelated_to_published_records"}, {"bytes": 212010, "path": "/tmp/osw-cf1/test_restart_settles_confirmed0/project-0/recovery-report.json", "sha256": "3d699e5e0b5da6560b475cabc0115784535d13b1b82cb5cdb3f37b89c6dbab48", "test": "tests/test_cpu_terminal_settlement_recovery.py::test_restart_settles_confirmed_terminal_without_repeating_original_worker[0]"}, {"bytes": 200423, "path": "/tmp/osw-cf1/test_restart_settles_confirmed1/project-0/recovery-report.json", "sha256": "3a7a32def93221eb88cdc3a3b05e8127928dd1935258c3f819c877f1637abafc", "test": "tests/test_cpu_terminal_settlement_recovery.py::test_restart_settles_confirmed_terminal_without_repeating_original_worker[7]"}, {"bytes": 126820, "path": "/tmp/osw-cf1/test_real_v2_confirmed_termina0/project-0/recovery-report.json", "sha256": "e6a0a5a49b97fac4531fcda6f9aaed5906ffc4b98f786c6cca4e380dcfe93b8c", "test": "tests/test_runtime_lease_recovery.py::test_real_v2_confirmed_terminal_crash_recovers_metadata_only[0]"}, {"bytes": 118417, "path": "/tmp/osw-cf1/test_real_v2_confirmed_termina1/project-0/recovery-report.json", "sha256": "029f3e8553c54e0819179ff11770286dde0ce179372e153524e1d6ea3c29cbc1", "test": "tests/test_runtime_lease_recovery.py::test_real_v2_confirmed_terminal_crash_recovers_metadata_only[7]"}, {"bytes": 119660, "path": "/tmp/osw-cf1/test_real_historical_v1_termin0/historical-project/recovery-report.json", "sha256": "5ac2b5abce97a8f5e8189dc3998e155c856f5f65e6e29c30ae489fbe28aff4f9", "test": "tests/test_runtime_lease_recovery.py::test_real_historical_v1_terminal_recovers_without_upgrade_or_reexecution"}]
ACCEPTANCE_REPORTS=[{"bytes": 279990, "name": "sorting_default", "path": "/tmp/osw-cf1/acceptance-sorting-default0/acceptance-report.json", "sha256": "b9e794b830c9b9ac8716dabcd0e0682e3b261ba4e9762f5fb195a34239a3dc17"}, {"bytes": 121005, "name": "sorting_counterfactual", "path": "/tmp/osw-cf1/acceptance-sorting-counterfactual0/acceptance-report.json", "sha256": "d23083a5d5767f76284e68a9e3d3800eccb1db9e1c5319eb76563d43396626dd"}, {"bytes": 274823, "name": "compression_default", "path": "/tmp/osw-cf1/acceptance-compression-default0/acceptance-report.json", "sha256": "d31abddae56d9d8ea5faee8a4742987d94e71b84554af6574c0dc68428f0fe03"}, {"bytes": 120589, "name": "compression_counterfactual", "path": "/tmp/osw-cf1/acceptance-compression-counterfactual0/acceptance-report.json", "sha256": "cfbd291e36a207bec64b80913e3341f46eb8350555e075323ef3c59386056c72"}]

=============================== warnings summary ===============================
../../../../../../home/erik/.local/lib/python3.10/site-packages/_pytest/config/__init__.py:885
  /home/erik/.local/lib/python3.10/site-packages/_pytest/config/__init__.py:885: PytestAssertRewriteWarning: Module already imported so cannot be rewritten; cpu_terminal_recovery_helpers
    self.import_plugin(import_spec)

../../../../../../home/erik/.local/lib/python3.10/site-packages/_pytest/config/__init__.py:885
  /home/erik/.local/lib/python3.10/site-packages/_pytest/config/__init__.py:885: PytestAssertRewriteWarning: Module already imported so cannot be rewritten; examples.holdout.testing
    self.import_plugin(import_spec)

-- Docs: https://docs.pytest.org/en/stable/how-to/capture-warnings.html
=========================== short test summary info ============================
SKIPPED [1] ../core/tests/test_sweeper.py:12: could not import 'orze_pro.engine.role_runner': This is a stub package. Install the real orze-pro via: export ORZE_PRO_KEY='...' && orze run
SKIPPED [1] ../core/tests/test_evolution.py:228: could not import 'orze_pro.agents.code_evolution': This is a stub package. Install the real orze-pro via: export ORZE_PRO_KEY='...' && orze run
SKIPPED [1] ../core/tests/test_evolution.py:239: could not import 'orze_pro.agents.code_evolution': This is a stub package. Install the real orze-pro via: export ORZE_PRO_KEY='...' && orze run
SKIPPED [1] ../core/tests/test_evolution.py:255: could not import 'orze_pro.agents.meta_research': This is a stub package. Install the real orze-pro via: export ORZE_PRO_KEY='...' && orze run
SKIPPED [1] ../core/tests/test_fsm_runner_registry.py:13: could not import 'orze_pro': This is a stub package. Install the real orze-pro via: export ORZE_PRO_KEY='...' && orze run
SKIPPED [1] ../core/tests/test_skill_registry.py:123: orze-pro not installed
SKIPPED [1] ../core/tests/test_skill_registry.py:135: orze-pro not installed
4983 passed, 7 skipped, 2 warnings in 1104.64s (0:18:24)
