........................................................................ [  1%]
........................................................................ [  2%]
........................................................................ [  4%]
........................................................................ [  5%]
........................................................................ [  7%]
........................................................................ [  8%]
........................................................................ [  9%]
........................................................................ [ 11%]
........................................................................ [ 12%]
........................................................................ [ 14%]
........................................................................ [ 15%]
........................................................................ [ 16%]
........................................................................ [ 18%]
........................................................................ [ 19%]
........................................................................ [ 21%]
........................................................................ [ 22%]
........................................................................ [ 24%]
........................................................................ [ 25%]
........................................................................ [ 26%]
........................................................................ [ 28%]
........................................................................ [ 29%]
........................................................................ [ 31%]
........................................................................ [ 32%]
........................................................................ [ 33%]
........................................................................ [ 35%]
........................................................................ [ 36%]
........................................................................ [ 38%]
........................................................................ [ 39%]
........................................................................ [ 41%]
................sss..................................................... [ 42%]
........................................................................ [ 43%]
........................................................................ [ 45%]
........................................................................ [ 46%]
.....................................................................s.. [ 48%]
........................................................................ [ 49%]
........................................................................ [ 50%]
........................................................................ [ 52%]
........................................................................ [ 53%]
........................................................................ [ 55%]
........................................................................ [ 56%]
........................................................................ [ 57%]
........................................................................ [ 59%]
........................................................................ [ 60%]
........................................................................ [ 62%]
........................................................................ [ 63%]
........................................................................ [ 65%]
........................................................................ [ 66%]
........................................................................ [ 67%]
........................................................................ [ 69%]
........................................................................ [ 70%]
........................................................................ [ 72%]
........................................................................ [ 73%]
........................................................................ [ 74%]
........................................................................ [ 76%]
........................................................................ [ 77%]
........................................................................ [ 79%]
......................................F................................. [ 80%]
........................................................................ [ 82%]
........................................................................ [ 83%]
........................................................................ [ 84%]
........................................................................ [ 86%]
........................................................................ [ 87%]
........................................................................ [ 89%]
........................................................................ [ 90%]
........................................................................ [ 91%]
............................ss.......................................... [ 93%]
........................................................................ [ 94%]
........................................................................ [ 96%]
........................................................................ [ 97%]
........................................................................ [ 98%]
....................................................                     [100%]HOLDOUT_REPORTS=[{"bytes": 2510245, "name": "workflow", "path": "/tmp/mfm-cf1/holdout-workflow0/holdout-report.json", "sha256": "11e1367d67c4e6ff34efb016d74b2180d42702ccc4e68ee028bb84b72ed62dea"}, {"bytes": 143183, "name": "boundary", "path": "/tmp/mfm-cf1/holdout-boundary0/holdout-report.json", "sha256": "3bd1bae03661edda0db34fb933efae59288ee039d57247ebb0248b8e83d2991f"}, {"bytes": 143309, "name": "duplicate_id", "path": "/tmp/mfm-cf1/holdout-duplicate_id0/holdout-report.json", "sha256": "d0763c04e60c3e60a300dccd6ce7636edce3d5a0a82a61d476bc02b0f4d4a10b"}, {"bytes": 144626, "name": "missing_prerequisite", "path": "/tmp/mfm-cf1/holdout-missing_prerequisite0/holdout-report.json", "sha256": "a994de7187bd200da1d0b81a5ed0a482815272a76fccba01cc5b77865084c655"}, {"bytes": 142686, "name": "overload", "path": "/tmp/mfm-cf1/holdout-overload0/holdout-report.json", "sha256": "8acd0f3fd19239619153a717123803ea4402bec21be873a68d1cbab11fdf8689"}, {"bytes": 141497, "name": "malformed", "path": "/tmp/mfm-cf1/holdout-malformed0/holdout-report.json", "sha256": "5eab16fab5fa84c0d036adb4401f8a0223c740cbd1db818584ee9305ad10988a"}]
CPU_RECOVERY_REPORTS=[{"bytes": 82777, "path": "/tmp/mfm-cf1/test_real_confirmed_terminal_r0/project-0/recovery-report.json", "sha256": "f364f6c8fad119c3046f26dcd18a656a3dd1b827410755dcd47fd9d806bb83bc", "test": "tests/test_cpu_claim_reader_consolidation.py::TestPublicSnapshotRouting::test_real_confirmed_terminal_recovery_uses_required_8k_public_snapshot"}, {"bytes": 104512, "path": "/tmp/mfm-cf1/test_post_delete_fsync_uncerta0/project-0/recovery-report.json", "sha256": "2464afff9e91d8b5b62add2944c2666fe45bb1764f0de40166edc8b4fa2e684c", "test": "tests/test_cpu_terminal_recovery_barrier.py::test_post_delete_fsync_uncertainty_blocks_fresh_restart_with_zero_bound[effect]"}, {"bytes": 104525, "path": "/tmp/mfm-cf1/test_post_delete_fsync_uncerta1/project-0/recovery-report.json", "sha256": "009d7aa017de4ce2081d334aaae37d3585ce8be0f78fbb3f46469cc4197dac01", "test": "tests/test_cpu_terminal_recovery_barrier.py::test_post_delete_fsync_uncertainty_blocks_fresh_restart_with_zero_bound[recovery]"}, {"bytes": 67354, "path": "/tmp/mfm-cf1/test_in_progress_denies_alread0/project-0/recovery-report.json", "sha256": "49f4815ba2a192d12e5b8e5a63c0dbf7b586447904dd8152d9010510b2391744", "test": "tests/test_cpu_terminal_recovery_barrier.py::test_in_progress_denies_already_running_peer_admission[reserve]"}, {"bytes": 67369, "path": "/tmp/mfm-cf1/test_in_progress_denies_alread1/project-0/recovery-report.json", "sha256": "1776503fdb95451935f0bcc794a49be5c44c41d912e973b87adbfa342eefb25d", "test": "tests/test_cpu_terminal_recovery_barrier.py::test_in_progress_denies_already_running_peer_admission[require_permit]"}, {"bytes": 66233, "path": "/tmp/mfm-cf1/test_two_recovery_consumers_do0/project-0/recovery-report.json", "sha256": "d87e4f098533146c73700789b99757aae382ad80533e74fa9ce5cb6cafae14a3", "test": "tests/test_cpu_terminal_recovery_barrier.py::test_two_recovery_consumers_do_not_repeat_settlement_or_poison_owner"}, {"bytes": 66649, "path": "/tmp/mfm-cf1/test_legal_peer_decision_after0/project-0/recovery-report.json", "sha256": "f8ae61fdc240cfaf04fa9eb3f9e5d581dc3e293291730eaff0cdafb7f2d4a1bd", "test": "tests/test_cpu_terminal_recovery_barrier.py::test_legal_peer_decision_after_complete_commit_preserves_exact_owner_result"}, {"bytes": 102324, "path": "/tmp/mfm-cf1/test_recovery_transaction_unkn0/project-0/recovery-report.json", "sha256": "60f2d13200ed8163852ab2064edc28208cc369e45bbb1915708a66701c846160", "test": "tests/test_cpu_terminal_recovery_barrier.py::test_recovery_transaction_unknown_is_not_an_ordinary_success[IN_PROGRESS-rollback]"}, {"bytes": 104459, "path": "/tmp/mfm-cf1/test_recovery_transaction_unkn1/project-0/recovery-report.json", "sha256": "d19ed3eb3a9e6127aa17b8a38a018133f1782b9aab8e5ffd436bbddd6d7d3b2a", "test": "tests/test_cpu_terminal_recovery_barrier.py::test_recovery_transaction_unknown_is_not_an_ordinary_success[COMPLETE-rollback]"}, {"bytes": 105840, "path": "/tmp/mfm-cf1/test_recovery_transaction_unkn2/project-0/recovery-report.json", "sha256": "96fc7cec5919cb9b53de95d7dcac1bd7c416e9d27e9a94f9ce7742b674a57185", "test": "tests/test_cpu_terminal_recovery_barrier.py::test_recovery_transaction_unknown_is_not_an_ordinary_success[COMPLETE-committed_raise]"}, {"bytes": 65318, "path": "/tmp/mfm-cf1/test_existing_unqualified_gate0/project-0/recovery-report.json", "sha256": "319ebca407498b5b213ce76fc5d3f34c20aa3513565a66adf802762c4b0d69c1", "test": "tests/test_cpu_terminal_recovery_barrier.py::test_existing_unqualified_gate_owner_is_preserved"}, {"bytes": 65310, "path": "/tmp/mfm-cf1/test_recovery_refuses_caller_t0/project-0/recovery-report.json", "sha256": "8bb4362802ec6e25e19aced3bfb297e772277618acb8ee26c5d12138d392982b", "test": "tests/test_cpu_terminal_recovery_barrier.py::test_recovery_refuses_caller_transaction_without_consuming_it"}, {"bytes": 66101, "path": "/tmp/mfm-cf1/test_actual_peer_nonce_replace0/project-0/recovery-report.json", "sha256": "9f847514a4fa938a4c68a50d44f6817010b695337853adcc14ac93fc030e0d5f", "test": "tests/test_cpu_terminal_recovery_barrier.py::test_actual_peer_nonce_replacement_cannot_be_completed_by_old_owner"}, {"bytes": 315052, "path": "/tmp/mfm-cf1/test_fresh_cli_resumes_confirm0/domain-project/recovery-report.json", "sha256": "e4c019ddbf3591481332c26fadd5ea433fb4a3d15ac060a9b0de116fbc0ff51b", "test": "tests/test_cpu_terminal_recovery_domain.py::test_fresh_cli_resumes_confirmed_domain_without_reinterpretation[schedule-feasibility-v1-valid]"}, {"bytes": 314984, "path": "/tmp/mfm-cf1/test_fresh_cli_resumes_confirm1/domain-project/recovery-report.json", "sha256": "6d26f56ff94da0cbf7e468f50bdd63904bdddcc8c53909d8e429e6c3928a19cd", "test": "tests/test_cpu_terminal_recovery_domain.py::test_fresh_cli_resumes_confirmed_domain_without_reinterpretation[schedule-feasibility-v2-invalid]"}, {"bytes": 147912, "path": "/tmp/mfm-cf1/test_recovery_refuses_changed_0/project-0/recovery-report.json", "sha256": "2e668100ea5e3d1505eba77b61c241f576dbbd132047db9c88d515d7a870432e", "test": "tests/test_cpu_terminal_recovery_guards.py::test_recovery_refuses_changed_native_binding[origin]"}, {"bytes": 147888, "path": "/tmp/mfm-cf1/test_recovery_refuses_changed_1/project-0/recovery-report.json", "sha256": "b33bfa4da1534b3306e4a4fb402082be3e538c3b5462dc76d772e5ec0a01f128", "test": "tests/test_cpu_terminal_recovery_guards.py::test_recovery_refuses_changed_native_binding[kind]"}, {"bytes": 147957, "path": "/tmp/mfm-cf1/test_recovery_refuses_changed_2/project-0/recovery-report.json", "sha256": "5465e50fe4aeb69296f7c37c90e5cb7e1ce9c7506c01f7b16b5f28b931943e0f", "test": "tests/test_cpu_terminal_recovery_guards.py::test_recovery_refuses_changed_native_binding[resource]"}, {"bytes": 147971, "path": "/tmp/mfm-cf1/test_recovery_refuses_changed_3/project-0/recovery-report.json", "sha256": "8d54a3cd0c08a1972a0282f5fbed1c44b788274716760320b84f893a710a7931", "test": "tests/test_cpu_terminal_recovery_guards.py::test_recovery_refuses_changed_native_binding[attempt_ref]"}, {"bytes": 147987, "path": "/tmp/mfm-cf1/test_recovery_refuses_changed_4/project-0/recovery-report.json", "sha256": "483a603852d059b74517908051d84dfc69385ba8bf583c0bd96d7784d3b2b9c5", "test": "tests/test_cpu_terminal_recovery_guards.py::test_recovery_refuses_changed_native_binding[process_pid]"}, {"bytes": 147987, "path": "/tmp/mfm-cf1/test_recovery_refuses_changed_5/project-0/recovery-report.json", "sha256": "58374bf23c7014434c616765818303b30be3022f18322b2d12f405e5b601be9c", "test": "tests/test_cpu_terminal_recovery_guards.py::test_recovery_refuses_changed_native_binding[command_sha256]"}, {"bytes": 148020, "path": "/tmp/mfm-cf1/test_recovery_refuses_changed_6/project-0/recovery-report.json", "sha256": "373c50d581dcd4a555fe32928448a94611c4fa9de69ef5e0c18e4ea9e7c188ea", "test": "tests/test_cpu_terminal_recovery_guards.py::test_recovery_refuses_changed_native_binding[timeout_seconds]"}, {"bytes": 147938, "path": "/tmp/mfm-cf1/test_recovery_refuses_changed_7/project-0/recovery-report.json", "sha256": "2563e9fc52892da741e607ef0886ce4bff1d63fa101fd7882aaf674c97d9ce36", "test": "tests/test_cpu_terminal_recovery_guards.py::test_recovery_refuses_changed_captured_source[database]"}, {"bytes": 147962, "path": "/tmp/mfm-cf1/test_recovery_refuses_changed_8/project-0/recovery-report.json", "sha256": "772a62616a51c32cbcdce8ef73616cd0fe4a860fa858742501beae3faefc44c5", "test": "tests/test_cpu_terminal_recovery_guards.py::test_recovery_refuses_changed_captured_source[claim_sha256]"}, {"bytes": 147968, "path": "/tmp/mfm-cf1/test_recovery_refuses_changed_9/project-0/recovery-report.json", "sha256": "00aec6258c667985f527cdfb8796b74971a74d376ba81f53611bdc35088346bd", "test": "tests/test_cpu_terminal_recovery_guards.py::test_recovery_refuses_changed_captured_source[config_sha256]"}, {"bytes": 148157, "path": "/tmp/mfm-cf1/test_recovery_refuses_changed_10/project-0/recovery-report.json", "sha256": "91c03a585e414fdf3bfb791a6d0b8ca52c317aedbd4a9eedd547369478592825", "test": "tests/test_cpu_terminal_recovery_guards.py::test_recovery_refuses_changed_current_lifecycle"}, {"bytes": 148005, "path": "/tmp/mfm-cf1/test_recovery_refuses_rehashed0/project-0/recovery-report.json", "sha256": "2116c3db0dfd0f40440346d2d13d0be0559255fe20545c670feeef17a292c069", "test": "tests/test_cpu_terminal_recovery_guards.py::test_recovery_refuses_rehashed_non_cpu_prepared_plan"}, {"bytes": 148119, "path": "/tmp/mfm-cf1/test_recovery_refuses_changed_11/project-0/recovery-report.json", "sha256": "5d45cded7ed756db6bb1e03d90d7aa3dd77b66252a82ec34f3edf0f8432e9891", "test": "tests/test_cpu_terminal_recovery_guards.py::test_recovery_refuses_changed_catalog_route"}, {"bytes": 148184, "path": "/tmp/mfm-cf1/test_recovery_refuses_changed_12/project-0/recovery-report.json", "sha256": "67d8ec1a83441d6d27e7bec55697010a3a87d1db58cc9d3a5529f40abb4cdf89", "test": "tests/test_cpu_terminal_recovery_guards.py::test_recovery_refuses_changed_ready_member_identity"}, {"bytes": 190530, "path": "/tmp/mfm-cf1/test_recovery_rechecks_source_0/project-0/recovery-report.json", "sha256": "b6205cccadb09ba2bdcbaf6ae995ad6ad046c89e18e1401077d864d5e70c5399", "test": "tests/test_cpu_terminal_recovery_guards.py::test_recovery_rechecks_source_after_enumeration_before_settlement"}, {"bytes": 149439, "path": "/tmp/mfm-cf1/test_preexisting_stop_never_au0/project-0/recovery-report.json", "sha256": "6029acc172c01dfd469ba12f24e0c9fa26c52367f0d498e3a7e15264ed2e3ad3", "test": "tests/test_cpu_terminal_recovery_guards.py::test_preexisting_stop_never_authorizes_automatic_settlement[ordinary_stop]"}, {"bytes": 149342, "path": "/tmp/mfm-cf1/test_preexisting_stop_never_au1/project-0/recovery-report.json", "sha256": "9c6d9b25624edd405664d95da327e85c4fc58c5332b42f9456a1754b691f56a0", "test": "tests/test_cpu_terminal_recovery_guards.py::test_preexisting_stop_never_authorizes_automatic_settlement[storage_hold]"}, {"bytes": 149500, "path": "/tmp/mfm-cf1/test_preexisting_stop_never_au2/project-0/recovery-report.json", "sha256": "abf443ecef8cdca7516367ce2b3fd64352a3f7715f4a08c3568ee0014f5640d9", "test": "tests/test_cpu_terminal_recovery_guards.py::test_preexisting_stop_never_authorizes_automatic_settlement[masked_storage_hold]"}, {"bytes": 148133, "path": "/tmp/mfm-cf1/test_recovery_refuses_unbound_0/project-0/recovery-report.json", "sha256": "666599d87cbc566adc408cfbc30027605ec1d685b61b5efb3e5f0f3bad5ea041", "test": "tests/test_cpu_terminal_recovery_guards.py::test_recovery_refuses_unbound_replication_request_field"}, {"bytes": 148084, "path": "/tmp/mfm-cf1/test_recovery_refuses_artifact0/project-0/recovery-report.json", "sha256": "a5d5670567c915634ea51b47827dfa440fccc9db451c832f1fe86b451623307e", "test": "tests/test_cpu_terminal_recovery_guards.py::test_recovery_refuses_artifact_root_unrelated_to_published_records"}, {"bytes": 212000, "path": "/tmp/mfm-cf1/test_restart_settles_confirmed0/project-0/recovery-report.json", "sha256": "c900ecea86373480e5530de78eacf7adcbf151d48855cf5765d6812adc6311d6", "test": "tests/test_cpu_terminal_settlement_recovery.py::test_restart_settles_confirmed_terminal_without_repeating_original_worker[0]"}, {"bytes": 200418, "path": "/tmp/mfm-cf1/test_restart_settles_confirmed1/project-0/recovery-report.json", "sha256": "a6ba562ab2b6175048969f6f9622c56dcdcc03663eeda2672e867b2fc7c0f1ff", "test": "tests/test_cpu_terminal_settlement_recovery.py::test_restart_settles_confirmed_terminal_without_repeating_original_worker[7]"}, {"bytes": 126837, "path": "/tmp/mfm-cf1/test_real_v2_confirmed_termina0/project-0/recovery-report.json", "sha256": "5b96fef7d04a60c1a5d5640569372c78686291222cce7f36be14867ab9f5ebef", "test": "tests/test_runtime_lease_recovery.py::test_real_v2_confirmed_terminal_crash_recovers_metadata_only[0]"}, {"bytes": 118440, "path": "/tmp/mfm-cf1/test_real_v2_confirmed_termina1/project-0/recovery-report.json", "sha256": "1cdd601bb17c369d13268a043d0978163310505167cafcb1a135d3ac057c9f35", "test": "tests/test_runtime_lease_recovery.py::test_real_v2_confirmed_terminal_crash_recovers_metadata_only[7]"}, {"bytes": 119637, "path": "/tmp/mfm-cf1/test_real_historical_v1_termin0/historical-project/recovery-report.json", "sha256": "547356c86ef5d3e28c137caf8102cf2021d4696408a7bc8e950df535670dcf25", "test": "tests/test_runtime_lease_recovery.py::test_real_historical_v1_terminal_recovers_without_upgrade_or_reexecution"}]
ACCEPTANCE_REPORTS=[{"bytes": 279969, "name": "sorting_default", "path": "/tmp/mfm-cf1/acceptance-sorting-default0/acceptance-report.json", "sha256": "40c8c65d9288a9f8bc2b5f7758e30d96533db1488ae2551869e815772568c710"}, {"bytes": 121001, "name": "sorting_counterfactual", "path": "/tmp/mfm-cf1/acceptance-sorting-counterfactual0/acceptance-report.json", "sha256": "ad4b9f36256f73f0763494a5cdeef168e7a53780131f15048fbc15751d60b7a8"}, {"bytes": 274843, "name": "compression_default", "path": "/tmp/mfm-cf1/acceptance-compression-default0/acceptance-report.json", "sha256": "ff883424a65216d67777d4b6dcc87717ea6d7e036a6d157ba5b4f2a6999b32a7"}, {"bytes": 120556, "name": "compression_counterfactual", "path": "/tmp/mfm-cf1/acceptance-compression-counterfactual0/acceptance-report.json", "sha256": "30231c28861a8275d9327c265562b1d7cc41204d3b383b01ea80bcb2868a540c"}]

=================================== FAILURES ===================================
_________ test_restart_retains_claims_without_granting_verified_state __________
/hot-data/fsx/workspace/erik/orze-p1-continuation-20260914/orze/tests/test_research_memory_format.py:63: in test_restart_retains_claims_without_granting_verified_state
    assert observed['availability'] == 'pending_verification', observed
E   AssertionError: {'availability': 'format_not_available'}
E   assert 'format_not_available' == 'pending_verification'
E     
E     - pending_verification
E     + format_not_available
=============================== warnings summary ===============================
../../../../../../home/erik/.local/lib/python3.10/site-packages/_pytest/config/__init__.py:885
  /home/erik/.local/lib/python3.10/site-packages/_pytest/config/__init__.py:885: PytestAssertRewriteWarning: Module already imported so cannot be rewritten; cpu_terminal_recovery_helpers
    self.import_plugin(import_spec)

../../../../../../home/erik/.local/lib/python3.10/site-packages/_pytest/config/__init__.py:885
  /home/erik/.local/lib/python3.10/site-packages/_pytest/config/__init__.py:885: PytestAssertRewriteWarning: Module already imported so cannot be rewritten; examples.holdout.testing
    self.import_plugin(import_spec)

-- Docs: https://docs.pytest.org/en/stable/how-to/capture-warnings.html
=========================== short test summary info ============================
SKIPPED [1] ../core/tests/test_sweeper.py:12: could not import 'orze_pro.engine.role_runner': This is a stub package. Install the real orze-pro via: export ORZE_PRO_KEY='...' && orze run
SKIPPED [1] ../core/tests/test_evolution.py:228: could not import 'orze_pro.agents.code_evolution': This is a stub package. Install the real orze-pro via: export ORZE_PRO_KEY='...' && orze run
SKIPPED [1] ../core/tests/test_evolution.py:239: could not import 'orze_pro.agents.code_evolution': This is a stub package. Install the real orze-pro via: export ORZE_PRO_KEY='...' && orze run
SKIPPED [1] ../core/tests/test_evolution.py:255: could not import 'orze_pro.agents.meta_research': This is a stub package. Install the real orze-pro via: export ORZE_PRO_KEY='...' && orze run
SKIPPED [1] ../core/tests/test_fsm_runner_registry.py:13: could not import 'orze_pro': This is a stub package. Install the real orze-pro via: export ORZE_PRO_KEY='...' && orze run
SKIPPED [1] ../core/tests/test_skill_registry.py:123: orze-pro not installed
SKIPPED [1] ../core/tests/test_skill_registry.py:135: orze-pro not installed
1 failed, 5085 passed, 7 skipped, 2 warnings in 1070.98s (0:17:50)
