........................................................................ [  1%]
........................................................................ [  3%]
........................................................................ [  4%]
........................................................................ [  6%]
........................................................................ [  8%]
........................................................................ [  9%]
........................................................................ [ 11%]
........................................................................ [ 12%]
........................................................................ [ 14%]
........................................................................ [ 16%]
........................................................................ [ 17%]
........................................................................ [ 19%]
........................................................................ [ 20%]
........................................................................ [ 22%]
........................................................................ [ 24%]
........................................................................ [ 25%]
........................................................................ [ 27%]
........................................................................ [ 29%]
........................................................................ [ 30%]
........................................................................ [ 32%]
........................................................................ [ 33%]
........................................................................ [ 35%]
........................................................................ [ 37%]
........................................................................ [ 38%]
........................................................................ [ 40%]
......................sss............................................... [ 41%]
........................................................................ [ 43%]
........................................................................ [ 45%]
........................................................................ [ 46%]
..................................s..................................... [ 48%]
........................................................................ [ 50%]
........................................................................ [ 51%]
........................................................................ [ 53%]
........................................................................ [ 54%]
........................................................................ [ 56%]
........................................................................ [ 58%]
........................................................................ [ 59%]
........................................................................ [ 61%]
........................................................................ [ 62%]
........................................................................ [ 64%]
........................................................................ [ 66%]
........................................................................ [ 67%]
........................................................................ [ 69%]
........................................................................ [ 70%]
........................................................................ [ 72%]
........................................................................ [ 74%]
........................................................................ [ 75%]
........................................................................ [ 77%]
........................................................................ [ 79%]
........................................................................ [ 80%]
........................................................................ [ 82%]
........................................................................ [ 83%]
........................................................................ [ 85%]
........................................................................ [ 87%]
........................................................................ [ 88%]
........................................................................ [ 90%]
........................................................................ [ 91%]
..........................ss............................................ [ 93%]
........................................................................ [ 95%]
........................................................................ [ 96%]
........................................................................ [ 98%]
......................................................................   [100%]HOLDOUT_REPORTS=[{"bytes": 2578401, "name": "workflow", "path": "/tmp/orze-c3-core-full.QWvkkW/pytest/holdout-workflow0/holdout-report.json", "sha256": "1f28113ff31c17b7be58afbbe380dce0a2f65c786b111a8eb30a848e85f8632a"}, {"bytes": 147008, "name": "boundary", "path": "/tmp/orze-c3-core-full.QWvkkW/pytest/holdout-boundary0/holdout-report.json", "sha256": "d609f048264430a7666d9d62e75458dbe58ea46ba877ea3993fbc8ca929944b8"}, {"bytes": 147119, "name": "duplicate_id", "path": "/tmp/orze-c3-core-full.QWvkkW/pytest/holdout-duplicate_id0/holdout-report.json", "sha256": "e4eb8bb224dc7f214e57ac4e4ca1f21b3d6cc1636f2d71654ebf0896d0b623bd"}, {"bytes": 148441, "name": "missing_prerequisite", "path": "/tmp/orze-c3-core-full.QWvkkW/pytest/holdout-missing_prerequisite0/holdout-report.json", "sha256": "9d10116e5bed0b95b69d1a04e9350f6593c63bcec30d4569bafbf9895b11244f"}, {"bytes": 146502, "name": "overload", "path": "/tmp/orze-c3-core-full.QWvkkW/pytest/holdout-overload0/holdout-report.json", "sha256": "cb60dbb950792098a72afb5dedcd03b6391b1462eceb394e802d679041c52db3"}, {"bytes": 145309, "name": "malformed", "path": "/tmp/orze-c3-core-full.QWvkkW/pytest/holdout-malformed0/holdout-report.json", "sha256": "2ad7c01564cd9eea7bc758398214a545ffa52760cc410c2c330e248dde619e98"}]
CPU_RECOVERY_REPORTS=[{"bytes": 85090, "path": "/tmp/orze-c3-core-full.QWvkkW/pytest/test_real_confirmed_terminal_r0/project-0/recovery-report.json", "sha256": "f858769f7dc77612b6ed1140e98fee02ef4918c49db21c99fa8cc9ecb66850be", "test": "tests/test_cpu_claim_reader_consolidation.py::TestPublicSnapshotRouting::test_real_confirmed_terminal_recovery_uses_required_8k_public_snapshot"}, {"bytes": 107556, "path": "/tmp/orze-c3-core-full.QWvkkW/pytest/test_post_delete_fsync_uncerta0/project-0/recovery-report.json", "sha256": "69c6420db6a9bf952ce81317285ad09076369059282f17cf5f4f013757d4f362", "test": "tests/test_cpu_terminal_recovery_barrier.py::test_post_delete_fsync_uncertainty_blocks_fresh_restart_with_zero_bound[effect]"}, {"bytes": 107571, "path": "/tmp/orze-c3-core-full.QWvkkW/pytest/test_post_delete_fsync_uncerta1/project-0/recovery-report.json", "sha256": "52d104c18433f207ce2abdddf784826c5aa9ccfc57197fb7402d3a0994589f59", "test": "tests/test_cpu_terminal_recovery_barrier.py::test_post_delete_fsync_uncertainty_blocks_fresh_restart_with_zero_bound[recovery]"}, {"bytes": 69255, "path": "/tmp/orze-c3-core-full.QWvkkW/pytest/test_in_progress_denies_alread0/project-0/recovery-report.json", "sha256": "183c11e1728e5b3149cfef4cb90a5fad03e68a391158c6853d5efddd47fbc041", "test": "tests/test_cpu_terminal_recovery_barrier.py::test_in_progress_denies_already_running_peer_admission[reserve]"}, {"bytes": 69256, "path": "/tmp/orze-c3-core-full.QWvkkW/pytest/test_in_progress_denies_alread1/project-0/recovery-report.json", "sha256": "af3d735527d513cbbc7fa3b5fc8a51c9e429478fdc27e8d883d26b17ce4b5df8", "test": "tests/test_cpu_terminal_recovery_barrier.py::test_in_progress_denies_already_running_peer_admission[require_permit]"}, {"bytes": 68055, "path": "/tmp/orze-c3-core-full.QWvkkW/pytest/test_two_recovery_consumers_do0/project-0/recovery-report.json", "sha256": "a353b7c50062f137953b5f0abb4333b5f689ff449dc44536a26cb43baf0e93d6", "test": "tests/test_cpu_terminal_recovery_barrier.py::test_two_recovery_consumers_do_not_repeat_settlement_or_poison_owner"}, {"bytes": 68493, "path": "/tmp/orze-c3-core-full.QWvkkW/pytest/test_legal_peer_decision_after0/project-0/recovery-report.json", "sha256": "c239a407877ecb37b097e694b1d66726b1bef3c31fb7c88cddbdd7193e8df94b", "test": "tests/test_cpu_terminal_recovery_barrier.py::test_legal_peer_decision_after_complete_commit_preserves_exact_owner_result"}, {"bytes": 105165, "path": "/tmp/orze-c3-core-full.QWvkkW/pytest/test_recovery_transaction_unkn0/project-0/recovery-report.json", "sha256": "0af422b898f17a44cd3d2c2bafd19bf0457465c08fd06764111dd9447e9062ec", "test": "tests/test_cpu_terminal_recovery_barrier.py::test_recovery_transaction_unknown_is_not_an_ordinary_success[IN_PROGRESS-rollback]"}, {"bytes": 107495, "path": "/tmp/orze-c3-core-full.QWvkkW/pytest/test_recovery_transaction_unkn1/project-0/recovery-report.json", "sha256": "154090275b4c48d2fffb229ee7a61825c62bbe5de423aac828e32cbfacef1c54", "test": "tests/test_cpu_terminal_recovery_barrier.py::test_recovery_transaction_unknown_is_not_an_ordinary_success[COMPLETE-rollback]"}, {"bytes": 108958, "path": "/tmp/orze-c3-core-full.QWvkkW/pytest/test_recovery_transaction_unkn2/project-0/recovery-report.json", "sha256": "1c2232a9bcafe532e6523228d9cd03c4971251e8e0db00039d37dc4ae2bf72b8", "test": "tests/test_cpu_terminal_recovery_barrier.py::test_recovery_transaction_unknown_is_not_an_ordinary_success[COMPLETE-committed_raise]"}, {"bytes": 67062, "path": "/tmp/orze-c3-core-full.QWvkkW/pytest/test_existing_unqualified_gate0/project-0/recovery-report.json", "sha256": "eb2245cd5028e7a91f7d0adb67d28a3d4af7daa81faf5c21f01a6d9c14b5ca72", "test": "tests/test_cpu_terminal_recovery_barrier.py::test_existing_unqualified_gate_owner_is_preserved"}, {"bytes": 67060, "path": "/tmp/orze-c3-core-full.QWvkkW/pytest/test_recovery_refuses_caller_t0/project-0/recovery-report.json", "sha256": "0c86c80927640800408c770c9cd5172d686f4d27dd7b394ebd58943bacb8cb49", "test": "tests/test_cpu_terminal_recovery_barrier.py::test_recovery_refuses_caller_transaction_without_consuming_it"}, {"bytes": 67935, "path": "/tmp/orze-c3-core-full.QWvkkW/pytest/test_actual_peer_nonce_replace0/project-0/recovery-report.json", "sha256": "dd4ec6a297f732678a40a18a3e11ba96cb2b4b7b34af1e1de08962ff0f5b457c", "test": "tests/test_cpu_terminal_recovery_barrier.py::test_actual_peer_nonce_replacement_cannot_be_completed_by_old_owner"}, {"bytes": 323982, "path": "/tmp/orze-c3-core-full.QWvkkW/pytest/test_fresh_cli_resumes_confirm0/domain-project/recovery-report.json", "sha256": "1780ec03881473826fc4e45702f629b873c5c312105df9cc5b07434400dd7a64", "test": "tests/test_cpu_terminal_recovery_domain.py::test_fresh_cli_resumes_confirmed_domain_without_reinterpretation[schedule-feasibility-v1-valid]"}, {"bytes": 323927, "path": "/tmp/orze-c3-core-full.QWvkkW/pytest/test_fresh_cli_resumes_confirm1/domain-project/recovery-report.json", "sha256": "9e8a7a55dbec064c1017b6055c5b9fe1712e9cfe78aa9a1706acd85cd84ae1f4", "test": "tests/test_cpu_terminal_recovery_domain.py::test_fresh_cli_resumes_confirmed_domain_without_reinterpretation[schedule-feasibility-v2-invalid]"}, {"bytes": 151831, "path": "/tmp/orze-c3-core-full.QWvkkW/pytest/test_recovery_refuses_changed_0/project-0/recovery-report.json", "sha256": "fcb8a61ff83d5af328253d13aa18ead79b0b4a170cfc819767e2270c5123422c", "test": "tests/test_cpu_terminal_recovery_guards.py::test_recovery_refuses_changed_native_binding[origin]"}, {"bytes": 151814, "path": "/tmp/orze-c3-core-full.QWvkkW/pytest/test_recovery_refuses_changed_1/project-0/recovery-report.json", "sha256": "29b636eb524ca422f7b4d456d45f8bb5bce951c2761b115ec900720a0eb38569", "test": "tests/test_cpu_terminal_recovery_guards.py::test_recovery_refuses_changed_native_binding[kind]"}, {"bytes": 151858, "path": "/tmp/orze-c3-core-full.QWvkkW/pytest/test_recovery_refuses_changed_2/project-0/recovery-report.json", "sha256": "585d7092119b65fef1eb95ef8843822eaa3188efc4e1c254f3f1b98a275b1075", "test": "tests/test_cpu_terminal_recovery_guards.py::test_recovery_refuses_changed_native_binding[resource]"}, {"bytes": 151890, "path": "/tmp/orze-c3-core-full.QWvkkW/pytest/test_recovery_refuses_changed_3/project-0/recovery-report.json", "sha256": "bb3622f9fcfffb36a8df9025ea86fb95aefb923be95c02b0f0d5cdf6efc86611", "test": "tests/test_cpu_terminal_recovery_guards.py::test_recovery_refuses_changed_native_binding[attempt_ref]"}, {"bytes": 151903, "path": "/tmp/orze-c3-core-full.QWvkkW/pytest/test_recovery_refuses_changed_4/project-0/recovery-report.json", "sha256": "4f0fcd0fb1b06424fc471f2d5ed3b63f2b099ef0f5b86d65a96b6de604b021ce", "test": "tests/test_cpu_terminal_recovery_guards.py::test_recovery_refuses_changed_native_binding[process_pid]"}, {"bytes": 151919, "path": "/tmp/orze-c3-core-full.QWvkkW/pytest/test_recovery_refuses_changed_5/project-0/recovery-report.json", "sha256": "e3bf37bbb47913c047db259349c6b37408f05f3078cb3a79ee7d5dfdfdff57f3", "test": "tests/test_cpu_terminal_recovery_guards.py::test_recovery_refuses_changed_native_binding[command_sha256]"}, {"bytes": 151912, "path": "/tmp/orze-c3-core-full.QWvkkW/pytest/test_recovery_refuses_changed_6/project-0/recovery-report.json", "sha256": "b1d6560e326e765f03398206446d1522a6fc6790d577d7446464013b1784563a", "test": "tests/test_cpu_terminal_recovery_guards.py::test_recovery_refuses_changed_native_binding[timeout_seconds]"}, {"bytes": 151849, "path": "/tmp/orze-c3-core-full.QWvkkW/pytest/test_recovery_refuses_changed_7/project-0/recovery-report.json", "sha256": "0ab76d1c4d35d469d41269f43ff1a9fa8da23e70f7990c420afbda6c52c9ed6d", "test": "tests/test_cpu_terminal_recovery_guards.py::test_recovery_refuses_changed_captured_source[database]"}, {"bytes": 151874, "path": "/tmp/orze-c3-core-full.QWvkkW/pytest/test_recovery_refuses_changed_8/project-0/recovery-report.json", "sha256": "c2301e072f663cbd866e6876ba5c9dd1a4c8fb4dba19cec13cce1c92f7510ac0", "test": "tests/test_cpu_terminal_recovery_guards.py::test_recovery_refuses_changed_captured_source[claim_sha256]"}, {"bytes": 151881, "path": "/tmp/orze-c3-core-full.QWvkkW/pytest/test_recovery_refuses_changed_9/project-0/recovery-report.json", "sha256": "c118bc5d6328622fc3f9953e7fadabdd82b5be0425922d671f7375cfda971731", "test": "tests/test_cpu_terminal_recovery_guards.py::test_recovery_refuses_changed_captured_source[config_sha256]"}, {"bytes": 152065, "path": "/tmp/orze-c3-core-full.QWvkkW/pytest/test_recovery_refuses_changed_10/project-0/recovery-report.json", "sha256": "c6122a4ab7587aac3579daed6229739f9fa9bd0133bb2ec6e619908ebf7d9a6b", "test": "tests/test_cpu_terminal_recovery_guards.py::test_recovery_refuses_changed_current_lifecycle"}, {"bytes": 151916, "path": "/tmp/orze-c3-core-full.QWvkkW/pytest/test_recovery_refuses_rehashed0/project-0/recovery-report.json", "sha256": "372ce9417d6eb6f6dafe18ef401513a0c5624bd0a27102dc5b98d56a80752e0d", "test": "tests/test_cpu_terminal_recovery_guards.py::test_recovery_refuses_rehashed_non_cpu_prepared_plan"}, {"bytes": 152054, "path": "/tmp/orze-c3-core-full.QWvkkW/pytest/test_recovery_refuses_changed_11/project-0/recovery-report.json", "sha256": "8f3f69b30e7b92a1c70e34729a2562c003d2b976885a28547a4b2b77ad861f1b", "test": "tests/test_cpu_terminal_recovery_guards.py::test_recovery_refuses_changed_catalog_route"}, {"bytes": 152111, "path": "/tmp/orze-c3-core-full.QWvkkW/pytest/test_recovery_refuses_changed_12/project-0/recovery-report.json", "sha256": "7c7e6120d5198d28c6ee93008a3e8cbb741adcc1345d94ac42214416d22450e9", "test": "tests/test_cpu_terminal_recovery_guards.py::test_recovery_refuses_changed_ready_member_identity"}, {"bytes": 195791, "path": "/tmp/orze-c3-core-full.QWvkkW/pytest/test_recovery_rechecks_source_0/project-0/recovery-report.json", "sha256": "773366a3650c5d2d8a34a6ef4049a103da880299389d32d933d8617c755b8fcd", "test": "tests/test_cpu_terminal_recovery_guards.py::test_recovery_rechecks_source_after_enumeration_before_settlement"}, {"bytes": 153462, "path": "/tmp/orze-c3-core-full.QWvkkW/pytest/test_preexisting_stop_never_au0/project-0/recovery-report.json", "sha256": "96cb45a0a9b9a38f0381d7fd8d182a324644b251d49e6e7d35a7a23df64d8648", "test": "tests/test_cpu_terminal_recovery_guards.py::test_preexisting_stop_never_authorizes_automatic_settlement[ordinary_stop]"}, {"bytes": 153357, "path": "/tmp/orze-c3-core-full.QWvkkW/pytest/test_preexisting_stop_never_au1/project-0/recovery-report.json", "sha256": "54e268f6d9f4079d4d89a61585dc092b8aa0be22ca45d5be86469cbec564e61e", "test": "tests/test_cpu_terminal_recovery_guards.py::test_preexisting_stop_never_authorizes_automatic_settlement[storage_hold]"}, {"bytes": 153504, "path": "/tmp/orze-c3-core-full.QWvkkW/pytest/test_preexisting_stop_never_au2/project-0/recovery-report.json", "sha256": "2228b884da93d2f73d225b48baf6cbbbd0593b474b28746b1dd5335375fc16b6", "test": "tests/test_cpu_terminal_recovery_guards.py::test_preexisting_stop_never_authorizes_automatic_settlement[masked_storage_hold]"}, {"bytes": 152032, "path": "/tmp/orze-c3-core-full.QWvkkW/pytest/test_recovery_refuses_unbound_0/project-0/recovery-report.json", "sha256": "fbd1b0bccc081f50363327039cbf4a80bd4fd6de14b43c918e067c7a75733b18", "test": "tests/test_cpu_terminal_recovery_guards.py::test_recovery_refuses_unbound_replication_request_field"}, {"bytes": 151981, "path": "/tmp/orze-c3-core-full.QWvkkW/pytest/test_recovery_refuses_artifact0/project-0/recovery-report.json", "sha256": "9dd2953e8c034c63d029323be4e0a6ba0d0bf4cf875c6fe8661089f56f9a2e46", "test": "tests/test_cpu_terminal_recovery_guards.py::test_recovery_refuses_artifact_root_unrelated_to_published_records"}, {"bytes": 217978, "path": "/tmp/orze-c3-core-full.QWvkkW/pytest/test_restart_settles_confirmed0/project-0/recovery-report.json", "sha256": "53e93a141986b450b3222e5538d062620ce73980acec3e455c6e17ab90d84731", "test": "tests/test_cpu_terminal_settlement_recovery.py::test_restart_settles_confirmed_terminal_without_repeating_original_worker[0]"}, {"bytes": 205897, "path": "/tmp/orze-c3-core-full.QWvkkW/pytest/test_restart_settles_confirmed1/project-0/recovery-report.json", "sha256": "00c2c598f56b1de6652739a37ec92cd173e2d9e16a59b1d279d62d8afdf9d952", "test": "tests/test_cpu_terminal_settlement_recovery.py::test_restart_settles_confirmed_terminal_without_repeating_original_worker[7]"}, {"bytes": 130598, "path": "/tmp/orze-c3-core-full.QWvkkW/pytest/test_real_v2_confirmed_termina0/project-0/recovery-report.json", "sha256": "40229b7badc8c21fd0482043e6b8da8aee5188dc696c16203ec81d07aeab9976", "test": "tests/test_runtime_lease_recovery.py::test_real_v2_confirmed_terminal_crash_recovers_metadata_only[0]"}, {"bytes": 121844, "path": "/tmp/orze-c3-core-full.QWvkkW/pytest/test_real_v2_confirmed_termina1/project-0/recovery-report.json", "sha256": "cc277c2855033a7f4ef33385abdd6bfb26fea2410ffec48e95c7151cdf5b9304", "test": "tests/test_runtime_lease_recovery.py::test_real_v2_confirmed_terminal_crash_recovers_metadata_only[7]"}, {"bytes": 123434, "path": "/tmp/orze-c3-core-full.QWvkkW/pytest/test_real_historical_v1_termin0/historical-project/recovery-report.json", "sha256": "be96e5e88805754a5f858e1793f386de7b03e3b8734df93cbeeb256d814b9a44", "test": "tests/test_runtime_lease_recovery.py::test_real_historical_v1_terminal_recovers_without_upgrade_or_reexecution"}]
ACCEPTANCE_REPORTS=[{"bytes": 287565, "name": "sorting_default", "path": "/tmp/orze-c3-core-full.QWvkkW/pytest/acceptance-sorting-default0/acceptance-report.json", "sha256": "f70bbd9a9220b0732ad248d08bccce297b76b4e8de64fe6dccd660fd5ba9b227"}, {"bytes": 124620, "name": "sorting_counterfactual", "path": "/tmp/orze-c3-core-full.QWvkkW/pytest/acceptance-sorting-counterfactual0/acceptance-report.json", "sha256": "ddb76ad7abafc2bb63e3963323eb06da589da3f049918bdaee7a117f3bd39dce"}, {"bytes": 282442, "name": "compression_default", "path": "/tmp/orze-c3-core-full.QWvkkW/pytest/acceptance-compression-default0/acceptance-report.json", "sha256": "3f3f044bd802b165826aef50b4bbf2b6649760fd5f13a9afa6f3fb852ca5e429"}, {"bytes": 124147, "name": "compression_counterfactual", "path": "/tmp/orze-c3-core-full.QWvkkW/pytest/acceptance-compression-counterfactual0/acceptance-report.json", "sha256": "1b2577b55e68ce546cd90dc78badd0b4d6da73d209b94da76be83f15c49cf503"}]

=============================== warnings summary ===============================
../../../../../../home/erik/.local/lib/python3.10/site-packages/_pytest/config/__init__.py:885
  /home/erik/.local/lib/python3.10/site-packages/_pytest/config/__init__.py:885: PytestAssertRewriteWarning: Module already imported so cannot be rewritten; cpu_terminal_recovery_helpers
    self.import_plugin(import_spec)

../../../../../../home/erik/.local/lib/python3.10/site-packages/_pytest/config/__init__.py:885
  /home/erik/.local/lib/python3.10/site-packages/_pytest/config/__init__.py:885: PytestAssertRewriteWarning: Module already imported so cannot be rewritten; examples.holdout.testing
    self.import_plugin(import_spec)

-- Docs: https://docs.pytest.org/en/stable/how-to/capture-warnings.html
=========================== short test summary info ============================
SKIPPED [1] tests/test_sweeper.py:12: could not import 'orze_pro.engine.role_runner': This is a stub package. Install the real orze-pro via: export ORZE_PRO_KEY='...' && orze run
SKIPPED [1] tests/test_evolution.py:228: could not import 'orze_pro.agents.code_evolution': This is a stub package. Install the real orze-pro via: export ORZE_PRO_KEY='...' && orze run
SKIPPED [1] tests/test_evolution.py:239: could not import 'orze_pro.agents.code_evolution': This is a stub package. Install the real orze-pro via: export ORZE_PRO_KEY='...' && orze run
SKIPPED [1] tests/test_evolution.py:255: could not import 'orze_pro.agents.meta_research': This is a stub package. Install the real orze-pro via: export ORZE_PRO_KEY='...' && orze run
SKIPPED [1] tests/test_fsm_runner_registry.py:13: could not import 'orze_pro': This is a stub package. Install the real orze-pro via: export ORZE_PRO_KEY='...' && orze run
SKIPPED [1] tests/test_skill_registry.py:123: orze-pro not installed
SKIPPED [1] tests/test_skill_registry.py:135: orze-pro not installed
4456 passed, 7 skipped, 2 warnings in 816.36s (0:13:36)
