running egg_info
creating src/orze_pro.egg-info
writing src/orze_pro.egg-info/PKG-INFO
writing dependency_links to src/orze_pro.egg-info/dependency_links.txt
writing requirements to src/orze_pro.egg-info/requires.txt
writing top-level names to src/orze_pro.egg-info/top_level.txt
writing manifest file 'src/orze_pro.egg-info/SOURCES.txt'
reading manifest file 'src/orze_pro.egg-info/SOURCES.txt'
adding license file 'LICENSE'
writing manifest file 'src/orze_pro.egg-info/SOURCES.txt'
running bdist_wheel
running build
running build_py
creating build/lib/orze_pro
copying src/orze_pro/__init__.py -> build/lib/orze_pro
copying src/orze_pro/license.py -> build/lib/orze_pro
copying src/orze_pro/_gate.py -> build/lib/orze_pro
copying src/orze_pro/cli_sop.py -> build/lib/orze_pro
copying src/orze_pro/telemetry.py -> build/lib/orze_pro
creating build/lib/orze_pro/agents
copying src/orze_pro/agents/pattern_inference.py -> build/lib/orze_pro/agents
copying src/orze_pro/agents/research_context.py -> build/lib/orze_pro/agents
copying src/orze_pro/agents/code_evolution.py -> build/lib/orze_pro/agents
copying src/orze_pro/agents/director_evidence.py -> build/lib/orze_pro/agents
copying src/orze_pro/agents/watchdog.py -> build/lib/orze_pro/agents
copying src/orze_pro/agents/director.py -> build/lib/orze_pro/agents
copying src/orze_pro/agents/__init__.py -> build/lib/orze_pro/agents
copying src/orze_pro/agents/bot.py -> build/lib/orze_pro/agents
copying src/orze_pro/agents/_llm_utils.py -> build/lib/orze_pro/agents
copying src/orze_pro/agents/prompt_manifest.py -> build/lib/orze_pro/agents
copying src/orze_pro/agents/research_outcome.py -> build/lib/orze_pro/agents
copying src/orze_pro/agents/prompt_budget.py -> build/lib/orze_pro/agents
copying src/orze_pro/agents/provider_result.py -> build/lib/orze_pro/agents
copying src/orze_pro/agents/evidence_context.py -> build/lib/orze_pro/agents
copying src/orze_pro/agents/research_llm.py -> build/lib/orze_pro/agents
copying src/orze_pro/agents/task_splitter.py -> build/lib/orze_pro/agents
copying src/orze_pro/agents/research.py -> build/lib/orze_pro/agents
copying src/orze_pro/agents/meta_research.py -> build/lib/orze_pro/agents
copying src/orze_pro/agents/rules_integrity.py -> build/lib/orze_pro/agents
creating build/lib/orze_pro/benchmarks
copying src/orze_pro/benchmarks/__init__.py -> build/lib/orze_pro/benchmarks
copying src/orze_pro/benchmarks/hf_open_asr.py -> build/lib/orze_pro/benchmarks
creating build/lib/orze_pro/skills
copying src/orze_pro/skills/__init__.py -> build/lib/orze_pro/skills
copying src/orze_pro/skills/registry.py -> build/lib/orze_pro/skills
copying src/orze_pro/skills/bundled.py -> build/lib/orze_pro/skills
creating build/lib/orze_pro/engine
copying src/orze_pro/engine/skill_activation.py -> build/lib/orze_pro/engine
copying src/orze_pro/engine/research_demand.py -> build/lib/orze_pro/engine
copying src/orze_pro/engine/method_context.py -> build/lib/orze_pro/engine
copying src/orze_pro/engine/__init__.py -> build/lib/orze_pro/engine
copying src/orze_pro/engine/quota_timing.py -> build/lib/orze_pro/engine
copying src/orze_pro/engine/research_admission.py -> build/lib/orze_pro/engine
copying src/orze_pro/engine/role_runner.py -> build/lib/orze_pro/engine
copying src/orze_pro/engine/research_budget.py -> build/lib/orze_pro/engine
copying src/orze_pro/engine/sops.py -> build/lib/orze_pro/engine
copying src/orze_pro/engine/idea_filter.py -> build/lib/orze_pro/engine
copying src/orze_pro/engine/evidence_cadence.py -> build/lib/orze_pro/engine
copying src/orze_pro/engine/sop_tier2.py -> build/lib/orze_pro/engine
copying src/orze_pro/engine/role_delivery.py -> build/lib/orze_pro/engine
copying src/orze_pro/engine/thinker_evidence.py -> build/lib/orze_pro/engine
creating build/lib/orze_pro/fsm
copying src/orze_pro/fsm/__init__.py -> build/lib/orze_pro/fsm
creating build/lib/orze_pro/fsm/plugins
copying src/orze_pro/fsm/plugins/idea_verifier.py -> build/lib/orze_pro/fsm/plugins
copying src/orze_pro/fsm/plugins/__init__.py -> build/lib/orze_pro/fsm/plugins
copying src/orze_pro/fsm/plugins/role_logger.py -> build/lib/orze_pro/fsm/plugins
copying src/orze_pro/fsm/plugins/orze_guards.py -> build/lib/orze_pro/fsm/plugins
copying src/orze_pro/fsm/plugins/orze_actions.py -> build/lib/orze_pro/fsm/plugins
running egg_info
writing src/orze_pro.egg-info/PKG-INFO
writing dependency_links to src/orze_pro.egg-info/dependency_links.txt
writing requirements to src/orze_pro.egg-info/requires.txt
writing top-level names to src/orze_pro.egg-info/top_level.txt
reading manifest file 'src/orze_pro.egg-info/SOURCES.txt'
adding license file 'LICENSE'
writing manifest file 'src/orze_pro.egg-info/SOURCES.txt'
creating build/lib/orze_pro/procedures
copying src/orze_pro/procedures/evolution.yaml -> build/lib/orze_pro/procedures
copying src/orze_pro/procedures/research_stall.yaml -> build/lib/orze_pro/procedures
copying src/orze_pro/procedures/fix_escalation.yaml -> build/lib/orze_pro/procedures
copying src/orze_pro/procedures/activity_log.yaml -> build/lib/orze_pro/procedures
copying src/orze_pro/procedures/quality_gate.yaml -> build/lib/orze_pro/procedures
copying src/orze_pro/procedures/meta_research.yaml -> build/lib/orze_pro/procedures
copying src/orze_pro/procedures/idea_verifier.yaml -> build/lib/orze_pro/procedures
creating build/lib/orze_pro/sops
copying src/orze_pro/sops/data_analyst_anomaly_hypotheses.skill.md -> build/lib/orze_pro/sops
copying src/orze_pro/sops/data_analyst_insights.skill.md -> build/lib/orze_pro/sops
copying src/orze_pro/sops/file_layout.skill.md -> build/lib/orze_pro/sops
copying src/orze_pro/sops/paper_review_addressing.skill.md -> build/lib/orze_pro/sops
copying src/orze_pro/sops/data_analyst_error_analysis.skill.md -> build/lib/orze_pro/sops
copying src/orze_pro/sops/code_evolution_base.skill.md -> build/lib/orze_pro/sops
copying src/orze_pro/sops/data_analyst_competition_diagnosis.skill.md -> build/lib/orze_pro/sops
copying src/orze_pro/sops/professor_web_search.skill.md -> build/lib/orze_pro/sops
copying src/orze_pro/sops/thinker_phase_a_reformulation.skill.md -> build/lib/orze_pro/sops
copying src/orze_pro/sops/thinker_phase_c_constraints.skill.md -> build/lib/orze_pro/sops
copying src/orze_pro/sops/thinker_phase_b_root_cause.skill.md -> build/lib/orze_pro/sops
copying src/orze_pro/sops/professor_gap_closure.skill.md -> build/lib/orze_pro/sops
copying src/orze_pro/sops/professor_idea_review.skill.md -> build/lib/orze_pro/sops
copying src/orze_pro/sops/professor_paper_lake.skill.md -> build/lib/orze_pro/sops
copying src/orze_pro/sops/professor_base.skill.md -> build/lib/orze_pro/sops
copying src/orze_pro/sops/thinker_phase_d_cross_domain.skill.md -> build/lib/orze_pro/sops
copying src/orze_pro/sops/thinker_axiom_removal.skill.md -> build/lib/orze_pro/sops
copying src/orze_pro/sops/thinker_base.skill.md -> build/lib/orze_pro/sops
copying src/orze_pro/sops/thinker_synthesis.skill.md -> build/lib/orze_pro/sops
copying src/orze_pro/sops/engineer_implement.skill.md -> build/lib/orze_pro/sops
copying src/orze_pro/sops/professor_strategy_review.skill.md -> build/lib/orze_pro/sops
copying src/orze_pro/sops/thinker_phase_f_implementation.skill.md -> build/lib/orze_pro/sops
copying src/orze_pro/sops/thinker_phase_e_proposals.skill.md -> build/lib/orze_pro/sops
copying src/orze_pro/sops/research_base.skill.md -> build/lib/orze_pro/sops
copying src/orze_pro/sops/engineer_base.skill.md -> build/lib/orze_pro/sops
copying src/orze_pro/sops/ensemble_strategist_base.skill.md -> build/lib/orze_pro/sops
copying src/orze_pro/sops/engineer_fix_bugs.skill.md -> build/lib/orze_pro/sops
copying src/orze_pro/sops/professor_diversity_enforcement.skill.md -> build/lib/orze_pro/sops
copying src/orze_pro/sops/data_analyst_visualization.skill.md -> build/lib/orze_pro/sops
copying src/orze_pro/sops/professor_cross_domain_query.skill.md -> build/lib/orze_pro/sops
copying src/orze_pro/sops/professor_regression_detection.skill.md -> build/lib/orze_pro/sops
copying src/orze_pro/sops/professor_steering.skill.md -> build/lib/orze_pro/sops
copying src/orze_pro/sops/paper_review_generation.skill.md -> build/lib/orze_pro/sops
copying src/orze_pro/sops/data_analyst_base.skill.md -> build/lib/orze_pro/sops
installing to build/bdist.linux-x86_64/wheel
running install
running install_lib
creating build/bdist.linux-x86_64/wheel
creating build/bdist.linux-x86_64/wheel/orze_pro
copying build/lib/orze_pro/__init__.py -> build/bdist.linux-x86_64/wheel/./orze_pro
copying build/lib/orze_pro/license.py -> build/bdist.linux-x86_64/wheel/./orze_pro
creating build/bdist.linux-x86_64/wheel/orze_pro/agents
copying build/lib/orze_pro/agents/pattern_inference.py -> build/bdist.linux-x86_64/wheel/./orze_pro/agents
copying build/lib/orze_pro/agents/research_context.py -> build/bdist.linux-x86_64/wheel/./orze_pro/agents
copying build/lib/orze_pro/agents/code_evolution.py -> build/bdist.linux-x86_64/wheel/./orze_pro/agents
copying build/lib/orze_pro/agents/director_evidence.py -> build/bdist.linux-x86_64/wheel/./orze_pro/agents
copying build/lib/orze_pro/agents/watchdog.py -> build/bdist.linux-x86_64/wheel/./orze_pro/agents
copying build/lib/orze_pro/agents/director.py -> build/bdist.linux-x86_64/wheel/./orze_pro/agents
copying build/lib/orze_pro/agents/__init__.py -> build/bdist.linux-x86_64/wheel/./orze_pro/agents
copying build/lib/orze_pro/agents/bot.py -> build/bdist.linux-x86_64/wheel/./orze_pro/agents
copying build/lib/orze_pro/agents/_llm_utils.py -> build/bdist.linux-x86_64/wheel/./orze_pro/agents
copying build/lib/orze_pro/agents/prompt_manifest.py -> build/bdist.linux-x86_64/wheel/./orze_pro/agents
copying build/lib/orze_pro/agents/research_outcome.py -> build/bdist.linux-x86_64/wheel/./orze_pro/agents
copying build/lib/orze_pro/agents/prompt_budget.py -> build/bdist.linux-x86_64/wheel/./orze_pro/agents
copying build/lib/orze_pro/agents/provider_result.py -> build/bdist.linux-x86_64/wheel/./orze_pro/agents
copying build/lib/orze_pro/agents/evidence_context.py -> build/bdist.linux-x86_64/wheel/./orze_pro/agents
copying build/lib/orze_pro/agents/research_llm.py -> build/bdist.linux-x86_64/wheel/./orze_pro/agents
copying build/lib/orze_pro/agents/task_splitter.py -> build/bdist.linux-x86_64/wheel/./orze_pro/agents
copying build/lib/orze_pro/agents/research.py -> build/bdist.linux-x86_64/wheel/./orze_pro/agents
copying build/lib/orze_pro/agents/meta_research.py -> build/bdist.linux-x86_64/wheel/./orze_pro/agents
copying build/lib/orze_pro/agents/rules_integrity.py -> build/bdist.linux-x86_64/wheel/./orze_pro/agents
copying build/lib/orze_pro/_gate.py -> build/bdist.linux-x86_64/wheel/./orze_pro
creating build/bdist.linux-x86_64/wheel/orze_pro/benchmarks
copying build/lib/orze_pro/benchmarks/__init__.py -> build/bdist.linux-x86_64/wheel/./orze_pro/benchmarks
copying build/lib/orze_pro/benchmarks/hf_open_asr.py -> build/bdist.linux-x86_64/wheel/./orze_pro/benchmarks
creating build/bdist.linux-x86_64/wheel/orze_pro/skills
copying build/lib/orze_pro/skills/__init__.py -> build/bdist.linux-x86_64/wheel/./orze_pro/skills
copying build/lib/orze_pro/skills/registry.py -> build/bdist.linux-x86_64/wheel/./orze_pro/skills
copying build/lib/orze_pro/skills/bundled.py -> build/bdist.linux-x86_64/wheel/./orze_pro/skills
creating build/bdist.linux-x86_64/wheel/orze_pro/sops
copying build/lib/orze_pro/sops/data_analyst_anomaly_hypotheses.skill.md -> build/bdist.linux-x86_64/wheel/./orze_pro/sops
copying build/lib/orze_pro/sops/data_analyst_insights.skill.md -> build/bdist.linux-x86_64/wheel/./orze_pro/sops
copying build/lib/orze_pro/sops/file_layout.skill.md -> build/bdist.linux-x86_64/wheel/./orze_pro/sops
copying build/lib/orze_pro/sops/paper_review_addressing.skill.md -> build/bdist.linux-x86_64/wheel/./orze_pro/sops
copying build/lib/orze_pro/sops/data_analyst_error_analysis.skill.md -> build/bdist.linux-x86_64/wheel/./orze_pro/sops
copying build/lib/orze_pro/sops/code_evolution_base.skill.md -> build/bdist.linux-x86_64/wheel/./orze_pro/sops
copying build/lib/orze_pro/sops/data_analyst_competition_diagnosis.skill.md -> build/bdist.linux-x86_64/wheel/./orze_pro/sops
copying build/lib/orze_pro/sops/professor_web_search.skill.md -> build/bdist.linux-x86_64/wheel/./orze_pro/sops
copying build/lib/orze_pro/sops/thinker_phase_a_reformulation.skill.md -> build/bdist.linux-x86_64/wheel/./orze_pro/sops
copying build/lib/orze_pro/sops/thinker_phase_c_constraints.skill.md -> build/bdist.linux-x86_64/wheel/./orze_pro/sops
copying build/lib/orze_pro/sops/thinker_phase_b_root_cause.skill.md -> build/bdist.linux-x86_64/wheel/./orze_pro/sops
copying build/lib/orze_pro/sops/professor_gap_closure.skill.md -> build/bdist.linux-x86_64/wheel/./orze_pro/sops
copying build/lib/orze_pro/sops/professor_idea_review.skill.md -> build/bdist.linux-x86_64/wheel/./orze_pro/sops
copying build/lib/orze_pro/sops/professor_paper_lake.skill.md -> build/bdist.linux-x86_64/wheel/./orze_pro/sops
copying build/lib/orze_pro/sops/professor_base.skill.md -> build/bdist.linux-x86_64/wheel/./orze_pro/sops
copying build/lib/orze_pro/sops/thinker_phase_d_cross_domain.skill.md -> build/bdist.linux-x86_64/wheel/./orze_pro/sops
copying build/lib/orze_pro/sops/thinker_axiom_removal.skill.md -> build/bdist.linux-x86_64/wheel/./orze_pro/sops
copying build/lib/orze_pro/sops/thinker_base.skill.md -> build/bdist.linux-x86_64/wheel/./orze_pro/sops
copying build/lib/orze_pro/sops/thinker_synthesis.skill.md -> build/bdist.linux-x86_64/wheel/./orze_pro/sops
copying build/lib/orze_pro/sops/engineer_implement.skill.md -> build/bdist.linux-x86_64/wheel/./orze_pro/sops
copying build/lib/orze_pro/sops/professor_strategy_review.skill.md -> build/bdist.linux-x86_64/wheel/./orze_pro/sops
copying build/lib/orze_pro/sops/thinker_phase_f_implementation.skill.md -> build/bdist.linux-x86_64/wheel/./orze_pro/sops
copying build/lib/orze_pro/sops/thinker_phase_e_proposals.skill.md -> build/bdist.linux-x86_64/wheel/./orze_pro/sops
copying build/lib/orze_pro/sops/research_base.skill.md -> build/bdist.linux-x86_64/wheel/./orze_pro/sops
copying build/lib/orze_pro/sops/engineer_base.skill.md -> build/bdist.linux-x86_64/wheel/./orze_pro/sops
copying build/lib/orze_pro/sops/ensemble_strategist_base.skill.md -> build/bdist.linux-x86_64/wheel/./orze_pro/sops
copying build/lib/orze_pro/sops/engineer_fix_bugs.skill.md -> build/bdist.linux-x86_64/wheel/./orze_pro/sops
copying build/lib/orze_pro/sops/professor_diversity_enforcement.skill.md -> build/bdist.linux-x86_64/wheel/./orze_pro/sops
copying build/lib/orze_pro/sops/data_analyst_visualization.skill.md -> build/bdist.linux-x86_64/wheel/./orze_pro/sops
copying build/lib/orze_pro/sops/professor_cross_domain_query.skill.md -> build/bdist.linux-x86_64/wheel/./orze_pro/sops
copying build/lib/orze_pro/sops/professor_regression_detection.skill.md -> build/bdist.linux-x86_64/wheel/./orze_pro/sops
copying build/lib/orze_pro/sops/professor_steering.skill.md -> build/bdist.linux-x86_64/wheel/./orze_pro/sops
copying build/lib/orze_pro/sops/paper_review_generation.skill.md -> build/bdist.linux-x86_64/wheel/./orze_pro/sops
copying build/lib/orze_pro/sops/data_analyst_base.skill.md -> build/bdist.linux-x86_64/wheel/./orze_pro/sops
creating build/bdist.linux-x86_64/wheel/orze_pro/procedures
copying build/lib/orze_pro/procedures/evolution.yaml -> build/bdist.linux-x86_64/wheel/./orze_pro/procedures
copying build/lib/orze_pro/procedures/research_stall.yaml -> build/bdist.linux-x86_64/wheel/./orze_pro/procedures
copying build/lib/orze_pro/procedures/fix_escalation.yaml -> build/bdist.linux-x86_64/wheel/./orze_pro/procedures
copying build/lib/orze_pro/procedures/activity_log.yaml -> build/bdist.linux-x86_64/wheel/./orze_pro/procedures
copying build/lib/orze_pro/procedures/quality_gate.yaml -> build/bdist.linux-x86_64/wheel/./orze_pro/procedures
copying build/lib/orze_pro/procedures/meta_research.yaml -> build/bdist.linux-x86_64/wheel/./orze_pro/procedures
copying build/lib/orze_pro/procedures/idea_verifier.yaml -> build/bdist.linux-x86_64/wheel/./orze_pro/procedures
copying build/lib/orze_pro/cli_sop.py -> build/bdist.linux-x86_64/wheel/./orze_pro
creating build/bdist.linux-x86_64/wheel/orze_pro/engine
copying build/lib/orze_pro/engine/skill_activation.py -> build/bdist.linux-x86_64/wheel/./orze_pro/engine
copying build/lib/orze_pro/engine/research_demand.py -> build/bdist.linux-x86_64/wheel/./orze_pro/engine
copying build/lib/orze_pro/engine/method_context.py -> build/bdist.linux-x86_64/wheel/./orze_pro/engine
copying build/lib/orze_pro/engine/__init__.py -> build/bdist.linux-x86_64/wheel/./orze_pro/engine
copying build/lib/orze_pro/engine/quota_timing.py -> build/bdist.linux-x86_64/wheel/./orze_pro/engine
copying build/lib/orze_pro/engine/research_admission.py -> build/bdist.linux-x86_64/wheel/./orze_pro/engine
copying build/lib/orze_pro/engine/role_runner.py -> build/bdist.linux-x86_64/wheel/./orze_pro/engine
copying build/lib/orze_pro/engine/research_budget.py -> build/bdist.linux-x86_64/wheel/./orze_pro/engine
copying build/lib/orze_pro/engine/sops.py -> build/bdist.linux-x86_64/wheel/./orze_pro/engine
copying build/lib/orze_pro/engine/idea_filter.py -> build/bdist.linux-x86_64/wheel/./orze_pro/engine
copying build/lib/orze_pro/engine/evidence_cadence.py -> build/bdist.linux-x86_64/wheel/./orze_pro/engine
copying build/lib/orze_pro/engine/sop_tier2.py -> build/bdist.linux-x86_64/wheel/./orze_pro/engine
copying build/lib/orze_pro/engine/role_delivery.py -> build/bdist.linux-x86_64/wheel/./orze_pro/engine
copying build/lib/orze_pro/engine/thinker_evidence.py -> build/bdist.linux-x86_64/wheel/./orze_pro/engine
creating build/bdist.linux-x86_64/wheel/orze_pro/fsm
creating build/bdist.linux-x86_64/wheel/orze_pro/fsm/plugins
copying build/lib/orze_pro/fsm/plugins/idea_verifier.py -> build/bdist.linux-x86_64/wheel/./orze_pro/fsm/plugins
copying build/lib/orze_pro/fsm/plugins/__init__.py -> build/bdist.linux-x86_64/wheel/./orze_pro/fsm/plugins
copying build/lib/orze_pro/fsm/plugins/role_logger.py -> build/bdist.linux-x86_64/wheel/./orze_pro/fsm/plugins
copying build/lib/orze_pro/fsm/plugins/orze_guards.py -> build/bdist.linux-x86_64/wheel/./orze_pro/fsm/plugins
copying build/lib/orze_pro/fsm/plugins/orze_actions.py -> build/bdist.linux-x86_64/wheel/./orze_pro/fsm/plugins
copying build/lib/orze_pro/fsm/__init__.py -> build/bdist.linux-x86_64/wheel/./orze_pro/fsm
copying build/lib/orze_pro/telemetry.py -> build/bdist.linux-x86_64/wheel/./orze_pro
running install_egg_info
Copying src/orze_pro.egg-info to build/bdist.linux-x86_64/wheel/./orze_pro-0.13.1-py3.10.egg-info
running install_scripts
creating build/bdist.linux-x86_64/wheel/orze_pro-0.13.1.dist-info/WHEEL
creating '/hot-data/fsx/workspace/erik/orze-autonomous-paired-package-2026-09-12.rq3d9cB2/wheelhouse/.tmp-86wouvuh/orze_pro-0.13.1-py3-none-any.whl' and adding 'build/bdist.linux-x86_64/wheel' to it
adding 'orze_pro/__init__.py'
adding 'orze_pro/_gate.py'
adding 'orze_pro/cli_sop.py'
adding 'orze_pro/license.py'
adding 'orze_pro/telemetry.py'
adding 'orze_pro/agents/__init__.py'
adding 'orze_pro/agents/_llm_utils.py'
adding 'orze_pro/agents/bot.py'
adding 'orze_pro/agents/code_evolution.py'
adding 'orze_pro/agents/director.py'
adding 'orze_pro/agents/director_evidence.py'
adding 'orze_pro/agents/evidence_context.py'
adding 'orze_pro/agents/meta_research.py'
adding 'orze_pro/agents/pattern_inference.py'
adding 'orze_pro/agents/prompt_budget.py'
adding 'orze_pro/agents/prompt_manifest.py'
adding 'orze_pro/agents/provider_result.py'
adding 'orze_pro/agents/research.py'
adding 'orze_pro/agents/research_context.py'
adding 'orze_pro/agents/research_llm.py'
adding 'orze_pro/agents/research_outcome.py'
adding 'orze_pro/agents/rules_integrity.py'
adding 'orze_pro/agents/task_splitter.py'
adding 'orze_pro/agents/watchdog.py'
adding 'orze_pro/benchmarks/__init__.py'
adding 'orze_pro/benchmarks/hf_open_asr.py'
adding 'orze_pro/engine/__init__.py'
adding 'orze_pro/engine/evidence_cadence.py'
adding 'orze_pro/engine/idea_filter.py'
adding 'orze_pro/engine/method_context.py'
adding 'orze_pro/engine/quota_timing.py'
adding 'orze_pro/engine/research_admission.py'
adding 'orze_pro/engine/research_budget.py'
adding 'orze_pro/engine/research_demand.py'
adding 'orze_pro/engine/role_delivery.py'
adding 'orze_pro/engine/role_runner.py'
adding 'orze_pro/engine/skill_activation.py'
adding 'orze_pro/engine/sop_tier2.py'
adding 'orze_pro/engine/sops.py'
adding 'orze_pro/engine/thinker_evidence.py'
adding 'orze_pro/fsm/__init__.py'
adding 'orze_pro/fsm/plugins/__init__.py'
adding 'orze_pro/fsm/plugins/idea_verifier.py'
adding 'orze_pro/fsm/plugins/orze_actions.py'
adding 'orze_pro/fsm/plugins/orze_guards.py'
adding 'orze_pro/fsm/plugins/role_logger.py'
adding 'orze_pro/procedures/activity_log.yaml'
adding 'orze_pro/procedures/evolution.yaml'
adding 'orze_pro/procedures/fix_escalation.yaml'
adding 'orze_pro/procedures/idea_verifier.yaml'
adding 'orze_pro/procedures/meta_research.yaml'
adding 'orze_pro/procedures/quality_gate.yaml'
adding 'orze_pro/procedures/research_stall.yaml'
adding 'orze_pro/skills/__init__.py'
adding 'orze_pro/skills/bundled.py'
adding 'orze_pro/skills/registry.py'
adding 'orze_pro/sops/code_evolution_base.skill.md'
adding 'orze_pro/sops/data_analyst_anomaly_hypotheses.skill.md'
adding 'orze_pro/sops/data_analyst_base.skill.md'
adding 'orze_pro/sops/data_analyst_competition_diagnosis.skill.md'
adding 'orze_pro/sops/data_analyst_error_analysis.skill.md'
adding 'orze_pro/sops/data_analyst_insights.skill.md'
adding 'orze_pro/sops/data_analyst_visualization.skill.md'
adding 'orze_pro/sops/engineer_base.skill.md'
adding 'orze_pro/sops/engineer_fix_bugs.skill.md'
adding 'orze_pro/sops/engineer_implement.skill.md'
adding 'orze_pro/sops/ensemble_strategist_base.skill.md'
adding 'orze_pro/sops/file_layout.skill.md'
adding 'orze_pro/sops/paper_review_addressing.skill.md'
adding 'orze_pro/sops/paper_review_generation.skill.md'
adding 'orze_pro/sops/professor_base.skill.md'
adding 'orze_pro/sops/professor_cross_domain_query.skill.md'
adding 'orze_pro/sops/professor_diversity_enforcement.skill.md'
adding 'orze_pro/sops/professor_gap_closure.skill.md'
adding 'orze_pro/sops/professor_idea_review.skill.md'
adding 'orze_pro/sops/professor_paper_lake.skill.md'
adding 'orze_pro/sops/professor_regression_detection.skill.md'
adding 'orze_pro/sops/professor_steering.skill.md'
adding 'orze_pro/sops/professor_strategy_review.skill.md'
adding 'orze_pro/sops/professor_web_search.skill.md'
adding 'orze_pro/sops/research_base.skill.md'
adding 'orze_pro/sops/thinker_axiom_removal.skill.md'
adding 'orze_pro/sops/thinker_base.skill.md'
adding 'orze_pro/sops/thinker_phase_a_reformulation.skill.md'
adding 'orze_pro/sops/thinker_phase_b_root_cause.skill.md'
adding 'orze_pro/sops/thinker_phase_c_constraints.skill.md'
adding 'orze_pro/sops/thinker_phase_d_cross_domain.skill.md'
adding 'orze_pro/sops/thinker_phase_e_proposals.skill.md'
adding 'orze_pro/sops/thinker_phase_f_implementation.skill.md'
adding 'orze_pro/sops/thinker_synthesis.skill.md'
adding 'orze_pro-0.13.1.dist-info/licenses/LICENSE'
adding 'orze_pro-0.13.1.dist-info/METADATA'
adding 'orze_pro-0.13.1.dist-info/WHEEL'
adding 'orze_pro-0.13.1.dist-info/top_level.txt'
adding 'orze_pro-0.13.1.dist-info/RECORD'
removing build/bdist.linux-x86_64/wheel
Successfully built orze_pro-0.13.1-py3-none-any.whl
