Looking in links: /hot-data/fsx/workspace/erik/orze-autonomous-paired-package-2026-09-12.rq3d9cB2/wheelhouse
Processing ./wheelhouse/pyyaml-6.0.3-cp310-cp310-manylinux2014_x86_64.manylinux_2_17_x86_64.manylinux_2_28_x86_64.whl (from -r /hot-data/fsx/workspace/erik/orze-autonomous-paired-package-2026-09-12.rq3d9cB2/paired.lock (line 1))
Processing ./wheelhouse/annotated_doc-0.0.5-py3-none-any.whl (from -r /hot-data/fsx/workspace/erik/orze-autonomous-paired-package-2026-09-12.rq3d9cB2/paired.lock (line 2))
Processing ./wheelhouse/annotated_types-0.8.0-py3-none-any.whl (from -r /hot-data/fsx/workspace/erik/orze-autonomous-paired-package-2026-09-12.rq3d9cB2/paired.lock (line 3))
Processing ./wheelhouse/anyio-4.15.1-py3-none-any.whl (from -r /hot-data/fsx/workspace/erik/orze-autonomous-paired-package-2026-09-12.rq3d9cB2/paired.lock (line 4))
Processing ./wheelhouse/cffi-2.1.1-cp310-cp310-manylinux2014_x86_64.manylinux_2_17_x86_64.whl (from -r /hot-data/fsx/workspace/erik/orze-autonomous-paired-package-2026-09-12.rq3d9cB2/paired.lock (line 5))
Processing ./wheelhouse/click-8.5.0-py3-none-any.whl (from -r /hot-data/fsx/workspace/erik/orze-autonomous-paired-package-2026-09-12.rq3d9cB2/paired.lock (line 6))
Processing ./wheelhouse/cryptography-50.0.1-cp39-abi3-manylinux_2_34_x86_64.whl (from -r /hot-data/fsx/workspace/erik/orze-autonomous-paired-package-2026-09-12.rq3d9cB2/paired.lock (line 7))
Processing ./wheelhouse/exceptiongroup-1.3.1-py3-none-any.whl (from -r /hot-data/fsx/workspace/erik/orze-autonomous-paired-package-2026-09-12.rq3d9cB2/paired.lock (line 8))
Processing ./wheelhouse/fastapi-0.141.1-py3-none-any.whl (from -r /hot-data/fsx/workspace/erik/orze-autonomous-paired-package-2026-09-12.rq3d9cB2/paired.lock (line 9))
Processing ./wheelhouse/h11-0.16.0-py3-none-any.whl (from -r /hot-data/fsx/workspace/erik/orze-autonomous-paired-package-2026-09-12.rq3d9cB2/paired.lock (line 10))
Processing ./wheelhouse/httptools-0.8.0-cp310-cp310-manylinux1_x86_64.manylinux_2_28_x86_64.manylinux_2_5_x86_64.whl (from -r /hot-data/fsx/workspace/erik/orze-autonomous-paired-package-2026-09-12.rq3d9cB2/paired.lock (line 11))
Processing ./wheelhouse/idna-3.19-py3-none-any.whl (from -r /hot-data/fsx/workspace/erik/orze-autonomous-paired-package-2026-09-12.rq3d9cB2/paired.lock (line 12))
Processing ./wheelhouse/orze_pro-0.13.1-py3-none-any.whl (from -r /hot-data/fsx/workspace/erik/orze-autonomous-paired-package-2026-09-12.rq3d9cB2/paired.lock (line 13))
Processing ./wheelhouse/orze-4.6.2-py3-none-any.whl (from -r /hot-data/fsx/workspace/erik/orze-autonomous-paired-package-2026-09-12.rq3d9cB2/paired.lock (line 14))
Processing ./wheelhouse/pycparser-3.0-py3-none-any.whl (from -r /hot-data/fsx/workspace/erik/orze-autonomous-paired-package-2026-09-12.rq3d9cB2/paired.lock (line 15))
Processing ./wheelhouse/pydantic-2.13.5-py3-none-any.whl (from -r /hot-data/fsx/workspace/erik/orze-autonomous-paired-package-2026-09-12.rq3d9cB2/paired.lock (line 16))
Processing ./wheelhouse/pydantic_core-2.46.5-cp310-cp310-manylinux_2_17_x86_64.manylinux2014_x86_64.whl (from -r /hot-data/fsx/workspace/erik/orze-autonomous-paired-package-2026-09-12.rq3d9cB2/paired.lock (line 17))
Processing ./wheelhouse/python_dotenv-1.2.3-py3-none-any.whl (from -r /hot-data/fsx/workspace/erik/orze-autonomous-paired-package-2026-09-12.rq3d9cB2/paired.lock (line 18))
Processing ./wheelhouse/starlette-1.6.0-py3-none-any.whl (from -r /hot-data/fsx/workspace/erik/orze-autonomous-paired-package-2026-09-12.rq3d9cB2/paired.lock (line 19))
Processing ./wheelhouse/typing_inspection-0.4.4-py3-none-any.whl (from -r /hot-data/fsx/workspace/erik/orze-autonomous-paired-package-2026-09-12.rq3d9cB2/paired.lock (line 20))
Processing ./wheelhouse/typing_extensions-4.16.0-py3-none-any.whl (from -r /hot-data/fsx/workspace/erik/orze-autonomous-paired-package-2026-09-12.rq3d9cB2/paired.lock (line 21))
Processing ./wheelhouse/uvicorn-0.52.4-py3-none-any.whl (from -r /hot-data/fsx/workspace/erik/orze-autonomous-paired-package-2026-09-12.rq3d9cB2/paired.lock (line 22))
Processing ./wheelhouse/uvloop-0.22.1-cp310-cp310-manylinux2014_x86_64.manylinux_2_17_x86_64.manylinux_2_28_x86_64.whl (from -r /hot-data/fsx/workspace/erik/orze-autonomous-paired-package-2026-09-12.rq3d9cB2/paired.lock (line 23))
Processing ./wheelhouse/watchfiles-1.2.0-cp310-cp310-manylinux_2_17_x86_64.manylinux2014_x86_64.whl (from -r /hot-data/fsx/workspace/erik/orze-autonomous-paired-package-2026-09-12.rq3d9cB2/paired.lock (line 24))
Processing ./wheelhouse/websockets-16.1.1-cp310-cp310-manylinux1_x86_64.manylinux_2_28_x86_64.manylinux_2_5_x86_64.whl (from -r /hot-data/fsx/workspace/erik/orze-autonomous-paired-package-2026-09-12.rq3d9cB2/paired.lock (line 25))
Installing collected packages: websockets, uvloop, typing_extensions, PyYAML, python-dotenv, pycparser, idna, httptools, h11, click, annotated-types, annotated-doc, uvicorn, typing-inspection, pydantic_core, exceptiongroup, cffi, pydantic, cryptography, anyio, watchfiles, starlette, fastapi, orze, orze-pro

Successfully installed PyYAML-6.0.3 annotated-doc-0.0.5 annotated-types-0.8.0 anyio-4.15.1 cffi-2.1.1 click-8.5.0 cryptography-50.0.1 exceptiongroup-1.3.1 fastapi-0.141.1 h11-0.16.0 httptools-0.8.0 idna-3.19 orze-4.6.2 orze-pro-0.13.1 pycparser-3.0 pydantic-2.13.5 pydantic_core-2.46.5 python-dotenv-1.2.3 starlette-1.6.0 typing-inspection-0.4.4 typing_extensions-4.16.0 uvicorn-0.52.4 uvloop-0.22.1 watchfiles-1.2.0 websockets-16.1.1
