annotated-doc==0.0.5
annotated-types==0.8.0
anyio==4.15.1
cffi==2.1.1
click==8.5.0
cryptography==50.0.1
exceptiongroup==1.3.1
fastapi==0.141.1
h11==0.16.0
httptools==0.8.0
idna==3.19
orze==4.6.2
orze-pro==0.13.1
pip @ file:///hot-data/fsx/workspace/erik/orze-release-candidate-6BUecCLP/bootstrap/pip-26.2.1-py3-none-any.whl#sha256=71138adf1f4ca900cdb7d289c21b7494329f2332b6d85f0e1c42108c0384ed3e
pycparser==3.0
pydantic==2.13.5
pydantic_core==2.46.5
python-dotenv==1.2.3
PyYAML==6.0.3
starlette==1.6.0
typing-inspection==0.4.4
typing_extensions==4.16.0
uvicorn==0.52.4
uvloop==0.22.1
watchfiles==1.2.0
websockets==16.1.1
