
orze-pro is distributed via private registry.

To install:
    1. Get your license key at https://orze.ai/pro
    2. pip install orze
    3. export ORZE_PRO_KEY="ORZE-PRO-..."
    4. orze run  (auto-installs orze-pro)

Or install manually:
    pip install orze-pro --extra-index-url https://__token__:${ORZE_PRO_KEY}@pypi.orze.ai/simple/

Questions? support@orze.ai

orze-pro license check failed: This is a stub package. Install the real orze-pro via: export ORZE_PRO_KEY='...' && orze run. Roles will not run.
Cannot derive config identity for idea-history-010: invalid YAML
Proposal dedup index unavailable: AttributeError
Retaining proposal idea-candidate: config_duplicate
Retaining proposal idea-fresh: rejected
Cannot derive config identity for idea-history-010: invalid YAML
Proposal dedup index unavailable: AttributeError
Retaining proposal idea-candidate: config_duplicate
Retaining proposal idea-fresh: rejected
Cannot derive config identity for idea-history-012: invalid YAML
Cannot derive config identity for idea-history-013: invalid YAML
Proposal dedup index unavailable: AttributeError
Retaining proposal idea-candidate: config_duplicate
Retaining proposal idea-fresh: rejected
Cannot derive config identity for idea-history-012: invalid YAML
Cannot derive config identity for idea-history-013: invalid YAML
Proposal dedup index unavailable: AttributeError
Retaining proposal idea-candidate: config_duplicate
Retaining proposal idea-fresh: rejected
Retaining proposal idea-candidate: config_duplicate
Retaining proposal idea-candidate: config_duplicate
Cannot derive config identity for idea-history-016: invalid YAML
Retaining proposal idea-candidate: rejected
Cannot derive config identity for idea-history-016: invalid YAML
Retaining proposal idea-candidate: rejected
Proposal dedup index unavailable: AttributeError
Retaining proposal idea-candidate: rejected
Retaining proposal idea-fresh: rejected
Proposal dedup index unavailable: AttributeError
Retaining proposal idea-candidate: rejected
Retaining proposal idea-fresh: rejected
Cannot derive config identity for idea-history-002: invalid YAML
Cannot derive config identity for idea-history-004: invalid YAML
Proposal dedup index unavailable: AttributeError
Retaining proposal idea-fresh: rejected
Cannot derive config identity for idea-history-002: invalid YAML
Cannot derive config identity for idea-history-004: invalid YAML
Proposal dedup index unavailable: AttributeError
Retaining proposal idea-fresh: rejected
Proposal dedup index unavailable: AttributeError
Retaining proposal idea-candidate: rejected
Retaining proposal idea-fresh: rejected
Proposal dedup index unavailable: AttributeError
Retaining proposal idea-candidate: rejected
Retaining proposal idea-fresh: rejected
Proposal dedup index unavailable: AttributeError
Retaining proposal idea-candidate: config_duplicate
Retaining proposal idea-fresh: rejected
Proposal dedup index unavailable: AttributeError
Retaining proposal idea-candidate: config_duplicate
Retaining proposal idea-fresh: rejected
Cannot derive config identity for idea-history-001: invalid YAML
Proposal dedup index unavailable: AttributeError
Retaining proposal idea-candidate: rejected
Retaining proposal idea-fresh: rejected
Cannot derive config identity for idea-history-001: invalid YAML
Proposal dedup index unavailable: AttributeError
Retaining proposal idea-candidate: rejected
Retaining proposal idea-fresh: rejected
Cannot derive config identity for idea-history-001: invalid YAML
Retaining proposal idea-candidate: rejected
Cannot derive config identity for idea-history-001: invalid YAML
Retaining proposal idea-candidate: rejected
Proposal dedup index unavailable: AttributeError
Retaining proposal idea-candidate: rejected
Retaining proposal idea-fresh: rejected
Proposal dedup index unavailable: AttributeError
Retaining proposal idea-candidate: rejected
Retaining proposal idea-fresh: rejected
Proposal dedup index unavailable: AttributeError
Retaining proposal idea-candidate: config_duplicate
Retaining proposal idea-fresh: rejected
Proposal dedup index unavailable: AttributeError
Retaining proposal idea-candidate: config_duplicate
Retaining proposal idea-fresh: rejected
Proposal dedup index unavailable: AttributeError
Retaining proposal idea-candidate: config_duplicate
Retaining proposal idea-fresh: rejected
Proposal dedup index unavailable: AttributeError
Retaining proposal idea-candidate: config_duplicate
Retaining proposal idea-fresh: rejected
Proposal dedup index unavailable: AttributeError
Retaining proposal idea-candidate: config_duplicate
Retaining proposal idea-fresh: rejected
Proposal dedup index unavailable: AttributeError
Retaining proposal idea-candidate: config_duplicate
Retaining proposal idea-fresh: rejected
Cannot derive config identity for idea-history-003: invalid YAML
Proposal dedup index unavailable: AttributeError
Retaining proposal idea-candidate: rejected
Retaining proposal idea-fresh: rejected
Cannot derive config identity for idea-history-003: invalid YAML
Proposal dedup index unavailable: AttributeError
Retaining proposal idea-candidate: rejected
Retaining proposal idea-fresh: rejected
Cannot derive config identity for idea-history-004: invalid YAML
Proposal dedup index unavailable: AttributeError
Retaining proposal idea-candidate: rejected
Retaining proposal idea-fresh: rejected
Cannot derive config identity for idea-history-004: invalid YAML
Proposal dedup index unavailable: AttributeError
Retaining proposal idea-candidate: rejected
Retaining proposal idea-fresh: rejected
Proposal dedup index unavailable: AttributeError
Retaining proposal idea-candidate: config_duplicate
Retaining proposal idea-fresh: rejected
Proposal dedup index unavailable: AttributeError
Retaining proposal idea-candidate: config_duplicate
Retaining proposal idea-fresh: rejected
Proposal dedup index unavailable: AttributeError
Retaining proposal idea-fresh: rejected
Proposal dedup index unavailable: AttributeError
Retaining proposal idea-fresh: rejected
Cannot derive config identity for idea-history-000: invalid YAML
Cannot derive config identity for idea-history-014: invalid YAML
Cannot derive config identity for idea-history-019: invalid YAML
Retaining proposal idea-candidate: rejected
Cannot derive config identity for idea-history-000: invalid YAML
Cannot derive config identity for idea-history-014: invalid YAML
Cannot derive config identity for idea-history-019: invalid YAML
Retaining proposal idea-candidate: rejected
Retaining proposal idea-candidate: config_duplicate
Retaining proposal idea-candidate: config_duplicate
Cannot derive config identity for idea-history-008: invalid YAML
Cannot derive config identity for idea-history-012: invalid YAML
Proposal dedup index unavailable: AttributeError
Retaining proposal idea-candidate: rejected
Retaining proposal idea-fresh: rejected
Cannot derive config identity for idea-history-008: invalid YAML
Cannot derive config identity for idea-history-012: invalid YAML
Proposal dedup index unavailable: AttributeError
Retaining proposal idea-candidate: rejected
Retaining proposal idea-fresh: rejected
Cannot derive config identity for idea-history-012: invalid YAML
Proposal dedup index unavailable: AttributeError
Retaining proposal idea-candidate: config_duplicate
Retaining proposal idea-fresh: rejected
Cannot derive config identity for idea-history-012: invalid YAML
Proposal dedup index unavailable: AttributeError
Retaining proposal idea-candidate: config_duplicate
Retaining proposal idea-fresh: rejected
Cannot derive config identity for idea-history-015: invalid YAML
Retaining proposal idea-candidate: rejected
Cannot derive config identity for idea-history-015: invalid YAML
Retaining proposal idea-candidate: rejected
Cannot derive config identity for idea-history-010: invalid YAML
Cannot derive config identity for idea-history-016: invalid YAML
Proposal dedup index unavailable: AttributeError
Retaining proposal idea-fresh: rejected
Cannot derive config identity for idea-history-010: invalid YAML
Cannot derive config identity for idea-history-016: invalid YAML
Proposal dedup index unavailable: AttributeError
Retaining proposal idea-fresh: rejected
Cannot derive config identity for idea-history-022: invalid YAML
Retaining proposal idea-candidate: config_duplicate
Cannot derive config identity for idea-history-022: invalid YAML
Retaining proposal idea-candidate: config_duplicate
Cannot derive config identity for idea-history-006: invalid YAML
Proposal dedup index unavailable: AttributeError
Retaining proposal idea-candidate: config_duplicate
Retaining proposal idea-fresh: rejected
Cannot derive config identity for idea-history-006: invalid YAML
Proposal dedup index unavailable: AttributeError
Retaining proposal idea-candidate: config_duplicate
Retaining proposal idea-fresh: rejected
Cannot derive config identity for idea-history-000: invalid YAML
Cannot derive config identity for idea-history-007: invalid YAML
Proposal dedup index unavailable: AttributeError
Retaining proposal idea-candidate: rejected
Retaining proposal idea-fresh: rejected
Cannot derive config identity for idea-history-000: invalid YAML
Cannot derive config identity for idea-history-007: invalid YAML
Proposal dedup index unavailable: AttributeError
Retaining proposal idea-candidate: rejected
Retaining proposal idea-fresh: rejected
Proposal dedup index unavailable: AttributeError
Retaining proposal idea-candidate: rejected
Retaining proposal idea-fresh: rejected
Proposal dedup index unavailable: AttributeError
Retaining proposal idea-candidate: rejected
Retaining proposal idea-fresh: rejected
Proposal dedup index unavailable: AttributeError
Retaining proposal idea-candidate: rejected
Retaining proposal idea-fresh: rejected
Proposal dedup index unavailable: AttributeError
Retaining proposal idea-candidate: rejected
Retaining proposal idea-fresh: rejected
Proposal dedup index unavailable: AttributeError
Retaining proposal idea-candidate: rejected
Proposal dedup index unavailable: AttributeError
Retaining proposal idea-candidate: rejected
Cannot derive config identity for idea-history-011: invalid YAML
Proposal dedup index unavailable: AttributeError
Retaining proposal idea-candidate: config_duplicate
Retaining proposal idea-fresh: rejected
Cannot derive config identity for idea-history-011: invalid YAML
Proposal dedup index unavailable: AttributeError
Retaining proposal idea-candidate: config_duplicate
Retaining proposal idea-fresh: rejected
Proposal dedup index unavailable: AttributeError
Retaining proposal idea-candidate: config_duplicate
Retaining proposal idea-fresh: rejected
Proposal dedup index unavailable: AttributeError
Retaining proposal idea-candidate: config_duplicate
Retaining proposal idea-fresh: rejected
Cannot derive config identity for idea-history-009: invalid YAML
Proposal dedup index unavailable: AttributeError
Retaining proposal idea-candidate: config_duplicate
Retaining proposal idea-fresh: rejected
Cannot derive config identity for idea-history-009: invalid YAML
Proposal dedup index unavailable: AttributeError
Retaining proposal idea-candidate: config_duplicate
Retaining proposal idea-fresh: rejected
Retaining proposal idea-candidate: rejected
Retaining proposal idea-candidate: rejected
Cannot derive config identity for idea-history-001: invalid YAML
Proposal dedup index unavailable: AttributeError
Retaining proposal idea-candidate: config_duplicate
Retaining proposal idea-fresh: rejected
Cannot derive config identity for idea-history-001: invalid YAML
Proposal dedup index unavailable: AttributeError
Retaining proposal idea-candidate: config_duplicate
Retaining proposal idea-fresh: rejected
Retaining proposal idea-candidate: rejected
Retaining proposal idea-candidate: rejected
Cannot derive config identity for idea-history-014: invalid YAML
Retaining proposal idea-candidate: config_duplicate
Cannot derive config identity for idea-history-014: invalid YAML
Retaining proposal idea-candidate: config_duplicate
Cannot derive config identity for idea-history-007: invalid YAML
Cannot derive config identity for idea-history-014: invalid YAML
Proposal dedup index unavailable: AttributeError
Retaining proposal idea-candidate: rejected
Retaining proposal idea-fresh: rejected
Cannot derive config identity for idea-history-007: invalid YAML
Cannot derive config identity for idea-history-014: invalid YAML
Proposal dedup index unavailable: AttributeError
Retaining proposal idea-candidate: rejected
Retaining proposal idea-fresh: rejected
Retaining proposal idea-candidate: config_duplicate
Retaining proposal idea-candidate: config_duplicate
Cannot derive config identity for idea-history-005: invalid YAML
Proposal dedup index unavailable: AttributeError
Retaining proposal idea-candidate: rejected
Retaining proposal idea-fresh: rejected
Cannot derive config identity for idea-history-005: invalid YAML
Proposal dedup index unavailable: AttributeError
Retaining proposal idea-candidate: rejected
Retaining proposal idea-fresh: rejected
Retaining proposal idea-candidate: config_duplicate
Retaining proposal idea-candidate: config_duplicate
Cannot derive config identity for idea-history-001: invalid YAML
Proposal dedup index unavailable: AttributeError
Retaining proposal idea-candidate: config_duplicate
Retaining proposal idea-fresh: rejected
Cannot derive config identity for idea-history-001: invalid YAML
Proposal dedup index unavailable: AttributeError
Retaining proposal idea-candidate: config_duplicate
Retaining proposal idea-fresh: rejected
Cannot derive config identity for idea-history-001: invalid YAML
Retaining proposal idea-candidate: config_duplicate
Cannot derive config identity for idea-history-001: invalid YAML
Retaining proposal idea-candidate: config_duplicate
Retaining proposal idea-candidate: config_duplicate
Retaining proposal idea-candidate: config_duplicate
Proposal dedup index unavailable: AttributeError
Retaining proposal idea-candidate: rejected
Retaining proposal idea-fresh: rejected
Proposal dedup index unavailable: AttributeError
Retaining proposal idea-candidate: rejected
Retaining proposal idea-fresh: rejected
Proposal dedup index unavailable: AttributeError
Retaining proposal idea-candidate: rejected
Retaining proposal idea-fresh: rejected
Proposal dedup index unavailable: AttributeError
Retaining proposal idea-candidate: rejected
Retaining proposal idea-fresh: rejected
Proposal dedup index unavailable: AttributeError
Retaining proposal idea-candidate: rejected
Retaining proposal idea-fresh: rejected
Proposal dedup index unavailable: AttributeError
Retaining proposal idea-candidate: rejected
Retaining proposal idea-fresh: rejected
Proposal dedup index unavailable: AttributeError
Retaining proposal idea-candidate: config_duplicate
Retaining proposal idea-fresh: rejected
Proposal dedup index unavailable: AttributeError
Retaining proposal idea-candidate: config_duplicate
Retaining proposal idea-fresh: rejected
Proposal dedup index unavailable: AttributeError
Retaining proposal idea-candidate: config_duplicate
Retaining proposal idea-fresh: rejected
Proposal dedup index unavailable: AttributeError
Retaining proposal idea-candidate: config_duplicate
Retaining proposal idea-fresh: rejected
Cannot derive config identity for idea-history-014: invalid YAML
Retaining proposal idea-candidate: rejected
Cannot derive config identity for idea-history-014: invalid YAML
Retaining proposal idea-candidate: rejected
Proposal dedup index unavailable: AttributeError
Retaining proposal idea-candidate: rejected
Retaining proposal idea-fresh: rejected
Proposal dedup index unavailable: AttributeError
Retaining proposal idea-candidate: rejected
Retaining proposal idea-fresh: rejected
Proposal dedup index unavailable: AttributeError
Retaining proposal idea-fresh: rejected
Proposal dedup index unavailable: AttributeError
Retaining proposal idea-fresh: rejected
Cannot derive config identity for idea-history-003: invalid YAML
Proposal dedup index unavailable: AttributeError
Retaining proposal idea-candidate: config_duplicate
Retaining proposal idea-fresh: rejected
Cannot derive config identity for idea-history-003: invalid YAML
Proposal dedup index unavailable: AttributeError
Retaining proposal idea-candidate: config_duplicate
Retaining proposal idea-fresh: rejected
Cannot derive config identity for idea-history-005: invalid YAML
Cannot derive config identity for idea-history-009: invalid YAML
Proposal dedup index unavailable: AttributeError
Retaining proposal idea-fresh: rejected
Cannot derive config identity for idea-history-005: invalid YAML
Cannot derive config identity for idea-history-009: invalid YAML
Proposal dedup index unavailable: AttributeError
Retaining proposal idea-fresh: rejected
Proposal dedup index unavailable: AttributeError
Retaining proposal idea-candidate: rejected
Retaining proposal idea-fresh: rejected
Proposal dedup index unavailable: AttributeError
Retaining proposal idea-candidate: rejected
Retaining proposal idea-fresh: rejected
Cannot derive config identity for idea-history-013: invalid YAML
Retaining proposal idea-candidate: config_duplicate
Cannot derive config identity for idea-history-013: invalid YAML
Retaining proposal idea-candidate: config_duplicate
Retaining proposal idea-candidate: rejected
Retaining proposal idea-candidate: rejected
Proposal dedup index unavailable: AttributeError
Retaining proposal idea-candidate: rejected
Proposal dedup index unavailable: AttributeError
Retaining proposal idea-candidate: rejected
Retaining proposal idea-candidate: config_duplicate
Retaining proposal idea-candidate: config_duplicate
Proposal dedup index unavailable: AttributeError
Retaining proposal idea-candidate: rejected
Retaining proposal idea-fresh: rejected
Proposal dedup index unavailable: AttributeError
Retaining proposal idea-candidate: rejected
Retaining proposal idea-fresh: rejected
Retaining proposal idea-candidate: config_duplicate
Retaining proposal idea-candidate: config_duplicate
Proposal dedup index unavailable: AttributeError
Retaining proposal idea-candidate: rejected
Retaining proposal idea-fresh: rejected
Proposal dedup index unavailable: AttributeError
Retaining proposal idea-candidate: rejected
Retaining proposal idea-fresh: rejected
Proposal dedup index unavailable: AttributeError
Retaining proposal idea-candidate: rejected
Proposal dedup index unavailable: AttributeError
Retaining proposal idea-candidate: rejected
