........................................................................ [  1%]
........................................................................ [  3%]
........................................................................ [  4%]
........................................................................ [  6%]
........................................................................ [  7%]
........................................................................ [  9%]
........................................................................ [ 10%]
........................................................................ [ 12%]
........................................................................ [ 13%]
........................................................................ [ 15%]
........................................................................ [ 16%]
........................................................................ [ 18%]
........................................................................ [ 19%]
........................................................................ [ 21%]
........................................................................ [ 22%]
........................................................................ [ 24%]
........................................................................ [ 25%]
........................................................................ [ 27%]
........................................................................ [ 28%]
........................................................................ [ 30%]
........................................................................ [ 31%]
........................................................................ [ 33%]
........................................................................ [ 34%]
........................................................................ [ 36%]
........................................................................ [ 37%]
........................................................................ [ 39%]
........................................................................ [ 40%]
........................................................................ [ 42%]
...........sss.......................................................... [ 43%]
........................................................................ [ 45%]
........................................................................ [ 46%]
........................................................................ [ 48%]
.......................s................................................ [ 49%]
........................................................................ [ 51%]
........................................................................ [ 52%]
........................................................................ [ 54%]
........................................................................ [ 55%]
........................................................................ [ 57%]
........................................................................ [ 58%]
........................................................................ [ 60%]
........................................................................ [ 61%]
........................................................................ [ 63%]
........................................................................ [ 64%]
........................................................................ [ 66%]
........................................................................ [ 67%]
........................................................................ [ 69%]
........................................................................ [ 70%]
........................................................................ [ 72%]
........................................................................ [ 73%]
........................................................................ [ 75%]
........................................................................ [ 76%]
........................................................................ [ 78%]
........................................................................ [ 79%]
........................................................................ [ 81%]
........................................................................ [ 82%]
........................................................................ [ 84%]
........................................................................ [ 85%]
........................................................................ [ 87%]
........................................................................ [ 88%]
........................................................................ [ 90%]
........................................................................ [ 91%]
.....................................ss................................. [ 93%]
........................................................................ [ 94%]
........................................................................ [ 96%]
........................................................................ [ 97%]
........................................................................ [ 99%]
........................................                                 [100%]HOLDOUT_REPORTS=[{"bytes": 2592539, "name": "workflow", "path": "/tmp/orze-policy-audit-core-full-20260915/holdout-workflow0/holdout-report.json", "sha256": "e9f46137d2725a3614ff1da0f37f6a75c09881921f0bd560b1bb12f105c1a59c"}, {"bytes": 147803, "name": "boundary", "path": "/tmp/orze-policy-audit-core-full-20260915/holdout-boundary0/holdout-report.json", "sha256": "84f234333c6a660ee2935ea53997187a4937f3aff15bbd7c898772496f59cdba"}, {"bytes": 147916, "name": "duplicate_id", "path": "/tmp/orze-policy-audit-core-full-20260915/holdout-duplicate_id0/holdout-report.json", "sha256": "e616a1693e4fbccf68ee10ba4489cd3f57a391dd7441a902d05959fbc78b35d9"}, {"bytes": 149238, "name": "missing_prerequisite", "path": "/tmp/orze-policy-audit-core-full-20260915/holdout-missing_prerequisite0/holdout-report.json", "sha256": "f0a9e52ea15d5ceff2b4990d83387c06865aa06a9fec1c981d97688e3dc12cd9"}, {"bytes": 147287, "name": "overload", "path": "/tmp/orze-policy-audit-core-full-20260915/holdout-overload0/holdout-report.json", "sha256": "6de3d000b33425fd9479067b35e5a7394f6300bdba85e20666840625494bc590"}, {"bytes": 146104, "name": "malformed", "path": "/tmp/orze-policy-audit-core-full-20260915/holdout-malformed0/holdout-report.json", "sha256": "ae240987a73da4fc8551b4f46c5402f8880bd5352958effcf701a5b994f1f979"}]
CPU_RECOVERY_REPORTS=[{"bytes": 85560, "path": "/tmp/orze-policy-audit-core-full-20260915/test_real_confirmed_terminal_r0/project-0/recovery-report.json", "sha256": "04ea8a75e8b86f30c304c2ca2909acaf644a49ca0051e8f18e511eebdf0917d1", "test": "tests/test_cpu_claim_reader_consolidation.py::TestPublicSnapshotRouting::test_real_confirmed_terminal_recovery_uses_required_8k_public_snapshot"}, {"bytes": 108204, "path": "/tmp/orze-policy-audit-core-full-20260915/test_post_delete_fsync_uncerta0/project-0/recovery-report.json", "sha256": "c45417b71137778717b658e47c4bc49c8955365ecf8c26e8e43f0bc1357161c9", "test": "tests/test_cpu_terminal_recovery_barrier.py::test_post_delete_fsync_uncertainty_blocks_fresh_restart_with_zero_bound[effect]"}, {"bytes": 108209, "path": "/tmp/orze-policy-audit-core-full-20260915/test_post_delete_fsync_uncerta1/project-0/recovery-report.json", "sha256": "441a0269c3161879b9e536f0cd0b69c366b35d29be226afeb3b2faef645d687e", "test": "tests/test_cpu_terminal_recovery_barrier.py::test_post_delete_fsync_uncertainty_blocks_fresh_restart_with_zero_bound[recovery]"}, {"bytes": 69651, "path": "/tmp/orze-policy-audit-core-full-20260915/test_in_progress_denies_alread0/project-0/recovery-report.json", "sha256": "8fe63f634ddb29a4688b786cb1ef58391e2bc8102ca8e0f8b1adf24de4a9cca9", "test": "tests/test_cpu_terminal_recovery_barrier.py::test_in_progress_denies_already_running_peer_admission[reserve]"}, {"bytes": 69655, "path": "/tmp/orze-policy-audit-core-full-20260915/test_in_progress_denies_alread1/project-0/recovery-report.json", "sha256": "05e87243bbe09233e655b807d1333d186fa4e0de43b0970a54b5be0c40833da9", "test": "tests/test_cpu_terminal_recovery_barrier.py::test_in_progress_denies_already_running_peer_admission[require_permit]"}, {"bytes": 68437, "path": "/tmp/orze-policy-audit-core-full-20260915/test_two_recovery_consumers_do0/project-0/recovery-report.json", "sha256": "53b5833e5387388a5eecb0146e3386091bed1b7c79c2146215bba6ba6f9362ef", "test": "tests/test_cpu_terminal_recovery_barrier.py::test_two_recovery_consumers_do_not_repeat_settlement_or_poison_owner"}, {"bytes": 68879, "path": "/tmp/orze-policy-audit-core-full-20260915/test_legal_peer_decision_after0/project-0/recovery-report.json", "sha256": "9e768f9d41da6c5519717b12f70cd57aaf41480370d7a53bd4831bd7d93dfff9", "test": "tests/test_cpu_terminal_recovery_barrier.py::test_legal_peer_decision_after_complete_commit_preserves_exact_owner_result"}, {"bytes": 105746, "path": "/tmp/orze-policy-audit-core-full-20260915/test_recovery_transaction_unkn0/project-0/recovery-report.json", "sha256": "22081d790e73a7cf673bd61a8c502afa886fa4d96ea23d7c05d6b33597387a3b", "test": "tests/test_cpu_terminal_recovery_barrier.py::test_recovery_transaction_unknown_is_not_an_ordinary_success[IN_PROGRESS-rollback]"}, {"bytes": 108139, "path": "/tmp/orze-policy-audit-core-full-20260915/test_recovery_transaction_unkn1/project-0/recovery-report.json", "sha256": "9263751db1840f591e09ee9bfca2ba0b6efda1e75f774fb579e03d7b3e87593d", "test": "tests/test_cpu_terminal_recovery_barrier.py::test_recovery_transaction_unknown_is_not_an_ordinary_success[COMPLETE-rollback]"}, {"bytes": 109620, "path": "/tmp/orze-policy-audit-core-full-20260915/test_recovery_transaction_unkn2/project-0/recovery-report.json", "sha256": "4b8072db966f5bdc199ad05ff39891d6ebfba3e03d43c5e95fc740c454dadd1b", "test": "tests/test_cpu_terminal_recovery_barrier.py::test_recovery_transaction_unknown_is_not_an_ordinary_success[COMPLETE-committed_raise]"}, {"bytes": 67428, "path": "/tmp/orze-policy-audit-core-full-20260915/test_existing_unqualified_gate0/project-0/recovery-report.json", "sha256": "2fa75f55dd3eecba9fa1e6990dc3756741c84132c97b202a6a00d688b8d0d09a", "test": "tests/test_cpu_terminal_recovery_barrier.py::test_existing_unqualified_gate_owner_is_preserved"}, {"bytes": 67419, "path": "/tmp/orze-policy-audit-core-full-20260915/test_recovery_refuses_caller_t0/project-0/recovery-report.json", "sha256": "fdc2ae6b2909a5064653e3d441280467fcec0ce60cef95bea3eb4ca8b361aee1", "test": "tests/test_cpu_terminal_recovery_barrier.py::test_recovery_refuses_caller_transaction_without_consuming_it"}, {"bytes": 68307, "path": "/tmp/orze-policy-audit-core-full-20260915/test_actual_peer_nonce_replace0/project-0/recovery-report.json", "sha256": "fc814e87fe6e1db829c14a30681d59f6bd7d9aacdcf6fe19fbbb0a7a3b0fd9f1", "test": "tests/test_cpu_terminal_recovery_barrier.py::test_actual_peer_nonce_replacement_cannot_be_completed_by_old_owner"}, {"bytes": 325839, "path": "/tmp/orze-policy-audit-core-full-20260915/test_fresh_cli_resumes_confirm0/domain-project/recovery-report.json", "sha256": "5a8ca1032acc0ad55edfea702d05a9fec7dac0321c3823ab81b9db6852097a06", "test": "tests/test_cpu_terminal_recovery_domain.py::test_fresh_cli_resumes_confirmed_domain_without_reinterpretation[schedule-feasibility-v1-valid]"}, {"bytes": 325778, "path": "/tmp/orze-policy-audit-core-full-20260915/test_fresh_cli_resumes_confirm1/domain-project/recovery-report.json", "sha256": "47b5fef290649fa2bfca44c52867d2cabcbd5ca5b10afc588e114001d4fcc780", "test": "tests/test_cpu_terminal_recovery_domain.py::test_fresh_cli_resumes_confirmed_domain_without_reinterpretation[schedule-feasibility-v2-invalid]"}, {"bytes": 152656, "path": "/tmp/orze-policy-audit-core-full-20260915/test_recovery_refuses_changed_0/project-0/recovery-report.json", "sha256": "55da3512e8b7db5ba4a758272d603f6ec07d5aaf882bb412a24abb8c15d11be5", "test": "tests/test_cpu_terminal_recovery_guards.py::test_recovery_refuses_changed_native_binding[origin]"}, {"bytes": 152608, "path": "/tmp/orze-policy-audit-core-full-20260915/test_recovery_refuses_changed_1/project-0/recovery-report.json", "sha256": "6b1345f180f34735ac40d0ca8943020a71283d6522c7bf43fca9fc48c99e8fd8", "test": "tests/test_cpu_terminal_recovery_guards.py::test_recovery_refuses_changed_native_binding[kind]"}, {"bytes": 152683, "path": "/tmp/orze-policy-audit-core-full-20260915/test_recovery_refuses_changed_2/project-0/recovery-report.json", "sha256": "4865e159d8832a765f3f64edd5a5a09e945abe513d9e0a9e89b704cc2a1795da", "test": "tests/test_cpu_terminal_recovery_guards.py::test_recovery_refuses_changed_native_binding[resource]"}, {"bytes": 152691, "path": "/tmp/orze-policy-audit-core-full-20260915/test_recovery_refuses_changed_3/project-0/recovery-report.json", "sha256": "ce92ef574699941be5bedf2e014305d13abacccdb29f389281655492fc845d7a", "test": "tests/test_cpu_terminal_recovery_guards.py::test_recovery_refuses_changed_native_binding[attempt_ref]"}, {"bytes": 152715, "path": "/tmp/orze-policy-audit-core-full-20260915/test_recovery_refuses_changed_4/project-0/recovery-report.json", "sha256": "ad508769e54cb55d412807f52b474abf48fb258ab6a8b9c900ff257c2bbfebf1", "test": "tests/test_cpu_terminal_recovery_guards.py::test_recovery_refuses_changed_native_binding[process_pid]"}, {"bytes": 152710, "path": "/tmp/orze-policy-audit-core-full-20260915/test_recovery_refuses_changed_5/project-0/recovery-report.json", "sha256": "8056c79c4f24ba3c62d8234f431869d1f92ee0fa8a2eec3b240d4052267f4877", "test": "tests/test_cpu_terminal_recovery_guards.py::test_recovery_refuses_changed_native_binding[command_sha256]"}, {"bytes": 152740, "path": "/tmp/orze-policy-audit-core-full-20260915/test_recovery_refuses_changed_6/project-0/recovery-report.json", "sha256": "9176adf260b34050488d2daab2415cfadf9baf9d2d34536d6eac7ed5a6220f94", "test": "tests/test_cpu_terminal_recovery_guards.py::test_recovery_refuses_changed_native_binding[timeout_seconds]"}, {"bytes": 152663, "path": "/tmp/orze-policy-audit-core-full-20260915/test_recovery_refuses_changed_7/project-0/recovery-report.json", "sha256": "78c2dab02d2ef99fa718552c6d9fed9b60daeb30a1e466252049754450336ed7", "test": "tests/test_cpu_terminal_recovery_guards.py::test_recovery_refuses_changed_captured_source[database]"}, {"bytes": 152685, "path": "/tmp/orze-policy-audit-core-full-20260915/test_recovery_refuses_changed_8/project-0/recovery-report.json", "sha256": "a04c83ca098008bb1cc3112321e5074f6213af9fb472779324446fa12f16b4e9", "test": "tests/test_cpu_terminal_recovery_guards.py::test_recovery_refuses_changed_captured_source[claim_sha256]"}, {"bytes": 152690, "path": "/tmp/orze-policy-audit-core-full-20260915/test_recovery_refuses_changed_9/project-0/recovery-report.json", "sha256": "f295129b7d1e69a5604df7bf468d92018bee8edd9cbfaba24a75f4b89ac34f5e", "test": "tests/test_cpu_terminal_recovery_guards.py::test_recovery_refuses_changed_captured_source[config_sha256]"}, {"bytes": 152883, "path": "/tmp/orze-policy-audit-core-full-20260915/test_recovery_refuses_changed_10/project-0/recovery-report.json", "sha256": "f66941fb0ae0128c276d05162dbb233ad0d8874e18ed31257c1b68abbb15718f", "test": "tests/test_cpu_terminal_recovery_guards.py::test_recovery_refuses_changed_current_lifecycle"}, {"bytes": 152745, "path": "/tmp/orze-policy-audit-core-full-20260915/test_recovery_refuses_rehashed0/project-0/recovery-report.json", "sha256": "febda730a4b65668ca1ac076c6ccce0cd466692879bb85f928f33eeadc4bbde5", "test": "tests/test_cpu_terminal_recovery_guards.py::test_recovery_refuses_rehashed_non_cpu_prepared_plan"}, {"bytes": 152865, "path": "/tmp/orze-policy-audit-core-full-20260915/test_recovery_refuses_changed_11/project-0/recovery-report.json", "sha256": "abc1fe9dcc2b0a5ae9f0dfb44d7512ffec09efb04b138cd9e894bb806e1f13ed", "test": "tests/test_cpu_terminal_recovery_guards.py::test_recovery_refuses_changed_catalog_route"}, {"bytes": 152941, "path": "/tmp/orze-policy-audit-core-full-20260915/test_recovery_refuses_changed_12/project-0/recovery-report.json", "sha256": "3db34023315bdacc6f5eef9f47e8f45520145e7160d8007ae0630230acbd1a98", "test": "tests/test_cpu_terminal_recovery_guards.py::test_recovery_refuses_changed_ready_member_identity"}, {"bytes": 196885, "path": "/tmp/orze-policy-audit-core-full-20260915/test_recovery_rechecks_source_0/project-0/recovery-report.json", "sha256": "4eaffe1659b9610b97a3874f799f9504ad802ce58860d6162fa0551566072626", "test": "tests/test_cpu_terminal_recovery_guards.py::test_recovery_rechecks_source_after_enumeration_before_settlement"}, {"bytes": 154278, "path": "/tmp/orze-policy-audit-core-full-20260915/test_preexisting_stop_never_au0/project-0/recovery-report.json", "sha256": "08df0fddb8665702f630190747ce5976a25a790015aa400dd1a18a2379fdc712", "test": "tests/test_cpu_terminal_recovery_guards.py::test_preexisting_stop_never_authorizes_automatic_settlement[ordinary_stop]"}, {"bytes": 154163, "path": "/tmp/orze-policy-audit-core-full-20260915/test_preexisting_stop_never_au1/project-0/recovery-report.json", "sha256": "c90e0d51820669e9482ef5a690595dc50a33880fb485030d8d833422b073b50e", "test": "tests/test_cpu_terminal_recovery_guards.py::test_preexisting_stop_never_authorizes_automatic_settlement[storage_hold]"}, {"bytes": 154361, "path": "/tmp/orze-policy-audit-core-full-20260915/test_preexisting_stop_never_au2/project-0/recovery-report.json", "sha256": "4c900f250cd951378de18970b978e8c44747a7c9935000ffe5889efcd3b0d5e1", "test": "tests/test_cpu_terminal_recovery_guards.py::test_preexisting_stop_never_authorizes_automatic_settlement[masked_storage_hold]"}, {"bytes": 152841, "path": "/tmp/orze-policy-audit-core-full-20260915/test_recovery_refuses_unbound_0/project-0/recovery-report.json", "sha256": "4039d226f477d3a5010570f4de7171416fae06aa97dca1230e605f121c885018", "test": "tests/test_cpu_terminal_recovery_guards.py::test_recovery_refuses_unbound_replication_request_field"}, {"bytes": 152789, "path": "/tmp/orze-policy-audit-core-full-20260915/test_recovery_refuses_artifact0/project-0/recovery-report.json", "sha256": "294365697ccc2c8e2019e3852ef035314be07ab9d5347478016b9034e9e50213", "test": "tests/test_cpu_terminal_recovery_guards.py::test_recovery_refuses_artifact_root_unrelated_to_published_records"}, {"bytes": 219201, "path": "/tmp/orze-policy-audit-core-full-20260915/test_restart_settles_confirmed0/project-0/recovery-report.json", "sha256": "8f0dbb2ac3b257ed20f059c7eefcc8879317800e1fdc1feb48365748d52e734f", "test": "tests/test_cpu_terminal_settlement_recovery.py::test_restart_settles_confirmed_terminal_without_repeating_original_worker[0]"}, {"bytes": 207012, "path": "/tmp/orze-policy-audit-core-full-20260915/test_restart_settles_confirmed1/project-0/recovery-report.json", "sha256": "c98a5e5b7fd650cedfafedb1e12b7d15618d43eb9b99662d8f571684812a7712", "test": "tests/test_cpu_terminal_settlement_recovery.py::test_restart_settles_confirmed_terminal_without_repeating_original_worker[7]"}, {"bytes": 131401, "path": "/tmp/orze-policy-audit-core-full-20260915/test_real_v2_confirmed_termina0/project-0/recovery-report.json", "sha256": "80d825701ecbf8cb5bfe0fc8f313172f135f51601711aaaee52b43a83ddfdeba", "test": "tests/test_runtime_lease_recovery.py::test_real_v2_confirmed_terminal_crash_recovers_metadata_only[0]"}, {"bytes": 122570, "path": "/tmp/orze-policy-audit-core-full-20260915/test_real_v2_confirmed_termina1/project-0/recovery-report.json", "sha256": "61a3128124897db93efe0f4424d2a1cd1929842d32c73467a43873252ae85806", "test": "tests/test_runtime_lease_recovery.py::test_real_v2_confirmed_terminal_crash_recovers_metadata_only[7]"}, {"bytes": 124228, "path": "/tmp/orze-policy-audit-core-full-20260915/test_real_historical_v1_termin0/historical-project/recovery-report.json", "sha256": "956286f665ecec225931cbcfd0ca29eca138e8caec32c449a6fad2bd0225b53b", "test": "tests/test_runtime_lease_recovery.py::test_real_historical_v1_terminal_recovers_without_upgrade_or_reexecution"}]
ACCEPTANCE_REPORTS=[{"bytes": 289161, "name": "sorting_default", "path": "/tmp/orze-policy-audit-core-full-20260915/acceptance-sorting-default0/acceptance-report.json", "sha256": "56a229eca975d133ac40c7df4247c6377b3939e7cc01bbd69c5ff8e803cdcc37"}, {"bytes": 125328, "name": "sorting_counterfactual", "path": "/tmp/orze-policy-audit-core-full-20260915/acceptance-sorting-counterfactual0/acceptance-report.json", "sha256": "6ce36ad857eb4407d3aeda70d4f270c9bc4f6ece11e3ef7ce12bf6941d15f163"}, {"bytes": 284027, "name": "compression_default", "path": "/tmp/orze-policy-audit-core-full-20260915/acceptance-compression-default0/acceptance-report.json", "sha256": "421db9ae9cb827a2459d48c0dd93add74a538ca3e4c591a7ae3b604e25a99943"}, {"bytes": 124940, "name": "compression_counterfactual", "path": "/tmp/orze-policy-audit-core-full-20260915/acceptance-compression-counterfactual0/acceptance-report.json", "sha256": "a5a83664d7f5dee86c85ccc08185460318cec476b80e1a9dce78ea8ef50c0c7f"}]

=============================== warnings summary ===============================
../../../../../../home/erik/.local/lib/python3.10/site-packages/_pytest/config/__init__.py:885
  /home/erik/.local/lib/python3.10/site-packages/_pytest/config/__init__.py:885: PytestAssertRewriteWarning: Module already imported so cannot be rewritten; cpu_terminal_recovery_helpers
    self.import_plugin(import_spec)

../../../../../../home/erik/.local/lib/python3.10/site-packages/_pytest/config/__init__.py:885
  /home/erik/.local/lib/python3.10/site-packages/_pytest/config/__init__.py:885: PytestAssertRewriteWarning: Module already imported so cannot be rewritten; examples.holdout.testing
    self.import_plugin(import_spec)

-- Docs: https://docs.pytest.org/en/stable/how-to/capture-warnings.html
=========================== short test summary info ============================
SKIPPED [1] ../core/tests/test_sweeper.py:12: could not import 'orze_pro.engine.role_runner': This is a stub package. Install the real orze-pro via: export ORZE_PRO_KEY='...' && orze run
SKIPPED [1] ../core/tests/test_evolution.py:228: could not import 'orze_pro.agents.code_evolution': This is a stub package. Install the real orze-pro via: export ORZE_PRO_KEY='...' && orze run
SKIPPED [1] ../core/tests/test_evolution.py:239: could not import 'orze_pro.agents.code_evolution': This is a stub package. Install the real orze-pro via: export ORZE_PRO_KEY='...' && orze run
SKIPPED [1] ../core/tests/test_evolution.py:255: could not import 'orze_pro.agents.meta_research': This is a stub package. Install the real orze-pro via: export ORZE_PRO_KEY='...' && orze run
SKIPPED [1] ../core/tests/test_fsm_runner_registry.py:13: could not import 'orze_pro': This is a stub package. Install the real orze-pro via: export ORZE_PRO_KEY='...' && orze run
SKIPPED [1] ../core/tests/test_skill_registry.py:123: orze-pro not installed
SKIPPED [1] ../core/tests/test_skill_registry.py:135: orze-pro not installed
4786 passed, 7 skipped, 2 warnings in 994.85s (0:16:34)
