........................................................................ [  1%]
........................................................................ [  2%]
........................................................................ [  4%]
........................................................................ [  5%]
........................................................................ [  7%]
........................................................................ [  8%]
........................................................................ [ 10%]
........................................................................ [ 11%]
........................................................................ [ 13%]
........................................................................ [ 14%]
........................................................................ [ 16%]
........................................................................ [ 17%]
........................................................................ [ 18%]
........................................................................ [ 20%]
........................................................................ [ 21%]
........................................................................ [ 23%]
........................................................................ [ 24%]
........................................................................ [ 26%]
........................................................................ [ 27%]
........................................................................ [ 29%]
........................................................................ [ 30%]
........................................................................ [ 32%]
........................................................................ [ 33%]
........................................................................ [ 35%]
........................................................................ [ 36%]
........................................................................ [ 37%]
........................................................................ [ 39%]
........................................................................ [ 40%]
........................................................................ [ 42%]
....sss................................................................. [ 43%]
........................................................................ [ 45%]
........................................................................ [ 46%]
........................................................................ [ 48%]
................s....................................................... [ 49%]
........................................................................ [ 51%]
........................................................................ [ 52%]
........................................................................ [ 54%]
........................................................................ [ 55%]
........................................................................ [ 56%]
........................................................................ [ 58%]
........................................................................ [ 59%]
........................................................................ [ 61%]
........................................................................ [ 62%]
........................................................................ [ 64%]
........................................................................ [ 65%]
........................................................................ [ 67%]
........................................................................ [ 68%]
........................................................................ [ 70%]
........................................................................ [ 71%]
........................................................................ [ 73%]
........................................................................ [ 74%]
........................................................................ [ 75%]
........................................................................ [ 77%]
........................................................................ [ 78%]
........................................................................ [ 80%]
........................................................................ [ 81%]
........................................................................ [ 83%]
........................................................................ [ 84%]
........................................................................ [ 86%]
........................................................................ [ 87%]
........................................................................ [ 89%]
........................................................................ [ 90%]
........................................................................ [ 92%]
..............................ss........................................ [ 93%]
........................................................................ [ 94%]
........................................................................ [ 96%]
........................................................................ [ 97%]
........................................................................ [ 99%]
.................................                                        [100%]HOLDOUT_REPORTS=[{"bytes": 2510183, "name": "workflow", "path": "/tmp/osp-cf1/holdout-workflow0/holdout-report.json", "sha256": "3512d6aba62d76816f235be64121d8e363cea13a9ce45f2c17677d30ad1e79e5"}, {"bytes": 143196, "name": "boundary", "path": "/tmp/osp-cf1/holdout-boundary0/holdout-report.json", "sha256": "b1bb7b2a503e75463e31b72af8e543e36e61409624e3ffdc620107f8b6dfb9cd"}, {"bytes": 143302, "name": "duplicate_id", "path": "/tmp/osp-cf1/holdout-duplicate_id0/holdout-report.json", "sha256": "db02d12f49e7dde72e7ef3fb0354791c38ba1b74a3c109a1d881ce4953acbc9c"}, {"bytes": 144619, "name": "missing_prerequisite", "path": "/tmp/osp-cf1/holdout-missing_prerequisite0/holdout-report.json", "sha256": "41a76440b0f5b03633d7a5397fa7d71bb90f4b66d770d8e1ead819b89f0688f2"}, {"bytes": 142686, "name": "overload", "path": "/tmp/osp-cf1/holdout-overload0/holdout-report.json", "sha256": "5bdf874c2de52092881404226549564ee5bb5d6f468669bcd60089cb071d91e0"}, {"bytes": 141501, "name": "malformed", "path": "/tmp/osp-cf1/holdout-malformed0/holdout-report.json", "sha256": "ef2ad38c7b4aa0212f1e8b93259732b80948022ea0e34d3b96847eea170c4b20"}]
CPU_RECOVERY_REPORTS=[{"bytes": 82778, "path": "/tmp/osp-cf1/test_real_confirmed_terminal_r0/project-0/recovery-report.json", "sha256": "b5925d084f13c7d4a3e06ace1cc6461f74bd146b5b817a1d3501985f2dc0c0dd", "test": "tests/test_cpu_claim_reader_consolidation.py::TestPublicSnapshotRouting::test_real_confirmed_terminal_recovery_uses_required_8k_public_snapshot"}, {"bytes": 104512, "path": "/tmp/osp-cf1/test_post_delete_fsync_uncerta0/project-0/recovery-report.json", "sha256": "630e44d0b5768a986040332dddb218ba6b88040e2d6c0c6afa55abac51e7a9c1", "test": "tests/test_cpu_terminal_recovery_barrier.py::test_post_delete_fsync_uncertainty_blocks_fresh_restart_with_zero_bound[effect]"}, {"bytes": 104539, "path": "/tmp/osp-cf1/test_post_delete_fsync_uncerta1/project-0/recovery-report.json", "sha256": "81cdd9d7a4b96768353bb533df5154e8436359dd418b9823aa2f0ff847cca830", "test": "tests/test_cpu_terminal_recovery_barrier.py::test_post_delete_fsync_uncertainty_blocks_fresh_restart_with_zero_bound[recovery]"}, {"bytes": 67359, "path": "/tmp/osp-cf1/test_in_progress_denies_alread0/project-0/recovery-report.json", "sha256": "f80fc071fa3a0dcc767f297da8a20499d415acd62e4ffaba3fdfba00fe2a4945", "test": "tests/test_cpu_terminal_recovery_barrier.py::test_in_progress_denies_already_running_peer_admission[reserve]"}, {"bytes": 67355, "path": "/tmp/osp-cf1/test_in_progress_denies_alread1/project-0/recovery-report.json", "sha256": "dda8d7b0aaa1429a3c6c2934b75c35ff25f3cddf9755cea276f4585bddcb86bd", "test": "tests/test_cpu_terminal_recovery_barrier.py::test_in_progress_denies_already_running_peer_admission[require_permit]"}, {"bytes": 66230, "path": "/tmp/osp-cf1/test_two_recovery_consumers_do0/project-0/recovery-report.json", "sha256": "2b8a25c533a41cabd63059a019877f6501b2c924abea53e0f3aae28920815c16", "test": "tests/test_cpu_terminal_recovery_barrier.py::test_two_recovery_consumers_do_not_repeat_settlement_or_poison_owner"}, {"bytes": 66641, "path": "/tmp/osp-cf1/test_legal_peer_decision_after0/project-0/recovery-report.json", "sha256": "259571de741b3db60e5d66d0cbbb709d35b6c34d99ae13607e47bccf56c8b1ba", "test": "tests/test_cpu_terminal_recovery_barrier.py::test_legal_peer_decision_after_complete_commit_preserves_exact_owner_result"}, {"bytes": 102322, "path": "/tmp/osp-cf1/test_recovery_transaction_unkn0/project-0/recovery-report.json", "sha256": "b39034f13c29627e3b7e5d3277d89bf9e3069119ace66531571e218f567de67a", "test": "tests/test_cpu_terminal_recovery_barrier.py::test_recovery_transaction_unknown_is_not_an_ordinary_success[IN_PROGRESS-rollback]"}, {"bytes": 104446, "path": "/tmp/osp-cf1/test_recovery_transaction_unkn1/project-0/recovery-report.json", "sha256": "1cbca9f7540b25e4e8de222af3bb3058ce87acf94d16c7553c024a111834431d", "test": "tests/test_cpu_terminal_recovery_barrier.py::test_recovery_transaction_unknown_is_not_an_ordinary_success[COMPLETE-rollback]"}, {"bytes": 105833, "path": "/tmp/osp-cf1/test_recovery_transaction_unkn2/project-0/recovery-report.json", "sha256": "916590564b76299e4f71168c4c4e26bbfccb303a5c35ac0787a3534574960374", "test": "tests/test_cpu_terminal_recovery_barrier.py::test_recovery_transaction_unknown_is_not_an_ordinary_success[COMPLETE-committed_raise]"}, {"bytes": 65319, "path": "/tmp/osp-cf1/test_existing_unqualified_gate0/project-0/recovery-report.json", "sha256": "13d885cde1801aae19b63f7aef947a5b23e5a1e281af2308a9133edadeeea3c0", "test": "tests/test_cpu_terminal_recovery_barrier.py::test_existing_unqualified_gate_owner_is_preserved"}, {"bytes": 65309, "path": "/tmp/osp-cf1/test_recovery_refuses_caller_t0/project-0/recovery-report.json", "sha256": "cc1d1b11e433b9e66d88064fe55d8292acec8740be5d07e16465003fc12bc518", "test": "tests/test_cpu_terminal_recovery_barrier.py::test_recovery_refuses_caller_transaction_without_consuming_it"}, {"bytes": 66094, "path": "/tmp/osp-cf1/test_actual_peer_nonce_replace0/project-0/recovery-report.json", "sha256": "64b34bf5e3a95d16448d6c0dfcc60f162173ce73ea55010228cdfd1dfafd4000", "test": "tests/test_cpu_terminal_recovery_barrier.py::test_actual_peer_nonce_replacement_cannot_be_completed_by_old_owner"}, {"bytes": 315088, "path": "/tmp/osp-cf1/test_fresh_cli_resumes_confirm0/domain-project/recovery-report.json", "sha256": "3fc41b50441249d1991bef7a3bf6d66a764169b24fd136afad10b8bbd68fcc7d", "test": "tests/test_cpu_terminal_recovery_domain.py::test_fresh_cli_resumes_confirmed_domain_without_reinterpretation[schedule-feasibility-v1-valid]"}, {"bytes": 314998, "path": "/tmp/osp-cf1/test_fresh_cli_resumes_confirm1/domain-project/recovery-report.json", "sha256": "c0091cbc75192b5309e145e497993fba7e944adae6ed8ce40dc386ccbd8e32db", "test": "tests/test_cpu_terminal_recovery_domain.py::test_fresh_cli_resumes_confirmed_domain_without_reinterpretation[schedule-feasibility-v2-invalid]"}, {"bytes": 147935, "path": "/tmp/osp-cf1/test_recovery_refuses_changed_0/project-0/recovery-report.json", "sha256": "21feb396e4b3fae6c7d963ac98adb89a6020db73f2e6abb387cb95f31290f65a", "test": "tests/test_cpu_terminal_recovery_guards.py::test_recovery_refuses_changed_native_binding[origin]"}, {"bytes": 147887, "path": "/tmp/osp-cf1/test_recovery_refuses_changed_1/project-0/recovery-report.json", "sha256": "9611ea6b171f6ef761deea381e0a632f04e732db589a2d25c963519598391a08", "test": "tests/test_cpu_terminal_recovery_guards.py::test_recovery_refuses_changed_native_binding[kind]"}, {"bytes": 147948, "path": "/tmp/osp-cf1/test_recovery_refuses_changed_2/project-0/recovery-report.json", "sha256": "f94c5376616dd8a53009ae93a2a04758398846615f4612fad299f7799ea7349f", "test": "tests/test_cpu_terminal_recovery_guards.py::test_recovery_refuses_changed_native_binding[resource]"}, {"bytes": 147992, "path": "/tmp/osp-cf1/test_recovery_refuses_changed_3/project-0/recovery-report.json", "sha256": "a3fab2e48b9c47a82e73cefd56e4b08d666331b97def880c728dd0ea38699e25", "test": "tests/test_cpu_terminal_recovery_guards.py::test_recovery_refuses_changed_native_binding[attempt_ref]"}, {"bytes": 147976, "path": "/tmp/osp-cf1/test_recovery_refuses_changed_4/project-0/recovery-report.json", "sha256": "8128df71fb899e911d82cd744a6885e573f3292b716ba3d0eb5c850b436c3d94", "test": "tests/test_cpu_terminal_recovery_guards.py::test_recovery_refuses_changed_native_binding[process_pid]"}, {"bytes": 147992, "path": "/tmp/osp-cf1/test_recovery_refuses_changed_5/project-0/recovery-report.json", "sha256": "bdcac62a4b9455a5e75e6161ddad73989708d99e300bdcba2f34f4dc4d798df4", "test": "tests/test_cpu_terminal_recovery_guards.py::test_recovery_refuses_changed_native_binding[command_sha256]"}, {"bytes": 148017, "path": "/tmp/osp-cf1/test_recovery_refuses_changed_6/project-0/recovery-report.json", "sha256": "ef659b46574e0a621efc588b54579f14916d59f4a89b32f541054759dd375294", "test": "tests/test_cpu_terminal_recovery_guards.py::test_recovery_refuses_changed_native_binding[timeout_seconds]"}, {"bytes": 147938, "path": "/tmp/osp-cf1/test_recovery_refuses_changed_7/project-0/recovery-report.json", "sha256": "f977d16c18a98700bf2593902ff2190f58946ccb854b222de25ff849d2fd34a3", "test": "tests/test_cpu_terminal_recovery_guards.py::test_recovery_refuses_changed_captured_source[database]"}, {"bytes": 147958, "path": "/tmp/osp-cf1/test_recovery_refuses_changed_8/project-0/recovery-report.json", "sha256": "4d131d7e64774c3dbed0101afd4150ad685e9dbb15e8dfcf0a061d968b0c2ec1", "test": "tests/test_cpu_terminal_recovery_guards.py::test_recovery_refuses_changed_captured_source[claim_sha256]"}, {"bytes": 147968, "path": "/tmp/osp-cf1/test_recovery_refuses_changed_9/project-0/recovery-report.json", "sha256": "1770caddc6a313d53b862b5c8b4e21cc73dd0713bb5cc5cc74b16ea9414d564d", "test": "tests/test_cpu_terminal_recovery_guards.py::test_recovery_refuses_changed_captured_source[config_sha256]"}, {"bytes": 148175, "path": "/tmp/osp-cf1/test_recovery_refuses_changed_10/project-0/recovery-report.json", "sha256": "026e294fe9e2aa149696feb596a1507aa8d68b0c7b03dbb035bd58ce366c483a", "test": "tests/test_cpu_terminal_recovery_guards.py::test_recovery_refuses_changed_current_lifecycle"}, {"bytes": 148022, "path": "/tmp/osp-cf1/test_recovery_refuses_rehashed0/project-0/recovery-report.json", "sha256": "110a1d92c27498101f1a19525d689c3812c04b313db538eea978e3eb14a25b26", "test": "tests/test_cpu_terminal_recovery_guards.py::test_recovery_refuses_rehashed_non_cpu_prepared_plan"}, {"bytes": 148143, "path": "/tmp/osp-cf1/test_recovery_refuses_changed_11/project-0/recovery-report.json", "sha256": "01165da20a36c371f1acd994c0f68b6d50dbdd99caeb2298e8fbade2958006be", "test": "tests/test_cpu_terminal_recovery_guards.py::test_recovery_refuses_changed_catalog_route"}, {"bytes": 148200, "path": "/tmp/osp-cf1/test_recovery_refuses_changed_12/project-0/recovery-report.json", "sha256": "5dd93342b0c023be7f0b90ab1f9d1fd5cb8fc3702b44a2b91a0bb607b1b9f6d2", "test": "tests/test_cpu_terminal_recovery_guards.py::test_recovery_refuses_changed_ready_member_identity"}, {"bytes": 190513, "path": "/tmp/osp-cf1/test_recovery_rechecks_source_0/project-0/recovery-report.json", "sha256": "190def93b0e0a8edbe51223a67695c189ca4096d92eb83973ab1434606120f37", "test": "tests/test_cpu_terminal_recovery_guards.py::test_recovery_rechecks_source_after_enumeration_before_settlement"}, {"bytes": 149456, "path": "/tmp/osp-cf1/test_preexisting_stop_never_au0/project-0/recovery-report.json", "sha256": "ce39343ce275ee5a131eb9ca22ff302f20f5c63c47a5481e1c9b786dbca1810e", "test": "tests/test_cpu_terminal_recovery_guards.py::test_preexisting_stop_never_authorizes_automatic_settlement[ordinary_stop]"}, {"bytes": 149373, "path": "/tmp/osp-cf1/test_preexisting_stop_never_au1/project-0/recovery-report.json", "sha256": "75c309ab1baaa593fd65903f7539838f7b076539869dc9a7903b49ceee92426b", "test": "tests/test_cpu_terminal_recovery_guards.py::test_preexisting_stop_never_authorizes_automatic_settlement[storage_hold]"}, {"bytes": 149522, "path": "/tmp/osp-cf1/test_preexisting_stop_never_au2/project-0/recovery-report.json", "sha256": "ee94f5d72bdb1761418055f5b0763d5be895d6590e3c3631d2b110d172a03ff3", "test": "tests/test_cpu_terminal_recovery_guards.py::test_preexisting_stop_never_authorizes_automatic_settlement[masked_storage_hold]"}, {"bytes": 148114, "path": "/tmp/osp-cf1/test_recovery_refuses_unbound_0/project-0/recovery-report.json", "sha256": "417ea0c7755ea796ef410966f54c27f1fb5dadd109594b04f8bf346023c1d12b", "test": "tests/test_cpu_terminal_recovery_guards.py::test_recovery_refuses_unbound_replication_request_field"}, {"bytes": 148084, "path": "/tmp/osp-cf1/test_recovery_refuses_artifact0/project-0/recovery-report.json", "sha256": "e5d7ee5f92db96404d97de2d445ab97d6216d1cb087893320f2b48886e32779d", "test": "tests/test_cpu_terminal_recovery_guards.py::test_recovery_refuses_artifact_root_unrelated_to_published_records"}, {"bytes": 211999, "path": "/tmp/osp-cf1/test_restart_settles_confirmed0/project-0/recovery-report.json", "sha256": "d9d9f7ea38cb755e5e10393b642edef63ac61dbde3858e32412d6949d94d0af3", "test": "tests/test_cpu_terminal_settlement_recovery.py::test_restart_settles_confirmed_terminal_without_repeating_original_worker[0]"}, {"bytes": 200421, "path": "/tmp/osp-cf1/test_restart_settles_confirmed1/project-0/recovery-report.json", "sha256": "68f43ea81250ea049c8adfb0c6270a3182a57c72428775ffb857d2e02db33eb5", "test": "tests/test_cpu_terminal_settlement_recovery.py::test_restart_settles_confirmed_terminal_without_repeating_original_worker[7]"}, {"bytes": 126838, "path": "/tmp/osp-cf1/test_real_v2_confirmed_termina0/project-0/recovery-report.json", "sha256": "4af89659830c15d51a3ace6620736e7907a1f7e6ccfbb67850976890daffb51a", "test": "tests/test_runtime_lease_recovery.py::test_real_v2_confirmed_terminal_crash_recovers_metadata_only[0]"}, {"bytes": 118434, "path": "/tmp/osp-cf1/test_real_v2_confirmed_termina1/project-0/recovery-report.json", "sha256": "99d01e866265c9918f2823512f34b1318da128b5fc1e99aafd12998e9e9fa2ed", "test": "tests/test_runtime_lease_recovery.py::test_real_v2_confirmed_terminal_crash_recovers_metadata_only[7]"}, {"bytes": 119636, "path": "/tmp/osp-cf1/test_real_historical_v1_termin0/historical-project/recovery-report.json", "sha256": "fcd63bc0a32a4a3f2037f12cd9aaa2409d2951c2f59df368a3441170ceb52888", "test": "tests/test_runtime_lease_recovery.py::test_real_historical_v1_terminal_recovers_without_upgrade_or_reexecution"}]
ACCEPTANCE_REPORTS=[{"bytes": 280007, "name": "sorting_default", "path": "/tmp/osp-cf1/acceptance-sorting-default0/acceptance-report.json", "sha256": "3588b0d5965d7ab84d4b2a4c918ba73a34239955e6823c30b19d6477ff2a84a7"}, {"bytes": 120999, "name": "sorting_counterfactual", "path": "/tmp/osp-cf1/acceptance-sorting-counterfactual0/acceptance-report.json", "sha256": "686a8624bd2c7e0e8af4d6b172b488fc971cf018db248471202a0f6c0e748e40"}, {"bytes": 274854, "name": "compression_default", "path": "/tmp/osp-cf1/acceptance-compression-default0/acceptance-report.json", "sha256": "6811b3cfcf113e77d6fc240127a8c940160aa476d3624b5734cb5d460c81d48f"}, {"bytes": 120590, "name": "compression_counterfactual", "path": "/tmp/osp-cf1/acceptance-compression-counterfactual0/acceptance-report.json", "sha256": "a089a37316b311f90f42bb392dc34eb04c1eeba190c40e9757a616c79defb703"}]

=============================== warnings summary ===============================
../../../../../../home/erik/.local/lib/python3.10/site-packages/_pytest/config/__init__.py:885
  /home/erik/.local/lib/python3.10/site-packages/_pytest/config/__init__.py:885: PytestAssertRewriteWarning: Module already imported so cannot be rewritten; cpu_terminal_recovery_helpers
    self.import_plugin(import_spec)

../../../../../../home/erik/.local/lib/python3.10/site-packages/_pytest/config/__init__.py:885
  /home/erik/.local/lib/python3.10/site-packages/_pytest/config/__init__.py:885: PytestAssertRewriteWarning: Module already imported so cannot be rewritten; examples.holdout.testing
    self.import_plugin(import_spec)

-- Docs: https://docs.pytest.org/en/stable/how-to/capture-warnings.html
=========================== short test summary info ============================
SKIPPED [1] ../core/tests/test_sweeper.py:12: could not import 'orze_pro.engine.role_runner': This is a stub package. Install the real orze-pro via: export ORZE_PRO_KEY='...' && orze run
SKIPPED [1] ../core/tests/test_evolution.py:228: could not import 'orze_pro.agents.code_evolution': This is a stub package. Install the real orze-pro via: export ORZE_PRO_KEY='...' && orze run
SKIPPED [1] ../core/tests/test_evolution.py:239: could not import 'orze_pro.agents.code_evolution': This is a stub package. Install the real orze-pro via: export ORZE_PRO_KEY='...' && orze run
SKIPPED [1] ../core/tests/test_evolution.py:255: could not import 'orze_pro.agents.meta_research': This is a stub package. Install the real orze-pro via: export ORZE_PRO_KEY='...' && orze run
SKIPPED [1] ../core/tests/test_fsm_runner_registry.py:13: could not import 'orze_pro': This is a stub package. Install the real orze-pro via: export ORZE_PRO_KEY='...' && orze run
SKIPPED [1] ../core/tests/test_skill_registry.py:123: orze-pro not installed
SKIPPED [1] ../core/tests/test_skill_registry.py:135: orze-pro not installed
4923 passed, 7 skipped, 2 warnings in 1016.92s (0:16:56)
