........................................................................ [  1%]
........................................................................ [  2%]
........................................................................ [  4%]
........................................................................ [  5%]
........................................................................ [  7%]
........................................................................ [  8%]
........................................................................ [  9%]
........................................................................ [ 11%]
........................................................................ [ 12%]
........................................................................ [ 14%]
........................................................................ [ 15%]
........................................................................ [ 17%]
........................................................................ [ 18%]
........................................................................ [ 19%]
........................................................................ [ 21%]
........................................................................ [ 22%]
........................................................................ [ 24%]
........................................................................ [ 25%]
........................................................................ [ 27%]
........................................................................ [ 28%]
........................................................................ [ 29%]
........................................................................ [ 31%]
........................................................................ [ 32%]
........................................................................ [ 34%]
........................................................................ [ 35%]
........................................................................ [ 37%]
........................................................................ [ 38%]
........................................................................ [ 39%]
........................................................................ [ 41%]
................sss..................................................... [ 42%]
........................................................................ [ 44%]
........................................................................ [ 45%]
........................................................................ [ 47%]
.....................................................................s.. [ 48%]
........................................................................ [ 49%]
........................................................................ [ 51%]
........................................................................ [ 52%]
........................................................................ [ 54%]
........................................................................ [ 55%]
........................................................................ [ 56%]
........................................................................ [ 58%]
........................................................................ [ 59%]
........................................................................ [ 61%]
........................................................................ [ 62%]
........................................................................ [ 64%]
........................................................................ [ 65%]
........................................................................ [ 66%]
........................................................................ [ 68%]
........................................................................ [ 69%]
........................................................................ [ 71%]
........................................................................ [ 72%]
........................................................................ [ 74%]
........................................................................ [ 75%]
........................................................................ [ 76%]
........................................................................ [ 78%]
........................................................................ [ 79%]
........................................................................ [ 81%]
........................................................................ [ 82%]
........................................................................ [ 84%]
........................................................................ [ 85%]
........................................................................ [ 86%]
........................................................................ [ 88%]
........................................................................ [ 89%]
........................................................................ [ 91%]
.............................................................ss......... [ 92%]
........................................................................ [ 94%]
........................................................................ [ 95%]
........................................................................ [ 96%]
........................................................................ [ 98%]
........................................................................ [ 99%]
.............                                                            [100%]HOLDOUT_REPORTS=[{"bytes": 2510249, "name": "workflow", "path": "/tmp/dif-cf1/holdout-workflow0/holdout-report.json", "sha256": "01295425de5d9811e9a8fd8e4180e07e77c69b837d24befcd475952bbd1c04ca"}, {"bytes": 143190, "name": "boundary", "path": "/tmp/dif-cf1/holdout-boundary0/holdout-report.json", "sha256": "15e475dc3edfae90ea326c08bb76bb17144df8ba73fdcc323d1e3f4dcb110280"}, {"bytes": 143306, "name": "duplicate_id", "path": "/tmp/dif-cf1/holdout-duplicate_id0/holdout-report.json", "sha256": "c9a88704d613e2afa37cc67947930586b092bb61e86532d75a78a679ebcb62d4"}, {"bytes": 144625, "name": "missing_prerequisite", "path": "/tmp/dif-cf1/holdout-missing_prerequisite0/holdout-report.json", "sha256": "253cd73f848530ae6b90a4cca0559d664bbe9634f1b4bad3e953c82c4ff992f0"}, {"bytes": 142683, "name": "overload", "path": "/tmp/dif-cf1/holdout-overload0/holdout-report.json", "sha256": "8c7ebe594d07e0015ed464a98c533537083b5a4074241a9da0ab252bdb9f74b1"}, {"bytes": 141498, "name": "malformed", "path": "/tmp/dif-cf1/holdout-malformed0/holdout-report.json", "sha256": "0602ef2c30cba7e5a43d75076f2e6db5cf92d8eba023e465a3fccbe385702c18"}]
CPU_RECOVERY_REPORTS=[{"bytes": 82779, "path": "/tmp/dif-cf1/test_real_confirmed_terminal_r0/project-0/recovery-report.json", "sha256": "6eb8c53138d04cc6a1216fa7581e3ac52b3ad16e06d885351ed6048cf2a9d971", "test": "tests/test_cpu_claim_reader_consolidation.py::TestPublicSnapshotRouting::test_real_confirmed_terminal_recovery_uses_required_8k_public_snapshot"}, {"bytes": 104505, "path": "/tmp/dif-cf1/test_post_delete_fsync_uncerta0/project-0/recovery-report.json", "sha256": "5b30ee25d3f41951f2ccf611efe196142cbac078e82197a8f4fb3580bde863e1", "test": "tests/test_cpu_terminal_recovery_barrier.py::test_post_delete_fsync_uncertainty_blocks_fresh_restart_with_zero_bound[effect]"}, {"bytes": 104524, "path": "/tmp/dif-cf1/test_post_delete_fsync_uncerta1/project-0/recovery-report.json", "sha256": "9c8d46ae69ab7a44541c20f9b71610d3a3d663caaadef6f3704468a2698d183a", "test": "tests/test_cpu_terminal_recovery_barrier.py::test_post_delete_fsync_uncertainty_blocks_fresh_restart_with_zero_bound[recovery]"}, {"bytes": 67368, "path": "/tmp/dif-cf1/test_in_progress_denies_alread0/project-0/recovery-report.json", "sha256": "e59f033e46af0a5d4babf8715758843eb6e1ed9540f0d6a3a4e5e33beaee24d4", "test": "tests/test_cpu_terminal_recovery_barrier.py::test_in_progress_denies_already_running_peer_admission[reserve]"}, {"bytes": 67361, "path": "/tmp/dif-cf1/test_in_progress_denies_alread1/project-0/recovery-report.json", "sha256": "70927a0959c7cc6e89c15899b11085895aed4cd1d431ddcf63d9a9393c5dc012", "test": "tests/test_cpu_terminal_recovery_barrier.py::test_in_progress_denies_already_running_peer_admission[require_permit]"}, {"bytes": 66233, "path": "/tmp/dif-cf1/test_two_recovery_consumers_do0/project-0/recovery-report.json", "sha256": "af5c3bad00fe7125b10245989325a078410e5af9dc0265e419a64de4361b112f", "test": "tests/test_cpu_terminal_recovery_barrier.py::test_two_recovery_consumers_do_not_repeat_settlement_or_poison_owner"}, {"bytes": 66647, "path": "/tmp/dif-cf1/test_legal_peer_decision_after0/project-0/recovery-report.json", "sha256": "5f2d807faacaf9169bda86791031f6c07fc7f4f8169a1b0c082060c7556006be", "test": "tests/test_cpu_terminal_recovery_barrier.py::test_legal_peer_decision_after_complete_commit_preserves_exact_owner_result"}, {"bytes": 102333, "path": "/tmp/dif-cf1/test_recovery_transaction_unkn0/project-0/recovery-report.json", "sha256": "3e6e6bd3841a377024ba4d2c657540b8f36e68f9647430cab67db69bc9cc332a", "test": "tests/test_cpu_terminal_recovery_barrier.py::test_recovery_transaction_unknown_is_not_an_ordinary_success[IN_PROGRESS-rollback]"}, {"bytes": 104458, "path": "/tmp/dif-cf1/test_recovery_transaction_unkn1/project-0/recovery-report.json", "sha256": "6bcb1a7b67b26adbcd69dd5964d4269a11d1fed174e6c924a1e161a35b7066a6", "test": "tests/test_cpu_terminal_recovery_barrier.py::test_recovery_transaction_unknown_is_not_an_ordinary_success[COMPLETE-rollback]"}, {"bytes": 105834, "path": "/tmp/dif-cf1/test_recovery_transaction_unkn2/project-0/recovery-report.json", "sha256": "e78e6d0717c8a2b718a70b532b24eb05ba819fbb663ba5591609cb954b0a79a6", "test": "tests/test_cpu_terminal_recovery_barrier.py::test_recovery_transaction_unknown_is_not_an_ordinary_success[COMPLETE-committed_raise]"}, {"bytes": 65306, "path": "/tmp/dif-cf1/test_existing_unqualified_gate0/project-0/recovery-report.json", "sha256": "d7a48136f285bdc6bf90dab2d68a206356a9f6405dd0c8f404ecfaae67633199", "test": "tests/test_cpu_terminal_recovery_barrier.py::test_existing_unqualified_gate_owner_is_preserved"}, {"bytes": 65309, "path": "/tmp/dif-cf1/test_recovery_refuses_caller_t0/project-0/recovery-report.json", "sha256": "ef8deb2b547d558005657b31391577043a8672c123c94d6af1663c97c7c9cc33", "test": "tests/test_cpu_terminal_recovery_barrier.py::test_recovery_refuses_caller_transaction_without_consuming_it"}, {"bytes": 66097, "path": "/tmp/dif-cf1/test_actual_peer_nonce_replace0/project-0/recovery-report.json", "sha256": "0d1614a8f2607b46b226fcd70e30538f5cea02539c7405d7077cfbcf8ba11c74", "test": "tests/test_cpu_terminal_recovery_barrier.py::test_actual_peer_nonce_replacement_cannot_be_completed_by_old_owner"}, {"bytes": 315058, "path": "/tmp/dif-cf1/test_fresh_cli_resumes_confirm0/domain-project/recovery-report.json", "sha256": "47b06eec830005d6557ef44e79678519c955ae89469f7b8d838966141b444f22", "test": "tests/test_cpu_terminal_recovery_domain.py::test_fresh_cli_resumes_confirmed_domain_without_reinterpretation[schedule-feasibility-v1-valid]"}, {"bytes": 314997, "path": "/tmp/dif-cf1/test_fresh_cli_resumes_confirm1/domain-project/recovery-report.json", "sha256": "2fd9050ae0849356f8167f3feaf1bdb046fb9902acbff4208812476b9dcc2e91", "test": "tests/test_cpu_terminal_recovery_domain.py::test_fresh_cli_resumes_confirmed_domain_without_reinterpretation[schedule-feasibility-v2-invalid]"}, {"bytes": 147932, "path": "/tmp/dif-cf1/test_recovery_refuses_changed_0/project-0/recovery-report.json", "sha256": "e86132fd1488a3968398016e20cd395bab7d6cc033438e5205a0c5d4231bf29d", "test": "tests/test_cpu_terminal_recovery_guards.py::test_recovery_refuses_changed_native_binding[origin]"}, {"bytes": 147903, "path": "/tmp/dif-cf1/test_recovery_refuses_changed_1/project-0/recovery-report.json", "sha256": "63d005e5d0d21932729d7f72dbabf864f7436e4780d2e0a9012a6c758a0ae61d", "test": "tests/test_cpu_terminal_recovery_guards.py::test_recovery_refuses_changed_native_binding[kind]"}, {"bytes": 147947, "path": "/tmp/dif-cf1/test_recovery_refuses_changed_2/project-0/recovery-report.json", "sha256": "4c5bf556718964ac6e4ab911ed4351f0fa4d753cfcbece16732f1f4127a5e55e", "test": "tests/test_cpu_terminal_recovery_guards.py::test_recovery_refuses_changed_native_binding[resource]"}, {"bytes": 147974, "path": "/tmp/dif-cf1/test_recovery_refuses_changed_3/project-0/recovery-report.json", "sha256": "eb23bfb2663b081f07029bfacc6ba3389986137432a3facd9a72375f22e086e4", "test": "tests/test_cpu_terminal_recovery_guards.py::test_recovery_refuses_changed_native_binding[attempt_ref]"}, {"bytes": 147977, "path": "/tmp/dif-cf1/test_recovery_refuses_changed_4/project-0/recovery-report.json", "sha256": "979651bae308b7030087cbd73ef4df7a649ba959409cea63ed8b37c53bdd022c", "test": "tests/test_cpu_terminal_recovery_guards.py::test_recovery_refuses_changed_native_binding[process_pid]"}, {"bytes": 148008, "path": "/tmp/dif-cf1/test_recovery_refuses_changed_5/project-0/recovery-report.json", "sha256": "f6efa1c6fbab0450988e0a7fcd4b00f26afa3e63ed55294e813d3c4dcd6737c1", "test": "tests/test_cpu_terminal_recovery_guards.py::test_recovery_refuses_changed_native_binding[command_sha256]"}, {"bytes": 148016, "path": "/tmp/dif-cf1/test_recovery_refuses_changed_6/project-0/recovery-report.json", "sha256": "e2ecee976fd61648a5fb7bc0366174ff3fbe952952221b8302ae9220c9c8c600", "test": "tests/test_cpu_terminal_recovery_guards.py::test_recovery_refuses_changed_native_binding[timeout_seconds]"}, {"bytes": 147938, "path": "/tmp/dif-cf1/test_recovery_refuses_changed_7/project-0/recovery-report.json", "sha256": "eb95578f3d802219838c48e5272fee076b8897ca66028900a36600ae6b952218", "test": "tests/test_cpu_terminal_recovery_guards.py::test_recovery_refuses_changed_captured_source[database]"}, {"bytes": 147961, "path": "/tmp/dif-cf1/test_recovery_refuses_changed_8/project-0/recovery-report.json", "sha256": "e85c4c76363327450498107ba66b585128846faa1f66592018c71ede1559fc0b", "test": "tests/test_cpu_terminal_recovery_guards.py::test_recovery_refuses_changed_captured_source[claim_sha256]"}, {"bytes": 147981, "path": "/tmp/dif-cf1/test_recovery_refuses_changed_9/project-0/recovery-report.json", "sha256": "0e00683f791186998fb4fcee05a8b7f300b66a2a0cd0fc2e26209fe16110a15c", "test": "tests/test_cpu_terminal_recovery_guards.py::test_recovery_refuses_changed_captured_source[config_sha256]"}, {"bytes": 148153, "path": "/tmp/dif-cf1/test_recovery_refuses_changed_10/project-0/recovery-report.json", "sha256": "685c48dac4779e44fd608195ca7e1891efd0178e6fbb39845ff6e90d8f7baf31", "test": "tests/test_cpu_terminal_recovery_guards.py::test_recovery_refuses_changed_current_lifecycle"}, {"bytes": 148006, "path": "/tmp/dif-cf1/test_recovery_refuses_rehashed0/project-0/recovery-report.json", "sha256": "e7fd1f922db8f72c2b21dd941e9b20605683c2b56e3e9fc721e0112870f8729f", "test": "tests/test_cpu_terminal_recovery_guards.py::test_recovery_refuses_rehashed_non_cpu_prepared_plan"}, {"bytes": 148138, "path": "/tmp/dif-cf1/test_recovery_refuses_changed_11/project-0/recovery-report.json", "sha256": "87bf2441fdd7d3973804614780a56733db9f8e978ec34b47c701f8c50938bf4b", "test": "tests/test_cpu_terminal_recovery_guards.py::test_recovery_refuses_changed_catalog_route"}, {"bytes": 148202, "path": "/tmp/dif-cf1/test_recovery_refuses_changed_12/project-0/recovery-report.json", "sha256": "54479bb410821954abff1aacd20d8e0450eae101afa2434ff2872f5c42f9d1d5", "test": "tests/test_cpu_terminal_recovery_guards.py::test_recovery_refuses_changed_ready_member_identity"}, {"bytes": 190513, "path": "/tmp/dif-cf1/test_recovery_rechecks_source_0/project-0/recovery-report.json", "sha256": "5aa927507caf7579158f58d510f884fe7aa728146d3d661dd8f004f1335e0412", "test": "tests/test_cpu_terminal_recovery_guards.py::test_recovery_rechecks_source_after_enumeration_before_settlement"}, {"bytes": 149457, "path": "/tmp/dif-cf1/test_preexisting_stop_never_au0/project-0/recovery-report.json", "sha256": "9f1a263e84a7b3c580188ad34ff11c7f5927a91e9bcf197fefd0314fc8041e18", "test": "tests/test_cpu_terminal_recovery_guards.py::test_preexisting_stop_never_authorizes_automatic_settlement[ordinary_stop]"}, {"bytes": 149355, "path": "/tmp/dif-cf1/test_preexisting_stop_never_au1/project-0/recovery-report.json", "sha256": "67235222876349b8f1ba38a2f831836a244f64e4f5b875f5317e4d2e2383d327", "test": "tests/test_cpu_terminal_recovery_guards.py::test_preexisting_stop_never_authorizes_automatic_settlement[storage_hold]"}, {"bytes": 149487, "path": "/tmp/dif-cf1/test_preexisting_stop_never_au2/project-0/recovery-report.json", "sha256": "9f4011d8f5a0c8d9a7f9e1425e6a9d6da3f06f19fb9efe1f7658409ab473b47a", "test": "tests/test_cpu_terminal_recovery_guards.py::test_preexisting_stop_never_authorizes_automatic_settlement[masked_storage_hold]"}, {"bytes": 148131, "path": "/tmp/dif-cf1/test_recovery_refuses_unbound_0/project-0/recovery-report.json", "sha256": "78481b35e3039aabfcb680b8afca160fb6e63b4f94b29248c4b323e82add541d", "test": "tests/test_cpu_terminal_recovery_guards.py::test_recovery_refuses_unbound_replication_request_field"}, {"bytes": 148068, "path": "/tmp/dif-cf1/test_recovery_refuses_artifact0/project-0/recovery-report.json", "sha256": "f3dfe5383e481f06cde7036538f1c9935dadfc2d3aec09ea902b47e32465c4a3", "test": "tests/test_cpu_terminal_recovery_guards.py::test_recovery_refuses_artifact_root_unrelated_to_published_records"}, {"bytes": 212008, "path": "/tmp/dif-cf1/test_restart_settles_confirmed0/project-0/recovery-report.json", "sha256": "3ab11dd77fd95fb5935d22b98e5e7ade1fbf08cd7cc20de6f5007aee8d3164ce", "test": "tests/test_cpu_terminal_settlement_recovery.py::test_restart_settles_confirmed_terminal_without_repeating_original_worker[0]"}, {"bytes": 200440, "path": "/tmp/dif-cf1/test_restart_settles_confirmed1/project-0/recovery-report.json", "sha256": "4ff6f9406ec75b1b2752376f8e44654a02e0bdb5272c3babf518d627ff99bf00", "test": "tests/test_cpu_terminal_settlement_recovery.py::test_restart_settles_confirmed_terminal_without_repeating_original_worker[7]"}, {"bytes": 126823, "path": "/tmp/dif-cf1/test_real_v2_confirmed_termina0/project-0/recovery-report.json", "sha256": "d597ea666bf63cb636bb6bbcbfce1eb832487d2bcf2266184b020ec5bfab2b50", "test": "tests/test_runtime_lease_recovery.py::test_real_v2_confirmed_terminal_crash_recovers_metadata_only[0]"}, {"bytes": 118439, "path": "/tmp/dif-cf1/test_real_v2_confirmed_termina1/project-0/recovery-report.json", "sha256": "e5ec776b69772cd88e8535d50721f7eb07991af4004ae87cac0b73dfabaab0c4", "test": "tests/test_runtime_lease_recovery.py::test_real_v2_confirmed_terminal_crash_recovers_metadata_only[7]"}, {"bytes": 119631, "path": "/tmp/dif-cf1/test_real_historical_v1_termin0/historical-project/recovery-report.json", "sha256": "ac0a35bf814400deaa7a0d2d5ade6cc34725bf694f6a1446b1479cbc8b392202", "test": "tests/test_runtime_lease_recovery.py::test_real_historical_v1_terminal_recovers_without_upgrade_or_reexecution"}]
ACCEPTANCE_REPORTS=[{"bytes": 279780, "name": "sorting_default", "path": "/tmp/dif-cf1/acceptance-sorting-default0/acceptance-report.json", "sha256": "eee08181c44286e3afabe65f82caf3d502c77f470ab677155b81bb838642052c"}, {"bytes": 121000, "name": "sorting_counterfactual", "path": "/tmp/dif-cf1/acceptance-sorting-counterfactual0/acceptance-report.json", "sha256": "89dad4b55ac060eaf92d5b807dc8008217fda9b7500e938003f34967b3187bd5"}, {"bytes": 274802, "name": "compression_default", "path": "/tmp/dif-cf1/acceptance-compression-default0/acceptance-report.json", "sha256": "fcef9e894c1f600f9faad7d10eb442308c99263d37e12fdbcb9d4d4160eb79fd"}, {"bytes": 120560, "name": "compression_counterfactual", "path": "/tmp/dif-cf1/acceptance-compression-counterfactual0/acceptance-report.json", "sha256": "626debeb52e222d9de84d5990598bf911eb91f534ba43b2b81d0cfdfa7b0db67"}]

=============================== warnings summary ===============================
../../../../../../home/erik/.local/lib/python3.10/site-packages/_pytest/config/__init__.py:885
  /home/erik/.local/lib/python3.10/site-packages/_pytest/config/__init__.py:885: PytestAssertRewriteWarning: Module already imported so cannot be rewritten; cpu_terminal_recovery_helpers
    self.import_plugin(import_spec)

../../../../../../home/erik/.local/lib/python3.10/site-packages/_pytest/config/__init__.py:885
  /home/erik/.local/lib/python3.10/site-packages/_pytest/config/__init__.py:885: PytestAssertRewriteWarning: Module already imported so cannot be rewritten; examples.holdout.testing
    self.import_plugin(import_spec)

-- Docs: https://docs.pytest.org/en/stable/how-to/capture-warnings.html
=========================== short test summary info ============================
SKIPPED [1] ../core/tests/test_sweeper.py:12: could not import 'orze_pro.engine.role_runner': This is a stub package. Install the real orze-pro via: export ORZE_PRO_KEY='...' && orze run
SKIPPED [1] ../core/tests/test_evolution.py:228: could not import 'orze_pro.agents.code_evolution': This is a stub package. Install the real orze-pro via: export ORZE_PRO_KEY='...' && orze run
SKIPPED [1] ../core/tests/test_evolution.py:239: could not import 'orze_pro.agents.code_evolution': This is a stub package. Install the real orze-pro via: export ORZE_PRO_KEY='...' && orze run
SKIPPED [1] ../core/tests/test_evolution.py:255: could not import 'orze_pro.agents.meta_research': This is a stub package. Install the real orze-pro via: export ORZE_PRO_KEY='...' && orze run
SKIPPED [1] ../core/tests/test_fsm_runner_registry.py:13: could not import 'orze_pro': This is a stub package. Install the real orze-pro via: export ORZE_PRO_KEY='...' && orze run
SKIPPED [1] ../core/tests/test_skill_registry.py:123: orze-pro not installed
SKIPPED [1] ../core/tests/test_skill_registry.py:135: orze-pro not installed
5047 passed, 7 skipped, 2 warnings in 1070.47s (0:17:50)
