........................................................................ [  1%]
........................................................................ [  2%]
........................................................................ [  4%]
........................................................................ [  5%]
........................................................................ [  7%]
........................................................................ [  8%]
........................................................................ [  9%]
........................................................................ [ 11%]
........................................................................ [ 12%]
........................................................................ [ 14%]
........................................................................ [ 15%]
........................................................................ [ 17%]
........................................................................ [ 18%]
........................................................................ [ 19%]
........................................................................ [ 21%]
........................................................................ [ 22%]
........................................................................ [ 24%]
........................................................................ [ 25%]
........................................................................ [ 27%]
........................................................................ [ 28%]
........................................................................ [ 29%]
........................................................................ [ 31%]
........................................................................ [ 32%]
........................................................................ [ 34%]
........................................................................ [ 35%]
........................................................................ [ 37%]
........................................................................ [ 38%]
........................................................................ [ 39%]
........................................................................ [ 41%]
................sss..................................................... [ 42%]
........................................................................ [ 44%]
........................................................................ [ 45%]
........................................................................ [ 47%]
.....................................................................s.. [ 48%]
........................................................................ [ 49%]
........................................................................ [ 51%]
........................................................................ [ 52%]
........................................................................ [ 54%]
........................................................................ [ 55%]
........................................................................ [ 57%]
........................................................................ [ 58%]
........................................................................ [ 59%]
........................................................................ [ 61%]
........................................................................ [ 62%]
........................................................................ [ 64%]
........................................................................ [ 65%]
........................................................................ [ 66%]
........................................................................ [ 68%]
........................................................................ [ 69%]
........................................................................ [ 71%]
........................................................................ [ 72%]
........................................................................ [ 74%]
........................................................................ [ 75%]
........................................................................ [ 76%]
........................................................................ [ 78%]
........................................................................ [ 79%]
........................................................................ [ 81%]
........................................................................ [ 82%]
........................................................................ [ 84%]
........................................................................ [ 85%]
........................................................................ [ 86%]
........................................................................ [ 88%]
........................................................................ [ 89%]
........................................................................ [ 91%]
............................................................ss.......... [ 92%]
........................................................................ [ 94%]
........................................................................ [ 95%]
........................................................................ [ 96%]
........................................................................ [ 98%]
........................................................................ [ 99%]
............                                                             [100%]HOLDOUT_REPORTS=[{"bytes": 2510234, "name": "workflow", "path": "/tmp/ogw-cf1/holdout-workflow0/holdout-report.json", "sha256": "16483f67dcfceb3c214577742e31f3d3350feb7f88d17786713ef10a0bbf0c44"}, {"bytes": 143191, "name": "boundary", "path": "/tmp/ogw-cf1/holdout-boundary0/holdout-report.json", "sha256": "c284b35baaa24cb0d81d410a253cb0bb1e9459b7bc0a7ba64088ec1a1003cb26"}, {"bytes": 143305, "name": "duplicate_id", "path": "/tmp/ogw-cf1/holdout-duplicate_id0/holdout-report.json", "sha256": "4b6aec03ffd87d6999f222b7b05fd265497263b02d83bbf8bbb3c7af8eac5720"}, {"bytes": 144629, "name": "missing_prerequisite", "path": "/tmp/ogw-cf1/holdout-missing_prerequisite0/holdout-report.json", "sha256": "4bf5aee2a92065277c3a588fea2d23c1e5683092b3cb22a4beab0e57db74255a"}, {"bytes": 142689, "name": "overload", "path": "/tmp/ogw-cf1/holdout-overload0/holdout-report.json", "sha256": "27ac79035163203efd4a03a48e3366766b7e86d846ca1cb6a952c0640ee47b55"}, {"bytes": 141506, "name": "malformed", "path": "/tmp/ogw-cf1/holdout-malformed0/holdout-report.json", "sha256": "266207fb60826539220d937e0adf1a0f381839b5b384eb6954f7de4291e0c1f4"}]
CPU_RECOVERY_REPORTS=[{"bytes": 82767, "path": "/tmp/ogw-cf1/test_real_confirmed_terminal_r0/project-0/recovery-report.json", "sha256": "48eb150d989b5257f6137b94bef243f8666874c1b7ead4c1a9aa055fb91fe184", "test": "tests/test_cpu_claim_reader_consolidation.py::TestPublicSnapshotRouting::test_real_confirmed_terminal_recovery_uses_required_8k_public_snapshot"}, {"bytes": 104506, "path": "/tmp/ogw-cf1/test_post_delete_fsync_uncerta0/project-0/recovery-report.json", "sha256": "e01948f048a653117a2c1fa0265ae0fd6ff905b32abe787fff990344e99fa008", "test": "tests/test_cpu_terminal_recovery_barrier.py::test_post_delete_fsync_uncertainty_blocks_fresh_restart_with_zero_bound[effect]"}, {"bytes": 104518, "path": "/tmp/ogw-cf1/test_post_delete_fsync_uncerta1/project-0/recovery-report.json", "sha256": "38daa75bf998a9d1aceb74a2157f61e6f30810a9f95fa8389ab2a80443208427", "test": "tests/test_cpu_terminal_recovery_barrier.py::test_post_delete_fsync_uncertainty_blocks_fresh_restart_with_zero_bound[recovery]"}, {"bytes": 67368, "path": "/tmp/ogw-cf1/test_in_progress_denies_alread0/project-0/recovery-report.json", "sha256": "be4e96e1a9b04a0d35a71192574647c25c13b95c68e4c2ed1e99cd700abb4a72", "test": "tests/test_cpu_terminal_recovery_barrier.py::test_in_progress_denies_already_running_peer_admission[reserve]"}, {"bytes": 67361, "path": "/tmp/ogw-cf1/test_in_progress_denies_alread1/project-0/recovery-report.json", "sha256": "54bb6f1011d347b6bebb347c6800eea93841787405cb2679dbdd6f70e0ac631b", "test": "tests/test_cpu_terminal_recovery_barrier.py::test_in_progress_denies_already_running_peer_admission[require_permit]"}, {"bytes": 66239, "path": "/tmp/ogw-cf1/test_two_recovery_consumers_do0/project-0/recovery-report.json", "sha256": "a38a50170008835b8a2451bcf945d287729c7ecf6051297f9787a24fd5832a1e", "test": "tests/test_cpu_terminal_recovery_barrier.py::test_two_recovery_consumers_do_not_repeat_settlement_or_poison_owner"}, {"bytes": 66646, "path": "/tmp/ogw-cf1/test_legal_peer_decision_after0/project-0/recovery-report.json", "sha256": "2028667dc347afc4edcc834aa4b33d60bd847f905d7c3e5d365e392c53f4766c", "test": "tests/test_cpu_terminal_recovery_barrier.py::test_legal_peer_decision_after_complete_commit_preserves_exact_owner_result"}, {"bytes": 102323, "path": "/tmp/ogw-cf1/test_recovery_transaction_unkn0/project-0/recovery-report.json", "sha256": "4a7c2f00f3ee3acdd1312717e5e8772fe325bcf6bec5649fd6369fa3010bee59", "test": "tests/test_cpu_terminal_recovery_barrier.py::test_recovery_transaction_unknown_is_not_an_ordinary_success[IN_PROGRESS-rollback]"}, {"bytes": 104444, "path": "/tmp/ogw-cf1/test_recovery_transaction_unkn1/project-0/recovery-report.json", "sha256": "f34a96e832e7dfcdd34813fa5a273a591940867ee4f797b5f98907ef46c90a9b", "test": "tests/test_cpu_terminal_recovery_barrier.py::test_recovery_transaction_unknown_is_not_an_ordinary_success[COMPLETE-rollback]"}, {"bytes": 105838, "path": "/tmp/ogw-cf1/test_recovery_transaction_unkn2/project-0/recovery-report.json", "sha256": "1301177391afe746d5543cb4a897dc44a448da3ccde5f7c489451d32f34ec9a0", "test": "tests/test_cpu_terminal_recovery_barrier.py::test_recovery_transaction_unknown_is_not_an_ordinary_success[COMPLETE-committed_raise]"}, {"bytes": 65311, "path": "/tmp/ogw-cf1/test_existing_unqualified_gate0/project-0/recovery-report.json", "sha256": "da23a7f38d7b41b726acb3ec8160af4a07a7d9a8d67228ac1e9ee5c79406a2a2", "test": "tests/test_cpu_terminal_recovery_barrier.py::test_existing_unqualified_gate_owner_is_preserved"}, {"bytes": 65299, "path": "/tmp/ogw-cf1/test_recovery_refuses_caller_t0/project-0/recovery-report.json", "sha256": "6fb1530702ab9cf9b54e2f055ad07fee69b497c008b939e1ac870c42ba5ee400", "test": "tests/test_cpu_terminal_recovery_barrier.py::test_recovery_refuses_caller_transaction_without_consuming_it"}, {"bytes": 66110, "path": "/tmp/ogw-cf1/test_actual_peer_nonce_replace0/project-0/recovery-report.json", "sha256": "1197d18987412513974a05123829e300975ea18cb1d2014a8fee01dd49607f0c", "test": "tests/test_cpu_terminal_recovery_barrier.py::test_actual_peer_nonce_replacement_cannot_be_completed_by_old_owner"}, {"bytes": 315037, "path": "/tmp/ogw-cf1/test_fresh_cli_resumes_confirm0/domain-project/recovery-report.json", "sha256": "4189790a8b1761c256375fd68deadc7cb7989e5b00a61e86c61cb70e66b46d6f", "test": "tests/test_cpu_terminal_recovery_domain.py::test_fresh_cli_resumes_confirmed_domain_without_reinterpretation[schedule-feasibility-v1-valid]"}, {"bytes": 314968, "path": "/tmp/ogw-cf1/test_fresh_cli_resumes_confirm1/domain-project/recovery-report.json", "sha256": "9e60db915ab7735112ffcdd9ea783f63164c031e66218d12dd7f073f31a017e8", "test": "tests/test_cpu_terminal_recovery_domain.py::test_fresh_cli_resumes_confirmed_domain_without_reinterpretation[schedule-feasibility-v2-invalid]"}, {"bytes": 147915, "path": "/tmp/ogw-cf1/test_recovery_refuses_changed_0/project-0/recovery-report.json", "sha256": "0a5559a6a890d76e297c25c5d4d0d707c2bc2654601004edd59c0fe8486fb4ae", "test": "tests/test_cpu_terminal_recovery_guards.py::test_recovery_refuses_changed_native_binding[origin]"}, {"bytes": 147887, "path": "/tmp/ogw-cf1/test_recovery_refuses_changed_1/project-0/recovery-report.json", "sha256": "41473bf759b3e5a2437292a64a53e3100aa99e9ae3765df5efe20bf256de3694", "test": "tests/test_cpu_terminal_recovery_guards.py::test_recovery_refuses_changed_native_binding[kind]"}, {"bytes": 147914, "path": "/tmp/ogw-cf1/test_recovery_refuses_changed_2/project-0/recovery-report.json", "sha256": "9bda74a630c9d6d7316a880d34cb706d4ae1dba87093a198ab34d01d5d264401", "test": "tests/test_cpu_terminal_recovery_guards.py::test_recovery_refuses_changed_native_binding[resource]"}, {"bytes": 147973, "path": "/tmp/ogw-cf1/test_recovery_refuses_changed_3/project-0/recovery-report.json", "sha256": "a6697c31ff3be15517c9f76af02ac59cb994a74a714957c5adaa649b04f1cd82", "test": "tests/test_cpu_terminal_recovery_guards.py::test_recovery_refuses_changed_native_binding[attempt_ref]"}, {"bytes": 147992, "path": "/tmp/ogw-cf1/test_recovery_refuses_changed_4/project-0/recovery-report.json", "sha256": "3a0042e6ae06aa436bf54c1140c262cc68c901a872974a1aab6ed9769dc42ce2", "test": "tests/test_cpu_terminal_recovery_guards.py::test_recovery_refuses_changed_native_binding[process_pid]"}, {"bytes": 147990, "path": "/tmp/ogw-cf1/test_recovery_refuses_changed_5/project-0/recovery-report.json", "sha256": "40fdb07fee0d26da7c840f36391935e19bc0c51f507c68d5b814dd00148124fc", "test": "tests/test_cpu_terminal_recovery_guards.py::test_recovery_refuses_changed_native_binding[command_sha256]"}, {"bytes": 148019, "path": "/tmp/ogw-cf1/test_recovery_refuses_changed_6/project-0/recovery-report.json", "sha256": "8f41eacc51b59d2f94977d8c051d188d05dd5f51407b3ecda73b7cc65adff48f", "test": "tests/test_cpu_terminal_recovery_guards.py::test_recovery_refuses_changed_native_binding[timeout_seconds]"}, {"bytes": 147955, "path": "/tmp/ogw-cf1/test_recovery_refuses_changed_7/project-0/recovery-report.json", "sha256": "f2861c1c5481fd66b3fe9de780ce68c9fdd1e24e23a4ef9a430c400625b3bb6e", "test": "tests/test_cpu_terminal_recovery_guards.py::test_recovery_refuses_changed_captured_source[database]"}, {"bytes": 147977, "path": "/tmp/ogw-cf1/test_recovery_refuses_changed_8/project-0/recovery-report.json", "sha256": "55937b0fe025f4c364a9dbd04a3f37fd96bc0f94077ab705e86a9d6607803446", "test": "tests/test_cpu_terminal_recovery_guards.py::test_recovery_refuses_changed_captured_source[claim_sha256]"}, {"bytes": 147963, "path": "/tmp/ogw-cf1/test_recovery_refuses_changed_9/project-0/recovery-report.json", "sha256": "6f71b78a917b094d994cb74453de41e6ffd87c2ab9eed88d6a078b15d6b6f094", "test": "tests/test_cpu_terminal_recovery_guards.py::test_recovery_refuses_changed_captured_source[config_sha256]"}, {"bytes": 148173, "path": "/tmp/ogw-cf1/test_recovery_refuses_changed_10/project-0/recovery-report.json", "sha256": "10b78032ff94c50175274d85e091b35d11e8aa4b9be1779effa42c8f3a02cca9", "test": "tests/test_cpu_terminal_recovery_guards.py::test_recovery_refuses_changed_current_lifecycle"}, {"bytes": 148024, "path": "/tmp/ogw-cf1/test_recovery_refuses_rehashed0/project-0/recovery-report.json", "sha256": "093ef3ce1a99405741e671f9b3b6d518f6706dc5ce6cfe05b87e2fe1bddd1664", "test": "tests/test_cpu_terminal_recovery_guards.py::test_recovery_refuses_rehashed_non_cpu_prepared_plan"}, {"bytes": 148136, "path": "/tmp/ogw-cf1/test_recovery_refuses_changed_11/project-0/recovery-report.json", "sha256": "8e84d6fee3619fec5a4c21826318e19c536e1d53e077f6398ff99d474008c55d", "test": "tests/test_cpu_terminal_recovery_guards.py::test_recovery_refuses_changed_catalog_route"}, {"bytes": 148200, "path": "/tmp/ogw-cf1/test_recovery_refuses_changed_12/project-0/recovery-report.json", "sha256": "274352f6706ed81c84781b503efe4745516e3fb542055913e520ba8e9060c249", "test": "tests/test_cpu_terminal_recovery_guards.py::test_recovery_refuses_changed_ready_member_identity"}, {"bytes": 190529, "path": "/tmp/ogw-cf1/test_recovery_rechecks_source_0/project-0/recovery-report.json", "sha256": "4a84282c6a8a20b3c6ca93a34afbfa035a059581ff8720ca7a1270497f4b4266", "test": "tests/test_cpu_terminal_recovery_guards.py::test_recovery_rechecks_source_after_enumeration_before_settlement"}, {"bytes": 149457, "path": "/tmp/ogw-cf1/test_preexisting_stop_never_au0/project-0/recovery-report.json", "sha256": "32ab4551b1756c00e6839bc36c7e7eadfcb346c55191215c42f5abe68add5ad2", "test": "tests/test_cpu_terminal_recovery_guards.py::test_preexisting_stop_never_authorizes_automatic_settlement[ordinary_stop]"}, {"bytes": 149372, "path": "/tmp/ogw-cf1/test_preexisting_stop_never_au1/project-0/recovery-report.json", "sha256": "44aac0ff40642c6de1cb761db382add1511fa2977ea4d202c90bac27d6d8c09b", "test": "tests/test_cpu_terminal_recovery_guards.py::test_preexisting_stop_never_authorizes_automatic_settlement[storage_hold]"}, {"bytes": 149506, "path": "/tmp/ogw-cf1/test_preexisting_stop_never_au2/project-0/recovery-report.json", "sha256": "c691b48f86087367dc1ce2bd2ea5811ede514679bc384f4786b96062adf9a92b", "test": "tests/test_cpu_terminal_recovery_guards.py::test_preexisting_stop_never_authorizes_automatic_settlement[masked_storage_hold]"}, {"bytes": 148134, "path": "/tmp/ogw-cf1/test_recovery_refuses_unbound_0/project-0/recovery-report.json", "sha256": "a09e774de02a9b142b19a6c47ae7551e55822a76d108c956c901e4ec9311ab49", "test": "tests/test_cpu_terminal_recovery_guards.py::test_recovery_refuses_unbound_replication_request_field"}, {"bytes": 148068, "path": "/tmp/ogw-cf1/test_recovery_refuses_artifact0/project-0/recovery-report.json", "sha256": "91bdfc57a3037d8a74e89254590783a5e4b19165dce26dc7b9a2c2756268cdec", "test": "tests/test_cpu_terminal_recovery_guards.py::test_recovery_refuses_artifact_root_unrelated_to_published_records"}, {"bytes": 212021, "path": "/tmp/ogw-cf1/test_restart_settles_confirmed0/project-0/recovery-report.json", "sha256": "1453b6372fb65d426c701c304d3721e822dfadc580f01457b55ff834ba9cf7da", "test": "tests/test_cpu_terminal_settlement_recovery.py::test_restart_settles_confirmed_terminal_without_repeating_original_worker[0]"}, {"bytes": 200423, "path": "/tmp/ogw-cf1/test_restart_settles_confirmed1/project-0/recovery-report.json", "sha256": "2b2a8a6a0ef462d85a01d57442cb5a3fe2bbd7c67568648ab1ffbeb77789ed52", "test": "tests/test_cpu_terminal_settlement_recovery.py::test_restart_settles_confirmed_terminal_without_repeating_original_worker[7]"}, {"bytes": 126821, "path": "/tmp/ogw-cf1/test_real_v2_confirmed_termina0/project-0/recovery-report.json", "sha256": "8fa4df24129bb6ca032a578c554c21138fec99d8fa1ef063aee4b8f5124ee51a", "test": "tests/test_runtime_lease_recovery.py::test_real_v2_confirmed_terminal_crash_recovers_metadata_only[0]"}, {"bytes": 118440, "path": "/tmp/ogw-cf1/test_real_v2_confirmed_termina1/project-0/recovery-report.json", "sha256": "1f38694396ddd6e0670c7ce5099ef78bc2ced4a41ec87434409dccb0e8191832", "test": "tests/test_runtime_lease_recovery.py::test_real_v2_confirmed_terminal_crash_recovers_metadata_only[7]"}, {"bytes": 119654, "path": "/tmp/ogw-cf1/test_real_historical_v1_termin0/historical-project/recovery-report.json", "sha256": "e5fc574a8ef69a2de95831a09a5b4b8a224feafc0f23cd168e8e4703a4834410", "test": "tests/test_runtime_lease_recovery.py::test_real_historical_v1_terminal_recovers_without_upgrade_or_reexecution"}]
ACCEPTANCE_REPORTS=[{"bytes": 280007, "name": "sorting_default", "path": "/tmp/ogw-cf1/acceptance-sorting-default0/acceptance-report.json", "sha256": "6f910d8e321185efdcb19da24adbc5ddc45125f487c326719dc193f8d533bd8e"}, {"bytes": 120991, "name": "sorting_counterfactual", "path": "/tmp/ogw-cf1/acceptance-sorting-counterfactual0/acceptance-report.json", "sha256": "e83a357580a8a7a84dbedb932a86670f282249a4dd36c563b6b3a8951306cb34"}, {"bytes": 274866, "name": "compression_default", "path": "/tmp/ogw-cf1/acceptance-compression-default0/acceptance-report.json", "sha256": "83620efb1fb5e1b786f37dacb24a03ed5f0ae57b15bff0687e2d5486f9e99d9a"}, {"bytes": 120581, "name": "compression_counterfactual", "path": "/tmp/ogw-cf1/acceptance-compression-counterfactual0/acceptance-report.json", "sha256": "64fd9b5c205d5abd92e5764f9fbef0d950766d2779155de44309dbb7f0546955"}]

=============================== warnings summary ===============================
../../../../../../home/erik/.local/lib/python3.10/site-packages/_pytest/config/__init__.py:885
  /home/erik/.local/lib/python3.10/site-packages/_pytest/config/__init__.py:885: PytestAssertRewriteWarning: Module already imported so cannot be rewritten; cpu_terminal_recovery_helpers
    self.import_plugin(import_spec)

../../../../../../home/erik/.local/lib/python3.10/site-packages/_pytest/config/__init__.py:885
  /home/erik/.local/lib/python3.10/site-packages/_pytest/config/__init__.py:885: PytestAssertRewriteWarning: Module already imported so cannot be rewritten; examples.holdout.testing
    self.import_plugin(import_spec)

-- Docs: https://docs.pytest.org/en/stable/how-to/capture-warnings.html
=========================== short test summary info ============================
SKIPPED [1] ../core/tests/test_sweeper.py:12: could not import 'orze_pro.engine.role_runner': This is a stub package. Install the real orze-pro via: export ORZE_PRO_KEY='...' && orze run
SKIPPED [1] ../core/tests/test_evolution.py:228: could not import 'orze_pro.agents.code_evolution': This is a stub package. Install the real orze-pro via: export ORZE_PRO_KEY='...' && orze run
SKIPPED [1] ../core/tests/test_evolution.py:239: could not import 'orze_pro.agents.code_evolution': This is a stub package. Install the real orze-pro via: export ORZE_PRO_KEY='...' && orze run
SKIPPED [1] ../core/tests/test_evolution.py:255: could not import 'orze_pro.agents.meta_research': This is a stub package. Install the real orze-pro via: export ORZE_PRO_KEY='...' && orze run
SKIPPED [1] ../core/tests/test_fsm_runner_registry.py:13: could not import 'orze_pro': This is a stub package. Install the real orze-pro via: export ORZE_PRO_KEY='...' && orze run
SKIPPED [1] ../core/tests/test_skill_registry.py:123: orze-pro not installed
SKIPPED [1] ../core/tests/test_skill_registry.py:135: orze-pro not installed
5046 passed, 7 skipped, 2 warnings in 1084.71s (0:18:04)
