........................................................................ [  1%]
........................................................................ [  2%]
........................................................................ [  3%]
........................................................................ [  5%]
........................................................................ [  6%]
........................................................................ [  7%]
........................................................................ [  9%]
........................................................................ [ 10%]
........................................................................ [ 11%]
........................................................................ [ 13%]
........................................................................ [ 14%]
........................................................................ [ 15%]
........................................................................ [ 17%]
........................................................................ [ 18%]
........................................................................ [ 19%]
........................................................................ [ 21%]
........................................................................ [ 22%]
........................................................................ [ 23%]
........................................................................ [ 25%]
........................................................................ [ 26%]
........................................................................ [ 27%]
........................................................................ [ 29%]
........................................................................ [ 30%]
........................................................................ [ 31%]
........................................................................ [ 33%]
........................................................................ [ 34%]
........................................................................ [ 35%]
........................................................................ [ 37%]
........................................................................ [ 38%]
............................................sss......................... [ 39%]
........................................................................ [ 41%]
........................................................................ [ 42%]
........................................................................ [ 43%]
........................................................................ [ 45%]
........................................................................ [ 46%]
........................................................................ [ 47%]
........................................................................ [ 49%]
........................................................................ [ 50%]
........................................................................ [ 51%]
........................................................................ [ 53%]
........................................................................ [ 54%]
........................................................................ [ 55%]
........................................................................ [ 57%]
........................................................................ [ 58%]
........................................................................ [ 59%]
........................................................................ [ 61%]
........................................................................ [ 62%]
........................................................................ [ 63%]
........................................................................ [ 65%]
........................................................................ [ 66%]
........................................................................ [ 67%]
........................................................................ [ 69%]
........................................................................ [ 70%]
........................................................................ [ 71%]
........................................................................ [ 73%]
........................................................................ [ 74%]
........................................................................ [ 75%]
........................................................................ [ 77%]
........................................................................ [ 78%]
........................................................................ [ 79%]
........................................................................ [ 81%]
........................................................................ [ 82%]
........................................................................ [ 83%]
........................................................................ [ 85%]
........................................................................ [ 86%]
........................................................................ [ 87%]
........................................................................ [ 89%]
........................................................................ [ 90%]
........................................................................ [ 91%]
.............ss......................................................... [ 93%]
........................................................................ [ 94%]
........................................................................ [ 95%]
........................................................................ [ 97%]
........................................................................ [ 98%]
........................................................................ [ 99%]
...                                                                      [100%]HOLDOUT_REPORTS=[{"bytes": 2502232, "name": "workflow", "path": "/tmp/sh-c1/holdout-workflow0/holdout-report.json", "sha256": "99370f879d7bb1eef00bd0efec4df141839190eabebfb1a3a3d63634f232a42d"}, {"bytes": 142750, "name": "boundary", "path": "/tmp/sh-c1/holdout-boundary0/holdout-report.json", "sha256": "45d7ca358a05df26d5fb6cc4f946c19a6f4a6fd580ac0cb0c0bbd6d9d7b9d4b2"}, {"bytes": 142858, "name": "duplicate_id", "path": "/tmp/sh-c1/holdout-duplicate_id0/holdout-report.json", "sha256": "e2dde51da32a7af1c6aad2f1f407b7e5f4dc4d1912c66dfd8b6b5ab0bd2aae50"}, {"bytes": 144183, "name": "missing_prerequisite", "path": "/tmp/sh-c1/holdout-missing_prerequisite0/holdout-report.json", "sha256": "fd064362444100598b858732d1cd716ea2a9b5a435f8b4747f6aeab6592b6f12"}, {"bytes": 142246, "name": "overload", "path": "/tmp/sh-c1/holdout-overload0/holdout-report.json", "sha256": "68d0894240fe7f7249f9276ec861a6106dbef41a18b6de7746ce4069bf5af02f"}, {"bytes": 141050, "name": "malformed", "path": "/tmp/sh-c1/holdout-malformed0/holdout-report.json", "sha256": "e56147d9f1032650e5c68c1fac3bfb4f3b6e347400b398d1856c5dab737e0df1"}]
CPU_RECOVERY_REPORTS=[{"bytes": 82511, "path": "/tmp/sh-c1/test_real_confirmed_terminal_r0/project-0/recovery-report.json", "sha256": "543844ce4f46f3f11ac7045a1617e7aeafc2c84b9cb647fce0b729f15f7aa0bf", "test": "tests/test_cpu_claim_reader_consolidation.py::TestPublicSnapshotRouting::test_real_confirmed_terminal_recovery_uses_required_8k_public_snapshot"}, {"bytes": 104157, "path": "/tmp/sh-c1/test_post_delete_fsync_uncerta0/project-0/recovery-report.json", "sha256": "a070887974485818606c186aef03a64d2928909f5bb89bf991d09f30a562333b", "test": "tests/test_cpu_terminal_recovery_barrier.py::test_post_delete_fsync_uncertainty_blocks_fresh_restart_with_zero_bound[effect]"}, {"bytes": 104175, "path": "/tmp/sh-c1/test_post_delete_fsync_uncerta1/project-0/recovery-report.json", "sha256": "8e1335fbd7c093bf05d0376d3000aa49eef66c43708362c86e0c577b3881e150", "test": "tests/test_cpu_terminal_recovery_barrier.py::test_post_delete_fsync_uncertainty_blocks_fresh_restart_with_zero_bound[recovery]"}, {"bytes": 67143, "path": "/tmp/sh-c1/test_in_progress_denies_alread0/project-0/recovery-report.json", "sha256": "f82ef89615403b9d499a458eca9eb706cb537b9104d20d439155d0f4c5f441f6", "test": "tests/test_cpu_terminal_recovery_barrier.py::test_in_progress_denies_already_running_peer_admission[reserve]"}, {"bytes": 67141, "path": "/tmp/sh-c1/test_in_progress_denies_alread1/project-0/recovery-report.json", "sha256": "b4b8c2a2a09fb8683311f417e634f8bc9ed273cda8b43d17c4d5c4d7cc12e41b", "test": "tests/test_cpu_terminal_recovery_barrier.py::test_in_progress_denies_already_running_peer_admission[require_permit]"}, {"bytes": 66014, "path": "/tmp/sh-c1/test_two_recovery_consumers_do0/project-0/recovery-report.json", "sha256": "11023d1d6ea9d65e3e65b65a9e2591682d562a0fa10828b392ce2765b94b3b20", "test": "tests/test_cpu_terminal_recovery_barrier.py::test_two_recovery_consumers_do_not_repeat_settlement_or_poison_owner"}, {"bytes": 66426, "path": "/tmp/sh-c1/test_legal_peer_decision_after0/project-0/recovery-report.json", "sha256": "c063eb134c962cff98537b2fab72ce7c7afff904eaa5ce0d392babc5dfef7823", "test": "tests/test_cpu_terminal_recovery_barrier.py::test_legal_peer_decision_after_complete_commit_preserves_exact_owner_result"}, {"bytes": 102002, "path": "/tmp/sh-c1/test_recovery_transaction_unkn0/project-0/recovery-report.json", "sha256": "8ce61e4bd4f0f2953de2edc8f4b929f8f4041854a0a4def2886470080b0146ef", "test": "tests/test_cpu_terminal_recovery_barrier.py::test_recovery_transaction_unknown_is_not_an_ordinary_success[IN_PROGRESS-rollback]"}, {"bytes": 104104, "path": "/tmp/sh-c1/test_recovery_transaction_unkn1/project-0/recovery-report.json", "sha256": "f137e55f5fa1f6870781c417f99226ea6952413c8d2b27b82797564de3ccf293", "test": "tests/test_cpu_terminal_recovery_barrier.py::test_recovery_transaction_unknown_is_not_an_ordinary_success[COMPLETE-rollback]"}, {"bytes": 105489, "path": "/tmp/sh-c1/test_recovery_transaction_unkn2/project-0/recovery-report.json", "sha256": "1d1cfb3a53bab52d65ffcd064825bd35d0a8730713c7a8984dd53e2cb442e888", "test": "tests/test_cpu_terminal_recovery_barrier.py::test_recovery_transaction_unknown_is_not_an_ordinary_success[COMPLETE-committed_raise]"}, {"bytes": 65113, "path": "/tmp/sh-c1/test_existing_unqualified_gate0/project-0/recovery-report.json", "sha256": "62134e21e66875fe9aca1ad574b2fd000560eba63389838f85a3f94ad2a1564b", "test": "tests/test_cpu_terminal_recovery_barrier.py::test_existing_unqualified_gate_owner_is_preserved"}, {"bytes": 65107, "path": "/tmp/sh-c1/test_recovery_refuses_caller_t0/project-0/recovery-report.json", "sha256": "c2797e764aeb2d891fd1b75399482b689ad2d5d5e111609d26edb73b745cfc5c", "test": "tests/test_cpu_terminal_recovery_barrier.py::test_recovery_refuses_caller_transaction_without_consuming_it"}, {"bytes": 65901, "path": "/tmp/sh-c1/test_actual_peer_nonce_replace0/project-0/recovery-report.json", "sha256": "06bd7fbf92e935035cc9e351e589131fc9436e4ffb9dde99465ffee36e5a50b8", "test": "tests/test_cpu_terminal_recovery_barrier.py::test_actual_peer_nonce_replacement_cannot_be_completed_by_old_owner"}, {"bytes": 314062, "path": "/tmp/sh-c1/test_fresh_cli_resumes_confirm0/domain-project/recovery-report.json", "sha256": "86dd1da6bc3e3639cb1ac629dc81bc3cddbe13373fdfe94196ce4970edcccf3f", "test": "tests/test_cpu_terminal_recovery_domain.py::test_fresh_cli_resumes_confirmed_domain_without_reinterpretation[schedule-feasibility-v1-valid]"}, {"bytes": 313981, "path": "/tmp/sh-c1/test_fresh_cli_resumes_confirm1/domain-project/recovery-report.json", "sha256": "52e9781c0b43bc91b81cf8ae4156dde869267c3d62cb0e2e451d402bdd4b18db", "test": "tests/test_cpu_terminal_recovery_domain.py::test_fresh_cli_resumes_confirmed_domain_without_reinterpretation[schedule-feasibility-v2-invalid]"}, {"bytes": 147468, "path": "/tmp/sh-c1/test_recovery_refuses_changed_0/project-0/recovery-report.json", "sha256": "0c2da35a35ec274207e356d0cd5dd54eb06d36387bacc69e93719352b12974ce", "test": "tests/test_cpu_terminal_recovery_guards.py::test_recovery_refuses_changed_native_binding[origin]"}, {"bytes": 147403, "path": "/tmp/sh-c1/test_recovery_refuses_changed_1/project-0/recovery-report.json", "sha256": "74b5189f32149b6753707fdb3e72eed720dfafc0a91c884eac45378464adf35c", "test": "tests/test_cpu_terminal_recovery_guards.py::test_recovery_refuses_changed_native_binding[kind]"}, {"bytes": 147481, "path": "/tmp/sh-c1/test_recovery_refuses_changed_2/project-0/recovery-report.json", "sha256": "f9c27c9dfa299710fd4a699ca19a24e6f59869ce08fc2ed8b7e0e6a970f8aacd", "test": "tests/test_cpu_terminal_recovery_guards.py::test_recovery_refuses_changed_native_binding[resource]"}, {"bytes": 147512, "path": "/tmp/sh-c1/test_recovery_refuses_changed_3/project-0/recovery-report.json", "sha256": "68d9da8ce5acf2a689be9521fccd4f2b06f807634b8b6b91f76ad4487c841598", "test": "tests/test_cpu_terminal_recovery_guards.py::test_recovery_refuses_changed_native_binding[attempt_ref]"}, {"bytes": 147512, "path": "/tmp/sh-c1/test_recovery_refuses_changed_4/project-0/recovery-report.json", "sha256": "90f556a20e350a6885d152e3ba4d278dfadc197b787d14921d177e15e796d54f", "test": "tests/test_cpu_terminal_recovery_guards.py::test_recovery_refuses_changed_native_binding[process_pid]"}, {"bytes": 147524, "path": "/tmp/sh-c1/test_recovery_refuses_changed_5/project-0/recovery-report.json", "sha256": "3cc4bc43637b66c8a7685b48cc701e045115313649d9e6efbb94e26fefbcb013", "test": "tests/test_cpu_terminal_recovery_guards.py::test_recovery_refuses_changed_native_binding[command_sha256]"}, {"bytes": 147528, "path": "/tmp/sh-c1/test_recovery_refuses_changed_6/project-0/recovery-report.json", "sha256": "f3c3bbf375a903bc42a8268609479d1daf01b712e7cec485e7a0dc277f5840d2", "test": "tests/test_cpu_terminal_recovery_guards.py::test_recovery_refuses_changed_native_binding[timeout_seconds]"}, {"bytes": 147488, "path": "/tmp/sh-c1/test_recovery_refuses_changed_7/project-0/recovery-report.json", "sha256": "6c4c82ed8c6ccdf18a1d2ef605732a3ee59c0a29bdb00de21b3edb0baba950bf", "test": "tests/test_cpu_terminal_recovery_guards.py::test_recovery_refuses_changed_captured_source[database]"}, {"bytes": 147497, "path": "/tmp/sh-c1/test_recovery_refuses_changed_8/project-0/recovery-report.json", "sha256": "d8917fb9635460bee31a24d5a0f6cd73d13735a5c65be2e22689efee9be83541", "test": "tests/test_cpu_terminal_recovery_guards.py::test_recovery_refuses_changed_captured_source[claim_sha256]"}, {"bytes": 147504, "path": "/tmp/sh-c1/test_recovery_refuses_changed_9/project-0/recovery-report.json", "sha256": "14a0da400ee3a8d480b03b80e3e30ffe69787ec70f4e4bee99f5635a9f224999", "test": "tests/test_cpu_terminal_recovery_guards.py::test_recovery_refuses_changed_captured_source[config_sha256]"}, {"bytes": 147713, "path": "/tmp/sh-c1/test_recovery_refuses_changed_10/project-0/recovery-report.json", "sha256": "90004b838a9c130f825c937519dcce20a7b1c2c993e0ce8940ee0e7c8167bc19", "test": "tests/test_cpu_terminal_recovery_guards.py::test_recovery_refuses_changed_current_lifecycle"}, {"bytes": 147538, "path": "/tmp/sh-c1/test_recovery_refuses_rehashed0/project-0/recovery-report.json", "sha256": "4e0acdd6fda40c172a271913cc58124468b2c93b5d0149ebc934465a5c68c64d", "test": "tests/test_cpu_terminal_recovery_guards.py::test_recovery_refuses_rehashed_non_cpu_prepared_plan"}, {"bytes": 147690, "path": "/tmp/sh-c1/test_recovery_refuses_changed_11/project-0/recovery-report.json", "sha256": "3a5340e587c59243d631c58032437dc94f59567c8c3c4d540f4d52a55d1c4a7e", "test": "tests/test_cpu_terminal_recovery_guards.py::test_recovery_refuses_changed_catalog_route"}, {"bytes": 147738, "path": "/tmp/sh-c1/test_recovery_refuses_changed_12/project-0/recovery-report.json", "sha256": "5d54ace8244c59d9eb9bb640a9bbfaec0ba278c7f4f2fa5c475e66a073281408", "test": "tests/test_cpu_terminal_recovery_guards.py::test_recovery_refuses_changed_ready_member_identity"}, {"bytes": 189917, "path": "/tmp/sh-c1/test_recovery_rechecks_source_0/project-0/recovery-report.json", "sha256": "6c96f8543af0f8c705ccd4678346897de89352f9b13c82936e9461646d1d233e", "test": "tests/test_cpu_terminal_recovery_guards.py::test_recovery_rechecks_source_after_enumeration_before_settlement"}, {"bytes": 148999, "path": "/tmp/sh-c1/test_preexisting_stop_never_au0/project-0/recovery-report.json", "sha256": "b4700f679384195c9e81b3f3ee7cf52a0359fa083e45fbda24946067c01b6941", "test": "tests/test_cpu_terminal_recovery_guards.py::test_preexisting_stop_never_authorizes_automatic_settlement[ordinary_stop]"}, {"bytes": 148888, "path": "/tmp/sh-c1/test_preexisting_stop_never_au1/project-0/recovery-report.json", "sha256": "caea0efa74f6fe82ef8f0494695e1e68b9e30af98517546dbb20226bc179c144", "test": "tests/test_cpu_terminal_recovery_guards.py::test_preexisting_stop_never_authorizes_automatic_settlement[storage_hold]"}, {"bytes": 149014, "path": "/tmp/sh-c1/test_preexisting_stop_never_au2/project-0/recovery-report.json", "sha256": "e9a2671a39aa4fe4cb1f3f81bc10100595605a4a1fa8d8fd28a9e24906157e78", "test": "tests/test_cpu_terminal_recovery_guards.py::test_preexisting_stop_never_authorizes_automatic_settlement[masked_storage_hold]"}, {"bytes": 147653, "path": "/tmp/sh-c1/test_recovery_refuses_unbound_0/project-0/recovery-report.json", "sha256": "a1008e110937316af3ee07ebac94f0ae5816bc1a0121bc8ab4ce6c428c2e712b", "test": "tests/test_cpu_terminal_recovery_guards.py::test_recovery_refuses_unbound_replication_request_field"}, {"bytes": 147620, "path": "/tmp/sh-c1/test_recovery_refuses_artifact0/project-0/recovery-report.json", "sha256": "292e61a83cb0b8ffd09ac6580c8a798fd280b124fb5c9c9f138d4e333ea847bc", "test": "tests/test_cpu_terminal_recovery_guards.py::test_recovery_refuses_artifact_root_unrelated_to_published_records"}, {"bytes": 211315, "path": "/tmp/sh-c1/test_restart_settles_confirmed0/project-0/recovery-report.json", "sha256": "fd7fd65b7eaab1253248deaaa697684daeb19fadfce34cfb1055f5c24de661b6", "test": "tests/test_cpu_terminal_settlement_recovery.py::test_restart_settles_confirmed_terminal_without_repeating_original_worker[0]"}, {"bytes": 199758, "path": "/tmp/sh-c1/test_restart_settles_confirmed1/project-0/recovery-report.json", "sha256": "23a88c45d0b4bbf751a98b40a86d987016032e483771449d10beb736383638b4", "test": "tests/test_cpu_terminal_settlement_recovery.py::test_restart_settles_confirmed_terminal_without_repeating_original_worker[7]"}, {"bytes": 126401, "path": "/tmp/sh-c1/test_real_v2_confirmed_termina0/project-0/recovery-report.json", "sha256": "667d7e81077b0761abf69a6e132fe0257d193ccfa015f6ad0bb1d4dc2a5af034", "test": "tests/test_runtime_lease_recovery.py::test_real_v2_confirmed_terminal_crash_recovers_metadata_only[0]"}, {"bytes": 118001, "path": "/tmp/sh-c1/test_real_v2_confirmed_termina1/project-0/recovery-report.json", "sha256": "fee13ceb6e388336446beb1112ccb94bd8f9a05a006a904929353e51774682b1", "test": "tests/test_runtime_lease_recovery.py::test_real_v2_confirmed_terminal_crash_recovers_metadata_only[7]"}, {"bytes": 119197, "path": "/tmp/sh-c1/test_real_historical_v1_termin0/historical-project/recovery-report.json", "sha256": "33b0ff9712ba99832ac42a3fb9253ec835a39c986da329e419a8501a8609e555", "test": "tests/test_runtime_lease_recovery.py::test_real_historical_v1_terminal_recovers_without_upgrade_or_reexecution"}]
ACCEPTANCE_REPORTS=[{"bytes": 279343, "name": "sorting_default", "path": "/tmp/sh-c1/acceptance-sorting-default0/acceptance-report.json", "sha256": "044ccdc2e86fe78026caa2a7a92f05abe6f58f8a741dd986df7b1dfa74d367d3"}, {"bytes": 120676, "name": "sorting_counterfactual", "path": "/tmp/sh-c1/acceptance-sorting-counterfactual0/acceptance-report.json", "sha256": "9de83f3849a481879132c0747e32abccac921ce5c11e0f38eaa53059e0c0f69b"}, {"bytes": 274202, "name": "compression_default", "path": "/tmp/sh-c1/acceptance-compression-default0/acceptance-report.json", "sha256": "ebf8641395f9c44a4a99e5d87d95be877e6f32ea561c14fa6a9d20a0b7dc59b8"}, {"bytes": 120260, "name": "compression_counterfactual", "path": "/tmp/sh-c1/acceptance-compression-counterfactual0/acceptance-report.json", "sha256": "6866b8f064a5d156f19c08127527a5798322d431b32b7eeef0e98e157f41bc7c"}]

=============================== warnings summary ===============================
../../../../../../home/erik/.local/lib/python3.10/site-packages/_pytest/config/__init__.py:885
  /home/erik/.local/lib/python3.10/site-packages/_pytest/config/__init__.py:885: PytestAssertRewriteWarning: Module already imported so cannot be rewritten; cpu_terminal_recovery_helpers
    self.import_plugin(import_spec)

../../../../../../home/erik/.local/lib/python3.10/site-packages/_pytest/config/__init__.py:885
  /home/erik/.local/lib/python3.10/site-packages/_pytest/config/__init__.py:885: PytestAssertRewriteWarning: Module already imported so cannot be rewritten; examples.holdout.testing
    self.import_plugin(import_spec)

-- Docs: https://docs.pytest.org/en/stable/how-to/capture-warnings.html
=========================== short test summary info ============================
SKIPPED [1] ../core/tests/test_sweeper.py:12: could not import 'orze_pro.engine.role_runner': orze-pro is not activated. Set ORZE_PRO_KEY environment variable. Get a license at orze.ai/pro
SKIPPED [1] ../core/tests/test_evolution.py:228: could not import 'orze_pro.agents.code_evolution': orze-pro is not activated. Set ORZE_PRO_KEY environment variable. Get a license at orze.ai/pro
SKIPPED [1] ../core/tests/test_evolution.py:239: could not import 'orze_pro.agents.code_evolution': orze-pro is not activated. Set ORZE_PRO_KEY environment variable. Get a license at orze.ai/pro
SKIPPED [1] ../core/tests/test_evolution.py:255: could not import 'orze_pro.agents.meta_research': orze-pro is not activated. Set ORZE_PRO_KEY environment variable. Get a license at orze.ai/pro
SKIPPED [1] ../core/tests/test_skill_registry.py:123: orze-pro not installed
SKIPPED [1] ../core/tests/test_skill_registry.py:135: orze-pro not installed
5398 passed, 6 skipped, 2 warnings in 1190.55s (0:19:50)
