........................................................................ [  1%]
........................................................................ [  2%]
........................................................................ [  4%]
........................................................................ [  5%]
........................................................................ [  7%]
........................................................................ [  8%]
........................................................................ [  9%]
........................................................................ [ 11%]
........................................................................ [ 12%]
........................................................................ [ 14%]
........................................................................ [ 15%]
........................................................................ [ 17%]
........................................................................ [ 18%]
........................................................................ [ 19%]
........................................................................ [ 21%]
........................................................................ [ 22%]
........................................................................ [ 24%]
........................................................................ [ 25%]
........................................................................ [ 27%]
........................................................................ [ 28%]
........................................................................ [ 29%]
........................................................................ [ 31%]
........................................................................ [ 32%]
........................................................................ [ 34%]
........................................................................ [ 35%]
........................................................................ [ 37%]
........................................................................ [ 38%]
........................................................................ [ 39%]
........................................................................ [ 41%]
................sss..................................................... [ 42%]
........................................................................ [ 44%]
........................................................................ [ 45%]
........................................................................ [ 47%]
.....................................................................s.. [ 48%]
........................................................................ [ 49%]
........................................................................ [ 51%]
........................................................................ [ 52%]
........................................................................ [ 54%]
........................................................................ [ 55%]
........................................................................ [ 57%]
........................................................................ [ 58%]
........................................................................ [ 59%]
........................................................................ [ 61%]
........................................................................ [ 62%]
........................................................................ [ 64%]
........................................................................ [ 65%]
........................................................................ [ 66%]
........................................................................ [ 68%]
........................................................................ [ 69%]
........................................................................ [ 71%]
........................................................................ [ 72%]
........................................................................ [ 74%]
........................................................................ [ 75%]
........................................................................ [ 76%]
........................................................................ [ 78%]
........................................................................ [ 79%]
........................................................................ [ 81%]
........................................................................ [ 82%]
........................................................................ [ 84%]
........................................................................ [ 85%]
........................................................................ [ 86%]
........................................................................ [ 88%]
........................................................................ [ 89%]
........................................................................ [ 91%]
............................................................ss.......... [ 92%]
........................................................................ [ 94%]
........................................................................ [ 95%]
........................................................................ [ 96%]
........................................................................ [ 98%]
........................................................................ [ 99%]
............                                                             [100%]HOLDOUT_REPORTS=[{"bytes": 2510185, "name": "workflow", "path": "/tmp/odc-cf1/holdout-workflow0/holdout-report.json", "sha256": "862f923981168ca7e0099312dce87fcf1495696fe377cd6c06b1c7f4fe5cab26"}, {"bytes": 143199, "name": "boundary", "path": "/tmp/odc-cf1/holdout-boundary0/holdout-report.json", "sha256": "ebea88cdd1b0d9f2cf4f35527b1ffdb5c63559464dff7969758a372b2bd2e007"}, {"bytes": 143311, "name": "duplicate_id", "path": "/tmp/odc-cf1/holdout-duplicate_id0/holdout-report.json", "sha256": "2e42c1fc3f12286a10e4af68018fe478f0ee2d87f1c1847774e41fd907f01121"}, {"bytes": 144622, "name": "missing_prerequisite", "path": "/tmp/odc-cf1/holdout-missing_prerequisite0/holdout-report.json", "sha256": "09fc14859bcbcc894e3978de2a522fda4f319b62ed24ba2971af8ac16e624a97"}, {"bytes": 142688, "name": "overload", "path": "/tmp/odc-cf1/holdout-overload0/holdout-report.json", "sha256": "9317d8aa296bdb1f39bab325b82e6a3f80a689316464c58a8ec379de00b58df9"}, {"bytes": 141498, "name": "malformed", "path": "/tmp/odc-cf1/holdout-malformed0/holdout-report.json", "sha256": "1e9f6809f28fa1b99d9de196014f2f4ace8af8cb74ac788ef876f8b30e9ec20d"}]
CPU_RECOVERY_REPORTS=[{"bytes": 82779, "path": "/tmp/odc-cf1/test_real_confirmed_terminal_r0/project-0/recovery-report.json", "sha256": "933123926b21875e7f127a802b1d97e7f7b61b5512d767379e90832dad389296", "test": "tests/test_cpu_claim_reader_consolidation.py::TestPublicSnapshotRouting::test_real_confirmed_terminal_recovery_uses_required_8k_public_snapshot"}, {"bytes": 104521, "path": "/tmp/odc-cf1/test_post_delete_fsync_uncerta0/project-0/recovery-report.json", "sha256": "209527c1fb4bd3280495d141673b9cfce4d85add92f5e959798f6809d2004478", "test": "tests/test_cpu_terminal_recovery_barrier.py::test_post_delete_fsync_uncertainty_blocks_fresh_restart_with_zero_bound[effect]"}, {"bytes": 104523, "path": "/tmp/odc-cf1/test_post_delete_fsync_uncerta1/project-0/recovery-report.json", "sha256": "1320e14c06307776c1346f8f79f0045cacb124c04e0df0fe7258f35dffab9a0f", "test": "tests/test_cpu_terminal_recovery_barrier.py::test_post_delete_fsync_uncertainty_blocks_fresh_restart_with_zero_bound[recovery]"}, {"bytes": 67360, "path": "/tmp/odc-cf1/test_in_progress_denies_alread0/project-0/recovery-report.json", "sha256": "5cebebab4b16eef725499b07458272f7b570a8304ae270ccc80a54be9241cb5f", "test": "tests/test_cpu_terminal_recovery_barrier.py::test_in_progress_denies_already_running_peer_admission[reserve]"}, {"bytes": 67359, "path": "/tmp/odc-cf1/test_in_progress_denies_alread1/project-0/recovery-report.json", "sha256": "27524bd554264052bcca5d3bf8ec3e6aae195df4982a931c06bb9c7a8d69a4c3", "test": "tests/test_cpu_terminal_recovery_barrier.py::test_in_progress_denies_already_running_peer_admission[require_permit]"}, {"bytes": 66241, "path": "/tmp/odc-cf1/test_two_recovery_consumers_do0/project-0/recovery-report.json", "sha256": "393110cff8666df8bed1d438883046976405a97da42f37852db7837cdfa8f6a4", "test": "tests/test_cpu_terminal_recovery_barrier.py::test_two_recovery_consumers_do_not_repeat_settlement_or_poison_owner"}, {"bytes": 66638, "path": "/tmp/odc-cf1/test_legal_peer_decision_after0/project-0/recovery-report.json", "sha256": "22ed9e24d1f1d8395c978e1b0895a6a0e47d23fa9615c7e1bc4999c9284a6f73", "test": "tests/test_cpu_terminal_recovery_barrier.py::test_legal_peer_decision_after_complete_commit_preserves_exact_owner_result"}, {"bytes": 102323, "path": "/tmp/odc-cf1/test_recovery_transaction_unkn0/project-0/recovery-report.json", "sha256": "2919926795f003976fda219219be49776e4f1ec4a4079234a764a2e336b80f52", "test": "tests/test_cpu_terminal_recovery_barrier.py::test_recovery_transaction_unknown_is_not_an_ordinary_success[IN_PROGRESS-rollback]"}, {"bytes": 104450, "path": "/tmp/odc-cf1/test_recovery_transaction_unkn1/project-0/recovery-report.json", "sha256": "f7c39cc85c2db21ea870a800794bb21b9e671909987bb0286dc71c3a61fa5d14", "test": "tests/test_cpu_terminal_recovery_barrier.py::test_recovery_transaction_unknown_is_not_an_ordinary_success[COMPLETE-rollback]"}, {"bytes": 105835, "path": "/tmp/odc-cf1/test_recovery_transaction_unkn2/project-0/recovery-report.json", "sha256": "bebbd8eb01885b3e0f2a2716620a61fccbdf475b3dc13bc6ac727a452f6fc7dd", "test": "tests/test_cpu_terminal_recovery_barrier.py::test_recovery_transaction_unknown_is_not_an_ordinary_success[COMPLETE-committed_raise]"}, {"bytes": 65318, "path": "/tmp/odc-cf1/test_existing_unqualified_gate0/project-0/recovery-report.json", "sha256": "d04077a0ba1d6a679def40cecd1fe58f8723f7223f3e442145e9dc678cc7a7bd", "test": "tests/test_cpu_terminal_recovery_barrier.py::test_existing_unqualified_gate_owner_is_preserved"}, {"bytes": 65319, "path": "/tmp/odc-cf1/test_recovery_refuses_caller_t0/project-0/recovery-report.json", "sha256": "5f05f159f765b19190d41f37f8da813a69283e49ab4d1663dffe3190d4a8570f", "test": "tests/test_cpu_terminal_recovery_barrier.py::test_recovery_refuses_caller_transaction_without_consuming_it"}, {"bytes": 66103, "path": "/tmp/odc-cf1/test_actual_peer_nonce_replace0/project-0/recovery-report.json", "sha256": "5368144d2082562b31ce762ac236ffc484b44b42d7972f01d35979836a82f1a9", "test": "tests/test_cpu_terminal_recovery_barrier.py::test_actual_peer_nonce_replacement_cannot_be_completed_by_old_owner"}, {"bytes": 315091, "path": "/tmp/odc-cf1/test_fresh_cli_resumes_confirm0/domain-project/recovery-report.json", "sha256": "6f62df7dd05de07570deb4da25db1c6d21cccf4dd964d33a83cb9d0a97bc3149", "test": "tests/test_cpu_terminal_recovery_domain.py::test_fresh_cli_resumes_confirmed_domain_without_reinterpretation[schedule-feasibility-v1-valid]"}, {"bytes": 314998, "path": "/tmp/odc-cf1/test_fresh_cli_resumes_confirm1/domain-project/recovery-report.json", "sha256": "04720fc4fe6aa5cbbb843575017a081ade08a4c472cf525e11b32612611837e4", "test": "tests/test_cpu_terminal_recovery_domain.py::test_fresh_cli_resumes_confirmed_domain_without_reinterpretation[schedule-feasibility-v2-invalid]"}, {"bytes": 147929, "path": "/tmp/odc-cf1/test_recovery_refuses_changed_0/project-0/recovery-report.json", "sha256": "7d5d7fae74f16ed7184f9949e516e2f65659a47e1f3afed1956e7003140cf183", "test": "tests/test_cpu_terminal_recovery_guards.py::test_recovery_refuses_changed_native_binding[origin]"}, {"bytes": 147887, "path": "/tmp/odc-cf1/test_recovery_refuses_changed_1/project-0/recovery-report.json", "sha256": "3b706c3a17f3490cdda63eff5e8213d7f818d444a2fdf32023c0be26c5ceddf4", "test": "tests/test_cpu_terminal_recovery_guards.py::test_recovery_refuses_changed_native_binding[kind]"}, {"bytes": 147945, "path": "/tmp/odc-cf1/test_recovery_refuses_changed_2/project-0/recovery-report.json", "sha256": "a8bdeb880424231f93185d35338f4ae7bdf086c30ee84de0038ab8766b03ab7f", "test": "tests/test_cpu_terminal_recovery_guards.py::test_recovery_refuses_changed_native_binding[resource]"}, {"bytes": 147992, "path": "/tmp/odc-cf1/test_recovery_refuses_changed_3/project-0/recovery-report.json", "sha256": "e679511f63e13324175b6f8260aa6ef7bd0f4281555de0f764e5dff0793b097f", "test": "tests/test_cpu_terminal_recovery_guards.py::test_recovery_refuses_changed_native_binding[attempt_ref]"}, {"bytes": 147988, "path": "/tmp/odc-cf1/test_recovery_refuses_changed_4/project-0/recovery-report.json", "sha256": "3d68e88cc44a3bcf830bb85c96d2aacc42aa86ab4e16e5f9a6632745edd02a6f", "test": "tests/test_cpu_terminal_recovery_guards.py::test_recovery_refuses_changed_native_binding[process_pid]"}, {"bytes": 147991, "path": "/tmp/odc-cf1/test_recovery_refuses_changed_5/project-0/recovery-report.json", "sha256": "cc988ba091d22528f8d83518b8fbae6d787fdff5585c66b749c0482bb8504fed", "test": "tests/test_cpu_terminal_recovery_guards.py::test_recovery_refuses_changed_native_binding[command_sha256]"}, {"bytes": 147998, "path": "/tmp/odc-cf1/test_recovery_refuses_changed_6/project-0/recovery-report.json", "sha256": "990a78e2302baea070ac4785d3ec2761341ab6f61281f07c76b7b24db2d8780f", "test": "tests/test_cpu_terminal_recovery_guards.py::test_recovery_refuses_changed_native_binding[timeout_seconds]"}, {"bytes": 147938, "path": "/tmp/odc-cf1/test_recovery_refuses_changed_7/project-0/recovery-report.json", "sha256": "585934fd35f7478183d51b644a31cee628b0a6bbcf94d73293249279aec1bb13", "test": "tests/test_cpu_terminal_recovery_guards.py::test_recovery_refuses_changed_captured_source[database]"}, {"bytes": 147961, "path": "/tmp/odc-cf1/test_recovery_refuses_changed_8/project-0/recovery-report.json", "sha256": "7da6ce13699022e27343466a8ca5a5ba37e66e25efdd5827c1dd00858e108ee8", "test": "tests/test_cpu_terminal_recovery_guards.py::test_recovery_refuses_changed_captured_source[claim_sha256]"}, {"bytes": 147965, "path": "/tmp/odc-cf1/test_recovery_refuses_changed_9/project-0/recovery-report.json", "sha256": "f890c56d65b82b8256b413e0ca608de5c28162ae2c0c242de8d3b3a532cb916a", "test": "tests/test_cpu_terminal_recovery_guards.py::test_recovery_refuses_changed_captured_source[config_sha256]"}, {"bytes": 148174, "path": "/tmp/odc-cf1/test_recovery_refuses_changed_10/project-0/recovery-report.json", "sha256": "fba3bb4411a3b945dc6d7eeee77cb11e0b9ea79662aee696cd1d75fe6c6fc2d3", "test": "tests/test_cpu_terminal_recovery_guards.py::test_recovery_refuses_changed_current_lifecycle"}, {"bytes": 148009, "path": "/tmp/odc-cf1/test_recovery_refuses_rehashed0/project-0/recovery-report.json", "sha256": "4f0776185c7b80b86c87e22d2ff68f45d55ea6600347e052bd3f287837f4853e", "test": "tests/test_cpu_terminal_recovery_guards.py::test_recovery_refuses_rehashed_non_cpu_prepared_plan"}, {"bytes": 148131, "path": "/tmp/odc-cf1/test_recovery_refuses_changed_11/project-0/recovery-report.json", "sha256": "3f6ae09c87ef362f78aa87870b099f709930d8bf4d8df04d01aaeb7506538e71", "test": "tests/test_cpu_terminal_recovery_guards.py::test_recovery_refuses_changed_catalog_route"}, {"bytes": 148217, "path": "/tmp/odc-cf1/test_recovery_refuses_changed_12/project-0/recovery-report.json", "sha256": "40e2e0b306073b4874bf870cf9f9512fa6500cb720932306c90c1d170c579d31", "test": "tests/test_cpu_terminal_recovery_guards.py::test_recovery_refuses_changed_ready_member_identity"}, {"bytes": 190512, "path": "/tmp/odc-cf1/test_recovery_rechecks_source_0/project-0/recovery-report.json", "sha256": "287b4206acf8e163276fe66e5218d649ea32a607d681c3c3ddab8efd0335cea3", "test": "tests/test_cpu_terminal_recovery_guards.py::test_recovery_rechecks_source_after_enumeration_before_settlement"}, {"bytes": 149458, "path": "/tmp/odc-cf1/test_preexisting_stop_never_au0/project-0/recovery-report.json", "sha256": "c67c6e1d0324e60d6b73b3616edf58683c8b0955329c28bae6a0eee760fb38a0", "test": "tests/test_cpu_terminal_recovery_guards.py::test_preexisting_stop_never_authorizes_automatic_settlement[ordinary_stop]"}, {"bytes": 149348, "path": "/tmp/odc-cf1/test_preexisting_stop_never_au1/project-0/recovery-report.json", "sha256": "ea88e88c59c6cec27e7ff2024eb1d923f3640ab4f533da51fe117e3f9912f416", "test": "tests/test_cpu_terminal_recovery_guards.py::test_preexisting_stop_never_authorizes_automatic_settlement[storage_hold]"}, {"bytes": 149519, "path": "/tmp/odc-cf1/test_preexisting_stop_never_au2/project-0/recovery-report.json", "sha256": "b17770f28ef0f2f5525ce197f49d19a2f8e81956d6104bc80681ac760c7c746e", "test": "tests/test_cpu_terminal_recovery_guards.py::test_preexisting_stop_never_authorizes_automatic_settlement[masked_storage_hold]"}, {"bytes": 148118, "path": "/tmp/odc-cf1/test_recovery_refuses_unbound_0/project-0/recovery-report.json", "sha256": "ec357237a0100cc9fdf774fd007642732709f71f669bb477eb7107642a6a1c26", "test": "tests/test_cpu_terminal_recovery_guards.py::test_recovery_refuses_unbound_replication_request_field"}, {"bytes": 148067, "path": "/tmp/odc-cf1/test_recovery_refuses_artifact0/project-0/recovery-report.json", "sha256": "4740cbcfbd93249489d62837205bf0616db266611985c5fe12695ac1bfcac6b9", "test": "tests/test_cpu_terminal_recovery_guards.py::test_recovery_refuses_artifact_root_unrelated_to_published_records"}, {"bytes": 212000, "path": "/tmp/odc-cf1/test_restart_settles_confirmed0/project-0/recovery-report.json", "sha256": "611f605f50abd94fa50ef00d07bb1fc3cf23b227a9024ceb9cbdaf76db041659", "test": "tests/test_cpu_terminal_settlement_recovery.py::test_restart_settles_confirmed_terminal_without_repeating_original_worker[0]"}, {"bytes": 200443, "path": "/tmp/odc-cf1/test_restart_settles_confirmed1/project-0/recovery-report.json", "sha256": "cafb5b743a85cd3146a80eac0a1a78ad412f07c631b21795ddd9af6b130aeb4a", "test": "tests/test_cpu_terminal_settlement_recovery.py::test_restart_settles_confirmed_terminal_without_repeating_original_worker[7]"}, {"bytes": 126824, "path": "/tmp/odc-cf1/test_real_v2_confirmed_termina0/project-0/recovery-report.json", "sha256": "6661ce169dafdaa695ca857254751ebbd87499dc3368220c6458c0510670b50e", "test": "tests/test_runtime_lease_recovery.py::test_real_v2_confirmed_terminal_crash_recovers_metadata_only[0]"}, {"bytes": 118420, "path": "/tmp/odc-cf1/test_real_v2_confirmed_termina1/project-0/recovery-report.json", "sha256": "86ec75e759e2517237c76897bde9e51adcca25eeefca56a8577fcf5f7d9cd70b", "test": "tests/test_runtime_lease_recovery.py::test_real_v2_confirmed_terminal_crash_recovers_metadata_only[7]"}, {"bytes": 119648, "path": "/tmp/odc-cf1/test_real_historical_v1_termin0/historical-project/recovery-report.json", "sha256": "feea2910bee91a79584ee2b626b1324250714e413e424d6044ef11bf96c643c4", "test": "tests/test_runtime_lease_recovery.py::test_real_historical_v1_terminal_recovers_without_upgrade_or_reexecution"}]
ACCEPTANCE_REPORTS=[{"bytes": 279988, "name": "sorting_default", "path": "/tmp/odc-cf1/acceptance-sorting-default0/acceptance-report.json", "sha256": "a1ae627f38921f9def0d8190abea8c236e20025d40ead9f89a32ce12af511989"}, {"bytes": 120999, "name": "sorting_counterfactual", "path": "/tmp/odc-cf1/acceptance-sorting-counterfactual0/acceptance-report.json", "sha256": "144f9b64e368e438d0bc2250acd1d2fd393c19972c52a632cb49578cf9d95e6e"}, {"bytes": 274639, "name": "compression_default", "path": "/tmp/odc-cf1/acceptance-compression-default0/acceptance-report.json", "sha256": "40875969c610cd5ce67df19b97ae1390a070875f2febd5e19d0e980fadbc9391"}, {"bytes": 120570, "name": "compression_counterfactual", "path": "/tmp/odc-cf1/acceptance-compression-counterfactual0/acceptance-report.json", "sha256": "4e9065878005fe83207f3ec9217dd43d5a64d9e7b4c2507966a153dc33eac5fe"}]

=============================== warnings summary ===============================
../../../../../../home/erik/.local/lib/python3.10/site-packages/_pytest/config/__init__.py:885
  /home/erik/.local/lib/python3.10/site-packages/_pytest/config/__init__.py:885: PytestAssertRewriteWarning: Module already imported so cannot be rewritten; cpu_terminal_recovery_helpers
    self.import_plugin(import_spec)

../../../../../../home/erik/.local/lib/python3.10/site-packages/_pytest/config/__init__.py:885
  /home/erik/.local/lib/python3.10/site-packages/_pytest/config/__init__.py:885: PytestAssertRewriteWarning: Module already imported so cannot be rewritten; examples.holdout.testing
    self.import_plugin(import_spec)

-- Docs: https://docs.pytest.org/en/stable/how-to/capture-warnings.html
=========================== short test summary info ============================
SKIPPED [1] ../core/tests/test_sweeper.py:12: could not import 'orze_pro.engine.role_runner': This is a stub package. Install the real orze-pro via: export ORZE_PRO_KEY='...' && orze run
SKIPPED [1] ../core/tests/test_evolution.py:228: could not import 'orze_pro.agents.code_evolution': This is a stub package. Install the real orze-pro via: export ORZE_PRO_KEY='...' && orze run
SKIPPED [1] ../core/tests/test_evolution.py:239: could not import 'orze_pro.agents.code_evolution': This is a stub package. Install the real orze-pro via: export ORZE_PRO_KEY='...' && orze run
SKIPPED [1] ../core/tests/test_evolution.py:255: could not import 'orze_pro.agents.meta_research': This is a stub package. Install the real orze-pro via: export ORZE_PRO_KEY='...' && orze run
SKIPPED [1] ../core/tests/test_fsm_runner_registry.py:13: could not import 'orze_pro': This is a stub package. Install the real orze-pro via: export ORZE_PRO_KEY='...' && orze run
SKIPPED [1] ../core/tests/test_skill_registry.py:123: orze-pro not installed
SKIPPED [1] ../core/tests/test_skill_registry.py:135: orze-pro not installed
5046 passed, 7 skipped, 2 warnings in 1070.16s (0:17:50)
