........................................................................ [  1%]
........................................................................ [  2%]
........................................................................ [  4%]
........................................................................ [  5%]
........................................................................ [  6%]
........................................................................ [  8%]
........................................................................ [  9%]
........................................................................ [ 11%]
........................................................................ [ 12%]
........................................................................ [ 13%]
........................................................................ [ 15%]
........................................................................ [ 16%]
........................................................................ [ 18%]
........................................................................ [ 19%]
........................................................................ [ 20%]
........................................................................ [ 22%]
........................................................................ [ 23%]
........................................................................ [ 25%]
........................................................................ [ 26%]
........................................................................ [ 27%]
........................................................................ [ 29%]
........................................................................ [ 30%]
........................................................................ [ 32%]
........................................................................ [ 33%]
........................................................................ [ 34%]
........................................................................ [ 36%]
........................................................................ [ 37%]
........................................................................ [ 39%]
........................................................................ [ 40%]
................sss..................................................... [ 41%]
........................................................................ [ 43%]
........................................................................ [ 44%]
........................................................................ [ 46%]
.....................................................................s.. [ 47%]
........................................................................ [ 48%]
........................................................................ [ 50%]
........................................................................ [ 51%]
........................................................................ [ 53%]
........................................................................ [ 54%]
........................................................................ [ 55%]
........................................................................ [ 57%]
........................................................................ [ 58%]
........................................................................ [ 60%]
........................................................................ [ 61%]
........................................................................ [ 62%]
........................................................................ [ 64%]
........................................................................ [ 65%]
........................................................................ [ 67%]
........................................................................ [ 68%]
........................................................................ [ 69%]
........................................................................ [ 71%]
........................................................................ [ 72%]
........................................................................ [ 74%]
........................................................................ [ 75%]
........................................................................ [ 76%]
........................................................................ [ 78%]
........................................................................ [ 79%]
........................................................................ [ 81%]
........................................................................ [ 82%]
........................................................................ [ 83%]
........................................................................ [ 85%]
........................................................................ [ 86%]
........................................................................ [ 88%]
........................................................................ [ 89%]
........................................................................ [ 90%]
........................................................................ [ 92%]
..................ss.................................................... [ 93%]
........................................................................ [ 94%]
........................................................................ [ 96%]
........................................................................ [ 97%]
........................................................................ [ 99%]
..........................................                               [100%]HOLDOUT_REPORTS=[{"bytes": 2507306, "name": "workflow", "path": "/tmp/mst-c1/holdout-workflow0/holdout-report.json", "sha256": "3a4d2a028a5378e5ec6ebd10b1c3867338acda977e94028b642c9178365724b3"}, {"bytes": 143039, "name": "boundary", "path": "/tmp/mst-c1/holdout-boundary0/holdout-report.json", "sha256": "08144d21abdb5b1e5d9cb6ff7b457a551c2eaa83405126be0d3833ce2b8944cd"}, {"bytes": 143152, "name": "duplicate_id", "path": "/tmp/mst-c1/holdout-duplicate_id0/holdout-report.json", "sha256": "6fece95bda167be55fecb972fe2bcd3bdc0d379941e2be40ed99d3dd6d8b8521"}, {"bytes": 144463, "name": "missing_prerequisite", "path": "/tmp/mst-c1/holdout-missing_prerequisite0/holdout-report.json", "sha256": "c5ac1b7b04f4d408a2d0e44199c295814c136db3dad2343bfd0733ee9500ea18"}, {"bytes": 142527, "name": "overload", "path": "/tmp/mst-c1/holdout-overload0/holdout-report.json", "sha256": "d58e4c1a0d575808aa810ae1e7b67bd05136bd6fdb2149632a1b6e860db86fcc"}, {"bytes": 141334, "name": "malformed", "path": "/tmp/mst-c1/holdout-malformed0/holdout-report.json", "sha256": "e76bf3009aedcf733afdc00976c584e13d2cae0c7f2f6e2f80ee4cf0b7b576de"}]
CPU_RECOVERY_REPORTS=[{"bytes": 82682, "path": "/tmp/mst-c1/test_real_confirmed_terminal_r0/project-0/recovery-report.json", "sha256": "40dc50ef0be0fe5ac35703cf1eacffaeea9b3388b845f756773c228f6d33c74d", "test": "tests/test_cpu_claim_reader_consolidation.py::TestPublicSnapshotRouting::test_real_confirmed_terminal_recovery_uses_required_8k_public_snapshot"}, {"bytes": 104383, "path": "/tmp/mst-c1/test_post_delete_fsync_uncerta0/project-0/recovery-report.json", "sha256": "50d2ee851402c58d5cf49e73c7fc70d61c6834e38492a1c39607ff4eb1d540e7", "test": "tests/test_cpu_terminal_recovery_barrier.py::test_post_delete_fsync_uncertainty_blocks_fresh_restart_with_zero_bound[effect]"}, {"bytes": 104397, "path": "/tmp/mst-c1/test_post_delete_fsync_uncerta1/project-0/recovery-report.json", "sha256": "33aaf8a5f0f1c3cdb8bb1c7ba97432a8b635c5866eec4d82d9eb20586f64a0e6", "test": "tests/test_cpu_terminal_recovery_barrier.py::test_post_delete_fsync_uncertainty_blocks_fresh_restart_with_zero_bound[recovery]"}, {"bytes": 67279, "path": "/tmp/mst-c1/test_in_progress_denies_alread0/project-0/recovery-report.json", "sha256": "9fc1fc809dbb45009d38b5787315c4b08de0b7358520569abee88cccd8aa1a3b", "test": "tests/test_cpu_terminal_recovery_barrier.py::test_in_progress_denies_already_running_peer_admission[reserve]"}, {"bytes": 67280, "path": "/tmp/mst-c1/test_in_progress_denies_alread1/project-0/recovery-report.json", "sha256": "a0b7d8d6c655f39cd8057b799cc905d17ec095e834b2e2ed86dfcd1f3d468b3c", "test": "tests/test_cpu_terminal_recovery_barrier.py::test_in_progress_denies_already_running_peer_admission[require_permit]"}, {"bytes": 66157, "path": "/tmp/mst-c1/test_two_recovery_consumers_do0/project-0/recovery-report.json", "sha256": "2b030feabfd440c91846ed5ecf967a9c1685cedc1feb46d7df49fb8c851110ca", "test": "tests/test_cpu_terminal_recovery_barrier.py::test_two_recovery_consumers_do_not_repeat_settlement_or_poison_owner"}, {"bytes": 66554, "path": "/tmp/mst-c1/test_legal_peer_decision_after0/project-0/recovery-report.json", "sha256": "37e36cfb77f94571beb489fd6dc0042ec35149039dcc908bc75fc1863f689907", "test": "tests/test_cpu_terminal_recovery_barrier.py::test_legal_peer_decision_after_complete_commit_preserves_exact_owner_result"}, {"bytes": 102203, "path": "/tmp/mst-c1/test_recovery_transaction_unkn0/project-0/recovery-report.json", "sha256": "363070417dbdef78b6a2dd3352c02d74cda1b419fbe4ddda44be63cd6c0d4200", "test": "tests/test_cpu_terminal_recovery_barrier.py::test_recovery_transaction_unknown_is_not_an_ordinary_success[IN_PROGRESS-rollback]"}, {"bytes": 104323, "path": "/tmp/mst-c1/test_recovery_transaction_unkn1/project-0/recovery-report.json", "sha256": "50b4fe9281c5fa29e32a94b3d070d028a2539ede3cee6af76a80535abc1657a6", "test": "tests/test_cpu_terminal_recovery_barrier.py::test_recovery_transaction_unknown_is_not_an_ordinary_success[COMPLETE-rollback]"}, {"bytes": 105724, "path": "/tmp/mst-c1/test_recovery_transaction_unkn2/project-0/recovery-report.json", "sha256": "b9415409132d0661ecff718fa2c50a3348b074550e6164ad55f307307d9e4fa9", "test": "tests/test_cpu_terminal_recovery_barrier.py::test_recovery_transaction_unknown_is_not_an_ordinary_success[COMPLETE-committed_raise]"}, {"bytes": 65238, "path": "/tmp/mst-c1/test_existing_unqualified_gate0/project-0/recovery-report.json", "sha256": "3b295155e7a9281f8befb3fd231eb7434edf37e2b165f458d13fa90801a09f09", "test": "tests/test_cpu_terminal_recovery_barrier.py::test_existing_unqualified_gate_owner_is_preserved"}, {"bytes": 65238, "path": "/tmp/mst-c1/test_recovery_refuses_caller_t0/project-0/recovery-report.json", "sha256": "9fc10cd156dc4bc3d07dd467a0da1c316574c0445da89b3ea52c730d7b922e53", "test": "tests/test_cpu_terminal_recovery_barrier.py::test_recovery_refuses_caller_transaction_without_consuming_it"}, {"bytes": 66023, "path": "/tmp/mst-c1/test_actual_peer_nonce_replace0/project-0/recovery-report.json", "sha256": "b3968ba442a20e9bc0bc9df9b9108ef09cac7c2c4b9f553df3c7738be4003717", "test": "tests/test_cpu_terminal_recovery_barrier.py::test_actual_peer_nonce_replacement_cannot_be_completed_by_old_owner"}, {"bytes": 314662, "path": "/tmp/mst-c1/test_fresh_cli_resumes_confirm0/domain-project/recovery-report.json", "sha256": "87bc7ed3d51f54b3d497ed254bbe30eb2164b99906071fc6d2ec730d2949959f", "test": "tests/test_cpu_terminal_recovery_domain.py::test_fresh_cli_resumes_confirmed_domain_without_reinterpretation[schedule-feasibility-v1-valid]"}, {"bytes": 314600, "path": "/tmp/mst-c1/test_fresh_cli_resumes_confirm1/domain-project/recovery-report.json", "sha256": "aae1e6bb04227747153c9a60d690175f7a49070666389c5081dfba7a330e25af", "test": "tests/test_cpu_terminal_recovery_domain.py::test_fresh_cli_resumes_confirmed_domain_without_reinterpretation[schedule-feasibility-v2-invalid]"}, {"bytes": 147755, "path": "/tmp/mst-c1/test_recovery_refuses_changed_0/project-0/recovery-report.json", "sha256": "4154f344f70ce1621659c2e6e710466a0cf1aa005c86b6759a61a48c382ae05d", "test": "tests/test_cpu_terminal_recovery_guards.py::test_recovery_refuses_changed_native_binding[origin]"}, {"bytes": 147740, "path": "/tmp/mst-c1/test_recovery_refuses_changed_1/project-0/recovery-report.json", "sha256": "957fc17b57324371bb6a98f2b8176b2074b03269d0e095856bf54e95b4ef781a", "test": "tests/test_cpu_terminal_recovery_guards.py::test_recovery_refuses_changed_native_binding[kind]"}, {"bytes": 147798, "path": "/tmp/mst-c1/test_recovery_refuses_changed_2/project-0/recovery-report.json", "sha256": "454d015452b6794dda4c30931dd8539c1becac26733bd1afbac5add7340ab3ce", "test": "tests/test_cpu_terminal_recovery_guards.py::test_recovery_refuses_changed_native_binding[resource]"}, {"bytes": 147814, "path": "/tmp/mst-c1/test_recovery_refuses_changed_3/project-0/recovery-report.json", "sha256": "63a159a88c24f3a0a7a0a836a4050f35a684dd18acfc09ad8ae2c304e0a2b30b", "test": "tests/test_cpu_terminal_recovery_guards.py::test_recovery_refuses_changed_native_binding[attempt_ref]"}, {"bytes": 147812, "path": "/tmp/mst-c1/test_recovery_refuses_changed_4/project-0/recovery-report.json", "sha256": "473516aca8e2be414a32bcad964a8fca70d0bfe731ac521d2754231bc3bca8b7", "test": "tests/test_cpu_terminal_recovery_guards.py::test_recovery_refuses_changed_native_binding[process_pid]"}, {"bytes": 147827, "path": "/tmp/mst-c1/test_recovery_refuses_changed_5/project-0/recovery-report.json", "sha256": "07bf61f495a41100fe15e513beb0c2a37bd9790dc26ed70514adce4b8e228893", "test": "tests/test_cpu_terminal_recovery_guards.py::test_recovery_refuses_changed_native_binding[command_sha256]"}, {"bytes": 147835, "path": "/tmp/mst-c1/test_recovery_refuses_changed_6/project-0/recovery-report.json", "sha256": "97cc4fd23752c0301f54df76525ed3c7a2a5b1515418e137a4a23ddf502d5ff8", "test": "tests/test_cpu_terminal_recovery_guards.py::test_recovery_refuses_changed_native_binding[timeout_seconds]"}, {"bytes": 147776, "path": "/tmp/mst-c1/test_recovery_refuses_changed_7/project-0/recovery-report.json", "sha256": "07f6892932a186e44b7cdfa7478b4f74891be9e059afee96b03cc32d52dbab77", "test": "tests/test_cpu_terminal_recovery_guards.py::test_recovery_refuses_changed_captured_source[database]"}, {"bytes": 147795, "path": "/tmp/mst-c1/test_recovery_refuses_changed_8/project-0/recovery-report.json", "sha256": "9f7be01db3267dd62221a793e8ded43ce6c1f9dd9c094d27023bd533b9a1ea03", "test": "tests/test_cpu_terminal_recovery_guards.py::test_recovery_refuses_changed_captured_source[claim_sha256]"}, {"bytes": 147800, "path": "/tmp/mst-c1/test_recovery_refuses_changed_9/project-0/recovery-report.json", "sha256": "c66ce46ecdddf9a9aa72065757317471fed8c5f47275257f087d6e74d099dcd4", "test": "tests/test_cpu_terminal_recovery_guards.py::test_recovery_refuses_changed_captured_source[config_sha256]"}, {"bytes": 147989, "path": "/tmp/mst-c1/test_recovery_refuses_changed_10/project-0/recovery-report.json", "sha256": "8098de77c93160e6aee3e434f0934dc0600f2c12be86c6163f40ca8d4f48e701", "test": "tests/test_cpu_terminal_recovery_guards.py::test_recovery_refuses_changed_current_lifecycle"}, {"bytes": 147829, "path": "/tmp/mst-c1/test_recovery_refuses_rehashed0/project-0/recovery-report.json", "sha256": "952dfbee542b4da53079dbf6d12d1d045e994cdaaa80c288992f4c7aa046b9fa", "test": "tests/test_cpu_terminal_recovery_guards.py::test_recovery_refuses_rehashed_non_cpu_prepared_plan"}, {"bytes": 147993, "path": "/tmp/mst-c1/test_recovery_refuses_changed_11/project-0/recovery-report.json", "sha256": "6527a233c12e792ff0b9cd874cf3eeba24e8e6189942d4e8de60223469c79665", "test": "tests/test_cpu_terminal_recovery_guards.py::test_recovery_refuses_changed_catalog_route"}, {"bytes": 148040, "path": "/tmp/mst-c1/test_recovery_refuses_changed_12/project-0/recovery-report.json", "sha256": "5dd10308db69d8fc899c849e3fbf499d91ae7fff81d34fc6ddaea03925c7970b", "test": "tests/test_cpu_terminal_recovery_guards.py::test_recovery_refuses_changed_ready_member_identity"}, {"bytes": 190313, "path": "/tmp/mst-c1/test_recovery_rechecks_source_0/project-0/recovery-report.json", "sha256": "e56f06a65578c08d134f070c52a0dbf31a0dffb3aa3f25f3e74fdd9cd1e1015f", "test": "tests/test_cpu_terminal_recovery_guards.py::test_recovery_rechecks_source_after_enumeration_before_settlement"}, {"bytes": 149286, "path": "/tmp/mst-c1/test_preexisting_stop_never_au0/project-0/recovery-report.json", "sha256": "f9d30869ccaef1c08dd678a70b8fc4b9dad3d84f630eb436c6bd12d4dd74de3c", "test": "tests/test_cpu_terminal_recovery_guards.py::test_preexisting_stop_never_authorizes_automatic_settlement[ordinary_stop]"}, {"bytes": 149187, "path": "/tmp/mst-c1/test_preexisting_stop_never_au1/project-0/recovery-report.json", "sha256": "1b45f48370c2d0d702227fe8f9440c16255ce7fc800fb5dda2af8ccd7561440c", "test": "tests/test_cpu_terminal_recovery_guards.py::test_preexisting_stop_never_authorizes_automatic_settlement[storage_hold]"}, {"bytes": 149335, "path": "/tmp/mst-c1/test_preexisting_stop_never_au2/project-0/recovery-report.json", "sha256": "773f75c8e90600706ba13e46492dfc7c29f232e6d49c439c43f4e5a7d9999499", "test": "tests/test_cpu_terminal_recovery_guards.py::test_preexisting_stop_never_authorizes_automatic_settlement[masked_storage_hold]"}, {"bytes": 147941, "path": "/tmp/mst-c1/test_recovery_refuses_unbound_0/project-0/recovery-report.json", "sha256": "b24e3f2a1632cd0814aff2a4563279bcff4e303edaf0f31424b6e5178ab40688", "test": "tests/test_cpu_terminal_recovery_guards.py::test_recovery_refuses_unbound_replication_request_field"}, {"bytes": 147900, "path": "/tmp/mst-c1/test_recovery_refuses_artifact0/project-0/recovery-report.json", "sha256": "6e5df34b0b8344aa67e896ee8184c369a2df5edf9e83f3b0c795b583b6e70ed3", "test": "tests/test_cpu_terminal_recovery_guards.py::test_recovery_refuses_artifact_root_unrelated_to_published_records"}, {"bytes": 211768, "path": "/tmp/mst-c1/test_restart_settles_confirmed0/project-0/recovery-report.json", "sha256": "7ea1b16f31d1cb940b094003dd23d3ad9cde1bde7d8340ca1cbebbdee92f477b", "test": "tests/test_cpu_terminal_settlement_recovery.py::test_restart_settles_confirmed_terminal_without_repeating_original_worker[0]"}, {"bytes": 200180, "path": "/tmp/mst-c1/test_restart_settles_confirmed1/project-0/recovery-report.json", "sha256": "ab7e76ef1ef05ae94c4f3f3585e7c4787cc91b4d5c8d8314c543256afb9a9d63", "test": "tests/test_cpu_terminal_settlement_recovery.py::test_restart_settles_confirmed_terminal_without_repeating_original_worker[7]"}, {"bytes": 126660, "path": "/tmp/mst-c1/test_real_v2_confirmed_termina0/project-0/recovery-report.json", "sha256": "c27a077b23ea9ce3718a8f677a925dcb6bd055ff1b8d473e9763a81627dd5e15", "test": "tests/test_runtime_lease_recovery.py::test_real_v2_confirmed_terminal_crash_recovers_metadata_only[0]"}, {"bytes": 118290, "path": "/tmp/mst-c1/test_real_v2_confirmed_termina1/project-0/recovery-report.json", "sha256": "ce07ac3a72ce5aaf3d57040d070451124f9aa92bf95593c4d29ff30cf3a0350c", "test": "tests/test_runtime_lease_recovery.py::test_real_v2_confirmed_terminal_crash_recovers_metadata_only[7]"}, {"bytes": 119498, "path": "/tmp/mst-c1/test_real_historical_v1_termin0/historical-project/recovery-report.json", "sha256": "db07fd0ca6741e1aaf2094275100c46970f03e1980fdd0f4896db984c8f34ba3", "test": "tests/test_runtime_lease_recovery.py::test_real_historical_v1_terminal_recovers_without_upgrade_or_reexecution"}]
ACCEPTANCE_REPORTS=[{"bytes": 279582, "name": "sorting_default", "path": "/tmp/mst-c1/acceptance-sorting-default0/acceptance-report.json", "sha256": "8bdc108c4c8c222666739cc221335862d35297991c65d3186e850f04099097ec"}, {"bytes": 120855, "name": "sorting_counterfactual", "path": "/tmp/mst-c1/acceptance-sorting-counterfactual0/acceptance-report.json", "sha256": "df35ef1ec96efab9acb58cff4ab778d71e0824dda4fa0ffa076a0102ab794729"}, {"bytes": 274499, "name": "compression_default", "path": "/tmp/mst-c1/acceptance-compression-default0/acceptance-report.json", "sha256": "d590545a701b5726d9192e019e62dc5f7b113ed81ccaed17eceef78129155c3b"}, {"bytes": 120430, "name": "compression_counterfactual", "path": "/tmp/mst-c1/acceptance-compression-counterfactual0/acceptance-report.json", "sha256": "d12a4d65f3eee0513a9d26de2238c221f8cca2e3d2c0d1d78026b0ea8e571a19"}]

=============================== warnings summary ===============================
../../../../../../home/erik/.local/lib/python3.10/site-packages/_pytest/config/__init__.py:885
  /home/erik/.local/lib/python3.10/site-packages/_pytest/config/__init__.py:885: PytestAssertRewriteWarning: Module already imported so cannot be rewritten; cpu_terminal_recovery_helpers
    self.import_plugin(import_spec)

../../../../../../home/erik/.local/lib/python3.10/site-packages/_pytest/config/__init__.py:885
  /home/erik/.local/lib/python3.10/site-packages/_pytest/config/__init__.py:885: PytestAssertRewriteWarning: Module already imported so cannot be rewritten; examples.holdout.testing
    self.import_plugin(import_spec)

-- Docs: https://docs.pytest.org/en/stable/how-to/capture-warnings.html
5148 passed, 7 skipped, 2 warnings in 1088.71s (0:18:08)
