FF....FFFF..FFFFFFFFFFFF                                                 [100%]
=================================== FAILURES ===================================
________ test_installed_routes_match_controller_workdir[child-systemd] _________
/hot-data/fsx/workspace/erik/orze-p1-continuation-20260914/orze/tests/test_service_install_routing.py:76: in test_installed_routes_match_controller_workdir
    assert saved['results_dir'] == str(expected.resolve()), value
E   AssertionError: {'cwd_after': '/tmp/si-o1/test_installed_routes_match_co0/installer-cwd', 'service_exists': True, 'saved': {'config_fi...er-cwd/results', 'workdir': '/tmp/si-o1/test_installed_routes_match_co0/project', 'python': '/usr/bin/python3', ...})]}
E   assert '/tmp/si-o1/t...r-cwd/results' == '/tmp/si-o1/t...oject/results'
E     
E     Skipping 33 identical leading characters in diff, use -v to show
E     - match_co0/project/results
E     + match_co0/installer-cwd/results
----------------------------- Captured stdout call -----------------------------

[1mOrze — Service Install[0m
  Method         : systemd
  Config         : /tmp/si-o1/test_installed_routes_match_co0/project/orze.yaml
  Results dir    : /tmp/si-o1/test_installed_routes_match_co0/installer-cwd/results
  Python         : /usr/bin/python3
  Stall threshold: 1800s
  Log file       : /tmp/si-o1/test_installed_routes_match_co0/installer-cwd/results/orze.log

[32m  systemd --user service + watchdog timer installed.[0m

  Service config: /tmp/si-o1/test_installed_routes_match_co0/service.json

  Check status:  [36morze service status[0m
  View logs:     [36morze service logs[0m
  Uninstall:     [36morze service uninstall[0m
________ test_installed_routes_match_controller_workdir[child-crontab] _________
/hot-data/fsx/workspace/erik/orze-p1-continuation-20260914/orze/tests/test_service_install_routing.py:76: in test_installed_routes_match_controller_workdir
    assert saved['results_dir'] == str(expected.resolve()), value
E   AssertionError: {'cwd_after': '/tmp/si-o1/test_installed_routes_match_co1/installer-cwd', 'service_exists': True, 'saved': {'config_fi...er-cwd/results', 'workdir': '/tmp/si-o1/test_installed_routes_match_co1/project', 'python': '/usr/bin/python3', ...})]}
E   assert '/tmp/si-o1/t...r-cwd/results' == '/tmp/si-o1/t...oject/results'
E     
E     Skipping 33 identical leading characters in diff, use -v to show
E     - match_co1/project/results
E     + match_co1/installer-cwd/results
----------------------------- Captured stdout call -----------------------------

[1mOrze — Service Install[0m
  Method         : crontab
  Config         : /tmp/si-o1/test_installed_routes_match_co1/project/orze.yaml
  Results dir    : /tmp/si-o1/test_installed_routes_match_co1/installer-cwd/results
  Python         : /usr/bin/python3
  Stall threshold: 1800s
  Log file       : /tmp/si-o1/test_installed_routes_match_co1/installer-cwd/results/orze.log

[32m  Crontab entry installed (checks every 1 minute).[0m

  Service config: /tmp/si-o1/test_installed_routes_match_co1/service.json

  Check status:  [36morze service status[0m
  View logs:     [36morze service logs[0m
  Uninstall:     [36morze service uninstall[0m
_________ test_installed_routes_match_controller_workdir[env-systemd] __________
/hot-data/fsx/workspace/erik/orze-p1-continuation-20260914/orze/tests/test_service_install_routing.py:76: in test_installed_routes_match_controller_workdir
    assert saved['results_dir'] == str(expected.resolve()), value
E   AssertionError: {'cwd_after': '/tmp/si-o1/test_installed_routes_match_co6/installer-cwd', 'service_exists': True, 'saved': {'config_fi...wd/env-results', 'workdir': '/tmp/si-o1/test_installed_routes_match_co6/project', 'python': '/usr/bin/python3', ...})]}
E   assert '/tmp/si-o1/t...d/env-results' == '/tmp/si-o1/t...t/env-results'
E     
E     Skipping 33 identical leading characters in diff, use -v to show
E     - match_co6/project/env-results
E     ?           ^ ^^^ ^
E     + match_co6/installer-cwd/env-results
E     ?           ^^^^^^^^ ^ ^^
----------------------------- Captured stdout call -----------------------------

[1mOrze — Service Install[0m
  Method         : systemd
  Config         : /tmp/si-o1/test_installed_routes_match_co6/project/orze.yaml
  Results dir    : /tmp/si-o1/test_installed_routes_match_co6/installer-cwd/env-results
  Python         : /usr/bin/python3
  Stall threshold: 1800s
  Log file       : /tmp/si-o1/test_installed_routes_match_co6/installer-cwd/env-results/orze.log

[32m  systemd --user service + watchdog timer installed.[0m

  Service config: /tmp/si-o1/test_installed_routes_match_co6/service.json

  Check status:  [36morze service status[0m
  View logs:     [36morze service logs[0m
  Uninstall:     [36morze service uninstall[0m
_________ test_installed_routes_match_controller_workdir[env-crontab] __________
/hot-data/fsx/workspace/erik/orze-p1-continuation-20260914/orze/tests/test_service_install_routing.py:76: in test_installed_routes_match_controller_workdir
    assert saved['results_dir'] == str(expected.resolve()), value
E   AssertionError: {'cwd_after': '/tmp/si-o1/test_installed_routes_match_co7/installer-cwd', 'service_exists': True, 'saved': {'config_fi...wd/env-results', 'workdir': '/tmp/si-o1/test_installed_routes_match_co7/project', 'python': '/usr/bin/python3', ...})]}
E   assert '/tmp/si-o1/t...d/env-results' == '/tmp/si-o1/t...t/env-results'
E     
E     Skipping 33 identical leading characters in diff, use -v to show
E     - match_co7/project/env-results
E     ?           ^ ^^^ ^
E     + match_co7/installer-cwd/env-results
E     ?           ^^^^^^^^ ^ ^^
----------------------------- Captured stdout call -----------------------------

[1mOrze — Service Install[0m
  Method         : crontab
  Config         : /tmp/si-o1/test_installed_routes_match_co7/project/orze.yaml
  Results dir    : /tmp/si-o1/test_installed_routes_match_co7/installer-cwd/env-results
  Python         : /usr/bin/python3
  Stall threshold: 1800s
  Log file       : /tmp/si-o1/test_installed_routes_match_co7/installer-cwd/env-results/orze.log

[32m  Crontab entry installed (checks every 1 minute).[0m

  Service config: /tmp/si-o1/test_installed_routes_match_co7/service.json

  Check status:  [36morze service status[0m
  View logs:     [36morze service logs[0m
  Uninstall:     [36morze service uninstall[0m
____ test_installed_routes_match_controller_workdir[symlink_config-systemd] ____
/hot-data/fsx/workspace/erik/orze-p1-continuation-20260914/orze/tests/test_service_install_routing.py:76: in test_installed_routes_match_controller_workdir
    assert saved['results_dir'] == str(expected.resolve()), value
E   AssertionError: {'cwd_after': '/tmp/si-o1/test_installed_routes_match_co8/installer-cwd', 'service_exists': True, 'saved': {'config_fi...er-cwd/results', 'workdir': '/tmp/si-o1/test_installed_routes_match_co8/project', 'python': '/usr/bin/python3', ...})]}
E   assert '/tmp/si-o1/t...r-cwd/results' == '/tmp/si-o1/t...oject/results'
E     
E     Skipping 33 identical leading characters in diff, use -v to show
E     - match_co8/project/results
E     + match_co8/installer-cwd/results
----------------------------- Captured stdout call -----------------------------

[1mOrze — Service Install[0m
  Method         : systemd
  Config         : /tmp/si-o1/test_installed_routes_match_co8/project/orze.yaml
  Results dir    : /tmp/si-o1/test_installed_routes_match_co8/installer-cwd/results
  Python         : /usr/bin/python3
  Stall threshold: 1800s
  Log file       : /tmp/si-o1/test_installed_routes_match_co8/installer-cwd/results/orze.log

[32m  systemd --user service + watchdog timer installed.[0m

  Service config: /tmp/si-o1/test_installed_routes_match_co8/service.json

  Check status:  [36morze service status[0m
  View logs:     [36morze service logs[0m
  Uninstall:     [36morze service uninstall[0m
____ test_installed_routes_match_controller_workdir[symlink_config-crontab] ____
/hot-data/fsx/workspace/erik/orze-p1-continuation-20260914/orze/tests/test_service_install_routing.py:76: in test_installed_routes_match_controller_workdir
    assert saved['results_dir'] == str(expected.resolve()), value
E   AssertionError: {'cwd_after': '/tmp/si-o1/test_installed_routes_match_co9/installer-cwd', 'service_exists': True, 'saved': {'config_fi...er-cwd/results', 'workdir': '/tmp/si-o1/test_installed_routes_match_co9/project', 'python': '/usr/bin/python3', ...})]}
E   assert '/tmp/si-o1/t...r-cwd/results' == '/tmp/si-o1/t...oject/results'
E     
E     Skipping 33 identical leading characters in diff, use -v to show
E     - match_co9/project/results
E     + match_co9/installer-cwd/results
----------------------------- Captured stdout call -----------------------------

[1mOrze — Service Install[0m
  Method         : crontab
  Config         : /tmp/si-o1/test_installed_routes_match_co9/project/orze.yaml
  Results dir    : /tmp/si-o1/test_installed_routes_match_co9/installer-cwd/results
  Python         : /usr/bin/python3
  Stall threshold: 1800s
  Log file       : /tmp/si-o1/test_installed_routes_match_co9/installer-cwd/results/orze.log

[32m  Crontab entry installed (checks every 1 minute).[0m

  Service config: /tmp/si-o1/test_installed_routes_match_co9/service.json

  Check status:  [36morze service status[0m
  View logs:     [36morze service logs[0m
  Uninstall:     [36morze service uninstall[0m
_ test_target_stop_preserves_existing_service_metadata[.orze_disabled-systemd] _
/hot-data/fsx/workspace/erik/orze-p1-continuation-20260914/orze/tests/test_service_install_routing.py:106: in test_target_stop_preserves_existing_service_metadata
    assert error and 'stop latch' in error, value
E   AssertionError: {'error': None, 'service_unchanged': False, 'rendered_calls': [('systemd', {'config_file': '/tmp/si-o1/test_target_sto...roject', 'python': '/usr/bin/python3', ...})], 'cwd_after': '/tmp/si-o1/test_target_stop_preserves_exi0/installer-cwd'}
E   assert (None)
----------------------------- Captured stdout call -----------------------------

[1mOrze — Service Install[0m
  Method         : systemd
  Config         : /tmp/si-o1/test_target_stop_preserves_exi0/project/orze.yaml
  Results dir    : /tmp/si-o1/test_target_stop_preserves_exi0/installer-cwd/results
  Python         : /usr/bin/python3
  Stall threshold: 1800s
  Log file       : /tmp/si-o1/test_target_stop_preserves_exi0/installer-cwd/results/orze.log

[32m  systemd --user service + watchdog timer installed.[0m

  Service config: /tmp/si-o1/test_target_stop_preserves_exi0/service.json

  Check status:  [36morze service status[0m
  View logs:     [36morze service logs[0m
  Uninstall:     [36morze service uninstall[0m
_ test_target_stop_preserves_existing_service_metadata[.orze_disabled-crontab] _
/hot-data/fsx/workspace/erik/orze-p1-continuation-20260914/orze/tests/test_service_install_routing.py:106: in test_target_stop_preserves_existing_service_metadata
    assert error and 'stop latch' in error, value
E   AssertionError: {'error': None, 'service_unchanged': False, 'rendered_calls': [('crontab', {'config_file': '/tmp/si-o1/test_target_sto...roject', 'python': '/usr/bin/python3', ...})], 'cwd_after': '/tmp/si-o1/test_target_stop_preserves_exi1/installer-cwd'}
E   assert (None)
----------------------------- Captured stdout call -----------------------------

[1mOrze — Service Install[0m
  Method         : crontab
  Config         : /tmp/si-o1/test_target_stop_preserves_exi1/project/orze.yaml
  Results dir    : /tmp/si-o1/test_target_stop_preserves_exi1/installer-cwd/results
  Python         : /usr/bin/python3
  Stall threshold: 1800s
  Log file       : /tmp/si-o1/test_target_stop_preserves_exi1/installer-cwd/results/orze.log

[32m  Crontab entry installed (checks every 1 minute).[0m

  Service config: /tmp/si-o1/test_target_stop_preserves_exi1/service.json

  Check status:  [36morze service status[0m
  View logs:     [36morze service logs[0m
  Uninstall:     [36morze service uninstall[0m
_ test_target_stop_preserves_existing_service_metadata[.orze_stop_all-systemd] _
/hot-data/fsx/workspace/erik/orze-p1-continuation-20260914/orze/tests/test_service_install_routing.py:106: in test_target_stop_preserves_existing_service_metadata
    assert error and 'stop latch' in error, value
E   AssertionError: {'error': None, 'service_unchanged': False, 'rendered_calls': [('systemd', {'config_file': '/tmp/si-o1/test_target_sto...roject', 'python': '/usr/bin/python3', ...})], 'cwd_after': '/tmp/si-o1/test_target_stop_preserves_exi2/installer-cwd'}
E   assert (None)
----------------------------- Captured stdout call -----------------------------

[1mOrze — Service Install[0m
  Method         : systemd
  Config         : /tmp/si-o1/test_target_stop_preserves_exi2/project/orze.yaml
  Results dir    : /tmp/si-o1/test_target_stop_preserves_exi2/installer-cwd/results
  Python         : /usr/bin/python3
  Stall threshold: 1800s
  Log file       : /tmp/si-o1/test_target_stop_preserves_exi2/installer-cwd/results/orze.log

[32m  systemd --user service + watchdog timer installed.[0m

  Service config: /tmp/si-o1/test_target_stop_preserves_exi2/service.json

  Check status:  [36morze service status[0m
  View logs:     [36morze service logs[0m
  Uninstall:     [36morze service uninstall[0m
_ test_target_stop_preserves_existing_service_metadata[.orze_stop_all-crontab] _
/hot-data/fsx/workspace/erik/orze-p1-continuation-20260914/orze/tests/test_service_install_routing.py:106: in test_target_stop_preserves_existing_service_metadata
    assert error and 'stop latch' in error, value
E   AssertionError: {'error': None, 'service_unchanged': False, 'rendered_calls': [('crontab', {'config_file': '/tmp/si-o1/test_target_sto...roject', 'python': '/usr/bin/python3', ...})], 'cwd_after': '/tmp/si-o1/test_target_stop_preserves_exi3/installer-cwd'}
E   assert (None)
----------------------------- Captured stdout call -----------------------------

[1mOrze — Service Install[0m
  Method         : crontab
  Config         : /tmp/si-o1/test_target_stop_preserves_exi3/project/orze.yaml
  Results dir    : /tmp/si-o1/test_target_stop_preserves_exi3/installer-cwd/results
  Python         : /usr/bin/python3
  Stall threshold: 1800s
  Log file       : /tmp/si-o1/test_target_stop_preserves_exi3/installer-cwd/results/orze.log

[32m  Crontab entry installed (checks every 1 minute).[0m

  Service config: /tmp/si-o1/test_target_stop_preserves_exi3/service.json

  Check status:  [36morze service status[0m
  View logs:     [36morze service logs[0m
  Uninstall:     [36morze service uninstall[0m
_ test_target_stop_preserves_existing_service_metadata[.orze_shutdown-systemd] _
/hot-data/fsx/workspace/erik/orze-p1-continuation-20260914/orze/tests/test_service_install_routing.py:106: in test_target_stop_preserves_existing_service_metadata
    assert error and 'stop latch' in error, value
E   AssertionError: {'error': None, 'service_unchanged': False, 'rendered_calls': [('systemd', {'config_file': '/tmp/si-o1/test_target_sto...roject', 'python': '/usr/bin/python3', ...})], 'cwd_after': '/tmp/si-o1/test_target_stop_preserves_exi4/installer-cwd'}
E   assert (None)
----------------------------- Captured stdout call -----------------------------

[1mOrze — Service Install[0m
  Method         : systemd
  Config         : /tmp/si-o1/test_target_stop_preserves_exi4/project/orze.yaml
  Results dir    : /tmp/si-o1/test_target_stop_preserves_exi4/installer-cwd/results
  Python         : /usr/bin/python3
  Stall threshold: 1800s
  Log file       : /tmp/si-o1/test_target_stop_preserves_exi4/installer-cwd/results/orze.log

[32m  systemd --user service + watchdog timer installed.[0m

  Service config: /tmp/si-o1/test_target_stop_preserves_exi4/service.json

  Check status:  [36morze service status[0m
  View logs:     [36morze service logs[0m
  Uninstall:     [36morze service uninstall[0m
_ test_target_stop_preserves_existing_service_metadata[.orze_shutdown-crontab] _
/hot-data/fsx/workspace/erik/orze-p1-continuation-20260914/orze/tests/test_service_install_routing.py:106: in test_target_stop_preserves_existing_service_metadata
    assert error and 'stop latch' in error, value
E   AssertionError: {'error': None, 'service_unchanged': False, 'rendered_calls': [('crontab', {'config_file': '/tmp/si-o1/test_target_sto...roject', 'python': '/usr/bin/python3', ...})], 'cwd_after': '/tmp/si-o1/test_target_stop_preserves_exi5/installer-cwd'}
E   assert (None)
----------------------------- Captured stdout call -----------------------------

[1mOrze — Service Install[0m
  Method         : crontab
  Config         : /tmp/si-o1/test_target_stop_preserves_exi5/project/orze.yaml
  Results dir    : /tmp/si-o1/test_target_stop_preserves_exi5/installer-cwd/results
  Python         : /usr/bin/python3
  Stall threshold: 1800s
  Log file       : /tmp/si-o1/test_target_stop_preserves_exi5/installer-cwd/results/orze.log

[32m  Crontab entry installed (checks every 1 minute).[0m

  Service config: /tmp/si-o1/test_target_stop_preserves_exi5/service.json

  Check status:  [36morze service status[0m
  View logs:     [36morze service logs[0m
  Uninstall:     [36morze service uninstall[0m
___ test_unrelated_caller_stop_does_not_block_target[.orze_disabled-systemd] ___
/hot-data/fsx/workspace/erik/orze-p1-continuation-20260914/orze/tests/test_service_install_routing.py:124: in test_unrelated_caller_stop_does_not_block_target
    assert error is None, value
E   AssertionError: {'cwd_after': '/tmp/si-o1/test_unrelated_caller_stop_doe0/installer-cwd', 'service_exists': False, 'saved': None, 'rendered_calls': [], ...}
E   assert 'service install refused while stop latch is present: .orze_disabled' is None
___ test_unrelated_caller_stop_does_not_block_target[.orze_disabled-crontab] ___
/hot-data/fsx/workspace/erik/orze-p1-continuation-20260914/orze/tests/test_service_install_routing.py:124: in test_unrelated_caller_stop_does_not_block_target
    assert error is None, value
E   AssertionError: {'cwd_after': '/tmp/si-o1/test_unrelated_caller_stop_doe1/installer-cwd', 'service_exists': False, 'saved': None, 'rendered_calls': [], ...}
E   assert 'service install refused while stop latch is present: .orze_disabled' is None
___ test_unrelated_caller_stop_does_not_block_target[.orze_stop_all-systemd] ___
/hot-data/fsx/workspace/erik/orze-p1-continuation-20260914/orze/tests/test_service_install_routing.py:124: in test_unrelated_caller_stop_does_not_block_target
    assert error is None, value
E   AssertionError: {'cwd_after': '/tmp/si-o1/test_unrelated_caller_stop_doe2/installer-cwd', 'service_exists': False, 'saved': None, 'rendered_calls': [], ...}
E   assert 'service install refused while stop latch is present: .orze_stop_all' is None
___ test_unrelated_caller_stop_does_not_block_target[.orze_stop_all-crontab] ___
/hot-data/fsx/workspace/erik/orze-p1-continuation-20260914/orze/tests/test_service_install_routing.py:124: in test_unrelated_caller_stop_does_not_block_target
    assert error is None, value
E   AssertionError: {'cwd_after': '/tmp/si-o1/test_unrelated_caller_stop_doe3/installer-cwd', 'service_exists': False, 'saved': None, 'rendered_calls': [], ...}
E   assert 'service install refused while stop latch is present: .orze_stop_all' is None
___ test_unrelated_caller_stop_does_not_block_target[.orze_shutdown-systemd] ___
/hot-data/fsx/workspace/erik/orze-p1-continuation-20260914/orze/tests/test_service_install_routing.py:124: in test_unrelated_caller_stop_does_not_block_target
    assert error is None, value
E   AssertionError: {'cwd_after': '/tmp/si-o1/test_unrelated_caller_stop_doe4/installer-cwd', 'service_exists': False, 'saved': None, 'rendered_calls': [], ...}
E   assert 'service install refused while stop latch is present: .orze_shutdown' is None
___ test_unrelated_caller_stop_does_not_block_target[.orze_shutdown-crontab] ___
/hot-data/fsx/workspace/erik/orze-p1-continuation-20260914/orze/tests/test_service_install_routing.py:124: in test_unrelated_caller_stop_does_not_block_target
    assert error is None, value
E   AssertionError: {'cwd_after': '/tmp/si-o1/test_unrelated_caller_stop_doe5/installer-cwd', 'service_exists': False, 'saved': None, 'rendered_calls': [], ...}
E   assert 'service install refused while stop latch is present: .orze_shutdown' is None
18 failed, 6 passed in 0.33s
