FF...FFFFFFFFFFFFFFFF...                                                 [100%]
=================================== FAILURES ===================================
_________ test_exact_cpu_task_with_inline_lists_is_one_proposal[False] _________
tests/test_cpu_decision_contract.py:26: in test_exact_cpu_task_with_inline_lists_is_one_proposal
    assert validate_idea_against_research_policy(configured, CFG) is None
E   AssertionError: assert 'batch_decision_contract_implicit_sweep_forbidden' is None
E    +  where 'batch_decision_contract_implicit_sweep_forbidden' = validate_idea_against_research_policy({'kind': 'native_cpu_action', 'action': {'version': 1, 'purpose': 'inspect inline input', 'inputs': {'items': [1, 2, 3]}, 'timeout_seconds': 1, ...}}, {'research_policy': {'require_batch_decision_contract': True}})
_________ test_exact_cpu_task_with_inline_lists_is_one_proposal[True] __________
tests/test_cpu_decision_contract.py:26: in test_exact_cpu_task_with_inline_lists_is_one_proposal
    assert validate_idea_against_research_policy(configured, CFG) is None
E   AssertionError: assert 'batch_decision_contract_implicit_sweep_forbidden' is None
E    +  where 'batch_decision_contract_implicit_sweep_forbidden' = validate_idea_against_research_policy({'kind': 'native_cpu_action', 'domain_request': {'version': 1, 'purpose': 'inspect inline input', 'inputs': {'items': [1, 2, 3]}, 'timeout_seconds': 1, ...}}, {'research_policy': {'require_batch_decision_contract': True}})
__________ test_cpu_label_requires_an_exact_valid_action[extra_root] ___________
tests/test_cpu_decision_contract.py:64: in test_cpu_label_requires_an_exact_valid_action
    assert validate_idea_against_research_policy(configured, CFG) == "batch_decision_contract_native_cpu_config_invalid"
E   AssertionError: assert 'batch_decisi...eep_forbidden' == 'batch_decisi...onfig_invalid'
E     
E     - batch_decision_contract_native_cpu_config_invalid
E     + batch_decision_contract_implicit_sweep_forbidden
________ test_cpu_label_requires_an_exact_valid_action[both_envelopes] _________
tests/test_cpu_decision_contract.py:64: in test_cpu_label_requires_an_exact_valid_action
    assert validate_idea_against_research_policy(configured, CFG) == "batch_decision_contract_native_cpu_config_invalid"
E   AssertionError: assert 'batch_decisi...eep_forbidden' == 'batch_decisi...onfig_invalid'
E     
E     - batch_decision_contract_native_cpu_config_invalid
E     + batch_decision_contract_implicit_sweep_forbidden
_______ test_cpu_label_requires_an_exact_valid_action[missing_envelope] ________
tests/test_cpu_decision_contract.py:64: in test_cpu_label_requires_an_exact_valid_action
    assert validate_idea_against_research_policy(configured, CFG) == "batch_decision_contract_native_cpu_config_invalid"
E   AssertionError: assert None == 'batch_decision_contract_native_cpu_config_invalid'
E    +  where None = validate_idea_against_research_policy({'kind': 'native_cpu_action'}, {'research_policy': {'require_batch_decision_contract': True}})
________ test_cpu_label_requires_an_exact_valid_action[command_string] _________
tests/test_cpu_decision_contract.py:64: in test_cpu_label_requires_an_exact_valid_action
    assert validate_idea_against_research_policy(configured, CFG) == "batch_decision_contract_native_cpu_config_invalid"
E   AssertionError: assert 'batch_decisi...eep_forbidden' == 'batch_decisi...onfig_invalid'
E     
E     - batch_decision_contract_native_cpu_config_invalid
E     + batch_decision_contract_implicit_sweep_forbidden
__________ test_cpu_label_requires_an_exact_valid_action[empty_argv] ___________
tests/test_cpu_decision_contract.py:64: in test_cpu_label_requires_an_exact_valid_action
    assert validate_idea_against_research_policy(configured, CFG) == "batch_decision_contract_native_cpu_config_invalid"
E   AssertionError: assert 'batch_decisi...eep_forbidden' == 'batch_decisi...onfig_invalid'
E     
E     - batch_decision_contract_native_cpu_config_invalid
E     + batch_decision_contract_implicit_sweep_forbidden
________ test_cpu_label_requires_an_exact_valid_action[non_string_arg] _________
tests/test_cpu_decision_contract.py:64: in test_cpu_label_requires_an_exact_valid_action
    assert validate_idea_against_research_policy(configured, CFG) == "batch_decision_contract_native_cpu_config_invalid"
E   AssertionError: assert 'batch_decisi...eep_forbidden' == 'batch_decisi...onfig_invalid'
E     
E     - batch_decision_contract_native_cpu_config_invalid
E     + batch_decision_contract_implicit_sweep_forbidden
_________ test_cpu_label_requires_an_exact_valid_action[version_bool] __________
tests/test_cpu_decision_contract.py:64: in test_cpu_label_requires_an_exact_valid_action
    assert validate_idea_against_research_policy(configured, CFG) == "batch_decision_contract_native_cpu_config_invalid"
E   AssertionError: assert 'batch_decisi...eep_forbidden' == 'batch_decisi...onfig_invalid'
E     
E     - batch_decision_contract_native_cpu_config_invalid
E     + batch_decision_contract_implicit_sweep_forbidden
__________ test_cpu_label_requires_an_exact_valid_action[bad_timeout] __________
tests/test_cpu_decision_contract.py:64: in test_cpu_label_requires_an_exact_valid_action
    assert validate_idea_against_research_policy(configured, CFG) == "batch_decision_contract_native_cpu_config_invalid"
E   AssertionError: assert 'batch_decisi...eep_forbidden' == 'batch_decisi...onfig_invalid'
E     
E     - batch_decision_contract_native_cpu_config_invalid
E     + batch_decision_contract_implicit_sweep_forbidden
_______ test_cpu_label_requires_an_exact_valid_action[unbounded_inputs] ________
tests/test_cpu_decision_contract.py:64: in test_cpu_label_requires_an_exact_valid_action
    assert validate_idea_against_research_policy(configured, CFG) == "batch_decision_contract_native_cpu_config_invalid"
E   AssertionError: assert 'batch_decisi...eep_forbidden' == 'batch_decisi...onfig_invalid'
E     
E     - batch_decision_contract_native_cpu_config_invalid
E     + batch_decision_contract_implicit_sweep_forbidden
__________ test_cpu_label_requires_an_exact_valid_action[bad_output] ___________
tests/test_cpu_decision_contract.py:64: in test_cpu_label_requires_an_exact_valid_action
    assert validate_idea_against_research_policy(configured, CFG) == "batch_decision_contract_native_cpu_config_invalid"
E   AssertionError: assert 'batch_decisi...eep_forbidden' == 'batch_decisi...onfig_invalid'
E     
E     - batch_decision_contract_native_cpu_config_invalid
E     + batch_decision_contract_implicit_sweep_forbidden
__ test_domain_envelope_is_validated_before_policy_acceptance[missing_field] ___
tests/test_cpu_decision_contract.py:83: in test_domain_envelope_is_validated_before_policy_acceptance
    assert validate_idea_against_research_policy(configured, CFG) == "batch_decision_contract_native_cpu_config_invalid"
E   AssertionError: assert 'batch_decisi...eep_forbidden' == 'batch_decisi...onfig_invalid'
E     
E     - batch_decision_contract_native_cpu_config_invalid
E     + batch_decision_contract_implicit_sweep_forbidden
__ test_domain_envelope_is_validated_before_policy_acceptance[duplicate_ref] ___
tests/test_cpu_decision_contract.py:83: in test_domain_envelope_is_validated_before_policy_acceptance
    assert validate_idea_against_research_policy(configured, CFG) == "batch_decision_contract_native_cpu_config_invalid"
E   AssertionError: assert 'batch_decisi...eep_forbidden' == 'batch_decisi...onfig_invalid'
E     
E     - batch_decision_contract_native_cpu_config_invalid
E     + batch_decision_contract_implicit_sweep_forbidden
__ test_domain_envelope_is_validated_before_policy_acceptance[too_many_refs] ___
tests/test_cpu_decision_contract.py:83: in test_domain_envelope_is_validated_before_policy_acceptance
    assert validate_idea_against_research_policy(configured, CFG) == "batch_decision_contract_native_cpu_config_invalid"
E   AssertionError: assert 'batch_decisi...eep_forbidden' == 'batch_decisi...onfig_invalid'
E     
E     - batch_decision_contract_native_cpu_config_invalid
E     + batch_decision_contract_implicit_sweep_forbidden
___ test_domain_envelope_is_validated_before_policy_acceptance[bad_timeout] ____
tests/test_cpu_decision_contract.py:83: in test_domain_envelope_is_validated_before_policy_acceptance
    assert validate_idea_against_research_policy(configured, CFG) == "batch_decision_contract_native_cpu_config_invalid"
E   AssertionError: assert 'batch_decisi...eep_forbidden' == 'batch_decisi...onfig_invalid'
E     
E     - batch_decision_contract_native_cpu_config_invalid
E     + batch_decision_contract_implicit_sweep_forbidden
___ test_domain_envelope_is_validated_before_policy_acceptance[bad_payload] ____
tests/test_cpu_decision_contract.py:83: in test_domain_envelope_is_validated_before_policy_acceptance
    assert validate_idea_against_research_policy(configured, CFG) == "batch_decision_contract_native_cpu_config_invalid"
E   AssertionError: assert 'batch_decisi...eep_forbidden' == 'batch_decisi...onfig_invalid'
E     
E     - batch_decision_contract_native_cpu_config_invalid
E     + batch_decision_contract_implicit_sweep_forbidden
____ test_domain_envelope_is_validated_before_policy_acceptance[extra_root] ____
tests/test_cpu_decision_contract.py:83: in test_domain_envelope_is_validated_before_policy_acceptance
    assert validate_idea_against_research_policy(configured, CFG) == "batch_decision_contract_native_cpu_config_invalid"
E   AssertionError: assert 'batch_decisi...eep_forbidden' == 'batch_decisi...onfig_invalid'
E     
E     - batch_decision_contract_native_cpu_config_invalid
E     + batch_decision_contract_implicit_sweep_forbidden
=========================== short test summary info ============================
FAILED tests/test_cpu_decision_contract.py::test_exact_cpu_task_with_inline_lists_is_one_proposal[False]
FAILED tests/test_cpu_decision_contract.py::test_exact_cpu_task_with_inline_lists_is_one_proposal[True]
FAILED tests/test_cpu_decision_contract.py::test_cpu_label_requires_an_exact_valid_action[extra_root]
FAILED tests/test_cpu_decision_contract.py::test_cpu_label_requires_an_exact_valid_action[both_envelopes]
FAILED tests/test_cpu_decision_contract.py::test_cpu_label_requires_an_exact_valid_action[missing_envelope]
FAILED tests/test_cpu_decision_contract.py::test_cpu_label_requires_an_exact_valid_action[command_string]
FAILED tests/test_cpu_decision_contract.py::test_cpu_label_requires_an_exact_valid_action[empty_argv]
FAILED tests/test_cpu_decision_contract.py::test_cpu_label_requires_an_exact_valid_action[non_string_arg]
FAILED tests/test_cpu_decision_contract.py::test_cpu_label_requires_an_exact_valid_action[version_bool]
FAILED tests/test_cpu_decision_contract.py::test_cpu_label_requires_an_exact_valid_action[bad_timeout]
FAILED tests/test_cpu_decision_contract.py::test_cpu_label_requires_an_exact_valid_action[unbounded_inputs]
FAILED tests/test_cpu_decision_contract.py::test_cpu_label_requires_an_exact_valid_action[bad_output]
FAILED tests/test_cpu_decision_contract.py::test_domain_envelope_is_validated_before_policy_acceptance[missing_field]
FAILED tests/test_cpu_decision_contract.py::test_domain_envelope_is_validated_before_policy_acceptance[duplicate_ref]
FAILED tests/test_cpu_decision_contract.py::test_domain_envelope_is_validated_before_policy_acceptance[too_many_refs]
FAILED tests/test_cpu_decision_contract.py::test_domain_envelope_is_validated_before_policy_acceptance[bad_timeout]
FAILED tests/test_cpu_decision_contract.py::test_domain_envelope_is_validated_before_policy_acceptance[bad_payload]
FAILED tests/test_cpu_decision_contract.py::test_domain_envelope_is_validated_before_policy_acceptance[extra_root]
18 failed, 6 passed in 0.23s
