FFF                                                                      [100%]
=================================== FAILURES ===================================
_____ test_natural_completion_remains_observable_and_can_close_host[False] _____
/hot-data/fsx/workspace/erik/orze-p1-continuation-20260914/orze/tests/test_service_host_completion.py:29: in test_natural_completion_remains_observable_and_can_close_host
    assert code == 0, output
E   AssertionError: HOLD: service_host_operation_unconfirmed
E     
E   assert 75 == 0
_____ test_natural_completion_remains_observable_and_can_close_host[True] ______
/hot-data/fsx/workspace/erik/orze-p1-continuation-20260914/orze/tests/test_service_host_completion.py:29: in test_natural_completion_remains_observable_and_can_close_host
    assert code == 0, output
E   AssertionError: HOLD: service_host_operation_unconfirmed
E     
E   assert 75 == 0
______ test_initial_completion_before_first_host_observation_is_supported ______
/hot-data/fsx/workspace/erik/orze-p1-continuation-20260914/orze/tests/test_service_host_completion.py:61: in test_initial_completion_before_first_host_observation_is_supported
    assert code == 0, output
E   AssertionError: /usr/lib/python3.10/runpy.py:126: RuntimeWarning: 'orze.service.host' found in sys.modules after import of package 'orze.service', but prior to execution of 'orze.service.host'; this may result in unpredictable behaviour
E       warn(RuntimeWarning(msg))
E     HOLD: service_host_operation_unconfirmed
E     
E   assert 75 == 0
=========================== short test summary info ============================
FAILED tests/test_service_host_completion.py::test_natural_completion_remains_observable_and_can_close_host[False]
FAILED tests/test_service_host_completion.py::test_natural_completion_remains_observable_and_can_close_host[True]
FAILED tests/test_service_host_completion.py::test_initial_completion_before_first_host_observation_is_supported
3 failed in 5.09s
