{"id": "00-sorting-default-A", "exit_code": 0, "wall": 5.108987607061863, "quality": true}
{"id": "01-sorting-default-B", "exit_code": 0, "wall": 5.0269306395202875, "quality": true}
{"id": "02-sorting-counterfactual-A", "exit_code": 0, "wall": 2.7120886128395796, "quality": true}
{"id": "03-sorting-counterfactual-B", "exit_code": 0, "wall": 2.7224849220365286, "quality": true}
{"id": "04-compression-default-A", "exit_code": 0, "wall": 5.086323069408536, "quality": true}
{"id": "05-compression-default-B", "exit_code": 0, "wall": 5.076904455199838, "quality": true}
{"id": "06-compression-counterfactual-A", "exit_code": 0, "wall": 2.7926396783441305, "quality": true}
{"id": "07-compression-counterfactual-B", "exit_code": 0, "wall": 2.753126636147499, "quality": true}
{"id": "08-sorting-default-B", "exit_code": 0, "wall": 5.067149048671126, "quality": true}
{"id": "09-sorting-default-A", "exit_code": 0, "wall": 5.1381098590791225, "quality": true}
{"id": "10-sorting-counterfactual-B", "exit_code": 0, "wall": 2.6739608868956566, "quality": true}
{"id": "11-sorting-counterfactual-A", "exit_code": 0, "wall": 2.6653475798666477, "quality": true}
{"id": "12-compression-default-B", "exit_code": 0, "wall": 5.188621403649449, "quality": true}
{"id": "13-compression-default-A", "exit_code": 0, "wall": 5.128745019435883, "quality": true}
{"id": "14-compression-counterfactual-B", "exit_code": 0, "wall": 2.7931974958628416, "quality": true}
{"id": "15-compression-counterfactual-A", "exit_code": 0, "wall": 2.732707127928734, "quality": true}
{"id": "16-sorting-default-A", "exit_code": 0, "wall": 5.117342405021191, "quality": true}
{"id": "17-sorting-default-B", "exit_code": 0, "wall": 5.127201454713941, "quality": true}
{"id": "18-sorting-counterfactual-A", "exit_code": 0, "wall": 2.6732024662196636, "quality": true}
{"id": "19-sorting-counterfactual-B", "exit_code": 0, "wall": 2.7537190206348896, "quality": true}
{"id": "20-compression-default-A", "exit_code": 0, "wall": 5.147711019963026, "quality": true}
{"id": "21-compression-default-B", "exit_code": 0, "wall": 5.06745614297688, "quality": true}
{"id": "22-compression-counterfactual-A", "exit_code": 0, "wall": 2.763027938082814, "quality": true}
{"id": "23-compression-counterfactual-B", "exit_code": 0, "wall": 2.833386780694127, "quality": true}
{"id": "24-sorting-default-B", "exit_code": 0, "wall": 5.036609215661883, "quality": true}
{"id": "25-sorting-default-A", "exit_code": 0, "wall": 5.018828431144357, "quality": true}
{"id": "26-sorting-counterfactual-B", "exit_code": 0, "wall": 2.682294739410281, "quality": true}
{"id": "27-sorting-counterfactual-A", "exit_code": 0, "wall": 2.702198648825288, "quality": true}
{"id": "28-compression-default-B", "exit_code": 0, "wall": 5.0694190710783005, "quality": true}
{"id": "29-compression-default-A", "exit_code": 0, "wall": 4.996944013983011, "quality": true}
{"id": "30-compression-counterfactual-B", "exit_code": 0, "wall": 2.8037695307284594, "quality": true}
{"id": "31-compression-counterfactual-A", "exit_code": 0, "wall": 2.6938772294670343, "quality": true}
{"id": "32-sorting-default-A", "exit_code": 0, "wall": 5.380953447893262, "quality": true}
{"id": "33-sorting-default-B", "exit_code": 0, "wall": 5.036566203460097, "quality": true}
{"id": "34-sorting-counterfactual-A", "exit_code": 0, "wall": 2.762829599902034, "quality": true}
{"id": "35-sorting-counterfactual-B", "exit_code": 0, "wall": 2.761836914345622, "quality": true}
{"id": "36-compression-default-A", "exit_code": 0, "wall": 5.077717311680317, "quality": true}
{"id": "37-compression-default-B", "exit_code": 0, "wall": 5.117155661806464, "quality": true}
{"id": "38-compression-counterfactual-A", "exit_code": 0, "wall": 2.7731400690972805, "quality": true}
{"id": "39-compression-counterfactual-B", "exit_code": 0, "wall": 2.7220159210264683, "quality": true}
{"id": "40-sorting-default-B", "exit_code": 0, "wall": 5.189424829557538, "quality": true}
{"id": "41-sorting-default-A", "exit_code": 0, "wall": 4.967394666746259, "quality": true}
{"id": "42-sorting-counterfactual-B", "exit_code": 0, "wall": 2.81322037614882, "quality": true}
{"id": "43-sorting-counterfactual-A", "exit_code": 0, "wall": 2.7720221132040024, "quality": true}
{"id": "44-compression-default-B", "exit_code": 0, "wall": 5.208802064880729, "quality": true}
{"id": "45-compression-default-A", "exit_code": 0, "wall": 4.997609885409474, "quality": true}
{"id": "46-compression-counterfactual-B", "exit_code": 0, "wall": 2.721950562670827, "quality": true}
{"id": "47-compression-counterfactual-A", "exit_code": 0, "wall": 2.723030546680093, "quality": true}
