........................................................................ [  1%]
........................................................................ [  2%]
........................................................................ [  4%]
........................................................................ [  5%]
........................................................................ [  7%]
........................................................................ [  8%]
........................................................................ [ 10%]
........................................................................ [ 11%]
........................................................................ [ 13%]
........................................................................ [ 14%]
........................................................................ [ 16%]
........................................................................ [ 17%]
........................................................................ [ 19%]
........................................................................ [ 20%]
........................................................................ [ 22%]
........................................................................ [ 23%]
........................................................................ [ 25%]
........................................................................ [ 26%]
........................................................................ [ 28%]
........................................................................ [ 29%]
........................................................................ [ 31%]
........................................................................ [ 32%]
........................................................................ [ 33%]
........................................................................ [ 35%]
........................................................................ [ 36%]
........................................................................ [ 38%]
........................................................................ [ 39%]
........................................................................ [ 41%]
........................................sss............................. [ 42%]
........................................................................ [ 44%]
........................................................................ [ 45%]
........................................................................ [ 47%]
....................................................s................... [ 48%]
........................................................................ [ 50%]
........................................................................ [ 51%]
........................................................................ [ 53%]
........................................................................ [ 54%]
........................................................................ [ 56%]
........................................................................ [ 57%]
........................................................................ [ 59%]
........................................................................ [ 60%]
........................................................................ [ 62%]
........................................................................ [ 63%]
........................................................................ [ 64%]
........................................................................ [ 66%]
........................................................................ [ 67%]
........................................................................ [ 69%]
........................................................................ [ 70%]
........................................................................ [ 72%]
........................................................................ [ 73%]
........................................................................ [ 75%]
........................................................................ [ 76%]
........................................................................ [ 78%]
........................................................................ [ 79%]
........................................................................ [ 81%]
........................................................................ [ 82%]
........................................................................ [ 84%]
........................................................................ [ 85%]
........................................................................ [ 87%]
........................................................................ [ 88%]
........................................................................ [ 90%]
........................................................................ [ 91%]
................................................ss...................... [ 93%]
........................................................................ [ 94%]
........................................................................ [ 96%]
........................................................................ [ 97%]
........................................................................ [ 98%]
...................................................                      [100%]HOLDOUT_REPORTS=[{"bytes": 2507418, "name": "workflow", "path": "/tmp/ocs-c1/holdout-workflow0/holdout-report.json", "sha256": "4488bf35f98d4853f63f0c14c91ac51e4398f978756bec794a769d7238e3acc3"}, {"bytes": 143033, "name": "boundary", "path": "/tmp/ocs-c1/holdout-boundary0/holdout-report.json", "sha256": "ae0fe5707c1be228733b260bd4fef254a0931f3720872560a52e3c81361a32d1"}, {"bytes": 143151, "name": "duplicate_id", "path": "/tmp/ocs-c1/holdout-duplicate_id0/holdout-report.json", "sha256": "4853235b8870592ab20f6a72761e8a51538e2a62e803caafc1ae6c07a06167cf"}, {"bytes": 144467, "name": "missing_prerequisite", "path": "/tmp/ocs-c1/holdout-missing_prerequisite0/holdout-report.json", "sha256": "1fe3e65ba341f965b72a8412e3b634f16de0da8320c861673cfa1874316230ba"}, {"bytes": 142533, "name": "overload", "path": "/tmp/ocs-c1/holdout-overload0/holdout-report.json", "sha256": "a5c017445c98582abc40e89cc66416c725b1db3118b7c3d7533dd17fab784573"}, {"bytes": 141348, "name": "malformed", "path": "/tmp/ocs-c1/holdout-malformed0/holdout-report.json", "sha256": "4ad02771d9f43ee1801eab5c9fab028f23720e46f054a4cae0d54771252cee5c"}]
CPU_RECOVERY_REPORTS=[{"bytes": 82678, "path": "/tmp/ocs-c1/test_real_confirmed_terminal_r0/project-0/recovery-report.json", "sha256": "3307655de555c3e4de734779f2da857d3c253046dd2b2134a5f8b72d5ba3b6c7", "test": "tests/test_cpu_claim_reader_consolidation.py::TestPublicSnapshotRouting::test_real_confirmed_terminal_recovery_uses_required_8k_public_snapshot"}, {"bytes": 104367, "path": "/tmp/ocs-c1/test_post_delete_fsync_uncerta0/project-0/recovery-report.json", "sha256": "278770b2c7ec26d808a71c7256081e33baa319971db7d8b0beee79af8afa4eec", "test": "tests/test_cpu_terminal_recovery_barrier.py::test_post_delete_fsync_uncertainty_blocks_fresh_restart_with_zero_bound[effect]"}, {"bytes": 104374, "path": "/tmp/ocs-c1/test_post_delete_fsync_uncerta1/project-0/recovery-report.json", "sha256": "0014eebc8d38f4f8b77c735c6c4c88fe924cdfff19ed6e96325d39a9961f46f6", "test": "tests/test_cpu_terminal_recovery_barrier.py::test_post_delete_fsync_uncertainty_blocks_fresh_restart_with_zero_bound[recovery]"}, {"bytes": 67284, "path": "/tmp/ocs-c1/test_in_progress_denies_alread0/project-0/recovery-report.json", "sha256": "99207ddec5d972d5095e0e8db010adb4912ee42ffffd2f8bbb7a266bc0be713a", "test": "tests/test_cpu_terminal_recovery_barrier.py::test_in_progress_denies_already_running_peer_admission[reserve]"}, {"bytes": 67275, "path": "/tmp/ocs-c1/test_in_progress_denies_alread1/project-0/recovery-report.json", "sha256": "1f9edaed67210f382d4cd871c9476f367f73bb4f9d6fccb8fd9e304fc4a33bde", "test": "tests/test_cpu_terminal_recovery_barrier.py::test_in_progress_denies_already_running_peer_admission[require_permit]"}, {"bytes": 66148, "path": "/tmp/ocs-c1/test_two_recovery_consumers_do0/project-0/recovery-report.json", "sha256": "7a74c7288f087ddd4c6509cee2083c1bf27cbff7f7786c2b0ba2b58e3f288d99", "test": "tests/test_cpu_terminal_recovery_barrier.py::test_two_recovery_consumers_do_not_repeat_settlement_or_poison_owner"}, {"bytes": 66560, "path": "/tmp/ocs-c1/test_legal_peer_decision_after0/project-0/recovery-report.json", "sha256": "588c147e69a5f0ccf6886a0902dba7580574566b0fd02e69cd3c62b68d8b74ba", "test": "tests/test_cpu_terminal_recovery_barrier.py::test_legal_peer_decision_after_complete_commit_preserves_exact_owner_result"}, {"bytes": 102211, "path": "/tmp/ocs-c1/test_recovery_transaction_unkn0/project-0/recovery-report.json", "sha256": "ce795f7f2fa581290ad9d66a9e2aacdcf0736795df519797f3c5e8ae7c65bf74", "test": "tests/test_cpu_terminal_recovery_barrier.py::test_recovery_transaction_unknown_is_not_an_ordinary_success[IN_PROGRESS-rollback]"}, {"bytes": 104327, "path": "/tmp/ocs-c1/test_recovery_transaction_unkn1/project-0/recovery-report.json", "sha256": "4ed4bfe822e7fa55d9ce1f1181072762dd8be890dba1c545549f1c8a582a5e88", "test": "tests/test_cpu_terminal_recovery_barrier.py::test_recovery_transaction_unknown_is_not_an_ordinary_success[COMPLETE-rollback]"}, {"bytes": 105700, "path": "/tmp/ocs-c1/test_recovery_transaction_unkn2/project-0/recovery-report.json", "sha256": "992cfe293ce66b6d31f8dbd0ca69cfcf5c9419798256f6f70e999f46fe29db2a", "test": "tests/test_cpu_terminal_recovery_barrier.py::test_recovery_transaction_unknown_is_not_an_ordinary_success[COMPLETE-committed_raise]"}, {"bytes": 65238, "path": "/tmp/ocs-c1/test_existing_unqualified_gate0/project-0/recovery-report.json", "sha256": "1cbb27eafd35178a851a83b730484bf26879d08908de78b3c0e0ed6168b403e8", "test": "tests/test_cpu_terminal_recovery_barrier.py::test_existing_unqualified_gate_owner_is_preserved"}, {"bytes": 65232, "path": "/tmp/ocs-c1/test_recovery_refuses_caller_t0/project-0/recovery-report.json", "sha256": "cb343b47c1568828a4fbf5d86a0f759baaf7412a292a6fb67bc2f868fa3b8827", "test": "tests/test_cpu_terminal_recovery_barrier.py::test_recovery_refuses_caller_transaction_without_consuming_it"}, {"bytes": 66013, "path": "/tmp/ocs-c1/test_actual_peer_nonce_replace0/project-0/recovery-report.json", "sha256": "9fea4083e16643e66d366b742d27095fb69c05e533764f5ff20c79dc5a1e27f4", "test": "tests/test_cpu_terminal_recovery_barrier.py::test_actual_peer_nonce_replacement_cannot_be_completed_by_old_owner"}, {"bytes": 314688, "path": "/tmp/ocs-c1/test_fresh_cli_resumes_confirm0/domain-project/recovery-report.json", "sha256": "86b4132203af8ec92ac63af0773591eeb59eb3aba7fd190b5e07c9565ebea97c", "test": "tests/test_cpu_terminal_recovery_domain.py::test_fresh_cli_resumes_confirmed_domain_without_reinterpretation[schedule-feasibility-v1-valid]"}, {"bytes": 314633, "path": "/tmp/ocs-c1/test_fresh_cli_resumes_confirm1/domain-project/recovery-report.json", "sha256": "e9362a8bc841434eb869905062161fb80fbbffd61aeec5d6c04fe5f9e3f2a55b", "test": "tests/test_cpu_terminal_recovery_domain.py::test_fresh_cli_resumes_confirmed_domain_without_reinterpretation[schedule-feasibility-v2-invalid]"}, {"bytes": 147746, "path": "/tmp/ocs-c1/test_recovery_refuses_changed_0/project-0/recovery-report.json", "sha256": "e37f8e504673561ccf0c0ef52af616959d5fbf491080e3490575cc83480eceb9", "test": "tests/test_cpu_terminal_recovery_guards.py::test_recovery_refuses_changed_native_binding[origin]"}, {"bytes": 147729, "path": "/tmp/ocs-c1/test_recovery_refuses_changed_1/project-0/recovery-report.json", "sha256": "f5026e1117edc441aa82478b9aeb65d3734b019866319dcc3eea00b482ef0564", "test": "tests/test_cpu_terminal_recovery_guards.py::test_recovery_refuses_changed_native_binding[kind]"}, {"bytes": 147769, "path": "/tmp/ocs-c1/test_recovery_refuses_changed_2/project-0/recovery-report.json", "sha256": "8842811306a221c93cd4dcb368acf4b0fb97f65417f833bf684b2d262e13ebc5", "test": "tests/test_cpu_terminal_recovery_guards.py::test_recovery_refuses_changed_native_binding[resource]"}, {"bytes": 147789, "path": "/tmp/ocs-c1/test_recovery_refuses_changed_3/project-0/recovery-report.json", "sha256": "9f62d8b80fbca91b9ea3ec8af77d90c99740cc3a5990b8fa6dd49cf9c3b451b7", "test": "tests/test_cpu_terminal_recovery_guards.py::test_recovery_refuses_changed_native_binding[attempt_ref]"}, {"bytes": 147817, "path": "/tmp/ocs-c1/test_recovery_refuses_changed_4/project-0/recovery-report.json", "sha256": "d52f99cafeaf757717c07a908570ae9aa27046fdad9fb02e3d91abd95336f066", "test": "tests/test_cpu_terminal_recovery_guards.py::test_recovery_refuses_changed_native_binding[process_pid]"}, {"bytes": 147817, "path": "/tmp/ocs-c1/test_recovery_refuses_changed_5/project-0/recovery-report.json", "sha256": "9aeea014c0bc04b2b626122292ee50db9c9e0b2adb88fc3f1ce57b73ba8d6799", "test": "tests/test_cpu_terminal_recovery_guards.py::test_recovery_refuses_changed_native_binding[command_sha256]"}, {"bytes": 147845, "path": "/tmp/ocs-c1/test_recovery_refuses_changed_6/project-0/recovery-report.json", "sha256": "4b095df888b3e31f9d8a26b4d877c1b87d269d33708baa89c44ef8c1c25c461d", "test": "tests/test_cpu_terminal_recovery_guards.py::test_recovery_refuses_changed_native_binding[timeout_seconds]"}, {"bytes": 147766, "path": "/tmp/ocs-c1/test_recovery_refuses_changed_7/project-0/recovery-report.json", "sha256": "b250c02cf5abbf3db66bf7f10a2cd11cb5bc6755cac59899d30bf5310ec8e2f6", "test": "tests/test_cpu_terminal_recovery_guards.py::test_recovery_refuses_changed_captured_source[database]"}, {"bytes": 147790, "path": "/tmp/ocs-c1/test_recovery_refuses_changed_8/project-0/recovery-report.json", "sha256": "e2dee56430e779aaa387e28327a577d796df605f66f375647651a38b69acd890", "test": "tests/test_cpu_terminal_recovery_guards.py::test_recovery_refuses_changed_captured_source[claim_sha256]"}, {"bytes": 147798, "path": "/tmp/ocs-c1/test_recovery_refuses_changed_9/project-0/recovery-report.json", "sha256": "2f018511f85e12d27deb3756920a2f2d2ec6daf41c0c6ff67e86ef34ef7be563", "test": "tests/test_cpu_terminal_recovery_guards.py::test_recovery_refuses_changed_captured_source[config_sha256]"}, {"bytes": 147967, "path": "/tmp/ocs-c1/test_recovery_refuses_changed_10/project-0/recovery-report.json", "sha256": "423135d90877565f1f7fd04960214165a3545691c77b6d7fe0917bf4a1e26701", "test": "tests/test_cpu_terminal_recovery_guards.py::test_recovery_refuses_changed_current_lifecycle"}, {"bytes": 147833, "path": "/tmp/ocs-c1/test_recovery_refuses_rehashed0/project-0/recovery-report.json", "sha256": "49bbbeb0b7d6808b8937bea862b30d3d604159e03259d416d03208d473c5903f", "test": "tests/test_cpu_terminal_recovery_guards.py::test_recovery_refuses_rehashed_non_cpu_prepared_plan"}, {"bytes": 147969, "path": "/tmp/ocs-c1/test_recovery_refuses_changed_11/project-0/recovery-report.json", "sha256": "19f3322a10c596def815ddf9ea6f441a1c44488d79903e372e57738d002fdaca", "test": "tests/test_cpu_terminal_recovery_guards.py::test_recovery_refuses_changed_catalog_route"}, {"bytes": 148033, "path": "/tmp/ocs-c1/test_recovery_refuses_changed_12/project-0/recovery-report.json", "sha256": "ae91177982bb53e0de5e78feeb48469140b765f47d4cbab198ff5c8a35329e41", "test": "tests/test_cpu_terminal_recovery_guards.py::test_recovery_refuses_changed_ready_member_identity"}, {"bytes": 190282, "path": "/tmp/ocs-c1/test_recovery_rechecks_source_0/project-0/recovery-report.json", "sha256": "fd3de0fef7878959c954d85debb466e33d1c3264d4d71ca68ba90a00dc0e67a4", "test": "tests/test_cpu_terminal_recovery_guards.py::test_recovery_rechecks_source_after_enumeration_before_settlement"}, {"bytes": 149276, "path": "/tmp/ocs-c1/test_preexisting_stop_never_au0/project-0/recovery-report.json", "sha256": "84299be312fc63b903def7a1a0fd3533fb990e6db182d27735d2dbd24f52dd8a", "test": "tests/test_cpu_terminal_recovery_guards.py::test_preexisting_stop_never_authorizes_automatic_settlement[ordinary_stop]"}, {"bytes": 149199, "path": "/tmp/ocs-c1/test_preexisting_stop_never_au1/project-0/recovery-report.json", "sha256": "1a61fba72e918ed3cfb34ed18acd73d91fa6c2ce879057277d9e8f83b0e1d3c9", "test": "tests/test_cpu_terminal_recovery_guards.py::test_preexisting_stop_never_authorizes_automatic_settlement[storage_hold]"}, {"bytes": 149325, "path": "/tmp/ocs-c1/test_preexisting_stop_never_au2/project-0/recovery-report.json", "sha256": "edbf6887573715b1b4ca4b5f6a067fd74ced65e83f215483ea894f40417bd31f", "test": "tests/test_cpu_terminal_recovery_guards.py::test_preexisting_stop_never_authorizes_automatic_settlement[masked_storage_hold]"}, {"bytes": 147946, "path": "/tmp/ocs-c1/test_recovery_refuses_unbound_0/project-0/recovery-report.json", "sha256": "7297b1fdddb88ab7e78457a2eca9ace1873984506d41732f9da1327387f7cc0d", "test": "tests/test_cpu_terminal_recovery_guards.py::test_recovery_refuses_unbound_replication_request_field"}, {"bytes": 147895, "path": "/tmp/ocs-c1/test_recovery_refuses_artifact0/project-0/recovery-report.json", "sha256": "a7292435dbe3e25eb871f4f61f98b4a189dc0a2b2def6a23627067955bff96c5", "test": "tests/test_cpu_terminal_recovery_guards.py::test_recovery_refuses_artifact_root_unrelated_to_published_records"}, {"bytes": 211749, "path": "/tmp/ocs-c1/test_restart_settles_confirmed0/project-0/recovery-report.json", "sha256": "2ec97830b028cb5c155d6bb1eadce72e39158fa68f346e75cb594244e847a10c", "test": "tests/test_cpu_terminal_settlement_recovery.py::test_restart_settles_confirmed_terminal_without_repeating_original_worker[0]"}, {"bytes": 200184, "path": "/tmp/ocs-c1/test_restart_settles_confirmed1/project-0/recovery-report.json", "sha256": "1ae0f64c1b0afcc89d627496a97ea268e44aaf4e81d4b67172f8294c6c687819", "test": "tests/test_cpu_terminal_settlement_recovery.py::test_restart_settles_confirmed_terminal_without_repeating_original_worker[7]"}, {"bytes": 126657, "path": "/tmp/ocs-c1/test_real_v2_confirmed_termina0/project-0/recovery-report.json", "sha256": "250c0497490b533938ae47c9bae9cfa9a5079b3f2ead71c7f5397b8f53a2d383", "test": "tests/test_runtime_lease_recovery.py::test_real_v2_confirmed_terminal_crash_recovers_metadata_only[0]"}, {"bytes": 118291, "path": "/tmp/ocs-c1/test_real_v2_confirmed_termina1/project-0/recovery-report.json", "sha256": "e86b16e4dc1097a682a6a09e6a3cf09fbc9bdb166e436a8e1fc4242809654480", "test": "tests/test_runtime_lease_recovery.py::test_real_v2_confirmed_terminal_crash_recovers_metadata_only[7]"}, {"bytes": 119469, "path": "/tmp/ocs-c1/test_real_historical_v1_termin0/historical-project/recovery-report.json", "sha256": "bf4c88fa63a6f1d7a55ba6ec45d73524884e3b4b95815808faa10dc7556ce08b", "test": "tests/test_runtime_lease_recovery.py::test_real_historical_v1_terminal_recovers_without_upgrade_or_reexecution"}]
ACCEPTANCE_REPORTS=[{"bytes": 279662, "name": "sorting_default", "path": "/tmp/ocs-c1/acceptance-sorting-default0/acceptance-report.json", "sha256": "4073d721a3f90b2922599a25809bd2ea5adb6f1bbbfe281263685e53b99ef76f"}, {"bytes": 120855, "name": "sorting_counterfactual", "path": "/tmp/ocs-c1/acceptance-sorting-counterfactual0/acceptance-report.json", "sha256": "4772574e6dc6a62c1ae6cd3174adaef634f63b6a0f4a749e502b63cf4f1df88f"}, {"bytes": 274505, "name": "compression_default", "path": "/tmp/ocs-c1/acceptance-compression-default0/acceptance-report.json", "sha256": "728be150fef500db6e8551a8916322f9a72f4e8fce1380ae72f47dcbf9363062"}, {"bytes": 120432, "name": "compression_counterfactual", "path": "/tmp/ocs-c1/acceptance-compression-counterfactual0/acceptance-report.json", "sha256": "be9386972f3fa90a573ce4feb2078c26c1deea0dafd2f921151f5a66b8517f4f"}]

=============================== warnings summary ===============================
../../../../../../home/erik/.local/lib/python3.10/site-packages/_pytest/config/__init__.py:885
  /home/erik/.local/lib/python3.10/site-packages/_pytest/config/__init__.py:885: PytestAssertRewriteWarning: Module already imported so cannot be rewritten; cpu_terminal_recovery_helpers
    self.import_plugin(import_spec)

../../../../../../home/erik/.local/lib/python3.10/site-packages/_pytest/config/__init__.py:885
  /home/erik/.local/lib/python3.10/site-packages/_pytest/config/__init__.py:885: PytestAssertRewriteWarning: Module already imported so cannot be rewritten; examples.holdout.testing
    self.import_plugin(import_spec)

-- Docs: https://docs.pytest.org/en/stable/how-to/capture-warnings.html
=========================== short test summary info ============================
SKIPPED [1] ../core/tests/test_sweeper.py:12: could not import 'orze_pro.engine.role_runner': This is a stub package. Install the real orze-pro via: export ORZE_PRO_KEY='...' && orze run
SKIPPED [1] ../core/tests/test_evolution.py:228: could not import 'orze_pro.agents.code_evolution': This is a stub package. Install the real orze-pro via: export ORZE_PRO_KEY='...' && orze run
SKIPPED [1] ../core/tests/test_evolution.py:239: could not import 'orze_pro.agents.code_evolution': This is a stub package. Install the real orze-pro via: export ORZE_PRO_KEY='...' && orze run
SKIPPED [1] ../core/tests/test_evolution.py:255: could not import 'orze_pro.agents.meta_research': This is a stub package. Install the real orze-pro via: export ORZE_PRO_KEY='...' && orze run
SKIPPED [1] ../core/tests/test_fsm_runner_registry.py:13: could not import 'orze_pro': This is a stub package. Install the real orze-pro via: export ORZE_PRO_KEY='...' && orze run
SKIPPED [1] ../core/tests/test_skill_registry.py:123: orze-pro not installed
SKIPPED [1] ../core/tests/test_skill_registry.py:135: orze-pro not installed
4869 passed, 7 skipped, 2 warnings in 957.70s (0:15:57)
