........................................................................ [  1%]
........................................................................ [  2%]
........................................................................ [  4%]
........................................................................ [  5%]
........................................................................ [  6%]
........................................................................ [  8%]
........................................................................ [  9%]
........................................................................ [ 10%]
........................................................................ [ 12%]
........................................................................ [ 13%]
........................................................................ [ 14%]
........................................................................ [ 16%]
........................................................................ [ 17%]
........................................................................ [ 18%]
........................................................................ [ 20%]
........................................................................ [ 21%]
........................................................................ [ 23%]
........................................................................ [ 24%]
........................................................................ [ 25%]
........................................................................ [ 27%]
........................................................................ [ 28%]
........................................................................ [ 29%]
........................................................................ [ 31%]
........................................................................ [ 32%]
........................................................................ [ 33%]
........................................................................ [ 35%]
........................................................................ [ 36%]
........................................................................ [ 37%]
........................................................................ [ 39%]
................sss..................................................... [ 40%]
........................................................................ [ 42%]
........................................................................ [ 43%]
........................................................................ [ 44%]
........................................................................ [ 46%]
........................................................................ [ 47%]
........................................................................ [ 48%]
........................................................................ [ 50%]
........................................................................ [ 51%]
........................................................................ [ 52%]
........................................................................ [ 54%]
........................................................................ [ 55%]
........................................................................ [ 56%]
........................................................................ [ 58%]
........................................................................ [ 59%]
........................................................................ [ 61%]
........................................................................ [ 62%]
........................................................................ [ 63%]
........................................................................ [ 65%]
........................................................................ [ 66%]
........................................................................ [ 67%]
........................................................................ [ 69%]
........................................................................ [ 70%]
........................................................................ [ 71%]
........................................................................ [ 73%]
........................................................................ [ 74%]
........................................................................ [ 75%]
........................................................................ [ 77%]
........................................................................ [ 78%]
........................................................................ [ 79%]
........................................................................ [ 81%]
........................................................................ [ 82%]
........................................................................ [ 84%]
........................................................................ [ 85%]
........................................................................ [ 86%]
........................................................................ [ 88%]
........................................................................ [ 89%]
........................................................................ [ 90%]
.................................................................ss..... [ 92%]
........................................................................ [ 93%]
........................................................................ [ 94%]
........................................................................ [ 96%]
........................................................................ [ 97%]
........................................................................ [ 98%]
.......................................................                  [100%]HOLDOUT_REPORTS=[{"bytes": 2505193, "name": "workflow", "path": "/tmp/se-cf1/holdout-workflow0/holdout-report.json", "sha256": "b25cd22ea76fe64ec2c20aee0156440681132f5d711bad2649846b1c4303042d"}, {"bytes": 142884, "name": "boundary", "path": "/tmp/se-cf1/holdout-boundary0/holdout-report.json", "sha256": "e5ffad831e8ea9f0c9343b9190ff92569cbb6b62f10289f59d980b013cf2e40f"}, {"bytes": 142995, "name": "duplicate_id", "path": "/tmp/se-cf1/holdout-duplicate_id0/holdout-report.json", "sha256": "7ffbc68b8aa8f27a3ea3bdd675bec0d379c9f7ac911e19d2ffe814cea004253a"}, {"bytes": 144315, "name": "missing_prerequisite", "path": "/tmp/se-cf1/holdout-missing_prerequisite0/holdout-report.json", "sha256": "6a703d38c12634bb876148516ece91d46141dbe26431824dc916ccefe6ace60a"}, {"bytes": 142375, "name": "overload", "path": "/tmp/se-cf1/holdout-overload0/holdout-report.json", "sha256": "8c336800fa746d75090cfac9207cbc1fcf667a96e4273829cac9650ef7bab0ef"}, {"bytes": 141189, "name": "malformed", "path": "/tmp/se-cf1/holdout-malformed0/holdout-report.json", "sha256": "bdaad6f065cd82a4b39512618e4f6d8b18457f7cc02c5a69ba1a87ca4f642146"}]
CPU_RECOVERY_REPORTS=[{"bytes": 82604, "path": "/tmp/se-cf1/test_real_confirmed_terminal_r0/project-0/recovery-report.json", "sha256": "6dec9a3e33a1cf50c4e851c1d98c4ef23204512f74361c478dca0902c7cd97ea", "test": "tests/test_cpu_claim_reader_consolidation.py::TestPublicSnapshotRouting::test_real_confirmed_terminal_recovery_uses_required_8k_public_snapshot"}, {"bytes": 104292, "path": "/tmp/se-cf1/test_post_delete_fsync_uncerta0/project-0/recovery-report.json", "sha256": "b453f7ae3e4a60dabdf647eec0d0d98c000762c9b9b69aca2ed2809c1727ff7c", "test": "tests/test_cpu_terminal_recovery_barrier.py::test_post_delete_fsync_uncertainty_blocks_fresh_restart_with_zero_bound[effect]"}, {"bytes": 104304, "path": "/tmp/se-cf1/test_post_delete_fsync_uncerta1/project-0/recovery-report.json", "sha256": "984c9c1da32161784bb37fe498c0b1669cda65ec0c7e16fcbad8ee85108b705c", "test": "tests/test_cpu_terminal_recovery_barrier.py::test_post_delete_fsync_uncertainty_blocks_fresh_restart_with_zero_bound[recovery]"}, {"bytes": 67220, "path": "/tmp/se-cf1/test_in_progress_denies_alread0/project-0/recovery-report.json", "sha256": "d67c1b90f71c12c390e2e029b859195eee7c4b66d151339218319ecefd78201e", "test": "tests/test_cpu_terminal_recovery_barrier.py::test_in_progress_denies_already_running_peer_admission[reserve]"}, {"bytes": 67228, "path": "/tmp/se-cf1/test_in_progress_denies_alread1/project-0/recovery-report.json", "sha256": "ef648f173d41b0207b3ea704911d2223f423fb23e89bf1e809fe45155a040768", "test": "tests/test_cpu_terminal_recovery_barrier.py::test_in_progress_denies_already_running_peer_admission[require_permit]"}, {"bytes": 66103, "path": "/tmp/se-cf1/test_two_recovery_consumers_do0/project-0/recovery-report.json", "sha256": "7db3c1042efa2b22e83691168e07435fb6489e3c7e1c133a4cf3622fdd0e9b05", "test": "tests/test_cpu_terminal_recovery_barrier.py::test_two_recovery_consumers_do_not_repeat_settlement_or_poison_owner"}, {"bytes": 66509, "path": "/tmp/se-cf1/test_legal_peer_decision_after0/project-0/recovery-report.json", "sha256": "e145dd053cc9e0e8f7c5cc4fcfdbe58ab4df8cfa5486c5bd0a779a652a6b4aea", "test": "tests/test_cpu_terminal_recovery_barrier.py::test_legal_peer_decision_after_complete_commit_preserves_exact_owner_result"}, {"bytes": 102114, "path": "/tmp/se-cf1/test_recovery_transaction_unkn0/project-0/recovery-report.json", "sha256": "76fa28d26eb9b9a532c6d35bc08bd2838c7e33b46deaa01eaf6c5e4e0480ad21", "test": "tests/test_cpu_terminal_recovery_barrier.py::test_recovery_transaction_unknown_is_not_an_ordinary_success[IN_PROGRESS-rollback]"}, {"bytes": 104214, "path": "/tmp/se-cf1/test_recovery_transaction_unkn1/project-0/recovery-report.json", "sha256": "53b7a0d230919efe4e9f41a7f0b5efce0ee0894d2209aa85320b80a3b8cd73ec", "test": "tests/test_cpu_terminal_recovery_barrier.py::test_recovery_transaction_unknown_is_not_an_ordinary_success[COMPLETE-rollback]"}, {"bytes": 105601, "path": "/tmp/se-cf1/test_recovery_transaction_unkn2/project-0/recovery-report.json", "sha256": "bd7de86aba744264b25fdc711f70c7f128c3626c7a72162a7b6aabffba09e11c", "test": "tests/test_cpu_terminal_recovery_barrier.py::test_recovery_transaction_unknown_is_not_an_ordinary_success[COMPLETE-committed_raise]"}, {"bytes": 65174, "path": "/tmp/se-cf1/test_existing_unqualified_gate0/project-0/recovery-report.json", "sha256": "7ada939a9b96af708f1a77e1d4c5de2a860a1ec6d5e812fd55970e6518a79015", "test": "tests/test_cpu_terminal_recovery_barrier.py::test_existing_unqualified_gate_owner_is_preserved"}, {"bytes": 65184, "path": "/tmp/se-cf1/test_recovery_refuses_caller_t0/project-0/recovery-report.json", "sha256": "743d76376d504d5faedcb24be0c423bc3f149030701e610bcd6ad35e3cf18181", "test": "tests/test_cpu_terminal_recovery_barrier.py::test_recovery_refuses_caller_transaction_without_consuming_it"}, {"bytes": 65962, "path": "/tmp/se-cf1/test_actual_peer_nonce_replace0/project-0/recovery-report.json", "sha256": "f9229ecff619bff2e2be1a89896f6a801cbe5080b217739b9043eb8de9c57b8b", "test": "tests/test_cpu_terminal_recovery_barrier.py::test_actual_peer_nonce_replacement_cannot_be_completed_by_old_owner"}, {"bytes": 314429, "path": "/tmp/se-cf1/test_fresh_cli_resumes_confirm0/domain-project/recovery-report.json", "sha256": "4a7f2e909f0c9c7adca852cc8d712093910ab18ec96334435c21aef5ffe14b81", "test": "tests/test_cpu_terminal_recovery_domain.py::test_fresh_cli_resumes_confirmed_domain_without_reinterpretation[schedule-feasibility-v1-valid]"}, {"bytes": 314347, "path": "/tmp/se-cf1/test_fresh_cli_resumes_confirm1/domain-project/recovery-report.json", "sha256": "68fe5b724a994844e357ba27d2f3be98da78b3e45c83810f285f94b717d46f8c", "test": "tests/test_cpu_terminal_recovery_domain.py::test_fresh_cli_resumes_confirmed_domain_without_reinterpretation[schedule-feasibility-v2-invalid]"}, {"bytes": 147624, "path": "/tmp/se-cf1/test_recovery_refuses_changed_0/project-0/recovery-report.json", "sha256": "d02fab9353b58b1ff82d5bce2fdb838248bdb3fecb02f26778f3b18fd4965b7c", "test": "tests/test_cpu_terminal_recovery_guards.py::test_recovery_refuses_changed_native_binding[origin]"}, {"bytes": 147575, "path": "/tmp/se-cf1/test_recovery_refuses_changed_1/project-0/recovery-report.json", "sha256": "9bcc45aed2eece97dbf60989ff8dbb7b252004cdd36ac643509559ed40af2be2", "test": "tests/test_cpu_terminal_recovery_guards.py::test_recovery_refuses_changed_native_binding[kind]"}, {"bytes": 147636, "path": "/tmp/se-cf1/test_recovery_refuses_changed_2/project-0/recovery-report.json", "sha256": "72d1cd5006b07e3e1ea87e6749bbfb27002b459a7c2d91dfd2adcafb263c640f", "test": "tests/test_cpu_terminal_recovery_guards.py::test_recovery_refuses_changed_native_binding[resource]"}, {"bytes": 147679, "path": "/tmp/se-cf1/test_recovery_refuses_changed_3/project-0/recovery-report.json", "sha256": "e5b75928c0eb015a45cf440a4315586ed4575e0c712e0e8509e7a17b7534db71", "test": "tests/test_cpu_terminal_recovery_guards.py::test_recovery_refuses_changed_native_binding[attempt_ref]"}, {"bytes": 147666, "path": "/tmp/se-cf1/test_recovery_refuses_changed_4/project-0/recovery-report.json", "sha256": "ca22a373c83e27ccac849e824a0eb5ea709ce2ee56c14070831c09d527040de7", "test": "tests/test_cpu_terminal_recovery_guards.py::test_recovery_refuses_changed_native_binding[process_pid]"}, {"bytes": 147673, "path": "/tmp/se-cf1/test_recovery_refuses_changed_5/project-0/recovery-report.json", "sha256": "0aab9ba91252a19bdb683e0598a5bc1b2c3583eab6cc2bbab934faa8ae66ee52", "test": "tests/test_cpu_terminal_recovery_guards.py::test_recovery_refuses_changed_native_binding[command_sha256]"}, {"bytes": 147678, "path": "/tmp/se-cf1/test_recovery_refuses_changed_6/project-0/recovery-report.json", "sha256": "ff7ed7a6688babff930c585eba69eea80ae2a864b3b80c4000441f4cd8742c6a", "test": "tests/test_cpu_terminal_recovery_guards.py::test_recovery_refuses_changed_native_binding[timeout_seconds]"}, {"bytes": 147632, "path": "/tmp/se-cf1/test_recovery_refuses_changed_7/project-0/recovery-report.json", "sha256": "47bf39ae3c6613b55b532d381f905d8a68f823d35b8e1a8a2e2930a4576a0729", "test": "tests/test_cpu_terminal_recovery_guards.py::test_recovery_refuses_changed_captured_source[database]"}, {"bytes": 147634, "path": "/tmp/se-cf1/test_recovery_refuses_changed_8/project-0/recovery-report.json", "sha256": "231ac13841c3f46e4fdbadd24bb4246aa26fd71761c12949757b4de83112ca85", "test": "tests/test_cpu_terminal_recovery_guards.py::test_recovery_refuses_changed_captured_source[claim_sha256]"}, {"bytes": 147657, "path": "/tmp/se-cf1/test_recovery_refuses_changed_9/project-0/recovery-report.json", "sha256": "93580769237b4c717bdb0bdce190d5c4c06f9421f34250937f4983397c69e7dd", "test": "tests/test_cpu_terminal_recovery_guards.py::test_recovery_refuses_changed_captured_source[config_sha256]"}, {"bytes": 147858, "path": "/tmp/se-cf1/test_recovery_refuses_changed_10/project-0/recovery-report.json", "sha256": "5beba65603de9b28bef6becd92bedbc2cb7097579709eaa3c8a33b3adb9b8b86", "test": "tests/test_cpu_terminal_recovery_guards.py::test_recovery_refuses_changed_current_lifecycle"}, {"bytes": 147700, "path": "/tmp/se-cf1/test_recovery_refuses_rehashed0/project-0/recovery-report.json", "sha256": "9955d41505011fbd55741517e1350d689eea087144be6959e9ff2b2b3d3ef396", "test": "tests/test_cpu_terminal_recovery_guards.py::test_recovery_refuses_rehashed_non_cpu_prepared_plan"}, {"bytes": 147846, "path": "/tmp/se-cf1/test_recovery_refuses_changed_11/project-0/recovery-report.json", "sha256": "6ad9b97c66eb38378efe9b04a530e77cc3e90123d7d497b141579d3716cc56a0", "test": "tests/test_cpu_terminal_recovery_guards.py::test_recovery_refuses_changed_catalog_route"}, {"bytes": 147886, "path": "/tmp/se-cf1/test_recovery_refuses_changed_12/project-0/recovery-report.json", "sha256": "abe7a3f588cc8e1dab99a471abdca38bdeb1158b9c90d8e7e1141c5743d7b5f4", "test": "tests/test_cpu_terminal_recovery_guards.py::test_recovery_refuses_changed_ready_member_identity"}, {"bytes": 190105, "path": "/tmp/se-cf1/test_recovery_rechecks_source_0/project-0/recovery-report.json", "sha256": "eb891ceb82ba0de7649d725cf95b8ff26805d68df51b2cf90a03ffc2b23705af", "test": "tests/test_cpu_terminal_recovery_guards.py::test_recovery_rechecks_source_after_enumeration_before_settlement"}, {"bytes": 149144, "path": "/tmp/se-cf1/test_preexisting_stop_never_au0/project-0/recovery-report.json", "sha256": "2a12fd194205f7bc1834c15947b6d59c64f3010bae60488cfaf97fe2fea8d44f", "test": "tests/test_cpu_terminal_recovery_guards.py::test_preexisting_stop_never_authorizes_automatic_settlement[ordinary_stop]"}, {"bytes": 149042, "path": "/tmp/se-cf1/test_preexisting_stop_never_au1/project-0/recovery-report.json", "sha256": "eea629945f6974dcd8ad9790250e7b8ce1263a8e78f1d935a36add466ddcde72", "test": "tests/test_cpu_terminal_recovery_guards.py::test_preexisting_stop_never_authorizes_automatic_settlement[storage_hold]"}, {"bytes": 149192, "path": "/tmp/se-cf1/test_preexisting_stop_never_au2/project-0/recovery-report.json", "sha256": "c1da34c8a0eb85b08340b04fd23aeae102dfdf985c77b2d980dec6f76a08a591", "test": "tests/test_cpu_terminal_recovery_guards.py::test_preexisting_stop_never_authorizes_automatic_settlement[masked_storage_hold]"}, {"bytes": 147823, "path": "/tmp/se-cf1/test_recovery_refuses_unbound_0/project-0/recovery-report.json", "sha256": "20ffc3d85ccc3a9acaa21204a0d52921eb4a14c5647b0f2dc71e37bccf1ba12d", "test": "tests/test_cpu_terminal_recovery_guards.py::test_recovery_refuses_unbound_replication_request_field"}, {"bytes": 147774, "path": "/tmp/se-cf1/test_recovery_refuses_artifact0/project-0/recovery-report.json", "sha256": "73465f6a111c389f83378e7f8489563ecca5125762a9da1cd2ffdd3bd9d97469", "test": "tests/test_cpu_terminal_recovery_guards.py::test_recovery_refuses_artifact_root_unrelated_to_published_records"}, {"bytes": 211534, "path": "/tmp/se-cf1/test_restart_settles_confirmed0/project-0/recovery-report.json", "sha256": "bafd311b8b3906c18668456c70ecbe836503984dbd5c8efaffce2a0eb0553cf0", "test": "tests/test_cpu_terminal_settlement_recovery.py::test_restart_settles_confirmed_terminal_without_repeating_original_worker[0]"}, {"bytes": 199995, "path": "/tmp/se-cf1/test_restart_settles_confirmed1/project-0/recovery-report.json", "sha256": "0f28ff4d9cea1ddaa2d38738f9fd6ebed8d0dba05a3610a1c0c504fff2f3ed3c", "test": "tests/test_cpu_terminal_settlement_recovery.py::test_restart_settles_confirmed_terminal_without_repeating_original_worker[7]"}, {"bytes": 126534, "path": "/tmp/se-cf1/test_real_v2_confirmed_termina0/project-0/recovery-report.json", "sha256": "e2f485d73b42776b36788c7669a1c35d8925976b127a2e41ac8e1ba760f84609", "test": "tests/test_runtime_lease_recovery.py::test_real_v2_confirmed_terminal_crash_recovers_metadata_only[0]"}, {"bytes": 118147, "path": "/tmp/se-cf1/test_real_v2_confirmed_termina1/project-0/recovery-report.json", "sha256": "77977521bd960654706a8654259dd4d7c8c2e857d0e46f9d998893e69aef267b", "test": "tests/test_runtime_lease_recovery.py::test_real_v2_confirmed_terminal_crash_recovers_metadata_only[7]"}, {"bytes": 119365, "path": "/tmp/se-cf1/test_real_historical_v1_termin0/historical-project/recovery-report.json", "sha256": "ca67cb208b936676fa7bc157c20c8df8b0e78f69010bf0a1432df4e3753c801b", "test": "tests/test_runtime_lease_recovery.py::test_real_historical_v1_terminal_recovers_without_upgrade_or_reexecution"}]
ACCEPTANCE_REPORTS=[{"bytes": 279647, "name": "sorting_default", "path": "/tmp/se-cf1/acceptance-sorting-default0/acceptance-report.json", "sha256": "60480e309f32cf3954a2105c466952cd35f695dca9336f1ad31487276f76bc8b"}, {"bytes": 120850, "name": "sorting_counterfactual", "path": "/tmp/se-cf1/acceptance-sorting-counterfactual0/acceptance-report.json", "sha256": "ed7de637e1e96e61cc14512f369c99bb1091ce2e591b85d0a826504dbb1965c2"}, {"bytes": 274546, "name": "compression_default", "path": "/tmp/se-cf1/acceptance-compression-default0/acceptance-report.json", "sha256": "6bb39880ba28804e90a864d35ae761b5b465236829b971f33e00f57fccfd85cd"}, {"bytes": 120405, "name": "compression_counterfactual", "path": "/tmp/se-cf1/acceptance-compression-counterfactual0/acceptance-report.json", "sha256": "447b1323ad699ba34992859fece46c2897e0b10a89d78f524cd2e124acf46ac8"}]

=============================== warnings summary ===============================
../../../../../../home/erik/.local/lib/python3.10/site-packages/_pytest/config/__init__.py:885
  /home/erik/.local/lib/python3.10/site-packages/_pytest/config/__init__.py:885: PytestAssertRewriteWarning: Module already imported so cannot be rewritten; cpu_terminal_recovery_helpers
    self.import_plugin(import_spec)

../../../../../../home/erik/.local/lib/python3.10/site-packages/_pytest/config/__init__.py:885
  /home/erik/.local/lib/python3.10/site-packages/_pytest/config/__init__.py:885: PytestAssertRewriteWarning: Module already imported so cannot be rewritten; examples.holdout.testing
    self.import_plugin(import_spec)

-- Docs: https://docs.pytest.org/en/stable/how-to/capture-warnings.html
=========================== short test summary info ============================
SKIPPED [1] ../core/tests/test_sweeper.py:12: could not import 'orze_pro.engine.role_runner': orze-pro is not activated. Set ORZE_PRO_KEY environment variable. Get a license at orze.ai/pro
SKIPPED [1] ../core/tests/test_evolution.py:228: could not import 'orze_pro.agents.code_evolution': orze-pro is not activated. Set ORZE_PRO_KEY environment variable. Get a license at orze.ai/pro
SKIPPED [1] ../core/tests/test_evolution.py:239: could not import 'orze_pro.agents.code_evolution': orze-pro is not activated. Set ORZE_PRO_KEY environment variable. Get a license at orze.ai/pro
SKIPPED [1] ../core/tests/test_evolution.py:255: could not import 'orze_pro.agents.meta_research': orze-pro is not activated. Set ORZE_PRO_KEY environment variable. Get a license at orze.ai/pro
SKIPPED [1] ../core/tests/test_skill_registry.py:123: orze-pro not installed
SKIPPED [1] ../core/tests/test_skill_registry.py:135: orze-pro not installed
5306 passed, 6 skipped, 2 warnings in 1147.97s (0:19:07)
